09-01 13:52:15.997125  1274  1292 I wm_set_resumed_activity: [0,com.android.launcher3/com.android.searchlauncher.SearchLauncher,bringingFoundTaskToFront]
09-01 13:52:16.011366  1274  1292 I wm_new_intent: [0,140986809,1024,com.android.launcher3/com.android.searchlauncher.SearchLauncher,android.intent.action.MAIN,NULL,NULL,268435712]
09-01 13:52:16.014263  1274  1292 I wm_pause_activity: [0,41815138,com.google.android.dialer/.extensions.GoogleDialtactsActivity,userLeaving=true,pauseBackTasks]
09-01 13:52:16.015372  1274  1292 I wm_add_to_stopping: [0,41815138,com.google.android.dialer/.extensions.GoogleDialtactsActivity,makeInvisible]
09-01 13:52:16.017189  1274  1292 I wm_set_resumed_activity: [0,com.android.launcher3/com.android.searchlauncher.SearchLauncher,resumeTopActivityInnerLocked]
09-01 13:52:16.023370  1274  1292 I wm_resume_activity: [0,140986809,1024,com.android.launcher3/com.android.searchlauncher.SearchLauncher]
09-01 13:52:16.035303  1274  1294 I sysui_multi_action: [757,803,799,window_time_0,802,11]
09-01 13:52:16.047399  1274  1441 I input_focus: [Focus leaving 8cf3523 com.google.android.dialer/com.google.android.dialer.extensions.GoogleDialtactsActivity (server),reason=NO_WINDOW]
09-01 13:52:16.068878  3538  3538 I wm_on_paused_called: [41815138,com.google.android.dialer.extensions.GoogleDialtactsActivity,performPause]
09-01 13:52:16.122413  1837  1837 I wm_on_restart_called: [140986809,com.android.searchlauncher.SearchLauncher,performRestartActivity]
09-01 13:52:16.123618  1837  1837 I wm_on_start_called: [140986809,com.android.searchlauncher.SearchLauncher,handleStartActivity]
09-01 13:52:16.136431  1837  1837 I wm_on_resume_called: [140986809,com.android.searchlauncher.SearchLauncher,RESUME_ACTIVITY]
09-01 13:52:16.137380  1837  1837 I wm_on_top_resumed_gained_called: [140986809,com.android.searchlauncher.SearchLauncher,topStateChangedWhenResumed]
09-01 13:52:16.167249  1274  1295 I input_focus: [Focus request 3cfcf83 com.android.launcher3/com.android.searchlauncher.SearchLauncher,reason=UpdateInputWindows]
09-01 13:52:16.475058  1274  1441 I input_focus: [Focus entering 3cfcf83 com.android.launcher3/com.android.searchlauncher.SearchLauncher (server),reason=Window became focusable. Previous reason: NOT_VISIBLE]
09-01 13:52:16.524225  1274  1294 I dvm_lock_sample: [system_server,1,android.display,13,InputMethodManagerService.java,4987,void com.android.server.inputmethod.InputMethodManagerService.reportImeControl(android.os.IBinder, boolean),-,2870,void com.android.server.inputmethod.InputMethodManagerService.reportStartInput(android.os.IBinder, android.os.IBinder),2]
09-01 13:52:16.532340  1274  1291 I sysui_multi_action: [319,515,322,474,325,118,757,761,758,9,759,2,806,com.android.launcher3,871,com.android.searchlauncher.SearchLauncher,905,0,1320,8,1321,5]
09-01 13:52:16.590718  1274  1816 I am_uid_running: 10122
09-01 13:52:16.624699  1274  1304 I am_proc_start: [0,5250,10122,com.google.android.videos,broadcast,{com.google.android.videos/com.google.android.libraries.notifications.entrypoints.restart.RestartReceiver}]
09-01 13:52:16.637072  1274  1293 I commit_sys_config_file: [jobs,93]
09-01 13:52:16.746851  1274  1816 I am_proc_bound: [0,5250,com.google.android.videos]
09-01 13:52:16.755363  1274  1816 I am_uid_active: 10122
09-01 13:52:17.318807  1274  1294 I wm_stop_activity: [0,41815138,com.google.android.dialer/.extensions.GoogleDialtactsActivity]
09-01 13:52:17.393365  1274  1377 I am_compact: [5201,com.google.android.tts,all,120572,70344,49072,3716,-44720,64,-44784,47040,260,0,0,1001,19,910324,-10496]
09-01 13:52:17.620617  3538  3538 I wm_on_stop_called: [41815138,com.google.android.dialer.extensions.GoogleDialtactsActivity,STOP_ACTIVITY_ITEM]
09-01 13:52:17.700000   666   666 I auditd  : type=1400 audit(0.0:249): avc: denied { read } for comm="memtrack@1.0-se" name="driver_stats" dev="debugfs" ino=14235 scontext=u:r:hal_memtrack_default:s0 tcontext=u:object_r:debugfs:s0 tclass=file permissive=0
09-01 13:52:17.711995  1274  1377 I am_compact: [3538,com.google.android.dialer,file,193284,136468,52900,25308,0,0,0,0,22,2,81137,200,15,904436,0]
09-01 13:52:17.727822  1274  1377 I am_compact: [3086,com.google.android.apps.tachyon,file,114836,90244,23236,35176,0,0,0,0,16,2,102277,200,15,904436,0]
09-01 13:52:17.732655  1274  1302 I am_pss  : [2241,10133,com.google.android.marvin.talkback,5871616,897024,3160064,87842816,0,19,7]
09-01 13:52:17.737945  1274  1377 I am_compact: [2071,android.process.acore,file,99948,54304,44688,5184,0,0,0,0,4,1,103323,200,15,904436,0]
09-01 13:52:17.869939  1274  1441 I input_interaction: Interaction with: 3cfcf83 com.android.launcher3/com.android.searchlauncher.SearchLauncher (server), 47d7f24 com.android.systemui.ImageWallpaper (server), PointerEventDispatcher0 (server), 
09-01 13:52:18.332000   666   666 I auditd  : type=1400 audit(0.0:250): avc: denied { read } for comm="memtrack@1.0-se" name="driver_stats" dev="debugfs" ino=14235 scontext=u:r:hal_memtrack_default:s0 tcontext=u:object_r:debugfs:s0 tclass=file permissive=0
09-01 13:52:18.432840  1274  1302 I am_pss  : [1686,1073,com.android.networkstack.process,13679616,4173824,8495104,66273280,0,0,9]
09-01 13:52:18.444000   666   666 I auditd  : type=1400 audit(0.0:251): avc: denied { read } for comm="memtrack@1.0-se" name="driver_stats" dev="debugfs" ino=14235 scontext=u:r:hal_memtrack_default:s0 tcontext=u:object_r:debugfs:s0 tclass=file permissive=0
09-01 13:52:18.466913  1274  1302 I am_pss  : [1274,1000,system,134353920,108660736,18153472,216557568,0,0,19]
09-01 13:52:18.745398  1274  1377 I am_compact: [4884,com.google.android.gms.unstable,all,161840,113340,47528,3688,-45812,0,-45812,45812,171,0,0,1001,19,904948,-8960]
09-01 13:52:18.796266  5250  5250 I dvm_lock_sample: [com.google.android.videos,1,main,7,MessageQueue.java,337,android.os.Message android.os.MessageQueue.next(),-,600,boolean android.os.MessageQueue.enqueueMessage(android.os.Message, long),1]
09-01 13:52:18.932000   680   680 I auditd  : type=1400 audit(0.0:252): avc: denied { getattr } for comm="mtkPowerService" path="/proc/1837" dev="proc" ino=130178 scontext=u:r:mtk_hal_power:s0 tcontext=u:r:system_app:s0 tclass=dir permissive=0
09-01 13:52:18.932000   680   680 I auditd  : type=1400 audit(0.0:253): avc: denied { search } for comm="mtkPowerService" name="1837" dev="proc" ino=130178 scontext=u:r:mtk_hal_power:s0 tcontext=u:r:system_app:s0 tclass=dir permissive=0
09-01 13:52:18.951659  1274  1820 I wm_task_created: [1026,-1]
09-01 13:52:18.964659  1274  1820 I wm_task_moved: [1026,1,7]
09-01 13:52:18.964754  1274  1820 I wm_task_to_front: [0,1026]
09-01 13:52:18.965888  1274  1820 I wm_create_task: [0,1026]
09-01 13:52:18.965954  1274  1820 I wm_create_activity: [0,53082889,1026,com.debug.loggerui/.MainActivity,android.intent.action.MAIN,NULL,NULL,270532608]
09-01 13:52:18.966143  1274  1820 I wm_task_moved: [1026,1,7]
09-01 13:52:18.970075  1274  1820 I wm_pause_activity: [0,140986809,com.android.launcher3/com.android.searchlauncher.SearchLauncher,userLeaving=true,pauseBackTasks]
09-01 13:52:18.990951  1274  1816 I am_uid_running: 10131
09-01 13:52:19.002686  1837  1837 I wm_on_top_resumed_lost_called: [140986809,com.android.searchlauncher.SearchLauncher,topStateChangedWhenResumed]
09-01 13:52:19.008691  1837  1837 I wm_on_paused_called: [140986809,com.android.searchlauncher.SearchLauncher,performPause]
09-01 13:52:19.012553  1274  1820 I wm_add_to_stopping: [0,140986809,com.android.launcher3/com.android.searchlauncher.SearchLauncher,makeInvisible]
09-01 13:52:19.014587  1274  1820 I wm_restart_activity: [0,53082889,1026,com.debug.loggerui/.MainActivity]
09-01 13:52:19.036528  1274  1820 I wm_set_resumed_activity: [0,com.debug.loggerui/.MainActivity,minimalResumeActivityLocked]
09-01 13:52:19.056119  1274  1288 I dvm_lock_sample: [system_server,1,Binder:1274_1,13,WindowManagerService.java,3517,float com.android.server.wm.WindowManagerService.getCurrentAnimatorScale(),,0,null,2]
09-01 13:52:19.058222  1274  1304 I am_proc_start: [0,5337,10131,com.google.android.youtube,broadcast,{com.google.android.youtube/com.google.android.libraries.notifications.entrypoints.restart.RestartReceiver}]
09-01 13:52:19.067555  1274  1294 I sysui_multi_action: [757,803,799,window_time_0,802,3]
09-01 13:52:19.073850  1274  1294 I am_uid_active: 10131
09-01 13:52:19.078240  1274  1441 I input_focus: [Focus leaving 3cfcf83 com.android.launcher3/com.android.searchlauncher.SearchLauncher (server),reason=NO_WINDOW]
09-01 13:52:19.096000   666   666 I auditd  : type=1400 audit(0.0:254): avc: denied { read } for comm="memtrack@1.0-se" name="driver_stats" dev="debugfs" ino=14235 scontext=u:r:hal_memtrack_default:s0 tcontext=u:object_r:debugfs:s0 tclass=file permissive=0
09-01 13:52:19.112000   666   666 I auditd  : type=1400 audit(0.0:255): avc: denied { read } for comm="memtrack@1.0-se" name="driver_stats" dev="debugfs" ino=14235 scontext=u:r:hal_memtrack_default:s0 tcontext=u:object_r:debugfs:s0 tclass=file permissive=0
09-01 13:52:19.115829  1274  1302 I am_pss  : [2189,10038,com.android.deskclock,6774784,1593344,3316736,91447296,0,19,7]
09-01 13:52:19.125642  1274  1302 I am_pss  : [2329,10085,com.mediatek.batterywarning,5625856,659456,3211264,84664320,0,19,7]
09-01 13:52:19.124000   666   666 I auditd  : type=1400 audit(0.0:256): avc: denied { read } for comm="memtrack@1.0-se" name="driver_stats" dev="debugfs" ino=14235 scontext=u:r:hal_memtrack_default:s0 tcontext=u:object_r:debugfs:s0 tclass=file permissive=0
09-01 13:52:19.140183  1274  1302 I am_pss  : [2264,1000,com.mediatek.simprocessor,5504000,1232896,3483648,58630144,0,19,8]
09-01 13:52:19.140000   666   666 I auditd  : type=1400 audit(0.0:257): avc: denied { read } for comm="memtrack@1.0-se" name="driver_stats" dev="debugfs" ino=14235 scontext=u:r:hal_memtrack_default:s0 tcontext=u:object_r:debugfs:s0 tclass=file permissive=0
09-01 13:52:19.162660  1274  1302 I am_pss  : [1965,1001,com.mediatek.ims,9384960,2285568,6117376,57991168,0,0,8]
09-01 13:52:19.204822  1274  1302 I am_pss  : [1744,1000,com.bst.face.service,6170624,946176,4591616,50327552,0,0,6]
09-01 13:52:19.253295  3626  3626 I wm_on_create_called: [53082889,com.debug.loggerui.MainActivity,performCreate]
09-01 13:52:19.254321  3626  3626 I wm_on_start_called: [53082889,com.debug.loggerui.MainActivity,handleStartActivity]
09-01 13:52:19.263302  1274  3606 I am_proc_bound: [0,5337,com.google.android.youtube]
09-01 13:52:19.269014  3626  3626 I wm_on_resume_called: [53082889,com.debug.loggerui.MainActivity,RESUME_ACTIVITY]
09-01 13:52:19.284858  1274  1302 I am_pss  : [1736,1001,com.android.phone,19358720,13148160,4485120,86458368,0,0,9]
09-01 13:52:19.345614  3626  3626 I wm_on_top_resumed_gained_called: [53082889,com.debug.loggerui.MainActivity,topStateChangedWhenResumed]
09-01 13:52:19.348250  1274  1302 I am_pss  : [1727,1068,com.android.se,6016000,397312,4977664,49868800,0,0,7]
09-01 13:52:19.349908  1274  1377 I am_compact: [5250,com.google.android.videos,all,127668,78032,48568,3728,-47900,0,-47900,47964,230,0,0,1001,19,898292,-13056]
09-01 13:52:19.377868  1274  1302 I am_pss  : [1709,1001,com.mediatek.smartratswitch,5746688,380928,4786176,47403008,0,0,7]
09-01 13:52:19.383077  1274  1295 I input_focus: [Focus request 4a3572b com.debug.loggerui/com.debug.loggerui.MainActivity,reason=UpdateInputWindows]
09-01 13:52:19.798195  1274  1302 I am_pss  : [3626,10082,com.debug.loggerui,49015808,40775680,2118656,159526912,0,2,11]
09-01 13:52:19.812292  1274  1302 I am_pss  : [2400,10117,com.google.android.googlequicksearchbox:interactor,32508928,12394496,10161152,103333888,0,3,9]
09-01 13:52:19.828906  1274  1302 I am_pss  : [2396,10151,com.google.android.providers.media.module,20939776,14913536,4572160,87011328,0,0,8]
09-01 13:52:19.839568  1274  1302 I am_pss  : [2443,1000,com.mediatek.voicecommand,5564416,610304,4344832,48721920,0,0,7]
09-01 13:52:19.854834  1274  1302 I am_pss  : [2426,1000,com.hmct.updater,8669184,1536000,6203392,63168512,0,0,7]
09-01 13:52:19.892860  1274  1291 I sysui_multi_action: [319,223,321,213,322,948,325,121,757,761,758,8,759,1,806,com.debug.loggerui,871,com.debug.loggerui.MainActivity,904,com.android.launcher3,905,0,1320,8,1321,5]
09-01 13:52:19.906986  1274  1291 I wm_activity_launch_time: [0,53082889,com.debug.loggerui/.MainActivity,948]
09-01 13:52:19.910832  1274  1441 I input_focus: [Focus entering 4a3572b com.debug.loggerui/com.debug.loggerui.MainActivity (server),reason=Window became focusable. Previous reason: NOT_VISIBLE]
09-01 13:52:20.052000   666   666 I auditd  : type=1400 audit(0.0:267): avc: denied { read } for comm="memtrack@1.0-se" name="driver_stats" dev="debugfs" ino=14235 scontext=u:r:hal_memtrack_default:s0 tcontext=u:object_r:debugfs:s0 tclass=file permissive=0
09-01 13:52:20.101772  1274  1821 I wm_stop_activity: [0,140986809,com.android.launcher3/com.android.searchlauncher.SearchLauncher]
09-01 13:52:20.121103  1837  1837 I wm_on_stop_called: [140986809,com.android.searchlauncher.SearchLauncher,STOP_ACTIVITY_ITEM]
09-01 13:52:20.127132  1274  1302 I am_pss  : [2376,10114,com.google.process.gservices,7824384,4231168,2713600,65531904,0,5,8]
09-01 13:52:20.140000   666   666 I auditd  : type=1400 audit(0.0:268): avc: denied { read } for comm="memtrack@1.0-se" name="driver_stats" dev="debugfs" ino=14235 scontext=u:r:hal_memtrack_default:s0 tcontext=u:object_r:debugfs:s0 tclass=file permissive=0
09-01 13:52:20.151224  1274  1302 I am_pss  : [2308,1000,com.pri.smart,5615616,1015808,3949568,51949568,0,0,6]
09-01 13:52:20.228000   666   666 I auditd  : type=1400 audit(0.0:269): avc: denied { read } for comm="memtrack@1.0-se" name="driver_stats" dev="debugfs" ino=14235 scontext=u:r:hal_memtrack_default:s0 tcontext=u:object_r:debugfs:s0 tclass=file permissive=0
09-01 13:52:20.260870  1274  1302 I am_pss  : [2496,10117,com.google.android.googlequicksearchbox:search,127135744,104263680,4825088,238243840,0,8,18]
09-01 13:52:20.875249  5337  5417 I dvm_lock_sample: [com.google.android.youtube,1,BG Thread #1,143,PG,9,void sxt.run(),-,6,void sxs.a(java.util.ArrayList),28]
09-01 13:52:21.612496  1274  3606 I dvm_lock_sample: [system_server,1,Binder:1274_E,86,PackageManagerService.java,9401,int com.android.server.pm.PackageManagerService.getTargetSdkVersion(java.lang.String),-,24460,void com.android.server.pm.PackageManagerService.setEnabledSetting(java.lang.String, java.lang.String, int, int, int, java.lang.String),17]
09-01 13:52:21.613206  1274  1288 I dvm_lock_sample: [system_server,1,Binder:1274_1,103,PackageManagerService.java,5127,int com.android.server.pm.PackageManagerService$ComputerLocked.getPackageUidInternal(java.lang.String, int, int, int),-,24460,void com.android.server.pm.PackageManagerService.setEnabledSetting(java.lang.String, java.lang.String, int, int, int, java.lang.String),20]
09-01 13:52:21.635343  1274  1289 I dvm_lock_sample: [system_server,1,Binder:1274_2,16,PackageManagerService.java,27984,void com.android.server.pm.PackageManagerService$PackageManagerInternalImpl.grantImplicitAccess(int, android.content.Intent, int, int, boolean),-,5847,com.android.server.pm.PackageManagerService$Computer com.android.server.pm.PackageManagerService.snapshotComputer(),3]
09-01 13:52:21.636975  1274  1820 I dvm_lock_sample: [system_server,1,Binder:1274_A,203,PackageManagerService.java,27949,boolean com.android.server.pm.PackageManagerService$PackageManagerInternalImpl.isEnabledAndMatches(android.content.pm.parsing.component.ParsedMainComponent, int, int),-,5847,com.android.server.pm.PackageManagerService$Computer com.android.server.pm.PackageManagerService.snapshotComputer(),40]
09-01 13:52:21.656721  5337  5428 I dvm_lock_sample: [com.google.android.youtube,0,yt-critical2-7,636,PG,1,java.lang.Object aqfa.a(),-,2,java.lang.Object aqfa.a(),100]
09-01 13:52:21.668016  5337  5426 I dvm_lock_sample: [com.google.android.youtube,1,BG Thread #4,135,PG,1,java.lang.Object aqfa.a(),-,2,java.lang.Object aqfa.a(),27]
09-01 13:52:21.714973  1274  1293 I commit_sys_config_file: [notification-policy,72699]
09-01 13:52:21.776786  5337  5444 I dvm_lock_sample: [com.google.android.youtube,1,BG Thread #15,277,PG,-1,void yqc.f(agec),-,4,void yqc.g(agec),55]
09-01 13:52:21.827655  2263  5356 I gms_unknown: 47122
09-01 13:52:21.940075  1274  1441 I input_interaction: Interaction with: 4a3572b com.debug.loggerui/com.debug.loggerui.MainActivity (server), PointerEventDispatcher0 (server), 
09-01 13:52:22.066707  2263  5357 I aggregation: 1662011542066
09-01 13:52:22.102286  1274  1274 I notification_enqueue: [10082,3626,com.debug.loggerui,365001,NULL,0,Notification(channel=com.debug.loggerui.notification shortcut=null contentView=null vibrate=null sound=null defaults=0x0 flags=0x48 color=0x00000000 vis=PRIVATE),1]
09-01 13:52:22.223698  1274  1295 I input_focus: [Focus request 2f8991f Stopping logs,reason=UpdateInputWindows]
09-01 13:52:22.224626  1274  1377 I am_compact: [3646,com.google.android.apps.messaging,all,139916,102724,35152,30248,-37272,-2120,-35152,35156,244,1,116142,1001,19,881396,-24320]
09-01 13:52:22.254858  1274  1441 I input_focus: [Focus leaving 4a3572b com.debug.loggerui/com.debug.loggerui.MainActivity (server),reason=Waiting for window because NOT_VISIBLE]
09-01 13:52:22.292683  1274  1294 I dvm_lock_sample: [system_server,1,android.display,28,WindowManagerService.java,5329,void com.android.server.wm.WindowManagerService$H.handleMessage(android.os.Message),WindowSurfacePlacer.java,58,void com.android.server.wm.WindowSurfacePlacer$Traverser.run(),5]
09-01 13:52:22.319086  1274  1441 I input_focus: [Focus entering 2f8991f Stopping logs (server),reason=Window became focusable. Previous reason: NOT_VISIBLE]
09-01 13:52:22.326970  1274  1293 I commit_sys_config_file: [notification-policy,73311]
09-01 13:52:22.397239  5337  5507 I dvm_lock_sample: [com.google.android.youtube,0,gads-5,5,PG,9,byte[] eev.a(byte[], java.lang.String),,0,null,1]
09-01 13:52:22.475783  4884  5500 I dvm_lock_sample: [com.google.android.gms.unstable,0,IntentService[DG],43,:com.google.android.gms@222615044@22.26.15 (190400-461192076),4,java.lang.Object bwnn.g(),-,14,java.lang.Object bwnn.g(),8]
09-01 13:52:22.570892  1274  1302 I dvm_lock_sample: [system_server,0,android.bg,15,PackageManagerService.java,27949,boolean com.android.server.pm.PackageManagerService$PackageManagerInternalImpl.isEnabledAndMatches(android.content.pm.parsing.component.ParsedMainComponent, int, int),-,5052,com.android.server.pm.parsing.pkg.AndroidPackage com.android.server.pm.PackageManagerService$ComputerLocked.getPackage(java.lang.String),3]
09-01 13:52:23.051762  1274  2072 I am_uid_running: 10064
09-01 13:52:23.130069  1274  1304 I am_proc_start: [0,5544,10064,com.hmct.hsmemo,broadcast,{com.hmct.hsmemo/com.hmct.hsmemo.providers.BootCompleteReceiver}]
09-01 13:52:23.195889  1567  1567 I sysui_multi_action: [757,803,799,note_peek,802,1]
09-01 13:52:23.235524  1274  1274 I notification_cancel_all: [1000,1274,com.google.android.youtube,0,0,0,20,NULL]
09-01 13:52:23.251662  1274  1820 I sysui_multi_action: [757,127,758,1]
09-01 13:52:23.252059  1274  1820 I sysui_multi_action: [757,804,799,note_load,801,1,802,1]
09-01 13:52:23.254451  1274  1288 I am_proc_bound: [0,5544,com.hmct.hsmemo]
09-01 13:52:23.263449  1274  1288 I am_uid_active: 10064
09-01 13:52:23.266889  1274  1274 I notification_cancel_all: [1000,1274,com.google.android.youtube,0,0,0,20,NULL]
09-01 13:52:23.271395  1274  1820 I notification_panel_revealed: 1
09-01 13:52:23.338376  1567  1567 I sysui_heads_up_status: [0|com.debug.loggerui|365001|null|10082,1]
09-01 13:52:23.393135  4884  5395 I dvm_lock_sample: [com.google.android.gms.unstable,1,Binder:4884_5,47,NetworkSecurityConfig.java,112,android.security.net.config.NetworkSecurityTrustManager android.security.net.config.NetworkSecurityConfig.getTrustManager(),-,116,android.security.net.config.NetworkSecurityTrustManager android.security.net.config.NetworkSecurityConfig.getTrustManager(),9]
09-01 13:52:23.556195  1274  1377 I am_compact: [5085,com.android.chrome,all,57504,43792,12372,27076,-11768,56,-11824,11832,92,2,114703,1001,19,852212,-5632]
