09-01 13:51:47.063187  3646  3812 W .apps.messagin: ClassLoaderContext type mismatch. expected=PCL, found=DLC (PCL[] | DLC[];PCL[/data/app/~~BOwcuahpNHRObJcJrXdCVw==/com.google.android.apps.messaging-m1ROjTKnit-Kqwq4OaIN2g==/base.apk*891592893:/data/app/~~BOwcuahpNHRObJcJrXdCVw==/com.google.android.apps.messaging-m1ROjTKnit-Kqwq4OaIN2g==/base.apk!classes2.dex*2708194876:/data/app/~~BOwcuahpNHRObJcJrXdCVw==/com.google.android.apps.messaging-m1ROjTKnit-Kqwq4OaIN2g==/base.apk!classes3.dex*3815310364:/data/app/~~BOwcuahpNHRObJcJrXdCVw==/com.google.android.apps.messaging-m1ROjTKnit-Kqwq4OaIN2g==/base.apk!classes4.dex*4255527378:/data/app/~~BOwcuahpNHRObJcJrXdCVw==/com.google.android.apps.messaging-m1ROjTKnit-Kqwq4OaIN2g==/base.apk!classes5.dex*2473126704:/data/app/~~BOwcuahpNHRObJcJrXdCVw==/com.google.android.apps.messaging-m1ROjTKnit-Kqwq4OaIN2g==/base.apk!classes6.dex*589962602]{PCL[/system/framework/org.apache.http.legacy.jar*126433618]})
09-01 13:51:47.064709  3646  3912 V ClearcutMetricXmitter: Transmission is done.
09-01 13:51:47.096303  3646  3863 I BugleDataModel: TransactionManagerImpl: tx:  WorkQueueImpl#queueWorkItemAndReturnFuture  started
09-01 13:51:47.113854  1274  2849 D ConnectivityService: requestNetwork for uid/pid:10108/3646 activeRequest: null callbackRequest: 114 [NetworkRequest [ REQUEST id=115, [ Capabilities: INTERNET&NOT_RESTRICTED&TRUSTED&NOT_VCN_MANAGED Uid: 10108 RequestorUid: 10108 RequestorPkg: com.google.android.apps.messaging UnderlyingNetworks: Null] ]] callback flags: 0 order: 2147483647
09-01 13:51:47.115648  1274  1510 D ConnectivityService: NetReassign [115 : null → 100]
09-01 13:51:47.117204  3646  3812 I cr_CronetLibraryLoader: Cronet version: 103.0.5060.42, arch: aarch64
09-01 13:51:47.121812  1274  1503 D WifiNetworkFactory: got request NetworkRequest [ REQUEST id=115, [ Capabilities: INTERNET&NOT_RESTRICTED&TRUSTED&NOT_VCN_MANAGED Uid: 10108 RequestorUid: 10108 RequestorPkg: com.google.android.apps.messaging UnderlyingNetworks: Null] ]
09-01 13:51:47.122152  1274  1503 D UntrustedWifiNetworkFactory: got request NetworkRequest [ REQUEST id=115, [ Capabilities: INTERNET&NOT_RESTRICTED&TRUSTED&NOT_VCN_MANAGED Uid: 10108 RequestorUid: 10108 RequestorPkg: com.google.android.apps.messaging UnderlyingNetworks: Null] ]
09-01 13:51:47.122609  1274  1503 D OemPaidWifiNetworkFactory: got request NetworkRequest [ REQUEST id=115, [ Capabilities: INTERNET&NOT_RESTRICTED&TRUSTED&NOT_VCN_MANAGED Uid: 10108 RequestorUid: 10108 RequestorPkg: com.google.android.apps.messaging UnderlyingNetworks: Null] ]
09-01 13:51:47.128682  1274  1510 D ConnectivityService: NetReassign [no changes]
09-01 13:51:47.153166   643  4205 D resolv  : GetAddrInfoHandler::run: {100 786532 100 983140 10108 0}
09-01 13:51:47.153379   643  4205 D resolv  : resolv_getaddrinfo: explore_fqdn(): ai_family=0 ai_socktype=1 ai_protocol=6
09-01 13:51:47.154515   643  4206 D resolv  : doQuery: (1, 1)
09-01 13:51:47.154856   643  4206 D resolv  : res_nmkquery: (QUERY, IN, A)
09-01 13:51:47.154936   643  4206 D resolv  : res_nopt
09-01 13:51:47.154986   643  4206 D resolv  : res_nopt: ENDS0 DNSSEC
09-01 13:51:47.155042   643  4206 D resolv  : res_nsend
09-01 13:51:47.155085   643  4206 I resolv  : resolv_cache_lookup: lookup
09-01 13:51:47.155131   643  4206 I resolv  : resolv_cache_lookup: NOT IN CACHE
09-01 13:51:47.155182   643  4206 I resolv  : resolv_populate_res_for_net: netid=100
09-01 13:51:47.155246   643  4206 I resolv  : res_doh_send: performing query over Https
09-01 13:51:47.155520   643   837 D doh::connection::driver: Handling DNS request on network 100, stats=recv=31 sent=42 lost=0 rtt=225.331358ms cwnd=12000, peer_streams_left_bidi=91, peer_streams_left_uni=99
09-01 13:51:47.155605   643   837 D doh::connection::driver: Handled DNS request: stream ID 36, network 100, stream_capacity=Ok(11829)
09-01 13:51:47.155868   643   837 D doh::connection::driver: Sent 202 bytes on network 100
09-01 13:51:47.155929   643   837 D doh::connection::driver: optional_timeout: timeout=Some(415.643185ms), network 100
09-01 13:51:47.172666  3646  3741 I BugleDataModel: TransactionManagerImpl: tx:  WorkQueueWorkerImpl.startWork  started
09-01 13:51:47.196628  3646  3741 I BugleDataModel: TransactionManagerImpl: tx:  WorkQueueWorkerImpl.startWork  ended
09-01 13:51:47.207830  3646  3863 I BugleDataModel: TransactionManagerImpl: tx:  WorkQueueImpl#queueWorkItemAndReturnFuture  ended
09-01 13:51:47.258482  3646  3656 I .apps.messagin: JIT allocated 87KB for compiled code of java.lang.Object thf.f()
09-01 13:51:47.262110  3646  3656 I .apps.messagin: Compiler allocated 7628KB to compile java.lang.Object thf.f()
09-01 13:51:47.277880  3646  3812 I MobileConfigurationWork: Using default worker factory for com.google.android.apps.messaging.shared.datamodel.workqueue.WorkQueueWorkerShim
09-01 13:51:47.279988  3646  3812 D MddListenableWorkerFactory: createWorker for class: com.google.android.apps.messaging.shared.datamodel.workqueue.WorkQueueWorkerShim
09-01 13:51:47.285307  1736  2150 D Mms/Provider/Sms: query begin, url = content://sms, selection = null
09-01 13:51:47.285541  1736  2150 D Mms/Provider/Sms: query begin, match = 0
09-01 13:51:47.311862  3646  3741 I BugleNotifications: Starting refreshIncomingMessageNotifications: silent - true, isSmartReplyUpdate - false, isFromNotification - false [CONTEXT conversation_id="-1" ]
09-01 13:51:47.313530  1736  2150 D Mms/Provider/Mms: query begin, uri = content://mms, selection = null
09-01 13:51:47.315551  1736  2150 V Mms/Provider/Mms: Query uri=content://mms, match=0
09-01 13:51:47.316929  1736  2150 D Mms/Provider/Mms: query end, cursor count =0
09-01 13:51:47.345522  1736  2150 D Mms/Provider/Mms: query begin, uri = content://mms/drm/1, selection = null
09-01 13:51:47.345575  3646  3741 I BugleDataModel: TransactionManagerImpl: tx:  SettingsStoreImpl#updateDataSync  started
09-01 13:51:47.346842  1736  2150 V Mms/Provider/Mms: Query uri=content://mms/drm/1, match=18
09-01 13:51:47.352616  1736  2150 D Mms/Provider/Mms: query end, cursor count =1
09-01 13:51:47.359257  3646  3741 I BugleDataModel: TransactionManagerImpl: tx:  SettingsStoreImpl#updateDataSync  ended
09-01 13:51:47.371220  1736  1994 D Mms/Provider/Mms: query begin, uri = content://mms/20******47, selection = null
09-01 13:51:47.372604  1736  1994 V Mms/Provider/Mms: Query uri=content://mms/20******47, match=1
09-01 13:51:47.373614  1736  1994 D Mms/Provider/Mms: query end, cursor count =0
09-01 13:51:47.395223  1736  1994 D Mms/Provider/Mms: query begin, uri = content://mms/20******47/part, selection = null
09-01 13:51:47.396622  1736  1994 V Mms/Provider/Mms: Query uri=content://mms/20******47/part, match=11
09-01 13:51:47.397961  3646  3741 W SQLiteLog: (28) double-quoted string literal: ""
09-01 13:51:47.398190  3646  3741 W SQLiteLog: (28) double-quoted string literal: ""
09-01 13:51:47.398264  3646  3741 W SQLiteLog: (28) double-quoted string literal: ""
09-01 13:51:47.399149  1736  1994 D Mms/Provider/Mms: query end, cursor count =1
09-01 13:51:47.399481  3646  3741 W SQLiteLog: (28) double-quoted string literal: ""
09-01 13:51:47.399635  3646  3741 W SQLiteLog: (28) double-quoted string literal: ""
09-01 13:51:47.399707  3646  3741 W SQLiteLog: (28) double-quoted string literal: ""
09-01 13:51:47.411757  3646  3741 W SQLiteLog: (28) double-quoted string literal: ""
09-01 13:51:47.412070  3646  3741 W SQLiteLog: (28) double-quoted string literal: ""
09-01 13:51:47.412220  3646  3741 W SQLiteLog: (28) double-quoted string literal: ""
09-01 13:51:47.442608  3646  3741 I BugleNotifications: No unseen incoming message notifications
09-01 13:51:47.443749  1736  1994 D Mms/Provider/Sms: query begin, url = content://sms, selection = null
09-01 13:51:47.444232  1736  1994 D Mms/Provider/Sms: query begin, match = 0
09-01 13:51:47.446513  3646  3741 I BugleNotifications: No incomingMessageNotification created, canceling existing incomingMessageNotifications
09-01 13:51:47.459558  1736  1994 D Mms/Provider/Mms: query begin, uri = content://mms, selection = null
09-01 13:51:47.461139  1736  1994 V Mms/Provider/Mms: Query uri=content://mms, match=0
09-01 13:51:47.462043  1736  1994 D Mms/Provider/Mms: query end, cursor count =0
09-01 13:51:47.469148  3646  3741 I BugleDataModel: TransactionManagerImpl: tx:  WorkQueueWorkerImpl#handleResultInner  started
09-01 13:51:47.478867  3646  3741 I BugleDataModel: TransactionManagerImpl: tx:  WorkQueueWorkerImpl#handleResultInner  ended
09-01 13:51:47.481027  3646  3740 I BugleDataModel: TransactionManagerImpl: tx:  WorkQueueWorkerImpl.startWork  started
09-01 13:51:47.488201  3646  3740 I BugleDataModel: TransactionManagerImpl: tx:  WorkQueueWorkerImpl.startWork  ended
09-01 13:51:47.491326  3646  3863 I Bugle   : BootAndPackageReplacedReceiver: run post-reboot oobe tasks
09-01 13:51:47.493059  3646  3812 I WM-WorkerWrapper: Worker result SUCCESS for Work [ id=bb5d95ed-cbbf-41ff-a378-8a650c140a6f, tags={ com.google.android.apps.messaging.shared.datamodel.workqueue.WorkQueueWorkerShim, refresh_incoming_message_notifications- } ]
09-01 13:51:47.508737  1274  2849 D AlarmManagerService: inside native alarm timerfd set Alarm Type = 2
09-01 13:51:47.509319  1274  2849 D AlarmManagerService: inside native alarm timerfd set Alarm Type = 2
09-01 13:51:47.519655  3646  3740 I BugleDataModel: TransactionManagerImpl: tx:  WorkQueueImpl#queueWorkItemAndReturnFuture  started
09-01 13:51:47.526010   643   837 D doh::connection::driver: Received 45 bytes on network 100
09-01 13:51:47.526252   643   837 D doh::connection::driver: Received 800 bytes on network 100
09-01 13:51:47.526634   643   837 D doh::connection::driver: Sent 31 bytes on network 100
09-01 13:51:47.526780   643   837 D doh::connection::driver: process_h3_event: h3::Event::Headers on stream ID 36, network 100
09-01 13:51:47.526807   643   837 D doh::connection::driver: process_h3_event: h3::Event::Data on stream ID 36, network 100
09-01 13:51:47.526836   643   837 D doh::connection::driver: Got 468 bytes of response data from stream ID 36 on network 100
09-01 13:51:47.526901   643   837 D doh::connection::driver: optional_timeout: timeout=Some(54.999298462s), network 100
09-01 13:51:47.527069   643   837 D doh::connection::driver: Received 45 bytes on network 100
09-01 13:51:47.527688   643   837 D doh::connection::driver: Sent 31 bytes on network 100
09-01 13:51:47.527820   643   837 D doh::connection::driver: process_h3_event: h3::Event::Finished on stream ID 36, network 100
09-01 13:51:47.527881   643   837 D doh::connection::driver: Sending answer back to resolv, stream ID: 36, network 100
09-01 13:51:47.527982   643   837 D doh::connection::driver: optional_timeout: timeout=Some(54.999079616s), network 100
09-01 13:51:47.528403   643  4206 I resolv  : res_doh_send: Https query result: 468, netid=100
09-01 13:51:47.528512   643  4206 D resolv  : res_nsend: got answer from Private DNS
09-01 13:51:47.528541   643  4206 I resolv  : answer_getTTL: TTL = 300
09-01 13:51:47.528564   643  4206 I resolv  : _cache_add_p: entry 12 added (count=12)
09-01 13:51:47.528608   643  4206 I resolv  : cache_dump_mru_locked: MRU LIST (12):  12 11 10 9 8 7 6 5 4 1 2 3
09-01 13:51:47.528630   643  4206 D resolv  : doQuery: rcode=0, ancount=1
09-01 13:51:47.550285  3646  3863 I BugleRcsProvisioning: BugleSystemBindingManager: onBootComplete
09-01 13:51:47.552094  3646  3863 I BugleRcsProvisioning: BugleSystemBindingManager: onCsLibPhenotypeUpdated
09-01 13:51:47.564196  3646  3863 I BugleRcsEngine: [48] aqay.b: SystemBindingManager: force P/H Flag update scheduled and start updateBinding
09-01 13:51:47.572098  2051  2051 D BoundBrokerSvc: onUnbind: Intent { act=com.google.android.gms.scheduler.ACTION_PROXY_SCHEDULE dat=chimera-action:com.google.android.gms.scheduler.ACTION_PROXY_SCHEDULE cmp=com.google.android.gms/.chimera.PersistentApiService }
09-01 13:51:47.589006  3646  3812 I BugleRcsEngine: [45] aytw.run: SystemBindingManager: SystemBinding enabled: false
09-01 13:51:47.590473  3646  4194 I BugleRcsEngine: [71] aytx.b: System Binding updated
09-01 13:51:47.608111  3646  3863 I BugleRcsProvisioning: RcsProvisioningTrigger: onBootComplete
09-01 13:51:47.610297  3646  3739 W BugleRcsEngine: [36] bapt.b: No config URL. RCS not configured for dual-registration.
09-01 13:51:47.610899  3646  3863 I BugleRcsProvisioning: RcsProvisioningTrigger: updateRcsAvailabilityAsync : hint = BOOT_COMPLETE
09-01 13:51:47.614363  3646  3862 I BugleRcsProvisioning: RcsProvisioningTrigger: updateRcsAvailability : hint = BOOT_COMPLETE
09-01 13:51:47.619131  3646  3862 I Bugle   : RcsAvailabilityUtilForProvisioningEngineV2: updateAvailabilityAsync, hint: BOOT_COMPLETE
09-01 13:51:47.619983  3646  3862 I BugleRcs: RcsAvailabilityUpdaterRemote: postUpdateRcsAvailability, hint: BOOT_COMPLETE
09-01 13:51:47.621133  3646  3862 I BugleRcs: RcsAvailabilityUpdaterRemote: updateRcsAvailabilityAsync, hint: BOOT_COMPLETE
09-01 13:51:47.629939  3646  3716 I BugleRcs: RcsAvailabilityUpdaterRemote: updateRcsAvailabilityAsync, trivialAvailability: null
09-01 13:51:47.630671  3646  3744 I RcsNotDeliveredMessageT: Refreshing notification for 0 not yet delivered RCS
09-01 13:51:47.647451  3646  3716 I BugleRcs: RcsAvailabilityUpdaterRemote: getRcsAvailabilityFromSignupServiceAsync
09-01 13:51:47.649904  3646  3862 I RcsClientLib: Connecting SignupService
09-01 13:51:47.654828  3646  3741 I BugleDataModel: TransactionManagerImpl: tx:  WorkQueueWorkerImpl.startWork  started
09-01 13:51:47.656417  3646  4207 I BugleDataModel: TransactionManagerImpl: tx:  markFlaggedMessagesAsNotified  started
09-01 13:51:47.666895   643  4208 D resolv  : GetAddrInfoHandler::run: {100 786532 100 983140 10108 0}
09-01 13:51:47.667126  1274  2849 D AlarmManagerService: inside native alarm timerfd set Alarm Type = 2
09-01 13:51:47.667503   643  4208 D resolv  : resolv_getaddrinfo: explore_fqdn(): ai_family=2 ai_socktype=1 ai_protocol=6
09-01 13:51:47.668271   643  4209 D resolv  : doQuery: (1, 1)
09-01 13:51:47.668827   643  4209 D resolv  : res_nmkquery: (QUERY, IN, A)
09-01 13:51:47.668939   643  4209 D resolv  : res_nopt
09-01 13:51:47.668979   643  4209 D resolv  : res_nopt: ENDS0 DNSSEC
09-01 13:51:47.669031   643  4209 D resolv  : res_nsend
09-01 13:51:47.669074   643  4209 I resolv  : resolv_cache_lookup: lookup
09-01 13:51:47.669151   643  4209 I resolv  : resolv_cache_lookup: FOUND IN CACHE entry=0xb4000077b8127c90
09-01 13:51:47.669241   643  4209 D resolv  : doQuery: rcode=0, ancount=1
09-01 13:51:47.679877  3646  3741 I BugleDataModel: TransactionManagerImpl: tx:  WorkQueueWorkerImpl.startWork  ended
09-01 13:51:47.700588  3646  4207 I BugleDataModel: TransactionManagerImpl: tx:  markFlaggedMessagesAsNotified  ended
09-01 13:51:47.700979  3646  4090 I Bugle   : BroadcastReceiverAsyncWorkTracker: Acknowledging broadcast of com.google.android.apps.messaging.receiver.PhoneBootAndPackageReplacedReceiver@f5c3256
09-01 13:51:47.708647  3646  4194 W Bugle   : SubscriptionMetadataUtils get: invalid subId = -1
09-01 13:51:47.711144  3646  4194 I Bugle   : CountryCodeDetector: updateMainDeviceCountry from default subscription network country. detected country: cn
09-01 13:51:47.712701  3646  3740 I BugleDataModel: TransactionManagerImpl: tx:  WorkQueueImpl#queueWorkItemAndReturnFuture  ended
09-01 13:51:47.716771  3646  3862 I RcsClientLib: shouldUseCarrierServicesJibeService: true, CarrierServices rcs service found: true
09-01 13:51:47.721769   644   644 D Zygote  : Forked child process 4210
09-01 13:51:47.726432  3868  3868 I CarrierServices: [2] ecl.onBind: JibeService: onBind in state STARTED, intent action = com.google.android.ims.rcsservice.signup.ISignup
09-01 13:51:47.730606  3646  3646 I RcsClientLib: com.google.android.rcs.client.signup.SignupService connected
09-01 13:51:47.734017  3868  4157 I CarrierServices: [56] dia.b: RcsAvailabilityManager: Calculating Rcs Availability
09-01 13:51:47.745107  3868  4157 I CarrierServices: [56] dkk.y: Bugle is default SMS app: true
09-01 13:51:47.749500  3868  4157 I CarrierServices: [56] dia.b: Bugle has minimum required RCS permissions: true
09-01 13:51:47.751835  1736  1762 D Mms/Provider/MmsSms: query begin, uri = content://mms-sms/threadID?recipient=%CA%BCWAP_PUSH_SI!%CA%BC, selection = null
09-01 13:51:47.752383  1736  1762 D Mms/Provider/MmsSms: query begin, match = 4
09-01 13:51:47.753558  1736  1762 D Mms/Provider/MmsSms: getAddressIds begin
09-01 13:51:47.755609  3868  4157 I CarrierServices: [56] dkk.x: Rcs is enabled from user settings: true
09-01 13:51:47.756360  3646  3717 I MobileConfigurationWork: Using default worker factory for com.google.android.apps.messaging.shared.datamodel.workqueue.WorkQueueWorkerShim
09-01 13:51:47.757236  3868  4157 W CarrierServices: [56] dly.b: No config URL. RCS not configured for dual-registration.
09-01 13:51:47.758010  3646  3717 D MddListenableWorkerFactory: createWorker for class: com.google.android.apps.messaging.shared.datamodel.workqueue.WorkQueueWorkerShim
09-01 13:51:47.760516  3868  4157 I CarrierServices: [56] ehx.g: Checking if using CarrierServices.apk is possible. Enabled: true, isAtLeastM: true, runningInsideBugle: false
09-01 13:51:47.765317  2228  2233 I adbd    : jdwp connection from 4210
09-01 13:51:47.767292  1736  1762 D Mms/Provider/MmsSms: getAddressIds: get exist id=1, refinedAddress=ʼWAP_PUSH_SI!ʼ, currentNumber=ʼWAP_PUSH_SI!ʼ
09-01 13:51:47.767533  4210  4210 D ProcessState: Binder ioctl to enable oneway spam detection failed: Invalid argument
09-01 13:51:47.769063  1736  1762 D Mms/Provider/MmsSms: getAddressIds: insert new canonical_address for xxxxxx, addressess = []
09-01 13:51:47.773695  1736  1762 D Mms/Provider/MmsSms: query end, count = 1
09-01 13:51:47.775270  3868  4157 I CarrierServices: [56] dia.b: Config state is not ACCEPTED, provisioning still in progress
09-01 13:51:47.776883  3868  4157 I CarrierServices: [56] dia.b: RcsAvailabilityManager: Rcs Availability still DISABLED_SIM_ABSENT (RCS is disabled due to SIM absent)
09-01 13:51:47.782786  3646  3862 I BugleRcs: RcsAvailabilityUpdaterRemote: updateRcsAvailabilityPostProcess, Get Updated RcsAvailability, RcsAvailability: DISABLED_SIM_ABSENT, SimId: redacted-pii[0-chars]
09-01 13:51:47.787699  3646  3862 I BugleRcs: RcsAvailabilityUpdaterRemote: updated datastore for rcs availability, simId: redacted-pii[0-chars], availability: DISABLED_SIM_ABSENT
09-01 13:51:47.791424  3646  3862 I RcsClientLib: Disconnecting SignupService
09-01 13:51:47.795229  4210  4210 D CompatibilityChangeReporter: Compat change id reported: 171979766; UID 10115; state: ENABLED
09-01 13:51:47.795997  3646  3717 I BugleRcs: RcsAvailabilityUpdaterRemote: postUpdateRcsAvailability : success updating RCS availability async
09-01 13:51:47.799131  3646  3740 I BugleRcsProvisioning: RcsProvisioningTrigger: onRcsAvailabilityUpdate : availability is updated to RCS is disabled due to SIM absent, lastAvailability is null, simId hash = -7793532730769076454, isPev3Enabled = false
09-01 13:51:47.800204  3646  4194 I BugleDataModel: ExpireWapPushSiMessageAction: no WAP Push SI messages. (empty)
09-01 13:51:47.803856  3646  3862 I BugleDataModel: TransactionManagerImpl: tx:  WorkQueueWorkerImpl#handleResultInner  started
09-01 13:51:47.819157  3646  3862 I BugleDataModel: TransactionManagerImpl: tx:  WorkQueueWorkerImpl#handleResultInner  ended
09-01 13:51:47.822493  3646  3740 I BugleDataModel: TransactionManagerImpl: tx:  WorkQueueWorkerImpl.startWork  started
09-01 13:51:47.833389  3646  3740 I BugleDataModel: TransactionManagerImpl: tx:  WorkQueueWorkerImpl.startWork  ended
09-01 13:51:47.838774  3646  4194 I WM-WorkerWrapper: Worker result SUCCESS for Work [ id=1e996728-1486-49d1-8651-eaefaf21b4e3, tags={ com.google.android.apps.messaging.shared.datamodel.workqueue.WorkQueueWorkerShim, expire_wap_push_si_message- } ]
09-01 13:51:47.879651  4210  4210 W .apps.nbu.file: Entry not found
09-01 13:51:47.885025  4210  4210 W .apps.nbu.file: Entry not found
09-01 13:51:47.887931  4210  4210 W .apps.nbu.file: Entry not found
09-01 13:51:47.893566  4210  4210 W .apps.nbu.file: JIT profile information will not be recorded: profile file does not exist.
09-01 13:51:47.893864  4210  4210 W .apps.nbu.file: JIT profile information will not be recorded: profile file does not exist.
09-01 13:51:47.894027  4210  4210 W .apps.nbu.file: JIT profile information will not be recorded: profile file does not exist.
09-01 13:51:47.921103  4210  4210 V GraphicsEnvironment: ANGLE Developer option for 'com.google.android.apps.nbu.files' set to: 'default'
09-01 13:51:47.921668  4210  4210 V GraphicsEnvironment: Neither updatable production driver nor prerelease driver is supported.
09-01 13:51:47.924560  4210  4210 D NetworkSecurityConfig: Using Network Security Config from resource network_security_config debugBuild: false
09-01 13:51:47.926697  4210  4210 D NetworkSecurityConfig: Using Network Security Config from resource network_security_config debugBuild: false
09-01 13:51:48.152671  4210  4238 I FA      : App measurement initialized, version: 68030
09-01 13:51:48.153394  4210  4238 I FA      : To enable debug logging run: adb shell setprop log.tag.FA VERBOSE
09-01 13:51:48.153917  4210  4238 I FA      : To enable faster debug mode event logging run:
09-01 13:51:48.153917  4210  4238 I FA      :   adb shell setprop debug.firebase.analytics.app com.google.android.apps.nbu.files
09-01 13:51:48.160723  4210  4244 W .apps.nbu.file: Accessing hidden field Ljava/util/Collections$SynchronizedCollection;->mutex:Ljava/lang/Object; (max-target-o, reflection, denied)
09-01 13:51:48.161643  4210  4244 W .apps.nbu.file: Accessing hidden method Ljava/util/Collections$SynchronizedSet;-><init>(Ljava/util/Set;Ljava/lang/Object;)V (max-target-o, reflection, denied)
09-01 13:51:48.162035  4210  4244 W .apps.nbu.file: Accessing hidden method Ljava/util/Collections$SynchronizedCollection;-><init>(Ljava/util/Collection;Ljava/lang/Object;)V (max-target-o, reflection, denied)
09-01 13:51:48.172604   666   666 E IMGMemtrackHAL: DbgFsParseFile: fopen of /d/pvr/driver_stats failed (Permission denied)
09-01 13:51:48.168000   666   666 W memtrack@1.0-se: type=1400 audit(0.0:234): avc: denied { read } for name="driver_stats" dev="debugfs" ino=14235 scontext=u:r:hal_memtrack_default:s0 tcontext=u:object_r:debugfs:s0 tclass=file permissive=0
09-01 13:51:48.521040  1274  1820 D ConnectivityService: requestNetwork for uid/pid:1000/1274 asUid: 10115 activeRequest: null callbackRequest: 117 [NetworkRequest [ REQUEST id=118, [ Capabilities: INTERNET&NOT_RESTRICTED&TRUSTED&NOT_VCN_MANAGED Uid: 10115 RequestorUid: 1000 RequestorPkg: android UnderlyingNetworks: Null] ]] callback flags: 0 order: 2147483647
09-01 13:51:48.522846  1274  1510 D ConnectivityService: NetReassign [118 : null → 100]
09-01 13:51:48.528510  1274  1503 D WifiNetworkFactory: got request NetworkRequest [ REQUEST id=118, [ Capabilities: INTERNET&NOT_RESTRICTED&TRUSTED&NOT_VCN_MANAGED Uid: 10115 RequestorUid: 1000 RequestorPkg: android UnderlyingNetworks: Null] ]
09-01 13:51:48.531330  1274  1503 D UntrustedWifiNetworkFactory: got request NetworkRequest [ REQUEST id=118, [ Capabilities: INTERNET&NOT_RESTRICTED&TRUSTED&NOT_VCN_MANAGED Uid: 10115 RequestorUid: 1000 RequestorPkg: android UnderlyingNetworks: Null] ]
09-01 13:51:48.531831  1274  1503 D OemPaidWifiNetworkFactory: got request NetworkRequest [ REQUEST id=118, [ Capabilities: INTERNET&NOT_RESTRICTED&TRUSTED&NOT_VCN_MANAGED Uid: 10115 RequestorUid: 1000 RequestorPkg: android UnderlyingNetworks: Null] ]
09-01 13:51:48.603799  4210  4253 D CompatibilityChangeReporter: Compat change id reported: 160794467; UID 10115; state: ENABLED
09-01 13:51:48.650577   644   644 D Zygote  : Forked child process 4261
09-01 13:51:48.690646  2228  2233 I adbd    : jdwp connection from 4261
09-01 13:51:48.693838  4261  4261 D ProcessState: Binder ioctl to enable oneway spam detection failed: Invalid argument
09-01 13:51:48.721070  4261  4261 D CompatibilityChangeReporter: Compat change id reported: 171979766; UID 10124; state: ENABLED
09-01 13:51:48.880334  4261  4261 W oid.apps.photo: Entry not found
09-01 13:51:48.887919  4261  4261 W oid.apps.photo: Entry not found
09-01 13:51:48.893714  4261  4261 W oid.apps.photo: JIT profile information will not be recorded: profile file does not exist.
09-01 13:51:48.894439  4261  4261 W oid.apps.photo: JIT profile information will not be recorded: profile file does not exist.
09-01 13:51:48.942710  4261  4261 V GraphicsEnvironment: ANGLE Developer option for 'com.google.android.apps.photos' set to: 'default'
09-01 13:51:48.943164  4261  4261 V GraphicsEnvironment: Neither updatable production driver nor prerelease driver is supported.
09-01 13:51:48.949571  4261  4261 D NetworkSecurityConfig: No Network Security Config specified, using platform default
09-01 13:51:48.950914  4261  4261 D NetworkSecurityConfig: No Network Security Config specified, using platform default
09-01 13:51:49.007562  4261  4261 W oid.apps.photo: Accessing hidden field Ljava/util/Collections$SynchronizedCollection;->mutex:Ljava/lang/Object; (max-target-o, reflection, denied)
09-01 13:51:49.008335  4261  4261 W oid.apps.photo: Accessing hidden method Ljava/util/Collections$SynchronizedSet;-><init>(Ljava/util/Set;Ljava/lang/Object;)V (max-target-o, reflection, denied)
09-01 13:51:49.008717  4261  4261 W oid.apps.photo: Accessing hidden method Ljava/util/Collections$SynchronizedCollection;-><init>(Ljava/util/Collection;Ljava/lang/Object;)V (max-target-o, reflection, denied)
09-01 13:51:49.111124   894  3006 D StagefrightMetadataRetriever: StagefrightMetadataRetriever()
09-01 13:51:49.111457   894  3006 D StagefrightMetadataRetriever: setDataSource(8, 0, 10746256)
09-01 13:51:49.126155   827   827 D DrmManagerService(Native): Entering DrmManagerService::openDecryptSession 1
09-01 13:51:49.133614   827   827 D drmserver: readBytes[8] FileHeader[]
09-01 13:51:49.199705   888  1603 E libasf-parse: asf_parse_header: error object size 3617640015975117673 (< 30 or >= file_size 10746256)
09-01 13:51:49.244704   894  1026 D StagefrightMetadataRetriever: found color aspects : standard=1, transfer=3, range=2
09-01 13:51:49.246031   894  3006 D StagefrightMetadataRetriever: ~StagefrightMetadataRetriever()
09-01 13:51:49.249291   894  3006 D StagefrightMetadataRetriever: StagefrightMetadataRetriever()
09-01 13:51:49.249377   894  3006 D StagefrightMetadataRetriever: setDataSource(8, 0, 10746256)
09-01 13:51:49.249950   827   827 D DrmManagerService(Native): Entering DrmManagerService::openDecryptSession 1
09-01 13:51:49.250087   827   827 D drmserver: readBytes[8] FileHeader[]
09-01 13:51:49.270591   888  1603 E libasf-parse: asf_parse_header: error object size 3617640015975117673 (< 30 or >= file_size 10746256)
09-01 13:51:49.280690   894   894 D StagefrightMetadataRetriever: found color aspects : standard=1, transfer=3, range=2
09-01 13:51:49.289922   894   894 D StagefrightMetadataRetriever: ~StagefrightMetadataRetriever()
09-01 13:51:49.391859  4261  4284 D CompatibilityChangeReporter: Compat change id reported: 160794467; UID 10124; state: ENABLED
09-01 13:51:49.465022   894  4286 D StagefrightMetadataRetriever: StagefrightMetadataRetriever()
09-01 13:51:49.465185   894  4286 D StagefrightMetadataRetriever: setDataSource(8, 0, 10817354)
09-01 13:51:49.465750   827   827 D DrmManagerService(Native): Entering DrmManagerService::openDecryptSession 1
09-01 13:51:49.469674   827   827 D drmserver: readBytes[8] FileHeader[]
09-01 13:51:49.472516  2051  2143 I bcji    : Scheduling Phenotype for a PhenotypeSyncImmediately(12, com.google.android.apps.chromecast.app) one off with window [1, 2] in seconds [CONTEXT service_id=51 ]
09-01 13:51:49.491981   888  1058 E libasf-parse: asf_parse_header: error object size 3617640015975117673 (< 30 or >= file_size 10817354)
09-01 13:51:49.508823   894  1026 D StagefrightMetadataRetriever: found color aspects : standard=1, transfer=3, range=2
09-01 13:51:49.510202   894  4286 D StagefrightMetadataRetriever: ~StagefrightMetadataRetriever()
09-01 13:51:49.514638   894  1365 D StagefrightMetadataRetriever: StagefrightMetadataRetriever()
09-01 13:51:49.514716   894  1365 D StagefrightMetadataRetriever: setDataSource(8, 0, 10817354)
09-01 13:51:49.515424   827   827 D DrmManagerService(Native): Entering DrmManagerService::openDecryptSession 1
09-01 13:51:49.515586   827   827 D drmserver: readBytes[8] FileHeader[]
09-01 13:51:49.524958   888  1379 E libasf-parse: asf_parse_header: error object size 3617640015975117673 (< 30 or >= file_size 10817354)
09-01 13:51:49.535940   894  4293 D StagefrightMetadataRetriever: found color aspects : standard=1, transfer=3, range=2
09-01 13:51:49.548404   894  4293 D StagefrightMetadataRetriever: ~StagefrightMetadataRetriever()
09-01 13:51:49.566965   894  4286 D StagefrightMetadataRetriever: StagefrightMetadataRetriever()
09-01 13:51:49.567077   894  4286 D StagefrightMetadataRetriever: setDataSource(8, 0, 10756614)
09-01 13:51:49.567568   827   827 D DrmManagerService(Native): Entering DrmManagerService::openDecryptSession 1
09-01 13:51:49.568559   827   827 D drmserver: readBytes[8] FileHeader[]
09-01 13:51:49.582703   888  1603 E libasf-parse: asf_parse_header: error object size 3617640015975117673 (< 30 or >= file_size 10756614)
09-01 13:51:49.580000   666   666 W memtrack@1.0-se: type=1400 audit(0.0:235): avc: denied { read } for name="driver_stats" dev="debugfs" ino=14235 scontext=u:r:hal_memtrack_default:s0 tcontext=u:object_r:debugfs:s0 tclass=file permissive=0
09-01 13:51:49.585022   666   666 E IMGMemtrackHAL: DbgFsParseFile: fopen of /d/pvr/driver_stats failed (Permission denied)
09-01 13:51:49.595276   894  2132 D StagefrightMetadataRetriever: found color aspects : standard=1, transfer=3, range=2
09-01 13:51:49.598261   894  4286 D StagefrightMetadataRetriever: ~StagefrightMetadataRetriever()
09-01 13:51:49.600189   894  2132 D StagefrightMetadataRetriever: StagefrightMetadataRetriever()
09-01 13:51:49.600265   894  2132 D StagefrightMetadataRetriever: setDataSource(8, 0, 10756614)
09-01 13:51:49.601251   827   827 D DrmManagerService(Native): Entering DrmManagerService::openDecryptSession 1
09-01 13:51:49.601717   827   827 D drmserver: readBytes[8] FileHeader[]
09-01 13:51:49.604254  3868  4157 V ClearcutMetricXmitter: Transmission is done.
09-01 13:51:49.605043  3868  3881 V ClearcutMetricXmitter: Transmission is done.
09-01 13:51:49.605294  1274  2849 D ConnectivityService: requestNetwork for uid/pid:10124/4261 activeRequest: null callbackRequest: 119 [NetworkRequest [ REQUEST id=120, [ Capabilities: INTERNET&NOT_RESTRICTED&TRUSTED&NOT_VCN_MANAGED Uid: 10124 RequestorUid: 10124 RequestorPkg: com.google.android.apps.photos UnderlyingNetworks: Null] ]] callback flags: 0 order: 2147483647
09-01 13:51:49.606710  1274  1510 D ConnectivityService: NetReassign [120 : null → 100]
09-01 13:51:49.611710  1274  1503 D WifiNetworkFactory: got request NetworkRequest [ REQUEST id=120, [ Capabilities: INTERNET&NOT_RESTRICTED&TRUSTED&NOT_VCN_MANAGED Uid: 10124 RequestorUid: 10124 RequestorPkg: com.google.android.apps.photos UnderlyingNetworks: Null] ]
09-01 13:51:49.612007  1274  1503 D UntrustedWifiNetworkFactory: got request NetworkRequest [ REQUEST id=120, [ Capabilities: INTERNET&NOT_RESTRICTED&TRUSTED&NOT_VCN_MANAGED Uid: 10124 RequestorUid: 10124 RequestorPkg: com.google.android.apps.photos UnderlyingNetworks: Null] ]
09-01 13:51:49.612379  1274  1503 D OemPaidWifiNetworkFactory: got request NetworkRequest [ REQUEST id=120, [ Capabilities: INTERNET&NOT_RESTRICTED&TRUSTED&NOT_VCN_MANAGED Uid: 10124 RequestorUid: 10124 RequestorPkg: com.google.android.apps.photos UnderlyingNetworks: Null] ]
09-01 13:51:49.628588   888  1379 E libasf-parse: asf_parse_header: error object size 3617640015975117673 (< 30 or >= file_size 10756614)
09-01 13:51:49.638421   894  4286 D StagefrightMetadataRetriever: found color aspects : standard=1, transfer=3, range=2
09-01 13:51:49.643121  1274  2849 D ConnectivityService: requestNetwork for uid/pid:10108/3646 activeRequest: null callbackRequest: 121 [NetworkRequest [ REQUEST id=122, [ Capabilities: INTERNET&NOT_RESTRICTED&TRUSTED&NOT_VCN_MANAGED Uid: 10108 RequestorUid: 10108 RequestorPkg: com.google.android.apps.messaging UnderlyingNetworks: Null] ]] callback flags: 0 order: 2147483647
09-01 13:51:49.645286  1274  1510 D ConnectivityService: NetReassign [122 : null → 100]
09-01 13:51:49.652972   894  4286 D StagefrightMetadataRetriever: ~StagefrightMetadataRetriever()
09-01 13:51:49.656123  3846  3846 D CompatibilityChangeReporter: Compat change id reported: 119147584; UID 10139; state: ENABLED
09-01 13:51:49.656887  1274  1503 D WifiNetworkFactory: got request NetworkRequest [ REQUEST id=122, [ Capabilities: INTERNET&NOT_RESTRICTED&TRUSTED&NOT_VCN_MANAGED Uid: 10108 RequestorUid: 10108 RequestorPkg: com.google.android.apps.messaging UnderlyingNetworks: Null] ]
09-01 13:51:49.658195  1274  1503 D UntrustedWifiNetworkFactory: got request NetworkRequest [ REQUEST id=122, [ Capabilities: INTERNET&NOT_RESTRICTED&TRUSTED&NOT_VCN_MANAGED Uid: 10108 RequestorUid: 10108 RequestorPkg: com.google.android.apps.messaging UnderlyingNetworks: Null] ]
09-01 13:51:49.658893  1274  1503 D OemPaidWifiNetworkFactory: got request NetworkRequest [ REQUEST id=122, [ Capabilities: INTERNET&NOT_RESTRICTED&TRUSTED&NOT_VCN_MANAGED Uid: 10108 RequestorUid: 10108 RequestorPkg: com.google.android.apps.messaging UnderlyingNetworks: Null] ]
09-01 13:51:49.675560   644   644 D Zygote  : Forked child process 4304
09-01 13:51:49.685867   894  4286 D StagefrightMetadataRetriever: StagefrightMetadataRetriever()
09-01 13:51:49.685938   894  4286 D StagefrightMetadataRetriever: setDataSource(8, 0, 10716974)
09-01 13:51:49.686534   827   827 D DrmManagerService(Native): Entering DrmManagerService::openDecryptSession 1
09-01 13:51:49.690154   827   827 D drmserver: readBytes[8] FileHeader[]
09-01 13:51:49.692266  1274  2849 D ConnectivityService: requestNetwork for uid/pid:10124/4261 activeRequest: null callbackRequest: 123 [NetworkRequest [ REQUEST id=124, [ Capabilities: INTERNET&NOT_RESTRICTED&TRUSTED&NOT_VCN_MANAGED Uid: 10124 RequestorUid: 10124 RequestorPkg: com.google.android.apps.photos UnderlyingNetworks: Null] ]] callback flags: 0 order: 2147483647
09-01 13:51:49.694017  1274  1510 D ConnectivityService: NetReassign [124 : null → 100]
09-01 13:51:49.700529  1274  1503 D WifiNetworkFactory: got request NetworkRequest [ REQUEST id=124, [ Capabilities: INTERNET&NOT_RESTRICTED&TRUSTED&NOT_VCN_MANAGED Uid: 10124 RequestorUid: 10124 RequestorPkg: com.google.android.apps.photos UnderlyingNetworks: Null] ]
09-01 13:51:49.701415  1274  1503 D UntrustedWifiNetworkFactory: got request NetworkRequest [ REQUEST id=124, [ Capabilities: INTERNET&NOT_RESTRICTED&TRUSTED&NOT_VCN_MANAGED Uid: 10124 RequestorUid: 10124 RequestorPkg: com.google.android.apps.photos UnderlyingNetworks: Null] ]
09-01 13:51:49.702246  1274  1503 D OemPaidWifiNetworkFactory: got request NetworkRequest [ REQUEST id=124, [ Capabilities: INTERNET&NOT_RESTRICTED&TRUSTED&NOT_VCN_MANAGED Uid: 10124 RequestorUid: 10124 RequestorPkg: com.google.android.apps.photos UnderlyingNetworks: Null] ]
09-01 13:51:49.719328   888  1379 E libasf-parse: asf_parse_header: error object size 3617640015975117673 (< 30 or >= file_size 10716974)
09-01 13:51:49.725516  2228  2233 I adbd    : jdwp connection from 4304
09-01 13:51:49.727800  4304  4304 D ProcessState: Binder ioctl to enable oneway spam detection failed: Invalid argument
09-01 13:51:49.738933   894  3006 D StagefrightMetadataRetriever: found color aspects : standard=1, transfer=3, range=2
09-01 13:51:49.740220   894  4286 D StagefrightMetadataRetriever: ~StagefrightMetadataRetriever()
09-01 13:51:49.741788   894  4286 D StagefrightMetadataRetriever: StagefrightMetadataRetriever()
09-01 13:51:49.741954   894  4286 D StagefrightMetadataRetriever: setDataSource(8, 0, 10716974)
09-01 13:51:49.742698   827   827 D DrmManagerService(Native): Entering DrmManagerService::openDecryptSession 1
09-01 13:51:49.742879   827   827 D drmserver: readBytes[8] FileHeader[]
09-01 13:51:49.752396   888  1603 E libasf-parse: asf_parse_header: error object size 3617640015975117673 (< 30 or >= file_size 10716974)
09-01 13:51:49.763256  4304  4304 D CompatibilityChangeReporter: Compat change id reported: 171979766; UID 10126; state: ENABLED
09-01 13:51:49.766969   894  2132 D StagefrightMetadataRetriever: found color aspects : standard=1, transfer=3, range=2
09-01 13:51:49.773976  1274  1284 I system_server: Background young concurrent copying GC freed 126786(5343KB) AllocSpace objects, 5(260KB) LOS objects, 17% free, 24MB/29MB, paused 301us,183us total 148.727ms
09-01 13:51:49.778193   894  4286 D StagefrightMetadataRetriever: ~StagefrightMetadataRetriever()
09-01 13:51:49.781843  1567  1567 D NotificationListener: onNotificationPosted: StatusBarNotification(pkg=com.debug.loggerui user=UserHandle{0} id=365001 tag=null key=0|com.debug.loggerui|365001|null|10082: Notification(channel=com.debug.loggerui.notification shortcut=null contentView=null vibrate=null sound=null defaults=0x0 flags=0x6a color=0x00000000 vis=PRIVATE))
09-01 13:51:49.796736  1567  1567 D NotificationEntryMgr: addNotification key=0|com.debug.loggerui|365001|null|10082
09-01 13:51:49.796891  2930  2962 I android.vendin: oneway function results for code 2 on binder at 0xb4000071c300b990 will be dropped but finished with status UNKNOWN_TRANSACTION
09-01 13:51:49.816840  1274  1497 D AudioPlaybackConfiguration: new: piid=159 iplayer=android.media.IPlayer$Stub$Proxy@3415a7e sessionId=0
09-01 13:51:49.836533  1567  1567 D InterruptionStateProvider: No bubble up: not allowed to bubble: 0|com.debug.loggerui|365001|null|10082
09-01 13:51:49.836827  1567  1567 D NotifGroupAlertTransfer: !! onPendingEntryAdded: entry=com.android.systemui.statusbar.notification.collection.NotificationEntry@4dcdb12
09-01 13:51:49.838378  1274  1274 D AudioManager: dispatching onPlaybackConfigChanged()
09-01 13:51:49.839635  1274  1314 D AudioManager: dispatching onPlaybackConfigChanged()
09-01 13:51:49.839867  2400  2400 D AudioManager: dispatching onPlaybackConfigChanged()
09-01 13:51:49.839963  2051  2051 D AudioManager: dispatching onPlaybackConfigChanged()
09-01 13:51:49.842738  1567  1567 D InterruptionStateProvider: No heads up: not in use: 0|com.debug.loggerui|365001|null|10082
09-01 13:51:49.843443  1567  1655 D PeopleSpaceWidgetMgr: Sbn doesn't contain valid PeopleTileKey: null/0/com.debug.loggerui
09-01 13:51:49.847583  3150  3150 I Finsky:background: [2] mjz.onDestroy(8): IPC-SERVER: Stopping gRPC host service...
09-01 13:51:49.851570  3150  3150 I Finsky:background: [2] oet.onTrimMemory(1): Memory trim requested to level 40
09-01 13:51:49.866434  1274  1351 D AlarmManagerService: inside native alarm timerfd set Alarm Type = 2
09-01 13:51:49.923631  1567  4331 D Ringtone: isRingtoneExist true.
09-01 13:51:49.954853   894  3006 D NuPlayerDriver: NuPlayerDriver(0xf0e80790) created, clientPid(1567)
09-01 13:51:49.975181  1567  1567 D NotificationEntryMgr: onAsyncInflationFinished, key = 0|com.debug.loggerui|365001|null|10082, isNew = true
09-01 13:51:49.978802  1567  1567 D StatusBar: sChangedWallpaperPath----------->/system/media/keyguard-wallpapers/keyguardwallpaper04.jpg
09-01 13:51:49.985721  4304  4304 V GraphicsEnvironment: ANGLE Developer option for 'com.google.android.apps.subscriptions.red' set to: 'default'
09-01 13:51:49.985921  4304  4304 V GraphicsEnvironment: Neither updatable production driver nor prerelease driver is supported.
09-01 13:51:49.989013  4304  4304 D NetworkSecurityConfig: No Network Security Config specified, using platform default
09-01 13:51:49.989856  4304  4304 D NetworkSecurityConfig: No Network Security Config specified, using platform default
09-01 13:51:50.045900  1567  1567 D StatusBar: hideBlurBackground()
09-01 13:51:50.104096  4304  4340 W bscriptions.re: Accessing hidden field Ljava/util/Collections$SynchronizedCollection;->mutex:Ljava/lang/Object; (max-target-o, reflection, denied)
09-01 13:51:50.105332  4304  4340 W bscriptions.re: Accessing hidden method Ljava/util/Collections$SynchronizedSet;-><init>(Ljava/util/Set;Ljava/lang/Object;)V (max-target-o, reflection, denied)
09-01 13:51:50.106054  4304  4340 W bscriptions.re: Accessing hidden method Ljava/util/Collections$SynchronizedCollection;-><init>(Ljava/util/Collection;Ljava/lang/Object;)V (max-target-o, reflection, denied)
09-01 13:51:50.107612   827   827 D DrmManagerService(Native): Entering DrmManagerService::openDecryptSession 1
09-01 13:51:50.108885   827   827 D drmserver: readBytes[8] FileHeader[ID3]
09-01 13:51:50.109942   894  4341 D GenericSource: FileSource remote
09-01 13:51:50.117832   888  1603 E libasf-parse: asf_parse_header: error object size 8316255152730277888 (< 30 or >= file_size 19884)
09-01 13:51:50.119666   888  1603 D MtkMP3SourceExt: For Seek Talbe :ERROR_END_OF_STREAM
09-01 13:51:50.120698   894  4341 D Utils_MTK: getProcessNameByPid [/proc/1567/cmdline]->[com.android.systemui]
09-01 13:51:50.135621  3646  3717 W Bugle   : TextClassifierLibManagerImpl: Reclaiming memory at level: 40
09-01 13:51:50.157585  1274  1497 I MediaFocusControl: requestAudioFocus() from uid/pid 10148/1567 AA=USAGE_NOTIFICATION/CONTENT_TYPE_SONIFICATION clientId=android.media.AudioManager@4a48930 callingPack=com.android.systemui req=3 flags=0x0 sdk=31
09-01 13:51:50.158901  1274  1497 I AudioService.FadeOutManager: unfadeOutUid() uid:10148
09-01 13:51:50.204679  2051  2051 D BoundBrokerSvc: onUnbind: Intent { act=com.google.android.contextmanager.service.ContextManagerService.START pkg=com.google.android.gms }
09-01 13:51:50.206373   666   666 E IMGMemtrackHAL: DbgFsParseFile: fopen of /d/pvr/driver_stats failed (Permission denied)
09-01 13:51:50.204000   666   666 W memtrack@1.0-se: type=1400 audit(0.0:236): avc: denied { read } for name="driver_stats" dev="debugfs" ino=14235 scontext=u:r:hal_memtrack_default:s0 tcontext=u:object_r:debugfs:s0 tclass=file permissive=0
09-01 13:51:50.388515  2051  2156 E bchj    : Phenotype API error. Event # cyuq@da572dc1, EventCode: 5 [CONTEXT service_id=51 ]
09-01 13:51:50.388515  2051  2156 E bchj    : bcgl: 29501: Stale snapshot for com.google.android.apps.subscriptions.red.device#com.google.android.apps.subscriptions.red(change count changed - expected 28  but was 27)
09-01 13:51:50.388515  2051  2156 E bchj    : 	at bcho.b(:com.google.android.gms@222615044@22.26.15 (190400-461192076):14)
09-01 13:51:50.388515  2051  2156 E bchj    : 	at bchm.g(:com.google.android.gms@222615044@22.26.15 (190400-461192076):0)
09-01 13:51:50.388515  2051  2156 E bchj    : 	at bchj.e(:com.google.android.gms@222615044@22.26.15 (190400-461192076):4)
09-01 13:51:50.388515  2051  2156 E bchj    : 	at bchj.f(:com.google.android.gms@222615044@22.26.15 (190400-461192076):2)
09-01 13:51:50.388515  2051  2156 E bchj    : 	at antj.en(:com.google.android.gms@222615044@22.26.15 (190400-461192076):1)
09-01 13:51:50.388515  2051  2156 E bchj    : 	at ahjx.run(:com.google.android.gms@222615044@22.26.15 (190400-461192076):12)
09-01 13:51:50.388515  2051  2156 E bchj    : 	at cfvf.run(:com.google.android.gms@222615044@22.26.15 (190400-461192076):2)
09-01 13:51:50.388515  2051  2156 E bchj    : 	at xot.c(:com.google.android.gms@222615044@22.26.15 (190400-461192076):6)
09-01 13:51:50.388515  2051  2156 E bchj    : 	at xot.run(:com.google.android.gms@222615044@22.26.15 (190400-461192076):7)
09-01 13:51:50.388515  2051  2156 E bchj    : 	at java.util.concurrent.ThreadPoolExecutor.runWorker(ThreadPoolExecutor.java:1167)
09-01 13:51:50.388515  2051  2156 E bchj    : 	at java.util.concurrent.ThreadPoolExecutor$Worker.run(ThreadPoolExecutor.java:641)
09-01 13:51:50.388515  2051  2156 E bchj    : 	at xty.run(:com.google.android.gms@222615044@22.26.15 (190400-461192076):0)
09-01 13:51:50.388515  2051  2156 E bchj    : 	at java.lang.Thread.run(Thread.java:920)
09-01 13:51:50.389713  2051  2156 W AsyncOperation: operation=CommitToConfigurationOperationCall, opStatusCode=29501 [CONTEXT service_id=51 ]
09-01 13:51:50.389713  2051  2156 W AsyncOperation: OperationException[Status{statusCode=Stale snapshot for com.google.android.apps.subscriptions.red.device#com.google.android.apps.subscriptions.red(change count changed - expected 28  but was 27), resolution=null}]
09-01 13:51:50.389713  2051  2156 W AsyncOperation: 	at bchj.e(:com.google.android.gms@222615044@22.26.15 (190400-461192076):6)
09-01 13:51:50.389713  2051  2156 W AsyncOperation: 	at bchj.f(:com.google.android.gms@222615044@22.26.15 (190400-461192076):2)
09-01 13:51:50.389713  2051  2156 W AsyncOperation: 	at antj.en(:com.google.android.gms@222615044@22.26.15 (190400-461192076):1)
09-01 13:51:50.389713  2051  2156 W AsyncOperation: 	at ahjx.run(:com.google.android.gms@222615044@22.26.15 (190400-461192076):12)
09-01 13:51:50.389713  2051  2156 W AsyncOperation: 	at cfvf.run(:com.google.android.gms@222615044@22.26.15 (190400-461192076):2)
09-01 13:51:50.389713  2051  2156 W AsyncOperation: 	at xot.c(:com.google.android.gms@222615044@22.26.15 (190400-461192076):6)
09-01 13:51:50.389713  2051  2156 W AsyncOperation: 	at xot.run(:com.google.android.gms@222615044@22.26.15 (190400-461192076):7)
09-01 13:51:50.389713  2051  2156 W AsyncOperation: 	at java.util.concurrent.ThreadPoolExecutor.runWorker(ThreadPoolExecutor.java:1167)
09-01 13:51:50.389713  2051  2156 W AsyncOperation: 	at java.util.concurrent.ThreadPoolExecutor$Worker.run(ThreadPoolExecutor.java:641)
09-01 13:51:50.389713  2051  2156 W AsyncOperation: 	at xty.run(:com.google.android.gms@222615044@22.26.15 (190400-461192076):0)
09-01 13:51:50.389713  2051  2156 W AsyncOperation: 	at java.lang.Thread.run(Thread.java:920)
09-01 13:51:50.660544  1567  4331 D MediaPlayer: MediaPlayer start called
09-01 13:51:50.661035  1567  4331 V PlayerBase: baseStart() piid=159 deviceId=0
09-01 13:51:50.662011  1274  1274 D AudioManager: dispatching onPlaybackConfigChanged()
09-01 13:51:50.663459  1274  1314 D AudioManager: dispatching onPlaybackConfigChanged()
09-01 13:51:50.663865  2051  2051 D AudioManager: dispatching onPlaybackConfigChanged()
09-01 13:51:50.664165  2400  2400 D AudioManager: dispatching onPlaybackConfigChanged()
09-01 13:51:50.666933  1567  1567 D MediaRouter: onRestoreRoute() : route=RouteInfo{ name=Phone, description=null, status=null, category=RouteCategory{ name=System types=ROUTE_TYPE_LIVE_AUDIO ROUTE_TYPE_LIVE_VIDEO  groupable=false }, supportedTypes=ROUTE_TYPE_LIVE_AUDIO ROUTE_TYPE_LIVE_VIDEO , presentationDisplay=null }
09-01 13:51:50.667104  1567  1567 V MediaRouter: Selecting route: RouteInfo{ name=Phone, description=null, status=null, category=RouteCategory{ name=System types=ROUTE_TYPE_LIVE_AUDIO ROUTE_TYPE_LIVE_VIDEO  groupable=false }, supportedTypes=ROUTE_TYPE_LIVE_AUDIO ROUTE_TYPE_LIVE_VIDEO , presentationDisplay=null }
09-01 13:51:50.667175  1567  4331 D MediaPlayer: MediaPlayer start end
09-01 13:51:50.667187   894  4337 I GenericSource: start
09-01 13:51:50.669351  2051  2156 I NearbyDiscovery: FastPair: AudioEventListener check active usage=5, package=android.uid.systemui:10148 [CONTEXT service_id=49 ]
09-01 13:51:50.675629   894  4353 D MediaCodecList: DLEAK findCodecByType numCodecInfos=60 startIndex=0 isAdvanced=0
09-01 13:51:50.676045   894  4353 D MediaCodecList: DLEAK matchIndex=0
09-01 13:51:50.676202   894  4353 D MediaCodecList: DLEAK matching 'c2.mtk.mp3.decoder'
09-01 13:51:50.676328   894  4353 D MediaCodecList: DLEAK findCodecByType numCodecInfos=60 startIndex=1 isAdvanced=0
09-01 13:51:50.676390   894  4353 D MediaCodecList: DLEAK matchIndex=1
09-01 13:51:50.676456   894  4353 D MediaCodecList: DLEAK matching 'OMX.MTK.AUDIO.DECODER.MP3'
09-01 13:51:50.676557   894  4353 D MediaCodecList: DLEAK findCodecByType numCodecInfos=60 startIndex=16 isAdvanced=0
09-01 13:51:50.676606   894  4353 D MediaCodecList: DLEAK matchIndex=16
09-01 13:51:50.677135   894  4353 D MediaCodecList: DLEAK matching 'c2.android.mp3.decoder'
09-01 13:51:50.677540   894  4353 D MediaCodecList: DLEAK findCodecByType numCodecInfos=60 startIndex=27 isAdvanced=0
09-01 13:51:50.677666   894  4353 D MediaCodecList: DLEAK matchIndex=27
09-01 13:51:50.677756   894  4353 D MediaCodecList: DLEAK matching 'OMX.google.mp3.decoder'
09-01 13:51:50.677904   894  4353 D MediaCodecList: DLEAK matchIndex=4294967294
09-01 13:51:50.690343  2051  2156 I NearbyDiscovery: FastPair: AudioEventListener find active playback with other usage 5 [CONTEXT service_id=49 ]
09-01 13:51:50.691688   695   950 V AudioPolicyService: registerClient() client 0xb400006fd7927e50, uid 10117 pid 2400
09-01 13:51:50.694629   894  4354 D CCodec  : allocate(c2.mtk.mp3.decoder)
09-01 13:51:50.696785  4304  4348 D CompatibilityChangeReporter: Compat change id reported: 160794467; UID 10126; state: ENABLED
09-01 13:51:50.700710   894  4354 I CCodec  : setting up 'default' as default (vendor) store
09-01 13:51:50.716041   665  1450 D C2MtkComponentStore: trytofind: name=c2.mtk.mp3.decoder
09-01 13:51:50.716192   665  1450 D C2MtkComponentStore: find: name=c2.mtk.mp3.decoder, key=c2.mtk.mp3.decoder
09-01 13:51:50.751901   666   666 E IMGMemtrackHAL: DbgFsParseFile: fopen of /d/pvr/driver_stats failed (Permission denied)
09-01 13:51:50.748000   666   666 W memtrack@1.0-se: type=1400 audit(0.0:237): avc: denied { read } for name="driver_stats" dev="debugfs" ino=14235 scontext=u:r:hal_memtrack_default:s0 tcontext=u:object_r:debugfs:s0 tclass=file permissive=0
09-01 13:51:50.773634  1274  1351 D AlarmManagerService: inside native alarm timerfd set Alarm Type = 2
09-01 13:51:50.786989   665  1450 D C2SoftMtkMp3Dec: C2SoftMtkMp3Dec::C2SoftMtkMp3Dec this= 0xe6881b40
