09-01 13:51:44.523891  3985  4082 W fkh     : 	at oet.c(PG:2)
09-01 13:51:44.523891  3985  4082 W fkh     : 	at oew$b.g(PG:1)
09-01 13:51:44.523891  3985  4082 W fkh     : 	at oew.run(PG:12)
09-01 13:51:44.523891  3985  4082 W fkh     : 	at ofh.execute(PG:1)
09-01 13:51:44.523891  3985  4082 W fkh     : 	at oet.n(PG:1)
09-01 13:51:44.523891  3985  4082 W fkh     : 	at oet.j(PG:12)
09-01 13:51:44.523891  3985  4082 W fkh     : 	at oet.dT(PG:5)
09-01 13:51:44.523891  3985  4082 W fkh     : 	at oew$a.g(PG:2)
09-01 13:51:44.523891  3985  4082 W fkh     : 	at oew.run(PG:12)
09-01 13:51:44.523891  3985  4082 W fkh     : 	at ofh.execute(PG:1)
09-01 13:51:44.523891  3985  4082 W fkh     : 	at oet.n(PG:1)
09-01 13:51:44.523891  3985  4082 W fkh     : 	at oet.j(PG:12)
09-01 13:51:44.523891  3985  4082 W fkh     : 	at oet.c(PG:2)
09-01 13:51:44.523891  3985  4082 W fkh     : 	at oes.run(PG:12)
09-01 13:51:44.523891  3985  4082 W fkh     : 	at ofh.execute(PG:1)
09-01 13:51:44.523891  3985  4082 W fkh     : 	at oet.n(PG:1)
09-01 13:51:44.523891  3985  4082 W fkh     : 	at oet.j(PG:12)
09-01 13:51:44.523891  3985  4082 W fkh     : 	at oet.c(PG:2)
09-01 13:51:44.523891  3985  4082 W fkh     : 	at oew$b.g(PG:1)
09-01 13:51:44.523891  3985  4082 W fkh     : 	at oew.run(PG:12)
09-01 13:51:44.523891  3985  4082 W fkh     : 	at ofh.execute(PG:1)
09-01 13:51:44.523891  3985  4082 W fkh     : 	at oet.n(PG:1)
09-01 13:51:44.523891  3985  4082 W fkh     : 	at oet.j(PG:12)
09-01 13:51:44.523891  3985  4082 W fkh     : 	at oet.c(PG:2)
09-01 13:51:44.523891  3985  4082 W fkh     : 	at kml.c(PG:1)
09-01 13:51:44.523891  3985  4082 W fkh     : 	at ktw.a(PG:9)
09-01 13:51:44.523891  3985  4082 W fkh     : 	at ism.run(PG:42)
09-01 13:51:44.523891  3985  4082 W fkh     : 	at ofh.execute(PG:1)
09-01 13:51:44.523891  3985  4082 W fkh     : 	at jjt.a(PG:7)
09-01 13:51:44.523891  3985  4082 W fkh     : 	at pth.b(PG:5)
09-01 13:51:44.523891  3985  4082 W fkh     : 	at jkd.h(PG:3)
09-01 13:51:44.523891  3985  4082 W fkh     : 	at jec.a(PG:1)
09-01 13:51:44.523891  3985  4082 W fkh     : 	at jdo.dispatchTransaction(PG:4)
09-01 13:51:44.523891  3985  4082 W fkh     : 	at drl.onTransact(PG:2)
09-01 13:51:44.523891  3985  4082 W fkh     : 	at android.os.Binder.execTransactInternal(Binder.java:1184)
09-01 13:51:44.523891  3985  4082 W fkh     : 	at android.os.Binder.execTransact(Binder.java:1143)
09-01 13:51:44.526577  3985  4082 W fkh     : Error changing state for com.google.android.apps.docs.editors.ritz.conversion.RitzOnlineImportActivity
09-01 13:51:44.526577  3985  4082 W fkh     : java.lang.IllegalArgumentException: Component class com.google.android.apps.docs.editors.ritz.conversion.RitzOnlineImportActivity does not exist in com.google.android.apps.docs
09-01 13:51:44.526577  3985  4082 W fkh     : 	at android.os.Parcel.createExceptionOrNull(Parcel.java:2459)
09-01 13:51:44.526577  3985  4082 W fkh     : 	at android.os.Parcel.createException(Parcel.java:2439)
09-01 13:51:44.526577  3985  4082 W fkh     : 	at android.os.Parcel.readException(Parcel.java:2422)
09-01 13:51:44.526577  3985  4082 W fkh     : 	at android.os.Parcel.readException(Parcel.java:2364)
09-01 13:51:44.526577  3985  4082 W fkh     : 	at android.content.pm.IPackageManager$Stub$Proxy.setComponentEnabledSetting(IPackageManager.java:7173)
09-01 13:51:44.526577  3985  4082 W fkh     : 	at android.app.ApplicationPackageManager.setComponentEnabledSetting(ApplicationPackageManager.java:2871)
09-01 13:51:44.526577  3985  4082 W fkh     : 	at fkh.a(PG:4)
09-01 13:51:44.526577  3985  4082 W fkh     : 	at jjo.d(PG:6)
09-01 13:51:44.526577  3985  4082 W fkh     : 	at ism.run(PG:35)
09-01 13:51:44.526577  3985  4082 W fkh     : 	at ofh.execute(PG:1)
09-01 13:51:44.526577  3985  4082 W fkh     : 	at jjt.a(PG:11)
09-01 13:51:44.526577  3985  4082 W fkh     : 	at pth.b(PG:5)
09-01 13:51:44.526577  3985  4082 W fkh     : 	at jkd.h(PG:3)
09-01 13:51:44.526577  3985  4082 W fkh     : 	at jdr.d(PG:1)
09-01 13:51:44.526577  3985  4082 W fkh     : 	at ism.run(PG:35)
09-01 13:51:44.526577  3985  4082 W fkh     : 	at ofh.execute(PG:1)
09-01 13:51:44.526577  3985  4082 W fkh     : 	at jjt.a(PG:11)
09-01 13:51:44.526577  3985  4082 W fkh     : 	at pth.b(PG:5)
09-01 13:51:44.526577  3985  4082 W fkh     : 	at kmj.b(PG:2)
09-01 13:51:44.526577  3985  4082 W fkh     : 	at ofw.run(PG:6)
09-01 13:51:44.526577  3985  4082 W fkh     : 	at ofh.execute(PG:1)
09-01 13:51:44.526577  3985  4082 W fkh     : 	at oet.n(PG:1)
09-01 13:51:44.526577  3985  4082 W fkh     : 	at oet.j(PG:12)
09-01 13:51:44.526577  3985  4082 W fkh     : 	at oet.c(PG:2)
09-01 13:51:44.526577  3985  4082 W fkh     : 	at oew$b.g(PG:1)
09-01 13:51:44.526577  3985  4082 W fkh     : 	at oew.run(PG:12)
09-01 13:51:44.526577  3985  4082 W fkh     : 	at ofh.execute(PG:1)
09-01 13:51:44.526577  3985  4082 W fkh     : 	at oet.n(PG:1)
09-01 13:51:44.526577  3985  4082 W fkh     : 	at oet.j(PG:12)
09-01 13:51:44.526577  3985  4082 W fkh     : 	at oet.dT(PG:5)
09-01 13:51:44.526577  3985  4082 W fkh     : 	at oew$a.g(PG:2)
09-01 13:51:44.526577  3985  4082 W fkh     : 	at oew.run(PG:12)
09-01 13:51:44.526577  3985  4082 W fkh     : 	at ofh.execute(PG:1)
09-01 13:51:44.526577  3985  4082 W fkh     : 	at oet.n(PG:1)
09-01 13:51:44.526577  3985  4082 W fkh     : 	at oet.j(PG:12)
09-01 13:51:44.526577  3985  4082 W fkh     : 	at oet.c(PG:2)
09-01 13:51:44.526577  3985  4082 W fkh     : 	at oes.run(PG:12)
09-01 13:51:44.526577  3985  4082 W fkh     : 	at ofh.execute(PG:1)
09-01 13:51:44.526577  3985  4082 W fkh     : 	at oet.n(PG:1)
09-01 13:51:44.526577  3985  4082 W fkh     : 	at oet.j(PG:12)
09-01 13:51:44.526577  3985  4082 W fkh     : 	at oet.c(PG:2)
09-01 13:51:44.526577  3985  4082 W fkh     : 	at oew$b.g(PG:1)
09-01 13:51:44.526577  3985  4082 W fkh     : 	at oew.run(PG:12)
09-01 13:51:44.526577  3985  4082 W fkh     : 	at ofh.execute(PG:1)
09-01 13:51:44.526577  3985  4082 W fkh     : 	at oet.n(PG:1)
09-01 13:51:44.526577  3985  4082 W fkh     : 	at oet.j(PG:12)
09-01 13:51:44.526577  3985  4082 W fkh     : 	at oet.c(PG:2)
09-01 13:51:44.526577  3985  4082 W fkh     : 	at kml.c(PG:1)
09-01 13:51:44.526577  3985  4082 W fkh     : 	at ktw.a(PG:9)
09-01 13:51:44.526577  3985  4082 W fkh     : 	at ism.run(PG:42)
09-01 13:51:44.526577  3985  4082 W fkh     : 	at ofh.execute(PG:1)
09-01 13:51:44.526577  3985  4082 W fkh     : 	at jjt.a(PG:7)
09-01 13:51:44.526577  3985  4082 W fkh     : 	at pth.b(PG:5)
09-01 13:51:44.526577  3985  4082 W fkh     : 	at jkd.h(PG:3)
09-01 13:51:44.526577  3985  4082 W fkh     : 	at jec.a(PG:1)
09-01 13:51:44.526577  3985  4082 W fkh     : 	at jdo.dispatchTransaction(PG:4)
09-01 13:51:44.526577  3985  4082 W fkh     : 	at drl.onTransact(PG:2)
09-01 13:51:44.526577  3985  4082 W fkh     : 	at android.os.Binder.execTransactInternal(Binder.java:1184)
09-01 13:51:44.526577  3985  4082 W fkh     : 	at android.os.Binder.execTransact(Binder.java:1143)
09-01 13:51:44.527971  3985  4082 W fkh     : Error changing state for com.google.android.apps.docs.editors.ritz.conversion.RitzOnlineImportActivity
09-01 13:51:44.527971  3985  4082 W fkh     : java.lang.IllegalArgumentException: Component class com.google.android.apps.docs.editors.ritz.conversion.RitzOnlineImportActivity does not exist in com.google.android.apps.docs
09-01 13:51:44.527971  3985  4082 W fkh     : 	at android.os.Parcel.createExceptionOrNull(Parcel.java:2459)
09-01 13:51:44.527971  3985  4082 W fkh     : 	at android.os.Parcel.createException(Parcel.java:2439)
09-01 13:51:44.527971  3985  4082 W fkh     : 	at android.os.Parcel.readException(Parcel.java:2422)
09-01 13:51:44.527971  3985  4082 W fkh     : 	at android.os.Parcel.readException(Parcel.java:2364)
09-01 13:51:44.527971  3985  4082 W fkh     : 	at android.content.pm.IPackageManager$Stub$Proxy.setComponentEnabledSetting(IPackageManager.java:7173)
09-01 13:51:44.527971  3985  4082 W fkh     : 	at android.app.ApplicationPackageManager.setComponentEnabledSetting(ApplicationPackageManager.java:2871)
09-01 13:51:44.527971  3985  4082 W fkh     : 	at fkh.a(PG:4)
09-01 13:51:44.527971  3985  4082 W fkh     : 	at jjo.d(PG:6)
09-01 13:51:44.527971  3985  4082 W fkh     : 	at ism.run(PG:35)
09-01 13:51:44.527971  3985  4082 W fkh     : 	at ofh.execute(PG:1)
09-01 13:51:44.527971  3985  4082 W fkh     : 	at jjt.a(PG:11)
09-01 13:51:44.527971  3985  4082 W fkh     : 	at pth.b(PG:5)
09-01 13:51:44.527971  3985  4082 W fkh     : 	at jkd.h(PG:3)
09-01 13:51:44.527971  3985  4082 W fkh     : 	at jdr.d(PG:1)
09-01 13:51:44.527971  3985  4082 W fkh     : 	at ism.run(PG:35)
09-01 13:51:44.527971  3985  4082 W fkh     : 	at ofh.execute(PG:1)
09-01 13:51:44.527971  3985  4082 W fkh     : 	at jjt.a(PG:11)
09-01 13:51:44.527971  3985  4082 W fkh     : 	at pth.b(PG:5)
09-01 13:51:44.527971  3985  4082 W fkh     : 	at kmj.b(PG:2)
09-01 13:51:44.527971  3985  4082 W fkh     : 	at ofw.run(PG:6)
09-01 13:51:44.527971  3985  4082 W fkh     : 	at ofh.execute(PG:1)
09-01 13:51:44.527971  3985  4082 W fkh     : 	at oet.n(PG:1)
09-01 13:51:44.527971  3985  4082 W fkh     : 	at oet.j(PG:12)
09-01 13:51:44.527971  3985  4082 W fkh     : 	at oet.c(PG:2)
09-01 13:51:44.527971  3985  4082 W fkh     : 	at oew$b.g(PG:1)
09-01 13:51:44.527971  3985  4082 W fkh     : 	at oew.run(PG:12)
09-01 13:51:44.527971  3985  4082 W fkh     : 	at ofh.execute(PG:1)
09-01 13:51:44.527971  3985  4082 W fkh     : 	at oet.n(PG:1)
09-01 13:51:44.527971  3985  4082 W fkh     : 	at oet.j(PG:12)
09-01 13:51:44.527971  3985  4082 W fkh     : 	at oet.dT(PG:5)
09-01 13:51:44.527971  3985  4082 W fkh     : 	at oew$a.g(PG:2)
09-01 13:51:44.527971  3985  4082 W fkh     : 	at oew.run(PG:12)
09-01 13:51:44.527971  3985  4082 W fkh     : 	at ofh.execute(PG:1)
09-01 13:51:44.527971  3985  4082 W fkh     : 	at oet.n(PG:1)
09-01 13:51:44.527971  3985  4082 W fkh     : 	at oet.j(PG:12)
09-01 13:51:44.527971  3985  4082 W fkh     : 	at oet.c(PG:2)
09-01 13:51:44.527971  3985  4082 W fkh     : 	at oes.run(PG:12)
09-01 13:51:44.527971  3985  4082 W fkh     : 	at ofh.execute(PG:1)
09-01 13:51:44.527971  3985  4082 W fkh     : 	at oet.n(PG:1)
09-01 13:51:44.527971  3985  4082 W fkh     : 	at oet.j(PG:12)
09-01 13:51:44.527971  3985  4082 W fkh     : 	at oet.c(PG:2)
09-01 13:51:44.527971  3985  4082 W fkh     : 	at oew$b.g(PG:1)
09-01 13:51:44.527971  3985  4082 W fkh     : 	at oew.run(PG:12)
09-01 13:51:44.527971  3985  4082 W fkh     : 	at ofh.execute(PG:1)
09-01 13:51:44.527971  3985  4082 W fkh     : 	at oet.n(PG:1)
09-01 13:51:44.527971  3985  4082 W fkh     : 	at oet.j(PG:12)
09-01 13:51:44.527971  3985  4082 W fkh     : 	at oet.c(PG:2)
09-01 13:51:44.527971  3985  4082 W fkh     : 	at kml.c(PG:1)
09-01 13:51:44.527971  3985  4082 W fkh     : 	at ktw.a(PG:9)
09-01 13:51:44.527971  3985  4082 W fkh     : 	at ism.run(PG:42)
09-01 13:51:44.527971  3985  4082 W fkh     : 	at ofh.execute(PG:1)
09-01 13:51:44.527971  3985  4082 W fkh     : 	at jjt.a(PG:7)
09-01 13:51:44.527971  3985  4082 W fkh     : 	at pth.b(PG:5)
09-01 13:51:44.527971  3985  4082 W fkh     : 	at jkd.h(PG:3)
09-01 13:51:44.527971  3985  4082 W fkh     : 	at jec.a(PG:1)
09-01 13:51:44.527971  3985  4082 W fkh     : 	at jdo.dispatchTransaction(PG:4)
09-01 13:51:44.527971  3985  4082 W fkh     : 	at drl.onTransact(PG:2)
09-01 13:51:44.527971  3985  4082 W fkh     : 	at android.os.Binder.execTransactInternal(Binder.java:1184)
09-01 13:51:44.527971  3985  4082 W fkh     : 	at android.os.Binder.execTransact(Binder.java:1143)
09-01 13:51:44.529564  3868  3868 I CarrierServices: [2] ecl.onBind: JibeService: onBind in state STARTED, intent action = com.google.android.ims.rcsservice.ims.IImsConnectionTracker
09-01 13:51:44.530643  3985  4082 W fkh     : Error changing state for com.google.android.apps.docs.editors.punch.conversion.PunchOnlineImportActivity
09-01 13:51:44.530643  3985  4082 W fkh     : java.lang.IllegalArgumentException: Component class com.google.android.apps.docs.editors.punch.conversion.PunchOnlineImportActivity does not exist in com.google.android.apps.docs
09-01 13:51:44.530643  3985  4082 W fkh     : 	at android.os.Parcel.createExceptionOrNull(Parcel.java:2459)
09-01 13:51:44.530643  3985  4082 W fkh     : 	at android.os.Parcel.createException(Parcel.java:2439)
09-01 13:51:44.530643  3985  4082 W fkh     : 	at android.os.Parcel.readException(Parcel.java:2422)
09-01 13:51:44.530643  3985  4082 W fkh     : 	at android.os.Parcel.readException(Parcel.java:2364)
09-01 13:51:44.530643  3985  4082 W fkh     : 	at android.content.pm.IPackageManager$Stub$Proxy.setComponentEnabledSetting(IPackageManager.java:7173)
09-01 13:51:44.530643  3985  4082 W fkh     : 	at android.app.ApplicationPackageManager.setComponentEnabledSetting(ApplicationPackageManager.java:2871)
09-01 13:51:44.530643  3985  4082 W fkh     : 	at fkh.a(PG:4)
09-01 13:51:44.530643  3985  4082 W fkh     : 	at jjo.d(PG:6)
09-01 13:51:44.530643  3985  4082 W fkh     : 	at ism.run(PG:35)
09-01 13:51:44.530643  3985  4082 W fkh     : 	at ofh.execute(PG:1)
09-01 13:51:44.530643  3985  4082 W fkh     : 	at jjt.a(PG:11)
09-01 13:51:44.530643  3985  4082 W fkh     : 	at pth.b(PG:5)
09-01 13:51:44.530643  3985  4082 W fkh     : 	at jkd.h(PG:3)
09-01 13:51:44.530643  3985  4082 W fkh     : 	at jdr.d(PG:1)
09-01 13:51:44.530643  3985  4082 W fkh     : 	at ism.run(PG:35)
09-01 13:51:44.530643  3985  4082 W fkh     : 	at ofh.execute(PG:1)
09-01 13:51:44.530643  3985  4082 W fkh     : 	at jjt.a(PG:11)
09-01 13:51:44.530643  3985  4082 W fkh     : 	at pth.b(PG:5)
09-01 13:51:44.530643  3985  4082 W fkh     : 	at kmj.b(PG:2)
09-01 13:51:44.530643  3985  4082 W fkh     : 	at ofw.run(PG:6)
09-01 13:51:44.530643  3985  4082 W fkh     : 	at ofh.execute(PG:1)
09-01 13:51:44.530643  3985  4082 W fkh     : 	at oet.n(PG:1)
09-01 13:51:44.530643  3985  4082 W fkh     : 	at oet.j(PG:12)
09-01 13:51:44.530643  3985  4082 W fkh     : 	at oet.c(PG:2)
09-01 13:51:44.530643  3985  4082 W fkh     : 	at oew$b.g(PG:1)
09-01 13:51:44.530643  3985  4082 W fkh     : 	at oew.run(PG:12)
09-01 13:51:44.530643  3985  4082 W fkh     : 	at ofh.execute(PG:1)
09-01 13:51:44.530643  3985  4082 W fkh     : 	at oet.n(PG:1)
09-01 13:51:44.530643  3985  4082 W fkh     : 	at oet.j(PG:12)
09-01 13:51:44.530643  3985  4082 W fkh     : 	at oet.dT(PG:5)
09-01 13:51:44.530643  3985  4082 W fkh     : 	at oew$a.g(PG:2)
09-01 13:51:44.530643  3985  4082 W fkh     : 	at oew.run(PG:12)
09-01 13:51:44.530643  3985  4082 W fkh     : 	at ofh.execute(PG:1)
09-01 13:51:44.530643  3985  4082 W fkh     : 	at oet.n(PG:1)
09-01 13:51:44.530643  3985  4082 W fkh     : 	at oet.j(PG:12)
09-01 13:51:44.530643  3985  4082 W fkh     : 	at oet.c(PG:2)
09-01 13:51:44.530643  3985  4082 W fkh     : 	at oes.run(PG:12)
09-01 13:51:44.530643  3985  4082 W fkh     : 	at ofh.execute(PG:1)
09-01 13:51:44.530643  3985  4082 W fkh     : 	at oet.n(PG:1)
09-01 13:51:44.530643  3985  4082 W fkh     : 	at oet.j(PG:12)
09-01 13:51:44.530643  3985  4082 W fkh     : 	at oet.c(PG:2)
09-01 13:51:44.530643  3985  4082 W fkh     : 	at oew$b.g(PG:1)
09-01 13:51:44.530643  3985  4082 W fkh     : 	at oew.run(PG:12)
09-01 13:51:44.530643  3985  4082 W fkh     : 	at ofh.execute(PG:1)
09-01 13:51:44.530643  3985  4082 W fkh     : 	at oet.n(PG:1)
09-01 13:51:44.530643  3985  4082 W fkh     : 	at oet.j(PG:12)
09-01 13:51:44.530643  3985  4082 W fkh     : 	at oet.c(PG:2)
09-01 13:51:44.530643  3985  4082 W fkh     : 	at kml.c(PG:1)
09-01 13:51:44.530643  3985  4082 W fkh     : 	at ktw.a(PG:9)
09-01 13:51:44.530643  3985  4082 W fkh     : 	at ism.run(PG:42)
09-01 13:51:44.530643  3985  4082 W fkh     : 	at ofh.execute(PG:1)
09-01 13:51:44.530643  3985  4082 W fkh     : 	at jjt.a(PG:7)
09-01 13:51:44.530643  3985  4082 W fkh     : 	at pth.b(PG:5)
09-01 13:51:44.530643  3985  4082 W fkh     : 	at jkd.h(PG:3)
09-01 13:51:44.530643  3985  4082 W fkh     : 	at jec.a(PG:1)
09-01 13:51:44.530643  3985  4082 W fkh     : 	at jdo.dispatchTransaction(PG:4)
09-01 13:51:44.530643  3985  4082 W fkh     : 	at drl.onTransact(PG:2)
09-01 13:51:44.530643  3985  4082 W fkh     : 	at android.os.Binder.execTransactInternal(Binder.java:1184)
09-01 13:51:44.530643  3985  4082 W fkh     : 	at android.os.Binder.execTransact(Binder.java:1143)
09-01 13:51:44.531968  3985  4082 W fkh     : Error changing state for com.google.android.apps.docs.editors.punch.conversion.PunchOnlineImportActivity
09-01 13:51:44.531968  3985  4082 W fkh     : java.lang.IllegalArgumentException: Component class com.google.android.apps.docs.editors.punch.conversion.PunchOnlineImportActivity does not exist in com.google.android.apps.docs
09-01 13:51:44.531968  3985  4082 W fkh     : 	at android.os.Parcel.createExceptionOrNull(Parcel.java:2459)
09-01 13:51:44.531968  3985  4082 W fkh     : 	at android.os.Parcel.createException(Parcel.java:2439)
09-01 13:51:44.531968  3985  4082 W fkh     : 	at android.os.Parcel.readException(Parcel.java:2422)
09-01 13:51:44.531968  3985  4082 W fkh     : 	at android.os.Parcel.readException(Parcel.java:2364)
09-01 13:51:44.531968  3985  4082 W fkh     : 	at android.content.pm.IPackageManager$Stub$Proxy.setComponentEnabledSetting(IPackageManager.java:7173)
09-01 13:51:44.531968  3985  4082 W fkh     : 	at android.app.ApplicationPackageManager.setComponentEnabledSetting(ApplicationPackageManager.java:2871)
09-01 13:51:44.531968  3985  4082 W fkh     : 	at fkh.a(PG:4)
09-01 13:51:44.531968  3985  4082 W fkh     : 	at jjo.d(PG:6)
09-01 13:51:44.531968  3985  4082 W fkh     : 	at ism.run(PG:35)
09-01 13:51:44.531968  3985  4082 W fkh     : 	at ofh.execute(PG:1)
09-01 13:51:44.531968  3985  4082 W fkh     : 	at jjt.a(PG:11)
09-01 13:51:44.531968  3985  4082 W fkh     : 	at pth.b(PG:5)
09-01 13:51:44.531968  3985  4082 W fkh     : 	at jkd.h(PG:3)
09-01 13:51:44.531968  3985  4082 W fkh     : 	at jdr.d(PG:1)
09-01 13:51:44.531968  3985  4082 W fkh     : 	at ism.run(PG:35)
09-01 13:51:44.531968  3985  4082 W fkh     : 	at ofh.execute(PG:1)
09-01 13:51:44.531968  3985  4082 W fkh     : 	at jjt.a(PG:11)
09-01 13:51:44.531968  3985  4082 W fkh     : 	at pth.b(PG:5)
09-01 13:51:44.531968  3985  4082 W fkh     : 	at kmj.b(PG:2)
09-01 13:51:44.531968  3985  4082 W fkh     : 	at ofw.run(PG:6)
09-01 13:51:44.531968  3985  4082 W fkh     : 	at ofh.execute(PG:1)
09-01 13:51:44.531968  3985  4082 W fkh     : 	at oet.n(PG:1)
09-01 13:51:44.531968  3985  4082 W fkh     : 	at oet.j(PG:12)
09-01 13:51:44.531968  3985  4082 W fkh     : 	at oet.c(PG:2)
09-01 13:51:44.531968  3985  4082 W fkh     : 	at oew$b.g(PG:1)
09-01 13:51:44.531968  3985  4082 W fkh     : 	at oew.run(PG:12)
09-01 13:51:44.531968  3985  4082 W fkh     : 	at ofh.execute(PG:1)
09-01 13:51:44.531968  3985  4082 W fkh     : 	at oet.n(PG:1)
09-01 13:51:44.531968  3985  4082 W fkh     : 	at oet.j(PG:12)
09-01 13:51:44.531968  3985  4082 W fkh     : 	at oet.dT(PG:5)
09-01 13:51:44.531968  3985  4082 W fkh     : 	at oew$a.g(PG:2)
09-01 13:51:44.531968  3985  4082 W fkh     : 	at oew.run(PG:12)
09-01 13:51:44.531968  3985  4082 W fkh     : 	at ofh.execute(PG:1)
09-01 13:51:44.531968  3985  4082 W fkh     : 	at oet.n(PG:1)
09-01 13:51:44.531968  3985  4082 W fkh     : 	at oet.j(PG:12)
09-01 13:51:44.531968  3985  4082 W fkh     : 	at oet.c(PG:2)
09-01 13:51:44.531968  3985  4082 W fkh     : 	at oes.run(PG:12)
09-01 13:51:44.531968  3985  4082 W fkh     : 	at ofh.execute(PG:1)
09-01 13:51:44.531968  3985  4082 W fkh     : 	at oet.n(PG:1)
09-01 13:51:44.531968  3985  4082 W fkh     : 	at oet.j(PG:12)
09-01 13:51:44.531968  3985  4082 W fkh     : 	at oet.c(PG:2)
09-01 13:51:44.531968  3985  4082 W fkh     : 	at oew$b.g(PG:1)
09-01 13:51:44.531968  3985  4082 W fkh     : 	at oew.run(PG:12)
09-01 13:51:44.531968  3985  4082 W fkh     : 	at ofh.execute(PG:1)
09-01 13:51:44.531968  3985  4082 W fkh     : 	at oet.n(PG:1)
09-01 13:51:44.531968  3985  4082 W fkh     : 	at oet.j(PG:12)
09-01 13:51:44.531968  3985  4082 W fkh     : 	at oet.c(PG:2)
09-01 13:51:44.531968  3985  4082 W fkh     : 	at kml.c(PG:1)
09-01 13:51:44.531968  3985  4082 W fkh     : 	at ktw.a(PG:9)
09-01 13:51:44.531968  3985  4082 W fkh     : 	at ism.run(PG:42)
09-01 13:51:44.531968  3985  4082 W fkh     : 	at ofh.execute(PG:1)
09-01 13:51:44.531968  3985  4082 W fkh     : 	at jjt.a(PG:7)
09-01 13:51:44.531968  3985  4082 W fkh     : 	at pth.b(PG:5)
09-01 13:51:44.531968  3985  4082 W fkh     : 	at jkd.h(PG:3)
09-01 13:51:44.531968  3985  4082 W fkh     : 	at jec.a(PG:1)
09-01 13:51:44.531968  3985  4082 W fkh     : 	at jdo.dispatchTransaction(PG:4)
09-01 13:51:44.531968  3985  4082 W fkh     : 	at drl.onTransact(PG:2)
09-01 13:51:44.531968  3985  4082 W fkh     : 	at android.os.Binder.execTransactInternal(Binder.java:1184)
09-01 13:51:44.531968  3985  4082 W fkh     : 	at android.os.Binder.execTransact(Binder.java:1143)
09-01 13:51:44.536585  3646  3646 I RcsClientLib: com.google.android.rcs.client.ims.ImsConnectionTrackerService connected
09-01 13:51:44.537731  3646  3646 I BugleRcs: com.google.android.rcs.client.ims.ImsConnectionTrackerService RCS service connected
09-01 13:51:44.540667  2228  2233 I adbd    : jdwp connection from 4091
09-01 13:51:44.543661  4091  4091 D ProcessState: Binder ioctl to enable oneway spam detection failed: Invalid argument
09-01 13:51:44.545243  3646  3739 I RcsClientLib: Connecting RcsProfileService
09-01 13:51:44.577608  4091  4091 D CompatibilityChangeReporter: Compat change id reported: 171979766; UID 10137; state: ENABLED
09-01 13:51:44.582421  2051  2143 I DynamiteModule: Considering local module com.google.android.gms.cronet_dynamite:0 and remote module com.google.android.gms.cronet_dynamite:1511
09-01 13:51:44.582810  2051  2143 I DynamiteModule: Selected remote version of com.google.android.gms.cronet_dynamite, version >= 1511
09-01 13:51:44.586320  2051  2143 W System  : ClassLoader referenced unknown path: 
09-01 13:51:44.606947  2051  2143 W .gms.persisten: ClassLoaderContext type mismatch. expected=PCL, found=DLC (PCL[] | DLC[];PCL[/data/app/~~CSJ6W77EHVU1qG56Xr_VbA==/com.google.android.gms-PWnsmXfZEy668aMzRKpUuw==/base.apk*43015613:/data/app/~~CSJ6W77EHVU1qG56Xr_VbA==/com.google.android.gms-PWnsmXfZEy668aMzRKpUuw==/base.apk!classes2.dex*4216736040:/data/app/~~CSJ6W77EHVU1qG56Xr_VbA==/com.google.android.gms-PWnsmXfZEy668aMzRKpUuw==/base.apk!classes3.dex*3892583392:/data/app/~~CSJ6W77EHVU1qG56Xr_VbA==/com.google.android.gms-PWnsmXfZEy668aMzRKpUuw==/base.apk!classes4.dex*1095133582:/data/app/~~CSJ6W77EHVU1qG56Xr_VbA==/com.google.android.gms-PWnsmXfZEy668aMzRKpUuw==/base.apk!classes5.dex*436982477:/data/app/~~CSJ6W77EHVU1qG56Xr_VbA==/com.google.android.gms-PWnsmXfZEy668aMzRKpUuw==/base.apk!classes6.dex*1573206986:/data/app/~~CSJ6W77EHVU1qG56Xr_VbA==/com.google.android.gms-PWnsmXfZEy668aMzRKpUuw==/base.apk!classes7.dex*3522289767:/data/app/~~CSJ6W77EHVU1qG56Xr_VbA==/com.google.android.gms-PWnsmXfZEy668aMzRKpUuw==/base.apk!classes8.dex*674342790]{PCL[/system/framework/org.apache.http.legacy.jar*126433618]#PCL[/system/framework/com.android.media.remotedisplay.jar*3472798122]#PCL[/system/framework/com.android.location.provider.jar*3633238673]})
09-01 13:51:44.615431  3646  3646 I BugleRcs: subscribing to global rcs listener
09-01 13:51:44.632726  3985  4085 V NativeCrypto: Registering com/google/android/gms/org/conscrypt/NativeCrypto's 295 native methods...
09-01 13:51:44.645200  3868  4033 I CarrierServices: [53] EventHubProxy.subscribe: Adding event listener com.google.android.ims.rcsservice.events.IEventObserver$Stub$Proxy@ba6705a for category 3 with key 195457114 for hub UI
09-01 13:51:44.645532  3646  3739 I RcsClientLib: shouldUseCarrierServicesJibeService: true, CarrierServices rcs service found: true
09-01 13:51:44.648522  3868  4033 I CarrierServices: [53] EventHubProxy.subscribe: Adding event listener com.google.android.ims.rcsservice.events.IEventObserver$Stub$Proxy@bb5728b for category 5 with key 196440715 for hub UI
09-01 13:51:44.650242  3646  3739 I RcsClientLib: Connecting BusinessInfoService
09-01 13:51:44.651041  3868  4033 I CarrierServices: [53] EventHubProxy.subscribe: Adding event listener com.google.android.ims.rcsservice.events.IEventObserver$Stub$Proxy@7aa4f68 for category 2 with key 128601960 for hub UI
09-01 13:51:44.651701  3868  3868 I CarrierServices: [2] ecl.onBind: JibeService: onBind in state STARTED, intent action = com.google.android.ims.rcsservice.profile.IRcsProfile
09-01 13:51:44.681257   643  4107 D resolv  : GetAddrInfoHandler::run: {100 262244 100 983140 10139 0}
09-01 13:51:44.681531   643  4107 D resolv  : resolv_getaddrinfo: explore_fqdn(): ai_family=2 ai_socktype=1 ai_protocol=6
09-01 13:51:44.682089   643  4108 D resolv  : doQuery: (1, 1)
09-01 13:51:44.682149   643  4108 D resolv  : res_nmkquery: (QUERY, IN, A)
09-01 13:51:44.682174   643  4108 D resolv  : res_nopt
09-01 13:51:44.682188   643  4108 D resolv  : res_nopt: ENDS0 DNSSEC
09-01 13:51:44.682215   643  4108 D resolv  : res_nsend
09-01 13:51:44.682235   643  4108 I resolv  : resolv_cache_lookup: lookup
09-01 13:51:44.682279   643  4108 I resolv  : resolv_cache_lookup: FOUND IN CACHE entry=0xb4000077b812ae90
09-01 13:51:44.682314   643  4108 D resolv  : doQuery: rcode=0, ancount=1
09-01 13:51:44.686085  3646  3739 I RcsClientLib: shouldUseCarrierServicesJibeService: true, CarrierServices rcs service found: true
09-01 13:51:44.689224  3985  4085 I ProviderInstaller: Installed default security provider GmsCore_OpenSSL
09-01 13:51:44.691266  3646  3739 I RcsClientLib: Connecting RcsMessagingService
09-01 13:51:44.692781  3868  3868 I CarrierServices: [2] ecl.onBind: JibeService: onBind in state STARTED, intent action = com.google.android.ims.rcsservice.businessinfo.IBusinessInfo
09-01 13:51:44.713312  3646  3646 I RcsClientLib: com.google.android.rcs.client.profile.RcsProfileService connected
09-01 13:51:44.714500  3646  3646 I BugleRcs: com.google.android.rcs.client.profile.RcsProfileService RCS service connected
09-01 13:51:44.720627  3646  3739 I RcsClientLib: shouldUseCarrierServicesJibeService: true, CarrierServices rcs service found: true
09-01 13:51:44.724203  3646  3739 I RcsClientLib: Connecting TransportControlService
09-01 13:51:44.725532  3868  3868 I CarrierServices: [2] ecl.onBind: JibeService: onBind in state STARTED, intent action = com.google.android.rcs.client.messaging.IMessaging
09-01 13:51:44.740552  3646  3646 I RcsClientLib: com.google.android.rcs.client.businessinfo.BusinessInfoService connected
09-01 13:51:44.741172  3646  3646 I BugleRcs: com.google.android.rcs.client.businessinfo.BusinessInfoService RCS service connected
09-01 13:51:44.751701  3646  3739 I RcsClientLib: shouldUseCarrierServicesJibeService: true, CarrierServices rcs service found: true
09-01 13:51:44.755957  3646  3739 I BugleRcs: connecting to 10 Rcs Services
09-01 13:51:44.757245  3868  3868 I CarrierServices: [2] ecl.onBind: JibeService: onBind in state STARTED, intent action = com.google.android.ims.rcsservice.transportcontrol.ITransportControl
09-01 13:51:44.762080  3646  3739 I RcsProvisioning: Failed to read config: no config found /data/user/0/com.google.android.apps.messaging/files/rcsconfig: open failed: ENOENT (No such file or directory)
09-01 13:51:44.763255  3646  3739 W Bugle   : SubscriptionMetadataUtils get: invalid subId = -1
09-01 13:51:44.769628  3646  3646 I RcsClientLib: com.google.android.rcs.client.messaging.RcsMessagingService connected
09-01 13:51:44.770135  3646  3646 I BugleRcs: com.google.android.rcs.client.messaging.RcsMessagingService RCS service connected
09-01 13:51:44.771336  3646  3739 W Bugle   : SubscriptionUtilsAsOfQ: subscriberId is empty. Does TelephonyManager have necessary permissions?
09-01 13:51:44.792816  3646  3646 I RcsClientLib: com.google.android.rcs.client.transportcontrol.TransportControlService connected
09-01 13:51:44.793646  3646  3646 I BugleRcs: com.google.android.rcs.client.transportcontrol.TransportControlService RCS service connected
09-01 13:51:44.869888  4091  4091 W droid.apps.map: Entry not found
09-01 13:51:44.873577  3646  3739 W Bugle   : SubscriptionMetadataUtils get: invalid subId = -1
09-01 13:51:44.879037  4091  4091 W droid.apps.map: Entry not found
09-01 13:51:44.883516  3646  3739 W Bugle   : SubscriptionUtilsAsOfQ: subscriberId is empty. Does TelephonyManager have necessary permissions?
09-01 13:51:44.892560  4091  4091 W droid.apps.map: Entry not found
09-01 13:51:44.898706  4091  4091 W droid.apps.map: JIT profile information will not be recorded: profile file does not exist.
09-01 13:51:44.899103  4091  4091 W droid.apps.map: JIT profile information will not be recorded: profile file does not exist.
09-01 13:51:44.899441  4091  4091 W droid.apps.map: JIT profile information will not be recorded: profile file does not exist.
09-01 13:51:44.906063  3646  3739 I BugleRcsEngine: [36] bayz.b: Deleted transfers file: false
09-01 13:51:44.910927  3646  3739 I RcsProvisioning: Failed to read config: no config found /data/user/0/com.google.android.apps.messaging/files/rcsconfig: open failed: ENOENT (No such file or directory)
09-01 13:51:44.912980  3646  3739 W Bugle   : SubscriptionMetadataUtils get: invalid subId = -1
09-01 13:51:44.922753  3646  3739 W Bugle   : SubscriptionUtilsAsOfQ: subscriberId is empty. Does TelephonyManager have necessary permissions?
09-01 13:51:44.958426  4091  4091 V GraphicsEnvironment: ANGLE Developer option for 'com.google.android.apps.maps' set to: 'default'
09-01 13:51:44.958886  4091  4091 V GraphicsEnvironment: Neither updatable production driver nor prerelease driver is supported.
09-01 13:51:44.962044  4091  4091 D NetworkSecurityConfig: No Network Security Config specified, using platform default
09-01 13:51:44.963394  4091  4091 D NetworkSecurityConfig: No Network Security Config specified, using platform default
09-01 13:51:45.230717  2051  4067 W .gms.persisten: Long monitor contention with owner highpool[1] (2143) at android.content.Context fcg.f(android.content.Context, fhf, fhg, java.lang.String)(:com.google.android.gms@222615044@22.26.15 (190400-461192076):10) waiters=0 in fhf fcg.l(fbz) for 611ms
09-01 13:51:45.233155  2051  2961 W .gms.persisten: Long monitor contention with owner highpool[1] (2143) at android.content.Context fcg.f(android.content.Context, fhf, fhg, java.lang.String)(:com.google.android.gms@222615044@22.26.15 (190400-461192076):10) waiters=1 in fhf fcg.l(fbz) for 615ms
09-01 13:51:45.233942  2051  2156 W .gms.persisten: Long monitor contention with owner highpool[1] (2143) at android.content.Context fcg.f(android.content.Context, fhf, fhg, java.lang.String)(:com.google.android.gms@222615044@22.26.15 (190400-461192076):10) waiters=2 in fhf fcg.l(fbz) for 615ms
09-01 13:51:45.287556  1274  3606 D ConnectivityService: requestNetwork for uid/pid:10114/2051 activeRequest: null callbackRequest: 104 [NetworkRequest [ REQUEST id=105, [ Capabilities: INTERNET&NOT_RESTRICTED&TRUSTED&NOT_VCN_MANAGED Uid: 10114 RequestorUid: 10114 RequestorPkg: com.google.android.gms UnderlyingNetworks: Null] ]] callback flags: 0 order: 2147483647
09-01 13:51:45.289276  2051  2143 I cr_CronetLibraryLoader: Cronet version: 103.0.5060.42, arch: aarch64
09-01 13:51:45.289675  1274  1510 D ConnectivityService: NetReassign [105 : null → 100]
09-01 13:51:45.295472  1274  1503 D WifiNetworkFactory: got request NetworkRequest [ REQUEST id=105, [ Capabilities: INTERNET&NOT_RESTRICTED&TRUSTED&NOT_VCN_MANAGED Uid: 10114 RequestorUid: 10114 RequestorPkg: com.google.android.gms UnderlyingNetworks: Null] ]
09-01 13:51:45.295735  1274  1503 D UntrustedWifiNetworkFactory: got request NetworkRequest [ REQUEST id=105, [ Capabilities: INTERNET&NOT_RESTRICTED&TRUSTED&NOT_VCN_MANAGED Uid: 10114 RequestorUid: 10114 RequestorPkg: com.google.android.gms UnderlyingNetworks: Null] ]
09-01 13:51:45.296158  1274  1503 D OemPaidWifiNetworkFactory: got request NetworkRequest [ REQUEST id=105, [ Capabilities: INTERNET&NOT_RESTRICTED&TRUSTED&NOT_VCN_MANAGED Uid: 10114 RequestorUid: 10114 RequestorPkg: com.google.android.gms UnderlyingNetworks: Null] ]
09-01 13:51:45.297133  1274  1510 D ConnectivityService: NetReassign [no changes]
09-01 13:51:45.301842  4091  4127 D libMEOW : meow new tls: 0xb4000073a30200a0
09-01 13:51:45.303999  4091  4127 D libMEOW : meow reload base cfg path: na
09-01 13:51:45.304056  4091  4127 D libMEOW : meow reload overlay cfg path: na
09-01 13:51:45.318655   930   930 I thermal_repeater: [recvMdThermalInfo] ret=33, strLen=127,  2, 32767, -127, 111, 32767, 4046
09-01 13:51:45.352084   643  4138 D resolv  : GetAddrInfoHandler::run: {100 786532 100 983140 10114 0}
09-01 13:51:45.352288   643  4138 D resolv  : resolv_getaddrinfo: explore_fqdn(): ai_family=2 ai_socktype=1 ai_protocol=6
09-01 13:51:45.354930   643  4139 D resolv  : doQuery: (1, 1)
09-01 13:51:45.355031   643  4139 D resolv  : res_nmkquery: (QUERY, IN, A)
09-01 13:51:45.355054   643  4139 D resolv  : res_nopt
09-01 13:51:45.355067   643  4139 D resolv  : res_nopt: ENDS0 DNSSEC
09-01 13:51:45.355091   643  4139 D resolv  : res_nsend
09-01 13:51:45.355111   643  4139 I resolv  : resolv_cache_lookup: lookup
09-01 13:51:45.355136   643  4139 I resolv  : resolv_cache_lookup: NOT IN CACHE
09-01 13:51:45.355161   643  4139 I resolv  : resolv_populate_res_for_net: netid=100
09-01 13:51:45.355179  4091  4127 E QT      : [QT]file does not exist
09-01 13:51:45.355207   643  4139 I resolv  : res_doh_send: performing query over Https
09-01 13:51:45.355509   643   837 D doh::connection::driver: Handling DNS request on network 100, stats=recv=29 sent=39 lost=0 rtt=228.69219ms cwnd=12000, peer_streams_left_bidi=92, peer_streams_left_uni=99
09-01 13:51:45.355635   643   837 D doh::connection::driver: Handled DNS request: stream ID 32, network 100, stream_capacity=Ok(11829)
09-01 13:51:45.355939   643   837 D doh::connection::driver: Sent 202 bytes on network 100
09-01 13:51:45.356012   643   837 D doh::connection::driver: optional_timeout: timeout=Some(438.310684ms), network 100
09-01 13:51:45.357900  4091  4127 D libMEOW : applied 1 plugins for [com.google.android.apps.maps]:
09-01 13:51:45.358139  4091  4127 D libMEOW :   plugin 1: [libMEOW_gift.so]: 0xb400007362f8e010
09-01 13:51:45.358727  4091  4127 D libMEOW : rebuild call chain: 0xb4000073a3000080
09-01 13:51:45.374819  2051  2051 D BoundBrokerSvc: onBind: Intent { act=com.google.android.gms.clearcut.bootcount.service.START pkg=com.google.android.gms }
09-01 13:51:45.374904  2051  2051 D BoundBrokerSvc: Loading bound service for intent: Intent { act=com.google.android.gms.clearcut.bootcount.service.START pkg=com.google.android.gms }
09-01 13:51:45.399130  4091  4127 D hw-ProcessState: Binder ioctl to enable oneway spam detection failed: Invalid argument
09-01 13:51:45.400411   436   436 I hwservicemanager: getTransport: Cannot find entry android.hardware.configstore@1.0::ISurfaceFlingerConfigs/default in either framework or device VINTF manifest.
09-01 13:51:45.460172  2263  2263 D BoundBrokerSvc: onUnbind: Intent { act=com.google.android.gms.constellation.service.START pkg=com.google.android.gms }
09-01 13:51:45.507001  4091  4091 D CompatibilityChangeReporter: Compat change id reported: 160794467; UID 10137; state: ENABLED
09-01 13:51:45.515843  1274  3606 D ConnectivityService: requestNetwork for uid/pid:10137/4091 activeRequest: null callbackRequest: 107 [NetworkRequest [ REQUEST id=108, [ Capabilities: INTERNET&NOT_RESTRICTED&TRUSTED&NOT_VCN_MANAGED Uid: 10137 RequestorUid: 10137 RequestorPkg: com.google.android.apps.maps UnderlyingNetworks: Null] ]] callback flags: 0 order: 2147483647
09-01 13:51:45.517365  1274  1510 D ConnectivityService: NetReassign [108 : null → 100]
09-01 13:51:45.520489  4091  4126 W System  : ClassLoader referenced unknown path: 
09-01 13:51:45.522086  1274  1503 D WifiNetworkFactory: got request NetworkRequest [ REQUEST id=108, [ Capabilities: INTERNET&NOT_RESTRICTED&TRUSTED&NOT_VCN_MANAGED Uid: 10137 RequestorUid: 10137 RequestorPkg: com.google.android.apps.maps UnderlyingNetworks: Null] ]
09-01 13:51:45.522454  1274  1503 D UntrustedWifiNetworkFactory: got request NetworkRequest [ REQUEST id=108, [ Capabilities: INTERNET&NOT_RESTRICTED&TRUSTED&NOT_VCN_MANAGED Uid: 10137 RequestorUid: 10137 RequestorPkg: com.google.android.apps.maps UnderlyingNetworks: Null] ]
09-01 13:51:45.522713  1274  1503 D OemPaidWifiNetworkFactory: got request NetworkRequest [ REQUEST id=108, [ Capabilities: INTERNET&NOT_RESTRICTED&TRUSTED&NOT_VCN_MANAGED Uid: 10137 RequestorUid: 10137 RequestorPkg: com.google.android.apps.maps UnderlyingNetworks: Null] ]
09-01 13:51:45.537642  4091  4126 W droid.apps.map: ClassLoaderContext type mismatch. expected=PCL, found=DLC (PCL[] | DLC[];PCL[/data/app/~~9JRsiMkZA0v0bmycN1tuPw==/com.google.android.apps.maps-An9zZ8rw3zutu3t3IDvuIA==/base.apk*3833394542:/data/app/~~9JRsiMkZA0v0bmycN1tuPw==/com.google.android.apps.maps-An9zZ8rw3zutu3t3IDvuIA==/base.apk!classes2.dex*1520882995:/data/app/~~9JRsiMkZA0v0bmycN1tuPw==/com.google.android.apps.maps-An9zZ8rw3zutu3t3IDvuIA==/base.apk!classes3.dex*1036065332:/data/app/~~9JRsiMkZA0v0bmycN1tuPw==/com.google.android.apps.maps-An9zZ8rw3zutu3t3IDvuIA==/base.apk!classes4.dex*251566243:/data/app/~~9JRsiMkZA0v0bmycN1tuPw==/com.google.android.apps.maps-An9zZ8rw3zutu3t3IDvuIA==/base.apk!classes5.dex*1687548112:/data/app/~~9JRsiMkZA0v0bmycN1tuPw==/com.google.android.apps.maps-An9zZ8rw3zutu3t3IDvuIA==/base.apk!classes6.dex*2994312997]{PCL[/system/framework/org.apache.http.legacy.jar*126433618]})
09-01 13:51:45.573753   643   837 D doh::connection::driver: Received 806 bytes on network 100
09-01 13:51:45.574068   643   837 D doh::connection::driver: Sent 31 bytes on network 100
09-01 13:51:45.574254   643   837 D doh::connection::driver: process_h3_event: h3::Event::Headers on stream ID 32, network 100
09-01 13:51:45.574287   643   837 D doh::connection::driver: process_h3_event: h3::Event::Data on stream ID 32, network 100
09-01 13:51:45.574318   643   837 D doh::connection::driver: Got 468 bytes of response data from stream ID 32 on network 100
09-01 13:51:45.574545   643   837 D doh::connection::driver: Received 45 bytes on network 100
09-01 13:51:45.574835   643   837 D doh::connection::driver: Sent 31 bytes on network 100
09-01 13:51:45.574919   643   837 D doh::connection::driver: process_h3_event: h3::Event::Finished on stream ID 32, network 100
09-01 13:51:45.574942   643   837 D doh::connection::driver: Sending answer back to resolv, stream ID: 32, network 100
09-01 13:51:45.574984   643   837 D doh::connection::driver: optional_timeout: timeout=Some(54.999519692s), network 100
09-01 13:51:45.575468   643  4139 I resolv  : res_doh_send: Https query result: 468, netid=100
09-01 13:51:45.575567   643  4139 D resolv  : res_nsend: got answer from Private DNS
09-01 13:51:45.575600   643  4139 I resolv  : answer_getTTL: TTL = 300
09-01 13:51:45.575632   643  4139 I resolv  : _cache_add_p: entry 11 added (count=11)
09-01 13:51:45.575672   643  4139 I resolv  : cache_dump_mru_locked: MRU LIST (11):  11 10 9 8 7 6 5 4 1 2 3
09-01 13:51:45.575695   643  4139 D resolv  : doQuery: rcode=0, ancount=5
09-01 13:51:45.576128  1274  3606 D ConnectivityService: requestNetwork for uid/pid:10137/4091 activeRequest: null callbackRequest: 109 [NetworkRequest [ REQUEST id=110, [ Capabilities: INTERNET&NOT_RESTRICTED&TRUSTED&NOT_VCN_MANAGED Uid: 10137 RequestorUid: 10137 RequestorPkg: com.google.android.apps.maps UnderlyingNetworks: Null] ]] callback flags: 0 order: 2147483647
09-01 13:51:45.578600  4091  4126 I cr_CronetLibraryLoader: Cronet version: 103.0.5060.42, arch: aarch64
09-01 13:51:45.578970  1274  1510 D ConnectivityService: NetReassign [110 : null → 100]
09-01 13:51:45.587309  1274  1503 D WifiNetworkFactory: got request NetworkRequest [ REQUEST id=110, [ Capabilities: INTERNET&NOT_RESTRICTED&TRUSTED&NOT_VCN_MANAGED Uid: 10137 RequestorUid: 10137 RequestorPkg: com.google.android.apps.maps UnderlyingNetworks: Null] ]
09-01 13:51:45.587656  1274  1503 D UntrustedWifiNetworkFactory: got request NetworkRequest [ REQUEST id=110, [ Capabilities: INTERNET&NOT_RESTRICTED&TRUSTED&NOT_VCN_MANAGED Uid: 10137 RequestorUid: 10137 RequestorPkg: com.google.android.apps.maps UnderlyingNetworks: Null] ]
09-01 13:51:45.588431  1274  1503 D OemPaidWifiNetworkFactory: got request NetworkRequest [ REQUEST id=110, [ Capabilities: INTERNET&NOT_RESTRICTED&TRUSTED&NOT_VCN_MANAGED Uid: 10137 RequestorUid: 10137 RequestorPkg: com.google.android.apps.maps UnderlyingNetworks: Null] ]
09-01 13:51:45.590788  1274  1510 D ConnectivityService: NetReassign [no changes]
09-01 13:51:45.669614  1274  1284 I system_server: Background young concurrent copying GC freed 126046(5758KB) AllocSpace objects, 7(308KB) LOS objects, 20% free, 23MB/29MB, paused 313us,287us total 125.592ms
09-01 13:51:45.791844  1567  1567 D fast_charge: BatteryTracker---->level--->1---plugType--->1---plugged--->true---health--->2---status--->2---technology--->Li-ion---voltage--->3658---temperature--->295
09-01 13:51:45.792134  3469  3469 D VideoPlayReceiver: isSwitch off
09-01 13:51:45.793133  1567  1567 I FlashlightTile: battery level = 1
09-01 13:51:45.794256  1567  1567 D KeyguardUpdateMonitor: received broadcast android.intent.action.BATTERY_CHANGED
09-01 13:51:45.811664  1567  1567 D KeyguardUpdateMonitor: handleBatteryUpdate
09-01 13:51:45.831177  3469  3469 D VideoPlayReceiver: isSwitch off
09-01 13:51:45.835732  1567  1567 D StatusBar: hideBlurBackground()
09-01 13:51:45.839260  1567  1567 D fast_charge: BatteryTracker---->level--->1---plugType--->1---plugged--->true---health--->2---status--->2---technology--->Li-ion---voltage--->3658---temperature--->293
09-01 13:51:45.840026  1567  1567 I FlashlightTile: battery level = 1
09-01 13:51:45.840998  1567  1567 D KeyguardUpdateMonitor: received broadcast android.intent.action.BATTERY_CHANGED
09-01 13:51:45.846113  1567  1567 D KeyguardUpdateMonitor: handleBatteryUpdate
09-01 13:51:45.853993  1567  1567 D StatusBar: hideBlurBackground()
09-01 13:51:45.988526  1274  1386 D AlarmManagerService: inside native alarm timerfd set Alarm Type = 2
09-01 13:51:46.096559   644   644 D Zygote  : Forked child process 4168
09-01 13:51:46.129156  2228  2233 I adbd    : jdwp connection from 4168
09-01 13:51:46.133532  4168  4168 D ProcessState: Binder ioctl to enable oneway spam detection failed: Invalid argument
09-01 13:51:46.158514  4168  4168 D CompatibilityChangeReporter: Compat change id reported: 171979766; UID 10137; state: ENABLED
09-01 13:51:46.182884  4168  4168 W ecovery_proces: Entry not found
09-01 13:51:46.184389  4168  4168 W ecovery_proces: Entry not found
09-01 13:51:46.185908  4168  4168 W ecovery_proces: Entry not found
09-01 13:51:46.191091  4168  4168 W ecovery_proces: JIT profile information will not be recorded: profile file does not exist.
09-01 13:51:46.191577  4168  4168 W ecovery_proces: JIT profile information will not be recorded: profile file does not exist.
09-01 13:51:46.191777  4168  4168 W ecovery_proces: JIT profile information will not be recorded: profile file does not exist.
09-01 13:51:46.202878  4168  4168 V GraphicsEnvironment: ANGLE Developer option for 'com.google.android.apps.maps' set to: 'default'
09-01 13:51:46.203515  4168  4168 V GraphicsEnvironment: Neither updatable production driver nor prerelease driver is supported.
09-01 13:51:46.205982  4168  4168 D NetworkSecurityConfig: No Network Security Config specified, using platform default
09-01 13:51:46.206866  4168  4168 D NetworkSecurityConfig: No Network Security Config specified, using platform default
09-01 13:51:46.252552  4168  4168 D CompatibilityChangeReporter: Compat change id reported: 160794467; UID 10137; state: ENABLED
09-01 13:51:46.254844  1274  1601 D AlarmManagerService: inside native alarm timerfd set Alarm Type = 2
09-01 13:51:46.357438  4168  4185 I ecovery_proces: System.exit called, status: 0
09-01 13:51:46.359973  4168  4185 I AndroidRuntime: VM exiting with result code 0, cleanup skipped.
09-01 13:51:46.413999  1274  1305 I libprocessgroup: Successfully killed process cgroup uid 10137 pid 4168 in 0ms
09-01 13:51:46.415857   644   644 I Zygote  : Process 4168 exited cleanly (0)
09-01 13:51:46.435509   680   763 I libPowerHal: [perfNotifyAppState] pack:com.google.android.apps.maps, act:com.google.android.apps.maps, state:3, pid:4168, uid:10137, fps:-1
09-01 13:51:46.435665   680   763 I libPowerHal: [perfNotifyAppState] pack:com.google.android.apps.maps, pid:4168, STATE_DEAD
09-01 13:51:46.435699   680   763 D RilUtility: notify_rild_crash_pid_set certPid:-1, crash:4168, scn:0x0
09-01 13:51:46.476190  1759  1867 I GED     : ged_boost_gpu_freq, level 100, eOrigin 2, final_idx 2, oppidx_max 2, oppidx_min 0
09-01 13:51:46.484583  3150  3150 I Finsky:background: [2] oet.onTrimMemory(1): Memory trim requested to level 40
09-01 13:51:46.484653  2930  2930 I Finsky  : [2] oet.onTrimMemory(1): Memory trim requested to level 40
09-01 13:51:46.492920  2930  2930 I Finsky  : [2] lpn.accept(9): Flushing in-memory image cache
09-01 13:51:46.600000   666   666 W memtrack@1.0-se: type=1400 audit(0.0:233): avc: denied { read } for name="driver_stats" dev="debugfs" ino=14235 scontext=u:r:hal_memtrack_default:s0 tcontext=u:object_r:debugfs:s0 tclass=file permissive=0
09-01 13:51:46.686455  1274  3606 D ConnectivityService: requestNetwork for uid/pid:1000/1274 asUid: 10108 activeRequest: null callbackRequest: 112 [NetworkRequest [ REQUEST id=113, [ Capabilities: INTERNET&NOT_RESTRICTED&TRUSTED&NOT_VCN_MANAGED Uid: 10108 RequestorUid: 1000 RequestorPkg: android UnderlyingNetworks: Null] ]] callback flags: 0 order: 2147483647
09-01 13:51:46.688153  1274  1510 D ConnectivityService: NetReassign [113 : null → 100]
09-01 13:51:46.693422  1274  1503 D WifiNetworkFactory: got request NetworkRequest [ REQUEST id=113, [ Capabilities: INTERNET&NOT_RESTRICTED&TRUSTED&NOT_VCN_MANAGED Uid: 10108 RequestorUid: 1000 RequestorPkg: android UnderlyingNetworks: Null] ]
09-01 13:51:46.694739  1274  1503 D UntrustedWifiNetworkFactory: got request NetworkRequest [ REQUEST id=113, [ Capabilities: INTERNET&NOT_RESTRICTED&TRUSTED&NOT_VCN_MANAGED Uid: 10108 RequestorUid: 1000 RequestorPkg: android UnderlyingNetworks: Null] ]
09-01 13:51:46.696275  1274  1503 D OemPaidWifiNetworkFactory: got request NetworkRequest [ REQUEST id=113, [ Capabilities: INTERNET&NOT_RESTRICTED&TRUSTED&NOT_VCN_MANAGED Uid: 10108 RequestorUid: 1000 RequestorPkg: android UnderlyingNetworks: Null] ]
09-01 13:51:46.720031  3646  3717 I GnpSdk  : [GrowthKitBootCompletedListener] GrowthKit enabled by flag, registered to Phenotype and schedule jobs.
09-01 13:51:46.726471  3646  3863 W DynamiteModule: Local module descriptor class for com.google.android.gms.providerinstaller.dynamite not found.
09-01 13:51:46.733822  2051  3141 W ProviderHelper: Unknown dynamite feature providerinstaller.dynamite
09-01 13:51:46.735724  3646  3646 D WM-RescheduleReceiver: Received intent Intent { act=android.intent.action.BOOT_COMPLETED flg=0x89000010 cmp=com.google.android.apps.messaging/androidx.work.impl.background.systemalarm.RescheduleReceiver (has extras) }
09-01 13:51:46.740071  3646  3863 I DynamiteModule: Considering local module com.google.android.gms.providerinstaller.dynamite:0 and remote module com.google.android.gms.providerinstaller.dynamite:0
09-01 13:51:46.743144  3646  3863 W ProviderInstaller: Failed to load providerinstaller module: No acceptable module com.google.android.gms.providerinstaller.dynamite found. Local version is 0 and remote version is 0.
09-01 13:51:46.859547  3646  3863 V NativeCrypto: Registering com/google/android/gms/org/conscrypt/NativeCrypto's 295 native methods...
09-01 13:51:46.919744  3646  3863 I .apps.messagin: Waiting for a blocking GC ClassLinker
09-01 13:51:46.931372  3646  3863 I .apps.messagin: WaitForGcToComplete blocked ClassLinker on Background for 11.638ms
09-01 13:51:46.933336  3646  3863 I ProviderInstaller: Installed default security provider GmsCore_OpenSSL
09-01 13:51:47.043777  3646  3863 I BugleNotifications: Silently refreshing notifications after Boot/Package replacement
09-01 13:51:47.044824  3985  4044 W DynamiteModule: Local module descriptor class for com.google.android.gms.providerinstaller.dynamite not found.
09-01 13:51:47.046567  3646  3812 I DynamiteModule: Considering local module com.google.android.gms.cronet_dynamite:0 and remote module com.google.android.gms.cronet_dynamite:1511
09-01 13:51:47.048747  3646  3812 I DynamiteModule: Selected remote version of com.google.android.gms.cronet_dynamite, version >= 1511
09-01 13:51:47.049078  3646  3812 V DynamiteModule: Dynamite loader version >= 2, using loadModule2NoCrashUtils
09-01 13:51:47.050012  3646  3912 V ClearcutMetricXmitter: Transmission is done.
09-01 13:51:47.053095  2051  2073 W ProviderHelper: Unknown dynamite feature providerinstaller.dynamite
09-01 13:51:47.057009  3985  4044 W ProviderInstaller: Failed to load providerinstaller module: No acceptable module com.google.android.gms.providerinstaller.dynamite found. Local version is 0 and remote version is 0.
