09-01 13:51:50.790803   894  4354 I CCodec  : Created component [c2.mtk.mp3.decoder]
09-01 13:51:50.791560   894  4354 D CCodecConfig: read media type: audio/mpeg
09-01 13:51:50.794577   894  4354 D ReflectedParamUpdater: extent() != 1 for single value type: algo.buffers.max-count.values
09-01 13:51:50.795157   894  4354 D ReflectedParamUpdater: extent() != 1 for single value type: output.subscribed-indices.values
09-01 13:51:50.795325   894  4354 D ReflectedParamUpdater: extent() != 1 for single value type: input.buffers.allocator-ids.values
09-01 13:51:50.795493   894  4354 D ReflectedParamUpdater: extent() != 1 for single value type: output.buffers.allocator-ids.values
09-01 13:51:50.795581  3646  4326 I BugleDataModel: PendingMessagesProcessor: process from ProcessPendingMessagesAction due to scheduled processing with delay 0 with queues:
09-01 13:51:50.795616   894  4354 D ReflectedParamUpdater: extent() != 1 for single value type: algo.buffers.allocator-ids.values
09-01 13:51:50.795705   894  4354 D ReflectedParamUpdater: extent() != 1 for single value type: output.buffers.pool-ids.values
09-01 13:51:50.795818   894  4354 D ReflectedParamUpdater: extent() != 1 for single value type: algo.buffers.pool-ids.values
09-01 13:51:50.800141   894  4354 I CCodecConfig: query failed after returning 7 values (BAD_INDEX)
09-01 13:51:50.801371   894  4354 D CCodecConfig: c2 config diff is Dict {
09-01 13:51:50.801371   894  4354 D CCodecConfig:   c2::u32 coded.bitrate.value = 64000
09-01 13:51:50.801371   894  4354 D CCodecConfig:   c2::u32 input.buffers.max-size.value = 65536
09-01 13:51:50.801371   894  4354 D CCodecConfig:   c2::u32 input.delay.value = 0
09-01 13:51:50.801371   894  4354 D CCodecConfig:   string input.media-type.value = "audio/mpeg"
09-01 13:51:50.801371   894  4354 D CCodecConfig:   string output.media-type.value = "audio/raw"
09-01 13:51:50.801371   894  4354 D CCodecConfig:   c2::u32 raw.channel-count.value = 2
09-01 13:51:50.801371   894  4354 D CCodecConfig:   c2::u32 raw.sample-rate.value = 44100
09-01 13:51:50.801371   894  4354 D CCodecConfig: }
09-01 13:51:50.802783   894  4353 D Utils_MTK: getProcessNameByPid [/proc/1567/cmdline]->[com.android.systemui]
09-01 13:51:50.802994   894  4354 D CCodec  : [c2.mtk.mp3.decoder] buffers are bound to CCodec for this session
09-01 13:51:50.803119   894  4354 D CCodecConfig: no c2 equivalents for durationUs
09-01 13:51:50.803182   894  4354 D CCodecConfig: no c2 equivalents for mtk-mp3extractor
09-01 13:51:50.803197   894  4354 D CCodecConfig: no c2 equivalents for mtk-music
09-01 13:51:50.803211   894  4354 D CCodecConfig: no c2 equivalents for flags
09-01 13:51:50.804003   894  4354 D CCodecConfig: c2 config diff is   c2::u32 coded.bitrate.value = 112000
09-01 13:51:50.804003   894  4354 D CCodecConfig:   c2::u32 raw.sample-rate.value = 48000
09-01 13:51:50.805060   894  4354 W Codec2Client: query -- param skipped: index = 1107298332.
09-01 13:51:50.805185   894  4354 D CCodec  : setup formats input: AMessage(what = 0x00000000) = {
09-01 13:51:50.805185   894  4354 D CCodec  :   int32_t bitrate = 112000
09-01 13:51:50.805185   894  4354 D CCodec  :   int32_t channel-count = 2
09-01 13:51:50.805185   894  4354 D CCodec  :   int32_t max-input-size = 65536
09-01 13:51:50.805185   894  4354 D CCodec  :   string mime = "audio/mpeg"
09-01 13:51:50.805185   894  4354 D CCodec  :   int32_t sample-rate = 48000
09-01 13:51:50.805185   894  4354 D CCodec  : }
09-01 13:51:50.805222   894  4354 D CCodec  : setup formats output: AMessage(what = 0x00000000) = {
09-01 13:51:50.805222   894  4354 D CCodec  :   int32_t channel-count = 2
09-01 13:51:50.805222   894  4354 D CCodec  :   string mime = "audio/raw"
09-01 13:51:50.805222   894  4354 D CCodec  :   int32_t sample-rate = 48000
09-01 13:51:50.805222   894  4354 D CCodec  : }
09-01 13:51:50.805438   894  4354 I CCodecConfig: query failed after returning 7 values (BAD_INDEX)
09-01 13:51:50.806594   894  4354 I MediaCodec: MediaCodec will operate in async mode
09-01 13:51:50.806693   894  4353 D MediaCodec: keep callback message for reclaim
09-01 13:51:50.806992   665  4355 D C2SoftMtkMp3Dec: onInit initMp3Decoder
09-01 13:51:50.807519   894  4354 W Codec2Client: query -- param skipped: index = 1342179345.
09-01 13:51:50.807577   894  4354 W Codec2Client: query -- param skipped: index = 2415921170.
09-01 13:51:50.809010   894  4354 D CCodecBufferChannel: [c2.mtk.mp3.decoder#277] Created input block pool with allocatorID 16 => poolID 18 - OK (0)
09-01 13:51:50.809249   665  1439 D BufferPoolAccessor2.0: bufferpool2 0xe66018e8 : 0(0 size) total buffers - 0(0 size) used buffers - 143/148 (recycle/alloc) - 5/148 (fetch/transfer)
09-01 13:51:50.809329   665  1439 D BufferPoolAccessor2.0: Destruction - bufferpool2 0xe66018e8 cached: 0/0M, 0/0% in use; allocs: 148, 97% recycled; transfers: 148, 97% unfetched
09-01 13:51:50.810981   894  1399 D BufferPoolAccessor2.0: bufferpool2 0xec840da8 : 0(0 size) total buffers - 0(0 size) used buffers - 141/149 (recycle/alloc) - 8/294 (fetch/transfer)
09-01 13:51:50.811073   894  1399 D BufferPoolAccessor2.0: Destruction - bufferpool2 0xec840da8 cached: 0/0M, 0/0% in use; allocs: 149, 95% recycled; transfers: 294, 97% unfetched
09-01 13:51:50.811182   894  4354 I CCodecBufferChannel: [c2.mtk.mp3.decoder#277] Created output block pool with allocatorID 16 => poolID 18 - OK
09-01 13:51:50.811395   894  4354 D CCodecBufferChannel: [c2.mtk.mp3.decoder#277] Configured output block pool ids 18 => OK
09-01 13:51:50.814412   665  1453 D C2MtkComponentStore: setIonUsage: usage 5, flags 65539, minAlign 0, heapMask 1024 for decoder and encoder.
09-01 13:51:50.818643   665  4355 D SimpleC2Component: Using output block pool with poolID 18 => got 18 - 0
09-01 13:51:50.818724   665  4355 D C2SoftMtkMp3Dec: input size is 0, just return empty output work
09-01 13:51:50.822988   665  4355 D C2MtkComponentStore: setIonUsage: usage 5, flags 65539, minAlign 0, heapMask 1024 for decoder and encoder.
09-01 13:51:50.831055   695   695 V AudioPolicyIntefaceImpl: getOutput()
09-01 13:51:50.832212   695   950 V AudioPolicyIntefaceImpl: getOutput()
09-01 13:51:50.836537   894  4352 D AudioTrack: INSP: type=audio,case=1,set=0xf0ec1410,stream_type=5,sample_rate=48000,format=0x1,channel_mask=0x3,frame_count=24576,flags=0x0,notification_frames=0,session_id=145,transfer_type=0,uid=10148,pid=1567
09-01 13:51:50.836605   894  4352 D AudioTrack: INSP: type=audio,case=1,attributes=1,content_type=4,usage=5,source=-1,flags=0x800
09-01 13:51:50.836655   894  4352 D AudioTrack: set(): Building AudioTrack with attributes: usage = 5, content = 4, flags = 0x800, tags = []
09-01 13:51:50.844111   894  4352 D AudioDetectPulse: setDetectPulse, mIsDetectPulse 0, 0xf002a1a0
09-01 13:51:50.853014  3646  4326 I BugleDataModel: PendingMessagesProcessor: process from ProcessPendingMessagesAction due to scheduled processing with delay 0 with queues:
09-01 13:51:50.854464   695   950 V AudioPolicyIntefaceImpl: getOutputForAttr()
09-01 13:51:50.885004   695   950 D AudioFlinger_Threads: Client defaulted notificationFrames to 12288 for frameCount 24576
09-01 13:51:50.893657  3646  4326 I BugleDataModel: PendingMessagesProcessor: process from ProcessPendingMessagesAction due to scheduled processing with delay 0 with queues:
09-01 13:51:50.893739   695   950 D AF::Track: Track, track(0xb4000070a791b420): mFastIndex -1, mStreamType 5, mId 56, mFrameCount 24576, mSampleRate 48000, mFormat 1, mChannelCount 2, mTrackCount 1, thread 0xb4000072370f4a40, sessionId 145, AudioOut_D, primary-6
09-01 13:51:50.908545   894  4352 D AudioTrack: createTrack_l(23): 0xf0ec1410, mCblk = 0xf0c30000, mLatency = 564, mAfLatency = 52, frameCount = 24576, mSampleRate = 48000, mFlags = 0, mReqFrameCount = 24576, mNotificationFramesAct = 12288
09-01 13:51:50.911554   894  4352 D AudioTrack: setVolume(23): 0xf0ec1410, left = 1.000000, right = 1.000000
09-01 13:51:50.912133   894  4352 D AudioTrack: setVolume(23): 0xf0ec1410, left = 1.000000, right = 1.000000
09-01 13:51:50.912280   894  4352 D AudioTrack: start(23): 0xf0ec1410, prior state:STATE_STOPPED
09-01 13:51:50.916794   695   950 V AudioPolicyIntefaceImpl: startOutput()
09-01 13:51:50.916905   695   950 D APM_AudioPolicyManager: startOutput() output 13, stream 5, session 145
09-01 13:51:50.922146   695   950 D APM::AudioOutputDescriptor: setVolume output 13 for volumeSource 7, volume -12.000000, delay 0 stream=AUDIO_STREAM_NOTIFICATION
09-01 13:51:50.929508   695   936 V AudioPolicyService: AudioCommandThread() processing set volume stream 5,                             volume 0.251189, output 13
09-01 13:51:50.929878   695   950 V AudioPolicyService: AudioCommandThread() adding set parameter string volumeDevice=2;volumeIndex=11;volumeStreamType=5, io 13 ,delay 0
09-01 13:51:50.930329   695   936 V AudioPolicyService: AudioCommandThread() processing set parameters string volumeDevice=2;volumeIndex=11;volumeStreamType=5, io 13
09-01 13:51:50.930400   695   936 D AudioSystem: +setParameters(): volumeDevice=2;volumeIndex=11;volumeStreamType=5 
09-01 13:51:50.930545   695   936 D AudioFlinger: +thread->setParameters(): io = 13, volumeDevice=2;volumeIndex=11;volumeStreamType=5
09-01 13:51:50.942811  3646  4326 I BugleDataModel: PendingMessagesProcessor: process from ProcessPendingMessagesAction due to scheduled processing with delay 0 with queues:
09-01 13:51:50.948685   650   750 D AudioALSAStreamOut: +setParameters(): flag 6, volumeDevice=2;volumeIndex=11;volumeStreamType=5
09-01 13:51:50.949375   650   750 D AudioMTKGainController: setNormalVolume(), mSceneIndex = 0, stream 5, devices 0x2, index 11, mode 0x0, gainDevice 0x2
09-01 13:51:50.949620   650   750 D AudioMTKGainController: setSpeakerGain(), gain = 10, spkAnaType = 3
09-01 13:51:50.953254   650   750 D AudioALSAStreamManager: setVolumeIndex() stream= 5, device= 2, index= b
09-01 13:51:50.960643   695   936 D AudioFlinger: -thread->setParameters(): io = 13, volumeDevice=2;volumeIndex=11;volumeStreamType=5
09-01 13:51:50.968378   695   950 V AudioPolicyService: registerClient() client 0xb400006fd7928080, uid 10148 pid 1567
09-01 13:51:50.969524   695   950 D APM_AudioPolicyManager: listAudioPorts mAvailableInputDevices 0x80000004 , 0x80000040 , 0x80000080 , 0x80000100 , 0x80002000 , 0x90000000
09-01 13:51:50.970203   695   950 D APM_AudioPolicyManager: listAudioPorts mAvailableInputDevices 0x80000004 , 0x80000040 , 0x80000080 , 0x80000100 , 0x80002000 , 0x90000000
09-01 13:51:50.974644  1567  4331 D MTP     : onPaused: false
09-01 13:51:50.974953  1274  1274 D AudioManager: dispatching onPlaybackConfigChanged()
09-01 13:51:50.975175  1567  4331 V MTP     : scheduleNotification 3 in 0
09-01 13:51:50.975256  1567  4331 D MTP     : handleMessage_notify msg:(1, 3, 0)
09-01 13:51:50.975520  2051  2051 D AudioManager: dispatching onPlaybackConfigChanged()
09-01 13:51:50.975695  1567  4331 V MTP     : playing at 0
09-01 13:51:50.975736  1567  4331 D MTP     : onSeekComplete at 0
09-01 13:51:50.975853  1274  1314 D AudioManager: dispatching onPlaybackConfigChanged()
09-01 13:51:50.977012  2400  2400 D AudioManager: dispatching onPlaybackConfigChanged()
09-01 13:51:50.983137  2051  2156 I NearbyDiscovery: FastPair: AudioEventListener check active usage=5, package=android.uid.systemui:10148 [CONTEXT service_id=49 ]
09-01 13:51:50.983838  2051  2156 I NearbyDiscovery: FastPair: AudioEventListener find active playback with other usage 5 [CONTEXT service_id=49 ]
09-01 13:51:50.986487  3646  4326 I BugleDataModel: PendingMessagesProcessor: process from ProcessPendingMessagesAction due to scheduled processing with delay 0 with queues:
09-01 13:51:50.988873   650   750 I AudioALSAStreamOut: updateSourceMetadata(), do nothing source_metadata = 0x6d27dcfe78
09-01 13:51:50.997843   650  1474 D AudioALSAStreamOut: write(), flag 0x6, usePolicyDevice: 1, output_devices: 0x2 -> latest policyDevice 0x2 (ori policyDevice 0x2)
09-01 13:51:50.997964   650  1474 D AudioALSAStreamManager: +syncSharedOutDevice(), originDevice/routingSharedOutDevice: 0x2/0x2, mAudioMode: 0
09-01 13:51:50.998068   650  1474 D AudioMTKGainController: setNormalVolume(), mSceneIndex = 0, stream 5, devices 0x2, index 11, mode 0x0, gainDevice 0x2
09-01 13:51:50.998094   650  1474 D AudioMTKGainController: setSpeakerGain(), gain = 10, spkAnaType = 3
09-01 13:51:50.998227   650  1474 D AudioALSAStreamOut: open(), flags 6
09-01 13:51:50.998297   650  1474 D AudioALSAStreamManager: +createPlaybackHandler(), mAudioMode = 0, output_devices = 0x2, isMixerOut = 0, isBypassAurisys = 0, flag = 6, isIEMsSource = 0, isIEMsOn = 0
09-01 13:51:50.998381   650  1474 D AudioALSAStreamManager: needEnableVoip(), output_devices = 0x2, flags: 0x6, mAvailableOutputFlags: 0x1000e, enable: 0
09-01 13:51:50.999697   650  1474 D AudioALSAPlaybackHandlerNormal: +open(), flag = 6, source output_devices = 0x2, audio_format = 3, buffer_size = 2048, sample_rate = 48000
09-01 13:51:50.999824   650  1474 D AudioALSAPlaybackHandlerBase: initLogFlag() mlog_flag[2]
09-01 13:51:51.000078   650  1474 D AudioALSADeviceParser: compare pcm success = 7, stringpair = I2S0DL1_PLayback
09-01 13:51:51.001857   650  1474 D AudioUtility: chooseTargetSampleRate() hiFiState 0 isDeviceSupportHiFi 0 sampleRate 48000 targetSampleRate 48000
09-01 13:51:51.002155   650  1474 D AudioALSAPlaybackHandlerBase: transferAudioFormatToPcmFormat(), audio_format(0x4) => pcm_format(0x1)
09-01 13:51:51.002193   650  1474 D AudioALSAPlaybackHandlerNormal: open(), flag = 6, mConfig: channels = 2, sample_rate(target) = 48000, period_size = 256, period_count = 2, format = 1, avail_min = 256, start_threshold = 512
09-01 13:51:51.002288   650  1474 D AudioALSAPlaybackHandlerNormal: SetLowJitterMode(), bypass low jitter mode, bEnable = 1, device = 0x2, SampleRate = 48000
09-01 13:51:51.003499   650  1474 D AudioALSAPlaybackHandlerBase: openPcmDriverWithFlag(), pcm device = 7 flag = 0x8 mPcm = 0xb400006ddb44cc30
09-01 13:51:51.003672   650  1474 D AudioALSAPlaybackHandlerBase: CreateAurisysLibManager, ph type: 0, voip: 0, mAurisysScenario: 1
09-01 13:51:51.003776   650  1474 D aurisys_utility: input dev: 0x80000004, fmt = 0x3, fs: 48000, max fs: 48000, ch: 2, max ch: 1, ch maks: 0x3, hw_info_mask: 0x0; output dev: 0x2, fmt = 0x3, fs: 48000, max fs: 48000, ch: 2, max ch: 2, ch maks: 0x3, hw_info_mask: 0x0; task_scene: 2, audio_mode: 0, stream_type: 5, output_flags: 0x6, input_source: 0, input_flags: 0x0; network_info: 0, enhancement_feature_mask: 0x0
09-01 13:51:51.003848   650  1474 D AudioUtility: setupCustomInfoStr(), custom_info = "SetAudioCustomScene=;", (scene = , vol_level = -1, bt_codec = -1)
09-01 13:51:51.004103   650  1474 D aurisys_utility: lib, working fs: 48000, fmt: 0x3, frame = 0, b_interleave = 1, num_ul_ref_buf_array = 0, num_dl_ref_buf_array = 0
09-01 13:51:51.004122   650  1474 D aurisys_utility: dl in[type:2], ch: 2, ch_mask: 0x3, buf fs: 48000, buf content fs: 48000, fmt: 0x3; dl out[type:3], ch: 2, ch_mask: 0x3, buf fs: 48000, buf content fs: 48000, fmt: 0x3
09-01 13:51:51.005806   650  1474 D android.hardware.audio.service.mediatek: get_custom_info_value(), cusom_info = SetAudioCustomScene=;, key= SetAudioCustomScene, ret = 0, ptr = 0x6d15c667e0, value_str = , max_value_str_leng = 20
09-01 13:51:51.007096   650  1474 D AudioCompFltCustParam: audioHierarchicalParamEnable [1]
09-01 13:51:51.007164   650  1474 D AudioCompFltCustParam: getPlaybackPostProcessParameterFromXML Type/Name [5]/[PlaybackDRC]
09-01 13:51:51.007551   650  1474 D AudioCompFltCustParam: Load from scene Scene,Default,Volume type,Music
09-01 13:51:51.008163   650  1474 D AudioCompFltCustParam: audioHierarchicalParamEnable [1]
09-01 13:51:51.008227   650  1474 D AudioCompFltCustParam: getPlaybackPostProcessParameterFromXML Type/Name [0]/[PlaybackACF]
09-01 13:51:51.008363   650  1474 D AudioCompFltCustParam: Load from scene Scene,Default,Volume type,Music,Profile,Speaker
09-01 13:51:51.008569   650  1474 D AudioCompFltCustParam: audioHierarchicalParamEnable [1]
09-01 13:51:51.008589   650  1474 D AudioCompFltCustParam: getPlaybackPostProcessParameterFromXML Type/Name [6]/[PlaybackDRC]
09-01 13:51:51.008627   650  1474 D AudioCompFltCustParam: Load from scene Scene,Default,Volume type,Ring
09-01 13:51:51.008742   650  1474 D AudioCompFltCustParam: audioHierarchicalParamEnable [1]
09-01 13:51:51.008755   650  1474 D AudioCompFltCustParam: getPlaybackPostProcessParameterFromXML Type/Name [8]/[PlaybackACF]
09-01 13:51:51.008785   650  1474 D AudioCompFltCustParam: Load from scene Scene,Default,Volume type,Music,Profile,Speaker
09-01 13:51:51.008846   650  1474 D aurisys_lib_handler: aurisys_arsi_parsing_param_file(), gProductInfo "platform=MT6765,device=HLTE241E,model=Hisense E50i", file_path "/vendor/etc/audio_param", enhancement_mode 0, param_buf_size 2528, data_size 2528, custom_info SetAudioCustomScene=;
09-01 13:51:51.012019   650  1474 D aurisys_lib_handler: aurisys_arsi_create_handler(), lib_name mtk_bessound, 0xb400006e2b452820, memory_size 72724, arsi_handler 0xb400006fc3d163e0, retval 0x0
09-01 13:51:51.012114   650  1474 D aurisys_lib_handler: aurisys_arsi_create_handler(), arsi_query_process_unit_bytes, ul 0, dl 2048, retval 0
09-01 13:51:51.012197   650  1474 D aurisys_lib_manager: DL Lib, lib_name mtk_bessound, 0xb400006e2b452820, sample_rate: 48000 => 48000, num_channels: 2 => 2, audio_format: 0x3 => 0x3, interleave: 1 => 1, frame: 0 => 0
09-01 13:51:51.012862   650  1474 D aurisys_lib_manager: DL out, sample_rate: 48000 => 48000, num_channels: 2 => 2, audio_format: 0x3 => 0x4, interleave: 1 => 1, frame: 0 => 0
09-01 13:51:51.014680   650  1474 D AudioALSAHardwareResourceManager: +startOutputDevice(), new_devices = 0x2, mOutputDevices = 0x0, mStartOutputDevicesCount = 0 SampleRate = 48000
09-01 13:51:51.014852   650  1474 D AudioALSADeviceConfigManager: ApplyDeviceTurnonSequenceByName() DeviceName = speaker_output descriptor->DeviceStatusCounte = 0
09-01 13:51:51.016123   650  1474 D AudioALSADeviceConfigManager: ApplyDeviceTurnonSequenceByName() DeviceName = ext_speaker_output descriptor->DeviceStatusCounte = 0
09-01 13:51:51.025612   650  1474 D AudioALSAHardwareResourceManager: notifyOutputDeviceStatusChange(), device = 2, status = 0, sampleRate = 48000, mOpenSpeakerPathCount = 1
09-01 13:51:51.025690   650  1474 D AudioALSAStreamManager: speakerStatusChangeCb(), status = 0, sampleRate = 48000
09-01 13:51:51.025748   650  1474 D AudioALSAPlaybackHandlerBase: calThresTime mHalBufSizeSec[0.005333] af_thres[0.004267] haltres[0.002667] kernelres[0.006400]
09-01 13:51:51.025764   650  1474 D AudioALSAPlaybackHandlerNormal: -open()
09-01 13:51:51.026036   695  1141 D AudioFlinger_Threads: stream out write(0) process 36 ms
09-01 13:51:51.043807  3646  4207 W Bugle   : TextClassifierLibManagerImpl: Reclaiming memory at level: 40
09-01 13:51:51.047071   695  1141 D MtkAudioLoud: +close()
09-01 13:51:51.047152   695  1141 D MtkAudioLoud: mCustScene = , size = 65 len = 0
09-01 13:51:51.047187   695  1141 D MtkAudioLoud: loadParameter HIT Cache Type [5], Scene []
09-01 13:51:51.048464   695  1141 D MtkAudioLoud: mIsZeroCoeff 1 mFilterType 5
09-01 13:51:51.048528   695  1141 D MtkAudioLoud: setParameter 533 mInitParam.Initial_State 2
09-01 13:51:51.048539   695  1141 D MtkAudioLoud: +open()
09-01 13:51:51.051187   695  1141 D MtkAudioLoud: -open() result 0
09-01 13:51:51.051268   695  1141 D MtkAudioLoud: +change2Normal()
09-01 13:51:51.051283   695  1141 D MtkAudioLoud: -change2Normal()
09-01 13:51:51.051656   650   750 I AudioALSAStreamOut: updateSourceMetadata(), do nothing source_metadata = 0x6d27dcfe78
09-01 13:51:51.051791   695  1141 D AudioFlinger_Threads: 0xb4000072370f4a40:threadLoop_write write data to hw, mixerStatus 2, muted count 141
09-01 13:51:51.052059   894  4352 D AudioTrack: getTimestamp_l(23): device stall time corrected using current time 93142585851
09-01 13:51:51.197951  2051  2156 I NearbyShared: BTConnStateMgr: tryReconnectProxy called without proxy because bluetoothAdapter is not enabled.
09-01 13:51:51.198823  2051  2156 W NearbyFastPair: NearbyDeviceManager: Failed to get profile proxy for 2 [CONTEXT service_id=265 ]
09-01 13:51:51.199524  2051  2156 I NearbyShared: BTConnStateMgr: tryReconnectProxy called without proxy because bluetoothAdapter is not enabled.
09-01 13:51:51.201769  2051  2156 W NearbyFastPair: NearbyDeviceManager: Failed to get profile proxy for 1 [CONTEXT service_id=265 ]
09-01 13:51:51.484257  2051  2156 I NearbyShared: BTConnStateMgr: tryReconnectProxy called without proxy because bluetoothAdapter is not enabled.
09-01 13:51:51.484763  2051  2156 W NearbyFastPair: NearbyDeviceManager: Failed to get profile proxy for 2 [CONTEXT service_id=265 ]
09-01 13:51:51.485100  2051  2156 I NearbyShared: BTConnStateMgr: tryReconnectProxy called without proxy because bluetoothAdapter is not enabled.
09-01 13:51:51.485415  2051  2156 W NearbyFastPair: NearbyDeviceManager: Failed to get profile proxy for 1 [CONTEXT service_id=265 ]
09-01 13:51:51.487055  2551  2551 I SetupWizard: [bor] Pausing wifi scanner.
09-01 13:51:51.914580   665  4355 D C2SoftMtkMp3Dec: EOS!
09-01 13:51:51.914736   665  4355 D C2MtkComponentStore: setIonUsage: usage 5, flags 65539, minAlign 0, heapMask 1024 for decoder and encoder.
09-01 13:51:51.915003   665  4355 D C2SoftMtkMp3Dec: Adding 529 samples at end.
09-01 13:51:52.171960   894  4352 D AudioTrack: stop(23): 0xf0ec1410, prior state:STATE_ACTIVE
09-01 13:51:52.172037   894  4352 D AudioTrack: stop(23): called with 67968 frames delivered
09-01 13:51:52.172061   894  4352 D AudioTrackShared: this(0xed280c10), mCblk(0xf0c30000), front(54272), mIsOut 1, interrupt() FUTEX_WAKE
09-01 13:51:52.172996   894  4352 D AudioTrack: stop(23): 0xf0ec1410 stop done
09-01 13:51:52.453707   695  1141 D AF::Track: getNextBuffer, track(0xb4000070a791b420) get null buffer, mState 2, mFillingUpStatus 3
09-01 13:51:52.486038   695  1141 D AudioFlinger_Threads: 0xb4000072370f4a40:threadLoop_write write muted data to hw, mixerStatus 0 start, mId 13, mBytesWritten 557056
09-01 13:51:52.519140   894  4352 D AudioTrack: pause(23): 0xf0ec1410, prior state:STATE_STOPPED
09-01 13:51:52.519872  1567  4331 V PlayerBase: baseStop() piid=159
09-01 13:51:52.520462  1274  1274 D AudioManager: dispatching onPlaybackConfigChanged()
09-01 13:51:52.521227  2051  2051 D AudioManager: dispatching onPlaybackConfigChanged()
09-01 13:51:52.521297  1274  1497 I MediaFocusControl: abandonAudioFocus() from uid/pid 10148/1567 clientId=android.media.AudioManager@4a48930
09-01 13:51:52.522028  1274  1314 D AudioManager: dispatching onPlaybackConfigChanged()
09-01 13:51:52.522180  2400  2400 D AudioManager: dispatching onPlaybackConfigChanged()
09-01 13:51:52.524367  1567  4331 V PlayerBase: baseRelease() piid=159 state=4
09-01 13:51:52.524590  1567  4331 V MediaPlayer: resetDrmState:  mDrmInfo=null mDrmProvisioningThread=null mPrepareDrmInProgress=false mActiveDrmScheme=false
09-01 13:51:52.524639  1567  4331 V MediaPlayer: cleanDrmObj: mDrmObj=null mDrmSessionId=null
09-01 13:51:52.524653  1567  4331 D MediaPlayer: _release native called
09-01 13:51:52.525046   894  4286 D NuPlayerDriver: reset(0xf0e80790) at state 6
09-01 13:51:52.525512  2051  2051 D AudioManager: dispatching onPlaybackConfigChanged()
09-01 13:51:52.526510  1274  1274 D AudioManager: dispatching onPlaybackConfigChanged()
09-01 13:51:52.526520  2400  2400 D AudioManager: dispatching onPlaybackConfigChanged()
09-01 13:51:52.527108   894  4352 D AudioTrack: pause(23): 0xf0ec1410, prior state:STATE_STOPPED
09-01 13:51:52.527254   894  4352 D AudioTrack: flush(23): 0xf0ec1410, prior state:STATE_STOPPED
09-01 13:51:52.527543   894  4352 D AudioTrack: stop(23): 0xf0ec1410, prior state:STATE_FLUSHED
09-01 13:51:52.527952  1274  1314 D AudioManager: dispatching onPlaybackConfigChanged()
09-01 13:51:52.528910   665  4355 D C2SoftMtkMp3Dec: onRelease()
09-01 13:51:52.529289   894  4354 I hw-BpHwBinder: onLastStrongRef automatically unlinking death recipients
09-01 13:51:52.529346   665  1453 I hw-BpHwBinder: onLastStrongRef automatically unlinking death recipients
09-01 13:51:52.529407   665  1453 D C2SoftMtkMp3Dec: onRelease()
09-01 13:51:52.533670   894  4337 D NuPlayerDriver: notifyResetComplete(0xf0e80790)
09-01 13:51:52.534662   894  4286 W AMessage: failed to post message as target looper for handler 0 is gone.
09-01 13:51:52.535116   894  4286 D AudioTrack: ~AudioTrack(23): 0xf0ec1410
09-01 13:51:52.535341   894  4286 D AudioTrack: ~AudioTrack(23): 0xf0ec1410, calling stop()
09-01 13:51:52.535378   894  4286 D AudioTrack: stop(23): 0xf0ec1410, prior state:STATE_FLUSHED
09-01 13:51:52.535395  1567  4331 D MediaPlayer: _release native finished
09-01 13:51:52.535425   894  4286 D AudioTrack: stopAndJoinCallbacks(23) done
09-01 13:51:52.555065   695  1141 D AudioTrackShared: this(0xb40000702790f990), mCblk(0x6f80f0b000), front(67968), mIsOut 1, setStreamEndDone() FUTEX_WAKE
09-01 13:51:52.555255   695  1141 D AudioFlinger_Threads: removeTracks_l(56): removing track on session 145
09-01 13:51:52.555294   695  1141 V AudioPolicyIntefaceImpl: stopOutput()
09-01 13:51:52.555321   695  1141 V AudioPolicyService: AudioCommandThread() adding stop output portId 23
09-01 13:51:52.556093   695  1141 V AudioPolicyIntefaceImpl: releaseOutput()
09-01 13:51:52.556103   695   937 V AudioPolicyService: AudioCommandThread() processing stop output portId 23
09-01 13:51:52.556155   695   937 V AudioPolicyIntefaceImpl: doStopOutput
09-01 13:51:52.556161   695  1141 V AudioPolicyService: AudioCommandThread() adding release output portId 23
09-01 13:51:52.556650   695   937 W AudioPolicyManagerCustomImpl: [MTK_APM_Route]setOutputDevices() mIoHandle 13 mId 1 device (0x2)(0x1 , 0x2 , 0x4 , 0x8 , 0x10 , 0x20 , 0x40 , 0x400 , 0x800 , 0x1000 , 0x4000 , 0x100000 , 0x4000000) delayMs 104 force 0 size 3
09-01 13:51:52.557668   650   750 I AudioALSAStreamOut: updateSourceMetadata(), do nothing source_metadata = 0x6d27dcfe78
09-01 13:51:52.559020   695   937 V AudioPolicyService: AudioCommandThread() processing release output portId 23
09-01 13:51:52.559114   695   937 V AudioPolicyIntefaceImpl: doReleaseOutput from tid 937
09-01 13:51:52.559144   695   937 D APM_AudioPolicyManager: [MTK_APM_Output]releaseOutput() 13 portId 23
09-01 13:51:52.561800   695   937 V AudioPolicyService: AudioCommandThread() adding routing update
09-01 13:51:52.561903   695   937 V AudioPolicyService: AudioCommandThread() processing routing update
09-01 13:51:52.569611   695  1141 D MtkAudioLoud: +close()
09-01 13:51:52.569671   695  1141 D MtkAudioLoud: -close()
09-01 13:51:52.787855  3086  3292 W Concurrent: Wake lock for tachyon:BootReceiver timed out before future completion
09-01 13:51:53.111978  4304  4349 W DynamiteModule: Local module descriptor class for com.google.android.gms.providerinstaller.dynamite not found.
09-01 13:51:53.126313  2051  2073 W ProviderHelper: Unknown dynamite feature providerinstaller.dynamite
09-01 13:51:53.130693  4304  4349 W ProviderInstaller: Failed to load providerinstaller module: No acceptable module com.google.android.gms.providerinstaller.dynamite found. Local version is 0 and remote version is 0.
09-01 13:51:53.138913  2051  2660 W SystemServiceRegistry: No service published for: contexthub
09-01 13:51:53.148009  2051  2660 W ctxmgr  : [UpdateFenceRegistrationOperation] Gesture nano app is not available. [CONTEXT service_id=47 ]
09-01 13:51:53.356368  4304  4349 V NativeCrypto: Registering com/google/android/gms/org/conscrypt/NativeCrypto's 295 native methods...
09-01 13:51:53.405756  4304  4349 I ProviderInstaller: Installed default security provider GmsCore_OpenSSL
09-01 13:51:53.462336  1274  1284 I system_server: Background concurrent copying GC freed 139176(5605KB) AllocSpace objects, 6(300KB) LOS objects, 20% free, 23MB/29MB, paused 266us,154us total 408.513ms
09-01 13:51:53.482559  2051  2242 W ctxmgr  : [UpdateFenceRegistrationOperation] Gesture nano app is not available. [CONTEXT service_id=47 ]
09-01 13:51:53.508391  2162  2212 I WM-WorkerWrapper: Worker result SUCCESS for Work [ id=b5181ba7-7b6e-4481-873c-8c314114e37c, tags={ com.google.apps.tiktok.contrib.work.TikTokListenableWorker, TikTokWorker#com.google.android.apps.wellbeing.autodnd.SettingsInjectionWorker } ]
09-01 13:51:53.552902  1274  1351 D AlarmManagerService: inside native alarm timerfd set Alarm Type = 2
09-01 13:51:53.606295  1274  2849 D AlarmManagerService: inside native alarm timerfd set Alarm Type = 2
09-01 13:51:53.606582  1274  2849 D AlarmManagerService: inside native alarm timerfd set Alarm Type = 2
09-01 13:51:53.739494  4304  4346 W System  : ClassLoader referenced unknown path: 
09-01 13:51:53.753157  4304  4346 W bscriptions.re: ClassLoaderContext type mismatch. expected=PCL, found=DLC (PCL[] | DLC[];PCL[/data/app/~~GHNQIgvAKly2G37Uu5rUZA==/com.google.android.apps.subscriptions.red-4oy8O0TQUMuvzAAlCP36fw==/base.apk*972574202:/data/app/~~GHNQIgvAKly2G37Uu5rUZA==/com.google.android.apps.subscriptions.red-4oy8O0TQUMuvzAAlCP36fw==/base.apk!classes2.dex*251167069:/data/app/~~GHNQIgvAKly2G37Uu5rUZA==/com.google.android.apps.subscriptions.red-4oy8O0TQUMuvzAAlCP36fw==/base.apk!classes3.dex*2805392946])
09-01 13:51:53.795236  1274  1497 D ConnectivityService: requestNetwork for uid/pid:10126/4304 activeRequest: null callbackRequest: 125 [NetworkRequest [ REQUEST id=126, [ Capabilities: INTERNET&NOT_RESTRICTED&TRUSTED&NOT_VCN_MANAGED Uid: 10126 RequestorUid: 10126 RequestorPkg: com.google.android.apps.subscriptions.red UnderlyingNetworks: Null] ]] callback flags: 0 order: 2147483647
09-01 13:51:53.796691  1274  1510 D ConnectivityService: NetReassign [126 : null → 100]
09-01 13:51:53.801172  1274  1503 D WifiNetworkFactory: got request NetworkRequest [ REQUEST id=126, [ Capabilities: INTERNET&NOT_RESTRICTED&TRUSTED&NOT_VCN_MANAGED Uid: 10126 RequestorUid: 10126 RequestorPkg: com.google.android.apps.subscriptions.red UnderlyingNetworks: Null] ]
09-01 13:51:53.801581  1274  1503 D UntrustedWifiNetworkFactory: got request NetworkRequest [ REQUEST id=126, [ Capabilities: INTERNET&NOT_RESTRICTED&TRUSTED&NOT_VCN_MANAGED Uid: 10126 RequestorUid: 10126 RequestorPkg: com.google.android.apps.subscriptions.red UnderlyingNetworks: Null] ]
09-01 13:51:53.802344  1274  1503 D OemPaidWifiNetworkFactory: got request NetworkRequest [ REQUEST id=126, [ Capabilities: INTERNET&NOT_RESTRICTED&TRUSTED&NOT_VCN_MANAGED Uid: 10126 RequestorUid: 10126 RequestorPkg: com.google.android.apps.subscriptions.red UnderlyingNetworks: Null] ]
09-01 13:51:53.803316  1274  1510 D ConnectivityService: NetReassign [no changes]
09-01 13:51:53.808372  4304  4346 I cr_CronetLibraryLoader: Cronet version: 103.0.5060.42, arch: aarch64
09-01 13:51:53.843392   643  4382 D resolv  : GetAddrInfoHandler::run: {100 262244 100 983140 10126 0}
09-01 13:51:53.843617   643  4382 D resolv  : resolv_getaddrinfo: explore_fqdn(): ai_family=0 ai_socktype=1 ai_protocol=6
09-01 13:51:53.845051   643  4383 D resolv  : doQuery: (1, 1)
09-01 13:51:53.845108   643  4383 D resolv  : res_nmkquery: (QUERY, IN, A)
09-01 13:51:53.845136   643  4383 D resolv  : res_nopt
09-01 13:51:53.845153   643  4383 D resolv  : res_nopt: ENDS0 DNSSEC
09-01 13:51:53.845184   643  4383 D resolv  : res_nsend
09-01 13:51:53.845207   643  4383 I resolv  : resolv_cache_lookup: lookup
09-01 13:51:53.845251   643  4383 I resolv  : resolv_cache_lookup: FOUND IN CACHE entry=0xb4000077b812ae90
09-01 13:51:53.845292   643  4383 D resolv  : doQuery: rcode=0, ancount=1
09-01 13:51:53.955955  3646  3744 I Bugle   : BroadcastReceiverAsyncWorkTracker: Acknowledging broadcast of aoyr@8d45de
09-01 13:51:53.956642  2396  2414 D CompatibilityChangeReporter: Compat change id reported: 150939131; UID 10151; state: ENABLED
09-01 13:51:53.958088  4261  4276 D CompatibilityChangeReporter: Compat change id reported: 150939131; UID 10124; state: ENABLED
09-01 13:51:53.966525  1736  1736 E SmsApplication: com.hmct.phoneclone does not have system signature
09-01 13:51:53.980746  1274  2849 D AlarmManagerService: inside native alarm timerfd set Alarm Type = 2
09-01 13:51:53.986929  1736  1736 E PhoneInterfaceManager: [PhoneIntfMgr] getCarrierPackageNamesForIntentAndPhone: No UICC
09-01 13:51:53.987212  1736  1736 D CarrierSvcBindHelper: No carrier app for: 0
09-01 13:51:53.998990  1567  1567 D fast_charge: BatteryTracker---->level--->1---plugType--->1---plugged--->true---health--->2---status--->2---technology--->Li-ion---voltage--->3667---temperature--->295
09-01 13:51:53.998775  3469  3469 D VideoPlayReceiver: isSwitch off
09-01 13:51:54.000861  1567  1567 I FlashlightTile: battery level = 1
09-01 13:51:54.002298  1567  1567 D KeyguardUpdateMonitor: received broadcast android.intent.action.BATTERY_CHANGED
09-01 13:51:54.004984  1274  1302 E system_server: No package ID 7f found for ID 0x7f08029d.
09-01 13:51:54.005770  1567  1567 D KeyguardUpdateMonitor: handleBatteryUpdate
09-01 13:51:54.006456  1736  1736 D ImsResolver: maybeAddedImsService, packageName: com.google.android.apps.docs
09-01 13:51:54.007632  1274  1442 I InputReader: Reconfiguring input devices, changes=KEYBOARD_LAYOUTS | 
09-01 13:51:54.008146  1274  1302 E system_server: No package ID 7f found for ID 0x7f1305a3.
09-01 13:51:54.008294  1274  1302 E system_server: No package ID 7f found for ID 0x7f1305a3.
09-01 13:51:54.008643  1274  1302 E system_server: No package ID 7f found for ID 0x7f080299.
09-01 13:51:54.014525  1274  1302 E system_server: No package ID 7f found for ID 0x7f1305a1.
09-01 13:51:54.015872  1274  1302 E system_server: No package ID 7f found for ID 0x7f1305a1.
09-01 13:51:54.016283  1274  1302 E system_server: No package ID 7f found for ID 0x7f08029b.
09-01 13:51:54.016471  1274  1302 E system_server: No package ID 7f found for ID 0x7f1305a2.
09-01 13:51:54.016556  1274  1302 E system_server: No package ID 7f found for ID 0x7f1305a2.
09-01 13:51:54.016879  1274  1302 W ShortcutService: Invalid tag 'capability' found at depth 2
09-01 13:51:54.017085  1274  1302 E ShortcutService: Ignoring excessive intent tag.
09-01 13:51:54.017269  1274  1302 W ShortcutService: Invalid tag 'parameter' found at depth 4
09-01 13:51:54.017434  1274  1302 W ShortcutService: Invalid tag 'capability' found at depth 2
09-01 13:51:54.017690  1274  1302 W ShortcutService: Invalid tag 'slice' found at depth 3
09-01 13:51:54.017874  1274  1302 W ShortcutService: Invalid tag 'url-template' found at depth 4
09-01 13:51:54.022552  1274  1497 D AlarmManagerService: inside native alarm timerfd set Alarm Type = 2
09-01 13:51:54.033952  1567  1567 D StatusBar: hideBlurBackground()
09-01 13:51:54.039361  2051  4386 I Fitness : OnPackageChangedOperation got intent: Intent { act=android.intent.action.PACKAGE_CHANGED dat=package:com.google.android.apps.docs flg=0x45000010 pkg=com.google.android.gms cmp=com.google.android.gms/.chimera.PersistentIntentOperationService (has extras) } [CONTEXT service_id=17 ]
09-01 13:51:54.088064  2263  3073 I Icing   : IndexChimeraService.getServiceInterface callingPackage=com.google.android.gms componentName=AppsCorpus serviceId=36
09-01 13:51:54.091812  2051  4386 I Fitness : FitCleanupIntentOperation received Intent android.intent.action.PACKAGE_CHANGED [CONTEXT service_id=17 ]
09-01 13:51:54.105262  2051  2143 W ChimeraUtils: Module com.google.android.gms.nearby_en has empty metadata display_name_string_id
09-01 13:51:54.112180   643  4397 D resolv  : GetAddrInfoHandler::run: {100 262244 100 983140 10126 0}
09-01 13:51:54.112838   643  4397 D resolv  : resolv_getaddrinfo: explore_fqdn(): ai_family=2 ai_socktype=1 ai_protocol=6
09-01 13:51:54.114788   643  4398 D resolv  : doQuery: (1, 1)
09-01 13:51:54.115391   643  4398 D resolv  : res_nmkquery: (QUERY, IN, A)
09-01 13:51:54.115573   643  4398 D resolv  : res_nopt
09-01 13:51:54.115657   643  4398 D resolv  : res_nopt: ENDS0 DNSSEC
09-01 13:51:54.115729   643  4398 D resolv  : res_nsend
09-01 13:51:54.115783   643  4398 I resolv  : resolv_cache_lookup: lookup
09-01 13:51:54.115858   643  4398 I resolv  : resolv_cache_lookup: FOUND IN CACHE entry=0xb4000077b812ae90
09-01 13:51:54.115930   643  4398 D resolv  : doQuery: rcode=0, ancount=1
09-01 13:51:54.120050  2102  2117 I PermissionControllerServiceImpl: Updating user sensitive for uid 10121
09-01 13:51:54.123419  2051  2143 W ChimeraUtils: Module com.google.android.gms.nearby_en has empty metadata display_name_string_id
09-01 13:51:54.125689  2051  2143 W ChimeraUtils: Module com.google.android.gms.nearby_en has empty metadata display_name_string_id
09-01 13:51:54.139026  2263  3017 W Icing   : No valid account for uploading user actions
09-01 13:51:54.147611  2263  3036 I Icing   : IndexChimeraService.getServiceInterface callingPackage=com.google.android.gms componentName=null serviceId=30
09-01 13:51:54.166625  2263  3017 I Icing   : Usage reports ok 0, Failed Usage reports 0, indexed 0, rejected 0
09-01 13:51:54.203205  2263  3017 W Icing   : No valid account for uploading user actions
09-01 13:51:54.211219  2263  3017 I Icing   : Usage reports ok 0, Failed Usage reports 0, indexed 0, rejected 0
09-01 13:51:54.213792  2263  3017 I Icing   : Indexing com.google.android.gms-apps from com.google.android.gms
09-01 13:51:54.227093  2263  3017 I Icing   : Indexing done com.google.android.gms-apps
09-01 13:51:54.381072  1274  1284 I system_server: Background young concurrent copying GC freed 79258(4345KB) AllocSpace objects, 9(1096KB) LOS objects, 18% free, 24MB/29MB, paused 397us,201us total 136.040ms
09-01 13:51:55.126386  1567  1567 D TileServices: Couldn't find tile for ComponentInfo{com.google.android.apps.wellbeing/com.google.android.apps.wellbeing.focusmode.quicksettings.FocusModeTileService}
09-01 13:51:55.333071   930   930 I thermal_repeater: [recvMdThermalInfo] ret=33, strLen=127,  2, 32767, -127, 111, 32767, 4046
09-01 13:51:55.386630  3646  4329 I Bugle   : BugleStartup: Registering SIM change receiver...
09-01 13:51:55.388854  3646  4329 I Bugle   : BugleStartup: Updating app config...
09-01 13:51:55.399598  3646  4329 I Bugle   : BugleStartup: Done with SIM change receiver & app config.
09-01 13:51:55.400056  3646  4329 I Bugle   : BugleStartup: Handling shared prefs upgrade & Load MMS Configuration...
09-01 13:51:55.431616  4210  4223 D CompatibilityChangeReporter: Compat change id reported: 150939131; UID 10115; state: ENABLED
09-01 13:51:55.462599   650   750 D AudioALSAStreamOut: standby(), flag 6
09-01 13:51:55.462693   650   750 D AudioALSAStreamOut: standbyStreamOut(), halRequest 0, mDestroy 0, flag 6
09-01 13:51:55.462741   650   750 D AudioALSAStreamOut: close(), flags 6
09-01 13:51:55.462772   650   750 D AudioALSAPlaybackHandlerNormal: +close(), flag = 6, mDevice = 0x2
09-01 13:51:55.462786   650   750 D AudioALSAHardwareResourceManager: +stopOutputDevice(), mOutputDevices = 0x2, mStartOutputDevicesCount = 1
09-01 13:51:55.462822   650   750 D AudioALSADeviceConfigManager: ApplyDeviceTurnoffSequenceByName(), DeviceName = ext_speaker_output descriptor->DeviceStatusCounter = 1
09-01 13:51:55.463432   650   750 D AudioALSADeviceConfigManager: ApplyDeviceTurnoffSequenceByName(), DeviceName = speaker_output descriptor->DeviceStatusCounter = 1
09-01 13:51:55.464029   650   750 D AudioALSAHardwareResourceManager: notifyOutputDeviceStatusChange(), device = 2, status = 1, sampleRate = 0, mOpenSpeakerPathCount = 0
09-01 13:51:55.464072   650   750 D AudioALSAStreamManager: speakerStatusChangeCb(), status = 1, sampleRate = 0
09-01 13:51:55.464866   650   750 D AudioALSAPlaybackHandlerBase: -closePcmDriver(), mPcm = 0x0
09-01 13:51:55.465000   650   750 D AudioALSAPlaybackHandlerNormal: SetLowJitterMode(), bypass low jitter mode, bEnable = 0, device = 0x2, SampleRate = 48000
09-01 13:51:55.465024   650   750 D AudioALSAPlaybackHandlerBase: DestroyAurisysLibManager()
09-01 13:51:55.465060   650   750 D aurisys_lib_handler: aurisys_arsi_destroy_handler(), lib_name mtk_bessound, 0xb400006e2b452820, arsi_destroy_handler, arsi_handler = 0xb400006fc3d163e0, retval = 0
09-01 13:51:55.465121  1736  1762 D Mms/Provider/MmsSms: query begin, uri = content://mms-sms/conversations?simple=true, selection = null
09-01 13:51:55.465176  1736  1762 D Mms/Provider/MmsSms: query begin, match = 0
09-01 13:51:55.465245   650   750 D aurisys_lib_manager: delete_aurisys_lib_manager(), manager 0xb400006dcb453f10
09-01 13:51:55.465724   650   750 D AudioALSAPlaybackHandlerBase: closeWavDump()
09-01 13:51:55.465873   650   750 D AudioALSAPlaybackHandlerNormal: -close()
09-01 13:51:55.485189  1736  1762 D Mms/Provider/MmsSms: get threads unread message count = 0
09-01 13:51:55.490113  1736  1762 D Mms/Provider/MmsSms: query end, count = 1
09-01 13:51:55.490368  3646  4410 I BugleRcsEngine: [91] bbdo.c: do not delay first event
09-01 13:51:55.494038  3646  4207 I BugleRcsEngine: [76] bbdo.c: SIM delay is not enabled
09-01 13:51:55.500773  3646  4207 W BugleRcsEngine: [76] bbdk.a: (Sim): process intent: android.intent.action.SIM_STATE_CHANGED
09-01 13:51:55.505542  3646  4329 I Bugle   : BugleStartup: Initializing RCS availability...
09-01 13:51:55.506856  3646  4410 I BugleRcsEngine: [91] bbdk.n: (Sim): Processing an intent
09-01 13:51:55.509280  3646  4207 W BugleRcsEngine: [76] bbdk.d: (Sim): Unexpected action: android.intent.action.ACTION_DEFAULT_DATA_SUBSCRIPTION_CHANGED
09-01 13:51:55.510531  3646  4207 W BugleRcsEngine: [76] bbdk.d: (Sim): Unexpected action: android.intent.action.ACTION_DEFAULT_VOICE_SUBSCRIPTION_CHANGED
09-01 13:51:55.513933  3646  4410 I BugleRcsEngine: [91] bbdk.P: (Sim): SIM state ABSENT
09-01 13:51:55.517042  3646  4410 I BugleRcsEngine: [91] bbdk.H: (Sim): Broadcasting Intent { act=com.google.android.ims.SIM_ABSENT }
09-01 13:51:55.521372  3646  3646 I Bugle   : SimChangeReceiver: action: com.google.android.ims.SIM_ABSENT
09-01 13:51:55.521800  3646  4329 I Bugle   : RcsAvailabilityUtilForProvisioningEngineV2: updateAvailabilityAsync, hint: NO_HINT
09-01 13:51:55.524504  1736  1762 D Mms/Provider/MmsSms: query begin, uri = content://mms-sms/canonical-address/1, selection = null
09-01 13:51:55.528830  3646  4329 I BugleRcs: RcsAvailabilityUpdaterRemote: postUpdateRcsAvailability, hint: NO_HINT
09-01 13:51:55.529612  3646  4329 I BugleRcs: RcsAvailabilityUpdaterRemote: updateRcsAvailabilityAsync, hint: NO_HINT
09-01 13:51:55.531650  3646  4410 I BugleRcsEngine: [91] bbdk.n: (Sim): Processing an intent
09-01 13:51:55.532329  3646  4329 I Bugle   : BugleStartup: Done with RCS availability.
09-01 13:51:55.532792  3646  4329 I Bugle   : BugleStartup: Done initializing with enabled individual init failures.
09-01 13:51:55.537870  3646  4410 I BugleRcsEngine: [91] bbdk.y: (Sim): Ignoring duplicate SIM state: ABSENT
09-01 13:51:55.538361  1736  1762 D Mms/Provider/MmsSms: query begin, match = 5
09-01 13:51:55.540298  3646  4207 I BugleRcs: RcsAvailabilityUpdaterRemote: updateRcsAvailabilityAsync, trivialAvailability: null
09-01 13:51:55.545564  3646  4328 W Bugle   : SubscriptionMetadataUtils get: invalid subId = -1
09-01 13:51:55.547120  1736  1762 D Mms/Provider/MmsSms: query end, count = 1
09-01 13:51:55.547335  3646  4328 W Bugle   : SubscriptionMetadataUtils get: invalid subId = -1
09-01 13:51:55.548715  3646  4328 W Bugle   : SubscriptionMetadataUtils get: invalid subId = -1
09-01 13:51:55.556753  3646  4328 W Bugle   : SubscriptionMetadataUtils get: invalid subId = -1
09-01 13:51:55.558871  3646  4328 W Bugle   : SubscriptionMetadataUtils get: invalid subId = -1
09-01 13:51:55.619837  3646  4207 I BugleRcs: RcsAvailabilityUpdaterRemote: getRcsAvailabilityFromSignupServiceAsync
09-01 13:51:55.628745  3646  4326 I RcsClientLib: Connecting SignupService
09-01 13:51:55.634096  1274  1497 D AlarmManagerService: inside native alarm timerfd set Alarm Type = 2
09-01 13:51:55.634754  1274  1497 D AlarmManagerService: inside native alarm timerfd set Alarm Type = 2
09-01 13:51:55.659177  3868  3916 I CarrierServices: [31] dyb.d: Received Provisioning Event: [Bugle information (100)]
09-01 13:51:55.674112  3868  3916 I CarrierServices: [31] dyb.d: JibeService is running, passing event to provisioning engine.
09-01 13:51:55.677112  3868  3916 I CarrierServices: [31] dhr.i: Handling Provisioning Event: [Bugle information (100)]
09-01 13:51:55.705998  3868  3916 I CarrierServices: [31] dia.b: RcsAvailabilityManager: Calculating Rcs Availability
09-01 13:51:55.732876  3646  4326 I RcsClientLib: shouldUseCarrierServicesJibeService: true, CarrierServices rcs service found: true
09-01 13:51:55.739577  3646  3646 I RcsClientLib: com.google.android.rcs.client.signup.SignupService connected
09-01 13:51:55.744805  3868  3916 I CarrierServices: [31] dkk.y: Bugle is default SMS app: true
09-01 13:51:55.767629  3868  3916 I CarrierServices: [31] dia.b: Bugle has minimum required RCS permissions: true
09-01 13:51:55.792731  3868  4401 I CarrierServices: [58] dia.b: RcsAvailabilityManager: Calculating Rcs Availability
09-01 13:51:55.810307   665  1374 D BufferPoolAccessor2.0: evictor expired: 1, evicted: 0
09-01 13:51:55.821410  3868  4401 I CarrierServices: [58] dkk.y: Bugle is default SMS app: true
09-01 13:51:55.823288  3868  3916 I CarrierServices: [31] dkk.x: Rcs is enabled from user settings: true
09-01 13:51:55.824262  3868  3916 W CarrierServices: [31] dly.b: No config URL. RCS not configured for dual-registration.
09-01 13:51:55.827233  3868  3916 I CarrierServices: [31] ehx.g: Checking if using CarrierServices.apk is possible. Enabled: true, isAtLeastM: true, runningInsideBugle: false
09-01 13:51:55.869548  3868  4401 I CarrierServices: [58] dia.b: Bugle has minimum required RCS permissions: true
09-01 13:51:55.889015  3868  3916 I CarrierServices: [31] dia.b: Config state is not ACCEPTED, provisioning still in progress
09-01 13:51:55.894866  3868  3916 I CarrierServices: [31] dia.b: RcsAvailabilityManager: Rcs Availability still DISABLED_SIM_ABSENT (RCS is disabled due to SIM absent)
09-01 13:51:55.895985  3646  4194 I BugleJobs: Icing index repair service is not scheduled. [CONTEXT class_name="IcingMonitoringUtils" ]
09-01 13:51:55.896500  3868  4401 I CarrierServices: [58] dkk.x: Rcs is enabled from user settings: true
09-01 13:51:55.897412  3868  4401 W CarrierServices: [58] dly.b: No config URL. RCS not configured for dual-registration.
09-01 13:51:55.908755  3868  4401 I CarrierServices: [58] ehx.g: Checking if using CarrierServices.apk is possible. Enabled: true, isAtLeastM: true, runningInsideBugle: false
09-01 13:51:55.918981  2496  2870 I GsaConfigFlagsSyncer: Flags already sync'ed.
09-01 13:51:55.940483  3646  4328 I BugleJobs: Starts to observe table change.
09-01 13:51:55.947773  3868  4401 I CarrierServices: [58] dia.b: Config state is not ACCEPTED, provisioning still in progress
09-01 13:51:55.949080  3868  4401 I CarrierServices: [58] dia.b: RcsAvailabilityManager: Rcs Availability still DISABLED_SIM_ABSENT (RCS is disabled due to SIM absent)
09-01 13:51:55.960884  3646  4326 I BugleRcs: RcsAvailabilityUpdaterRemote: updateRcsAvailabilityPostProcess, Get Updated RcsAvailability, RcsAvailability: DISABLED_SIM_ABSENT, SimId: redacted-pii[0-chars]
09-01 13:51:55.972173  3646  4326 I BugleRcs: RcsAvailabilityUpdaterRemote: updated datastore for rcs availability, simId: redacted-pii[0-chars], availability: DISABLED_SIM_ABSENT
09-01 13:51:55.987382  3646  4326 I RcsClientLib: Disconnecting SignupService
09-01 13:51:55.996072  3646  3717 I BugleRcs: RcsAvailabilityUpdaterRemote: postUpdateRcsAvailability : success updating RCS availability async
09-01 13:51:56.002581  3646  4324 I BugleRcsProvisioning: RcsProvisioningTrigger: onRcsAvailabilityUpdate : availability is updated to RCS is disabled due to SIM absent, lastAvailability is null, simId hash = -7793532730769076454, isPev3Enabled = false
09-01 13:51:56.005996   894  4286 D StagefrightMetadataRetriever: StagefrightMetadataRetriever()
09-01 13:51:56.006502   894  4286 D StagefrightMetadataRetriever: setDataSource(9, 0, 10687601)
09-01 13:51:56.007656   827   827 D DrmManagerService(Native): Entering DrmManagerService::openDecryptSession 1
09-01 13:51:56.008788   827   827 D drmserver: readBytes[8] FileHeader[]
09-01 13:51:56.018501  3086  3190 W DynamiteModule: Local module descriptor class for com.google.android.gms.providerinstaller.dynamite not found.
09-01 13:51:56.019826   888  4364 E libasf-parse: asf_parse_header: error object size 3617640015975117673 (< 30 or >= file_size 10687601)
09-01 13:51:56.024746  2051  3141 W ProviderHelper: Unknown dynamite feature providerinstaller.dynamite
09-01 13:51:56.032024   894  3006 D StagefrightMetadataRetriever: found color aspects : standard=1, transfer=3, range=2
09-01 13:51:56.033093   894  4286 D StagefrightMetadataRetriever: ~StagefrightMetadataRetriever()
09-01 13:51:56.034433   894  4286 D StagefrightMetadataRetriever: StagefrightMetadataRetriever()
09-01 13:51:56.034632   894  4286 D StagefrightMetadataRetriever: setDataSource(9, 0, 10687601)
09-01 13:51:56.035190   827   827 D DrmManagerService(Native): Entering DrmManagerService::openDecryptSession 1
09-01 13:51:56.035318   827   827 D drmserver: readBytes[8] FileHeader[]
09-01 13:51:56.035490  3086  3190 W ProviderInstaller: Failed to load providerinstaller module: No acceptable module com.google.android.gms.providerinstaller.dynamite found. Local version is 0 and remote version is 0.
09-01 13:51:56.044855   888  1379 E libasf-parse: asf_parse_header: error object size 3617640015975117673 (< 30 or >= file_size 10687601)
09-01 13:51:56.055264   894  3006 D StagefrightMetadataRetriever: found color aspects : standard=1, transfer=3, range=2
09-01 13:51:56.064734   894  4286 D StagefrightMetadataRetriever: ~StagefrightMetadataRetriever()
09-01 13:51:56.068755   894  4286 D StagefrightMetadataRetriever: StagefrightMetadataRetriever()
