09-01 13:51:39.429073  1736  1736 D OtaspSimStateReceiver: getIccRecordsLoaded: false for phone: 0
09-01 13:51:39.432522  1736  1736 I VvmSimStateTracker: android.telephony.action.CARRIER_CONFIG_CHANGED
09-01 13:51:39.432694  1736  1736 I VvmSimStateTracker: Received SIM change for invalid subscription id.
09-01 13:51:39.440757  3626  3626 V GraphicsEnvironment: ANGLE Developer option for 'com.debug.loggerui' set to: 'default'
09-01 13:51:39.441785  3626  3626 V GraphicsEnvironment: Neither updatable production driver nor prerelease driver is supported.
09-01 13:51:39.444291  3626  3626 D NetworkSecurityConfig: No Network Security Config specified, using platform default
09-01 13:51:39.445084  3626  3626 D NetworkSecurityConfig: No Network Security Config specified, using platform default
09-01 13:51:39.446326  2263  2263 D BoundBrokerSvc: onUnbind: Intent { act=com.google.android.mobstore.service.START pkg=com.google.android.gms }
09-01 13:51:39.451346  3626  3626 I DebugLoggerUI/MyApplication: -->onCreate()
09-01 13:51:39.456145   644   644 D Zygote  : Forked child process 3646
09-01 13:51:39.456525  3626  3626 I DebugLoggerUI/LogReceiver:  -->onReceive(), action=android.intent.action.BOOT_COMPLETED
09-01 13:51:39.459572  3626  3647 I DebugLoggerUI/LogConfig: -->checkConfig()
09-01 13:51:39.460126  3626  3647 I DebugLoggerUI: isTaglogEnable ? true
09-01 13:51:39.460541  3626  3647 I DebugLoggerUI/DebugLoggerUIServiceManager: Service is init!
09-01 13:51:39.475069  3626  3626 I DebugLoggerUI/DebugLoggerUIService: -->onCreate()
09-01 13:51:39.491535  3626  3626 I DebugLoggerUI/DebugLoggerUIService: Version name=6.1.0
09-01 13:51:39.491987  3626  3626 I DebugLoggerUI/ServiceStatusManager: statusChanged : ONCREATE_DONE, old status = null
09-01 13:51:39.492344  3626  3626 I DebugLoggerUI/ServiceStatusManager: mChannel is null or can not find!
09-01 13:51:39.493155  2228  2233 I adbd    : jdwp connection from 3646
09-01 13:51:39.494548  3626  3626 I DebugLoggerUI: isAutoTest()-> Monkey running flag is false, isUserAMonkey=false
09-01 13:51:39.495081  3626  3626 D CompatibilityChangeReporter: Compat change id reported: 160794467; UID 10082; state: ENABLED
09-01 13:51:39.496051  3626  3626 W DebugLoggerUI/ServiceStatusManager: showServiceNotification(), context = DebugLoggerUIService Init...
09-01 13:51:39.496004  3646  3646 D ProcessState: Binder ioctl to enable oneway spam detection failed: Invalid argument
09-01 13:51:39.499482  3626  3626 I DebugLoggerUI/DebugLoggerUIServiceManager: Service is init!
09-01 13:51:39.503089  3626  3626 I DebugLoggerUI/DebugLoggerUIService: -->onStartCommand()
09-01 13:51:39.503408  3626  3626 I DebugLoggerUI/LogConfig: -->checkConfig()
09-01 13:51:39.503806   644   644 D Zygote  : Forked child process 3663
09-01 13:51:39.504912  3626  3654 I DebugLoggerUI/DebugLoggerUIService:  mNativeStateHandler receive message, what=3, arg1=0, arg2=0
09-01 13:51:39.504981  3626  3654 I DebugLoggerUI/DebugLoggerUIService: initLogsForBootup(), mIsDoingInitLogs = false
09-01 13:51:39.506783  3626  3654 I DebugLoggerUI/DebugLoggerUIService: -->startRecording(), logTypeCluster=1, reason=boot
09-01 13:51:39.507376  3626  3654 I DebugLoggerUI/ServiceStatusManager: statusChanged : LOG_STARTING, old status = ONCREATE_DONE
09-01 13:51:39.508051  3626  3654 I DebugLoggerUI: isAutoTest()-> Monkey running flag is false, isUserAMonkey=false
09-01 13:51:39.508829  3626  3654 W DebugLoggerUI/ServiceStatusManager: showServiceNotification(), context = DebugLoggerUIService Starting log...
09-01 13:51:39.510817  3626  3666 I DebugLoggerUI/TagLog/LogFilesManager: -->checkDoFileManager
09-01 13:51:39.511298  3626  3666 I DebugLoggerUI: isTaglogEnable ? true
09-01 13:51:39.512412  3626  3665 I DebugLoggerUI/TagLog/TagLogManager: -->mTaglogManagerHandler msg.what = 8
09-01 13:51:39.512782  3626  3626 I DebugLoggerUI/ServiceStatusManager: statusChanged : ONSTARTCOMMAND_DONE, old status = LOG_STARTING
09-01 13:51:39.518500  3646  3646 D CompatibilityChangeReporter: Compat change id reported: 171979766; UID 10108; state: ENABLED
09-01 13:51:39.519849  3626  3669 W LogHandler/LogSocketConnection: Exception happens when connect to ABSTRACT socket server : com.mediatek.mdlogger.socket,retry as RESERVED
09-01 13:51:39.520766  3626  3669 W LogHandler/LogSocketConnection: Exception happens when connect to RESERVED socket server : com.mediatek.mdlogger.socket
09-01 13:51:39.526764  3626  3626 I DebugLoggerUI/ServiceStatusManager: getAllRunningLogTypes() runningTypes.Size = 1
09-01 13:51:39.527245  3626  3654 I LogHandler/AbstractLogInstance: -->executeCommand(), command = autostart=1, isWaitingResponse = false
09-01 13:51:39.527324  3626  3654 I LogHandler/AbstractLogConnection: sendToServer() mServerName = mobilelogd data = autostart=1
09-01 13:51:39.527801  3626  3673 I LogHandler/LogSocketConnection: SocketListenHandler receive message, what = 1
09-01 13:51:39.527874  3626  3626 I DebugLoggerUI: isAutoTest()-> Monkey running flag is false, isUserAMonkey=false
09-01 13:51:39.527918  3626  3673 I LogHandler/LogSocketConnection: Socket listen start
09-01 13:51:39.528626  3626  3626 W DebugLoggerUI/ServiceStatusManager: showServiceNotification(), context = Mobile Log is on.
09-01 13:51:39.530864  3626  3626 I DebugLoggerUI: isTaglogEnable ? true
09-01 13:51:39.533665   906   921 I MobileLogD: new client(24) connected!
09-01 13:51:39.535165  3626  3626 I DebugLoggerUI/DebugLoggerUIService: -->onBind()
09-01 13:51:39.536904  3626  3626 I DebugLoggerUI/DebugLoggerUIService: -->onStartCommand()
09-01 13:51:39.537139  3626  3665 W DebugLoggerUI/TagLog/DBManager: getNotCompleteTaglogList = null
09-01 13:51:39.538095  3626  3626 I DebugLoggerUI/ServiceStatusManager: statusChanged : ONSTARTCOMMAND_DONE, old status = ONSTARTCOMMAND_DONE
09-01 13:51:39.538842  3626  3665 I DebugLoggerUI/TagLog/TagLogManager: -->resumeTag(), no taglog need resume, just return!
09-01 13:51:39.539988  3626  3626 I DebugLoggerUI/ServiceStatusManager: getAllRunningLogTypes() runningTypes.Size = 1
09-01 13:51:39.541081  3626  3626 I DebugLoggerUI: isAutoTest()-> Monkey running flag is false, isUserAMonkey=false
09-01 13:51:39.542107  3626  3665 I DebugLoggerUI/TagLog/ExceptionMonitor: startExceptionMonitor is not running, start it!
09-01 13:51:39.542208  3626  3626 W DebugLoggerUI/ServiceStatusManager: showServiceNotification(), context = Mobile Log is on.
09-01 13:51:39.542960  3626  3665 I DebugLoggerUI/TagLog/ExceptionMonitor: Start file monitor for /data/aee_exp/file_tree.txt
09-01 13:51:39.544119  3626  3626 I DebugLoggerUI: isTaglogEnable ? true
09-01 13:51:39.544667  3626  3626 I DebugLoggerUI/DebugLoggerUIServiceManager: Bind to service successfully
09-01 13:51:39.545188  2228  2233 I adbd    : jdwp connection from 3663
09-01 13:51:39.545588  3626  3665 I DebugLoggerUI/TagLog/ExceptionMonitor: Start file monitor for /data/vendor/aee_exp/file_tree.txt
09-01 13:51:39.548135  3626  3704 I DebugLoggerUI/TagLog/TagLogManager: syncHistoryInfoToDB() : historyPath = /data/aee_exp/file_tree.txt
09-01 13:51:39.548847  3626  3705 I DebugLoggerUI/TagLog/TagLogManager: syncHistoryInfoToDB() : historyPath = /data/vendor/aee_exp/file_tree.txt
09-01 13:51:39.549210  3626  3704 W DebugLoggerUI/Utils: fileTree is null or does not exist!
09-01 13:51:39.549564  3626  3705 W DebugLoggerUI/Utils: fileTree is null or does not exist!
09-01 13:51:39.548215  3663  3663 D ProcessState: Binder ioctl to enable oneway spam detection failed: Invalid argument
09-01 13:51:39.550229  3626  3704 I DebugLoggerUI/TagLog/TagLogManager: no db infors at /data/aee_exp/file_tree.txt
09-01 13:51:39.551034  3626  3705 I DebugLoggerUI/TagLog/TagLogManager: no db infors at /data/vendor/aee_exp/file_tree.txt
09-01 13:51:39.570679  3663  3663 D CompatibilityChangeReporter: Compat change id reported: 171979766; UID 1000; state: DISABLED
09-01 13:51:39.578106  3626  3654 I LogHandler/AbstractLogInstance: -->executeCommand(), command = set_storage_path,/data, isWaitingResponse = true
09-01 13:51:39.578677   906   921 I MobileLogD: recv autostart=1 from 24
09-01 13:51:39.578723  3626  3654 I LogHandler/AbstractLogConnection: sendToServer() mServerName = mobilelogd data = set_storage_path,/data
09-01 13:51:39.714300   906   921 D MobileLogD: write autostart=1,1 to client 24 
09-01 13:51:39.714387   906   921 D MobileLogD: write to client over
09-01 13:51:39.714673   906   921 I MobileLogD: recv set_storage_path,/data from 24
09-01 13:51:39.715295  3626  3676 I LogHandler/AbstractLogConnection: setResponseFromServer() mServerName = mobilelogd serverData = autostart=1,1
09-01 13:51:39.724784  3646  3646 W .apps.messagin: Entry not found
09-01 13:51:39.725025   906   921 D MobileLogD: write set_storage_path,/data,1 to client 24 
09-01 13:51:39.725099   906   921 D MobileLogD: write to client over
09-01 13:51:39.725610  3626  3676 I LogHandler/AbstractLogConnection: setResponseFromServer() mServerName = mobilelogd serverData = set_storage_path,/data,1
09-01 13:51:39.727469  3646  3646 W .apps.messagin: Entry not found
09-01 13:51:39.729363  3626  3654 I LogHandler/AbstractLogInstance: getResponse, responseStr = set_storage_path,/data,1 and waiting time = 100
09-01 13:51:39.729578  3626  3654 I LogHandler/AbstractLogInstance: -->executeCommand(), command = deep_start, isWaitingResponse = true
09-01 13:51:39.729627  3626  3654 I LogHandler/AbstractLogConnection: sendToServer() mServerName = mobilelogd data = deep_start
09-01 13:51:39.729670  3646  3646 W .apps.messagin: Entry not found
09-01 13:51:39.737084  3646  3646 W .apps.messagin: JIT profile information will not be recorded: profile file does not exist.
09-01 13:51:39.738442  3646  3646 W .apps.messagin: JIT profile information will not be recorded: profile file does not exist.
09-01 13:51:39.738922  3646  3646 W .apps.messagin: JIT profile information will not be recorded: profile file does not exist.
09-01 13:51:39.747759  2930  3709 I Finsky  : [108] aelw.c(2): registerListener
09-01 13:51:39.749334  2930  3709 I Finsky  : [108] ivz.g(1): getDownloads()
09-01 13:51:39.758896  3646  3646 V GraphicsEnvironment: ANGLE Developer option for 'com.google.android.apps.messaging' set to: 'default'
09-01 13:51:39.759333  3646  3646 V GraphicsEnvironment: Neither updatable production driver nor prerelease driver is supported.
09-01 13:51:39.761533  3646  3646 D NetworkSecurityConfig: No Network Security Config specified, using platform default
09-01 13:51:39.761732  3663  3663 V GraphicsEnvironment: ANGLE Developer option for 'com.pri.factorytest' set to: 'default'
09-01 13:51:39.762035  3663  3663 V GraphicsEnvironment: Neither updatable production driver nor prerelease driver is supported.
09-01 13:51:39.762149  3646  3646 D NetworkSecurityConfig: No Network Security Config specified, using platform default
09-01 13:51:39.764913  3663  3663 D NetworkSecurityConfig: No Network Security Config specified, using platform default
09-01 13:51:39.765905  3663  3663 D NetworkSecurityConfig: No Network Security Config specified, using platform default
09-01 13:51:39.767781  3646  3646 I MultiDex: VM with version 2.1.0 has multidex support
09-01 13:51:39.768074  3646  3646 I MultiDex: Installing application
09-01 13:51:39.768155  3646  3646 I MultiDex: VM has multidex support, MultiDex support library is disabled.
09-01 13:51:39.771502  3150  3150 I Finsky:background: [2] mjz.onCreate(2): IPC-SERVER: Starting gRPC host service...
09-01 13:51:39.773410  2930  3709 I Finsky  : [108] rl.run(15): Initialized AssetModuleDownloader.
09-01 13:51:39.780296   906   921 I MobileLogD: recv deep_start from 24
09-01 13:51:39.783002  3150  3215 I Finsky:background: [35] itn.f(1): getDownloads()
09-01 13:51:39.783684   906   921 I MobileLogD: create dir /data/debuglogger/mobilelog/APLog_2022_0901_135139__2/
09-01 13:51:39.785091  3663  3663 D hw-ProcessState: Binder ioctl to enable oneway spam detection failed: Invalid argument
09-01 13:51:39.789827   906   921 I MobileLogD: log dir: /data/debuglogger/mobilelog/APLog_2022_0901_135139__2/
09-01 13:51:39.794409  3663  3663 I android_os_HwBinder: HwBinder: Starting thread pool for getting: vendor.mediatek.hardware.nvram@1.0::INvram/default
09-01 13:51:39.801584   682   682 D NVRAM   : NVM_GetLIDByName /vendor/nvdata/APCFG/APRDEB/PRODUCT_INFO 
09-01 13:51:39.801769   682   682 D NVRAM   : NVRAM: NVM_GetLIDByName Lid =61 
09-01 13:51:39.801870   682   682 D NVRAM   : fail to open /sys/class/BOOT/BOOT/boot/boot_mode: 
09-01 13:51:39.801939   682   682 D NVRAM   : 61 is in new nvram partition!!!
09-01 13:51:39.801956   682   682 D NVRAM   : New NVRAM partition name is /dev/block/platform/bootdevice/by-name/proinfo.
09-01 13:51:39.802585   682   682 D NVRAM   : Read Done!Size is 59
09-01 13:51:39.802614   682   682 D NVRAM   : nvramstr buff[0]4b, buff[1]37, buff[2]33, buff[3]30, buff[4]32, buff[5]30, buff[6]37, buff[7]30, buff[8]35 
09-01 13:51:39.802808   682   682 D NVRAM   : nvramstr 4B37333032303730353030303236000000000000000000000000000000000000000000000000000000000000000000000000000000000000000000
09-01 13:51:39.802808   682   682 D NVRAM   : 
09-01 13:51:39.802822   682   682 D NVRAM   : 61 is in new nvram partition!!!
09-01 13:51:39.803632  3663  3663 D NvramUtils:  getNvramInfo buff=4B37333032303730353030303236000000000000000000000000000000000000000000000000000000000000000000000000000000000000000000
09-01 13:51:39.803927  3663  3663 W Utils   : PRODUCT_INFO:K7302070500026                                             
09-01 13:51:39.860509   906   921 I MobileLogD: update_folder_list total_sz: 32716821 limit_sz: 32727040 threshold: 10464256 folder count: 2
09-01 13:51:39.861896   906   921 I MobileLogD: set cur path: /data/debuglogger/mobilelog/APLog_2022_0901_135139__2/
09-01 13:51:39.862815   906   921 I MobileLogD: redirect to sdcard
09-01 13:51:39.863091   906  1073 I mobile_log_d: Read g_redirect_flag~
09-01 13:51:39.863203   906  1075 I mobile_log_d: change log path.
09-01 13:51:39.864427   906   921 D MobileLogD: write deep_start,1 to client 24 
09-01 13:51:39.864830   906   921 D MobileLogD: write to client over
09-01 13:51:39.864929   906  3718 I MobileLogD: create thread 3718 do copy dump
09-01 13:51:39.865056   906  3718 I MobileLogD: change ioprio, default:0,0
09-01 13:51:39.864907  3626  3676 I LogHandler/AbstractLogConnection: setResponseFromServer() mServerName = mobilelogd serverData = deep_start,1
09-01 13:51:39.865867   906  3718 I MobileLogD: dump /data/misc/mblog/inter_sd_folder
09-01 13:51:39.869231   906  1075 I mobile_log_d: current folder size limited is 32000 MB, factor is 6
09-01 13:51:39.869783   906  1075 I mobile_log_d: main_log, rotation size 94371840
09-01 13:51:39.870087   906  1075 I mobile_log_d: radio_log, rotation size 44040192
09-01 13:51:39.870326   906  1075 I mobile_log_d: events_log, rotation size 31457280
09-01 13:51:39.870556   906  1075 I mobile_log_d: sys_log, rotation size 31457280
09-01 13:51:39.870907   906  1075 I mobile_log_d: crash_log, rotation size 12582912
09-01 13:51:39.871194   906  1075 I mobile_log_d: kernel_log, rotation size 62914560
09-01 13:51:39.871492   906  1075 I mobile_log_d: atf_log, rotation size 62914560
09-01 13:51:39.871763   906  1075 I mobile_log_d: gz_log, rotation size 12582912
09-01 13:51:39.872039   906  1075 I mobile_log_d: bsp_log, rotation size 31457280
09-01 13:51:39.872289   906  1075 I mobile_log_d: scp_log, rotation size 18874368
09-01 13:51:39.872560   906  1075 I mobile_log_d: sspm_log, rotation size 18874368
09-01 13:51:39.880160  3626  3654 I LogHandler/AbstractLogInstance: getResponse, responseStr = deep_start,1 and waiting time = 100
09-01 13:51:39.929227  3646  3646 I bnlu    : SslGuard completed installation.
09-01 13:51:39.959137  3646  3722 W .apps.messagin: Accessing hidden field Ljava/util/Collections$SynchronizedCollection;->mutex:Ljava/lang/Object; (max-target-o, reflection, denied)
09-01 13:51:39.959553  3646  3722 W .apps.messagin: Accessing hidden method Ljava/util/Collections$SynchronizedSet;-><init>(Ljava/util/Set;Ljava/lang/Object;)V (max-target-o, reflection, denied)
09-01 13:51:39.959716  3646  3722 W .apps.messagin: Accessing hidden method Ljava/util/Collections$SynchronizedCollection;-><init>(Ljava/util/Collection;Ljava/lang/Object;)V (max-target-o, reflection, denied)
09-01 13:51:39.966543   906  3718 I MobileLogD: dump /data/misc/mblog/mblog_config
09-01 13:51:39.977339  3663  3663 D initTestItems: tws_cc is not  exists
09-01 13:51:39.983677  3663  3663 W System.err: android.content.pm.PackageManager$NameNotFoundException: com.endoscope.otgcamera
09-01 13:51:39.984196  3663  3663 W System.err: 	at android.app.ApplicationPackageManager.getApplicationInfoAsUser(ApplicationPackageManager.java:459)
09-01 13:51:39.984356  3663  3663 W System.err: 	at android.app.ApplicationPackageManager.getApplicationInfo(ApplicationPackageManager.java:448)
09-01 13:51:39.984435  3663  3663 W System.err: 	at com.pri.factorytest.util.Utils.hasComponentPkg(Utils.java:248)
09-01 13:51:39.984483  3663  3663 W System.err: 	at com.pri.factorytest.TestDataConfig.initTestItems(TestDataConfig.java:389)
09-01 13:51:39.984542  3663  3663 W System.err: 	at com.pri.factorytest.TestDataConfig.<init>(TestDataConfig.java:327)
09-01 13:51:39.984586  3663  3663 W System.err: 	at com.pri.factorytest.FactoryTestApplication.initTestDataConfig(FactoryTestApplication.java:78)
09-01 13:51:39.984656  3663  3663 W System.err: 	at com.pri.factorytest.FactoryTestApplication.onCreate(FactoryTestApplication.java:73)
09-01 13:51:39.984722  3663  3663 W System.err: 	at android.app.Instrumentation.callApplicationOnCreate(Instrumentation.java:1211)
09-01 13:51:39.984796  3663  3663 W System.err: 	at android.app.ActivityThread.handleBindApplication(ActivityThread.java:6798)
09-01 13:51:39.984840  3663  3663 W System.err: 	at android.app.ActivityThread.access$1700(ActivityThread.java:258)
09-01 13:51:39.984899  3663  3663 W System.err: 	at android.app.ActivityThread$H.handleMessage(ActivityThread.java:2123)
09-01 13:51:39.984979  3663  3663 W System.err: 	at android.os.Handler.dispatchMessage(Handler.java:106)
09-01 13:51:39.985052  3663  3663 W System.err: 	at android.os.Looper.loopOnce(Looper.java:201)
09-01 13:51:39.985095  3663  3663 W System.err: 	at android.os.Looper.loop(Looper.java:288)
09-01 13:51:39.985144  3663  3663 W System.err: 	at android.app.ActivityThread.main(ActivityThread.java:7924)
09-01 13:51:39.985186  3663  3663 W System.err: 	at java.lang.reflect.Method.invoke(Native Method)
09-01 13:51:39.985253  3663  3663 W System.err: 	at com.android.internal.os.RuntimeInit$MethodAndArgsCaller.run(RuntimeInit.java:568)
09-01 13:51:39.985312  3663  3663 W System.err: 	at com.android.internal.os.ZygoteInit.main(ZygoteInit.java:1045)
09-01 13:51:39.995918  3663  3663 I CameraManagerGlobal: Connecting to camera service
09-01 13:51:40.018320  3663  3663 D CameraManager:  pixelArraySize.width/heigh=8160  6144 minsuperzoomsize: 50000000
09-01 13:51:40.020711  3663  3663 D CameraManager:  pixelArraySize.width/heigh=3264  2448 minsuperzoomsize: 50000000
09-01 13:51:40.022818  3663  3663 D CameraManager:  pixelArraySize.width/heigh=1600  1200 minsuperzoomsize: 50000000
09-01 13:51:40.024393  3663  3663 D CameraManager:  pixelArraySize.width/heigh=1600  1200 minsuperzoomsize: 50000000
09-01 13:51:40.051380  3663  3663 W System.err: android.content.pm.PackageManager$NameNotFoundException: com.infisense.infiray
09-01 13:51:40.052025  3663  3663 W System.err: 	at android.app.ApplicationPackageManager.getApplicationInfoAsUser(ApplicationPackageManager.java:459)
09-01 13:51:40.052329  3663  3663 W System.err: 	at android.app.ApplicationPackageManager.getApplicationInfo(ApplicationPackageManager.java:448)
09-01 13:51:40.052532  3663  3663 W System.err: 	at com.pri.factorytest.util.Utils.hasComponentPkg(Utils.java:248)
09-01 13:51:40.052705  3663  3663 W System.err: 	at com.pri.factorytest.TestDataConfig.initTestItems(TestDataConfig.java:633)
09-01 13:51:40.052865  3663  3663 W System.err: 	at com.pri.factorytest.TestDataConfig.<init>(TestDataConfig.java:327)
09-01 13:51:40.053032  3663  3663 W System.err: 	at com.pri.factorytest.FactoryTestApplication.initTestDataConfig(FactoryTestApplication.java:78)
09-01 13:51:40.053198  3663  3663 W System.err: 	at com.pri.factorytest.FactoryTestApplication.onCreate(FactoryTestApplication.java:73)
09-01 13:51:40.053354  3663  3663 W System.err: 	at android.app.Instrumentation.callApplicationOnCreate(Instrumentation.java:1211)
09-01 13:51:40.053557  3663  3663 W System.err: 	at android.app.ActivityThread.handleBindApplication(ActivityThread.java:6798)
09-01 13:51:40.053721  3663  3663 W System.err: 	at android.app.ActivityThread.access$1700(ActivityThread.java:258)
09-01 13:51:40.053877  3663  3663 W System.err: 	at android.app.ActivityThread$H.handleMessage(ActivityThread.java:2123)
09-01 13:51:40.054011  3663  3663 W System.err: 	at android.os.Handler.dispatchMessage(Handler.java:106)
09-01 13:51:40.054138  3663  3663 W System.err: 	at android.os.Looper.loopOnce(Looper.java:201)
09-01 13:51:40.054267  3663  3663 W System.err: 	at android.os.Looper.loop(Looper.java:288)
09-01 13:51:40.054402  3663  3663 W System.err: 	at android.app.ActivityThread.main(ActivityThread.java:7924)
09-01 13:51:40.054531  3663  3663 W System.err: 	at java.lang.reflect.Method.invoke(Native Method)
09-01 13:51:40.054675  3663  3663 W System.err: 	at com.android.internal.os.RuntimeInit$MethodAndArgsCaller.run(RuntimeInit.java:568)
09-01 13:51:40.054802  3663  3663 W System.err: 	at com.android.internal.os.ZygoteInit.main(ZygoteInit.java:1045)
09-01 13:51:40.056653  3663  3663 I PrizeOrderReceiver: ------onReceive:Intent { act=android.intent.action.BOOT_COMPLETED flg=0x89000010 cmp=com.pri.factorytest/.PrizeOrderReceiver (has extras) }
09-01 13:51:40.070634  3663  3663 I android_os_HwBinder: HwBinder: Starting thread pool for getting: vendor.mediatek.hardware.nvram@1.0::INvram/default
09-01 13:51:40.072626   682   682 D NVRAM   : NVM_GetLIDByName /mnt/vendor/nvdata/APCFG/APRDEB/PRIZE_FACTORY_INFO 
09-01 13:51:40.072739   682   682 D NVRAM   : NVRAM: NVM_GetLIDByName Lid =79 
09-01 13:51:40.072807   682   682 D NVRAM   : fail to open /sys/class/BOOT/BOOT/boot/boot_mode: 
09-01 13:51:40.072833   682   682 D NVRAM   : 79 is in new nvram partition!!!
09-01 13:51:40.072845   682   682 D NVRAM   : New NVRAM partition name is /dev/block/platform/bootdevice/by-name/proinfo.
09-01 13:51:40.073554   682   682 D NVRAM   : Read Done!Size is 91
09-01 13:51:40.073604   682   682 D NVRAM   : nvramstr buff[0]4b, buff[1]37, buff[2]33, buff[3]30, buff[4]32, buff[5]30, buff[6]37, buff[7]30, buff[8]35 
09-01 13:51:40.073694   906  3718 I MobileLogD: dump /data/misc/mblog/mblog_history
09-01 13:51:40.073786   682   682 D NVRAM   : nvramstr 4B373330323037303530303032360000000000000000000000000000000000000000000000000000000000000050000050000050505000000000000050500000000000005050505000000000000000000000000000000000000050
09-01 13:51:40.073786   682   682 D NVRAM   : 
09-01 13:51:40.073800   682   682 D NVRAM   : 79 is in new nvram partition!!!
09-01 13:51:40.074864   682   682 D NVRAM   : NVM_GetLIDByName /mnt/vendor/nvdata/APCFG/APRDEB/PRIZE_FACTORY_INFO 
09-01 13:51:40.074958   682   682 D NVRAM   : NVRAM: NVM_GetLIDByName Lid =79 
09-01 13:51:40.075033   682   682 D NVRAM   : fail to open /sys/class/BOOT/BOOT/boot/boot_mode: 
09-01 13:51:40.075058   682   682 D NVRAM   : 79 is in new nvram partition!!!
09-01 13:51:40.075068   682   682 D NVRAM   : New NVRAM partition name is /dev/block/platform/bootdevice/by-name/proinfo.
09-01 13:51:40.075155   682   682 D NVRAM   : RecNum is :1
09-01 13:51:40.077726   682   682 D NVRAM   : 79 is in new nvram partition!!!
09-01 13:51:40.077861   682   682 D NVRAM   : close File error!
09-01 13:51:40.078411  3663  3663 D NvramUtils: write /mnt/vendor/nvdata/APCFG/APRDEB/PRIZE_FACTORY_INFO reslut:true
09-01 13:51:40.081213  3663  3663 I android_os_HwBinder: HwBinder: Starting thread pool for getting: vendor.mediatek.hardware.nvram@1.0::INvram/default
09-01 13:51:40.082008   682   682 D NVRAM   : NVM_GetLIDByName /mnt/vendor/nvdata/APCFG/APRDEB/PRIZE_FACTORY_INFO 
09-01 13:51:40.082111   682   682 D NVRAM   : NVRAM: NVM_GetLIDByName Lid =79 
09-01 13:51:40.082179   682   682 D NVRAM   : fail to open /sys/class/BOOT/BOOT/boot/boot_mode: 
09-01 13:51:40.082204   682   682 D NVRAM   : 79 is in new nvram partition!!!
09-01 13:51:40.082215   682   682 D NVRAM   : New NVRAM partition name is /dev/block/platform/bootdevice/by-name/proinfo.
09-01 13:51:40.082590   682   682 D NVRAM   : Read Done!Size is 258
09-01 13:51:40.082615   682   682 D NVRAM   : nvramstr buff[0]4b, buff[1]37, buff[2]33, buff[3]30, buff[4]32, buff[5]30, buff[6]37, buff[7]30, buff[8]35 
09-01 13:51:40.082876   682   682 D NVRAM   : nvramstr 4B3733303230373035303030323600000000000000000000000000000000000000000000000000000000000000500000500000505050000000000000505000000000000050505050000000000000000000000000000000000000500000500000000000000000000000000000000000000000000000000000000000000000000000000000000000000000000000000000000000000000000000000000000000000000000000000000000000000000000000000000000000000000000000000000000000000000000000000000000000000000000000000000000000000000000000000000000000000000000000000000000000000000000000000000000000000000
09-01 13:51:40.082876   682   682 D NVRAM   : 
09-01 13:51:40.082894   682   682 D NVRAM   : 79 is in new nvram partition!!!
09-01 13:51:40.083545  3663  3663 D NvramUtils:  getNvramInfo buff=4B3733303230373035303030323600000000000000000000000000000000000000000000000000000000000000500000500000505050000000000000505000000000000050505050000000000000000000000000000000000000500000500000000000000000000000000000000000000000000000000000000000000000000000000000000000000000000000000000000000000000000000000000000000000000000000000000000000000000000000000000000000000000000000000000000000000000000000000000000000000000000000000000000000000000000000000000000000000000000000000000000000000000000000000000000000000000
09-01 13:51:40.084289  3663  3663 D tangan  : getInfoFromIndex s=
09-01 13:51:40.084827  3663  3663 W System.err: java.lang.NumberFormatException: For input string: ""
09-01 13:51:40.085194  3663  3663 W System.err: 	at java.lang.Integer.parseInt(Integer.java:627)
09-01 13:51:40.085331  3663  3663 W System.err: 	at java.lang.Integer.parseInt(Integer.java:650)
09-01 13:51:40.085413  3663  3663 W System.err: 	at com.pri.factorytest.PrizeOrderReceiver.onReceive(PrizeOrderReceiver.java:54)
09-01 13:51:40.085562  3663  3663 W System.err: 	at android.app.ActivityThread.handleReceiver(ActivityThread.java:4381)
09-01 13:51:40.085640  3663  3663 W System.err: 	at android.app.ActivityThread.access$1800(ActivityThread.java:258)
09-01 13:51:40.085704  3663  3663 W System.err: 	at android.app.ActivityThread$H.handleMessage(ActivityThread.java:2134)
09-01 13:51:40.085764  3663  3663 W System.err: 	at android.os.Handler.dispatchMessage(Handler.java:106)
09-01 13:51:40.085823  3663  3663 W System.err: 	at android.os.Looper.loopOnce(Looper.java:201)
09-01 13:51:40.085893  3663  3663 W System.err: 	at android.os.Looper.loop(Looper.java:288)
09-01 13:51:40.085950  3663  3663 W System.err: 	at android.app.ActivityThread.main(ActivityThread.java:7924)
09-01 13:51:40.086007  3663  3663 W System.err: 	at java.lang.reflect.Method.invoke(Native Method)
09-01 13:51:40.086064  3663  3663 W System.err: 	at com.android.internal.os.RuntimeInit$MethodAndArgsCaller.run(RuntimeInit.java:568)
09-01 13:51:40.086120  3663  3663 W System.err: 	at com.android.internal.os.ZygoteInit.main(ZygoteInit.java:1045)
09-01 13:51:40.099591  2189  2189 D TimerAlertReceiver: +++onReceive+++
09-01 13:51:40.100766  2189  2189 V mmm     : aaaaaaa
09-01 13:51:40.101074  2189  2189 V mmm     : cccccccc
09-01 13:51:40.121324   496  1608 I keystore2: keystore2::watchdog: Watchdog thread idle -> terminating. Have a great day.
09-01 13:51:40.126051   644   644 D Zygote  : Forked child process 3723
09-01 13:51:40.163786  2228  2233 I adbd    : jdwp connection from 3723
09-01 13:51:40.166256  3723  3723 D ProcessState: Binder ioctl to enable oneway spam detection failed: Invalid argument
09-01 13:51:40.175992   906  3718 I MobileLogD: dump /data/misc/mblog/bootup_file_tree
09-01 13:51:40.190645  3723  3723 D CompatibilityChangeReporter: Compat change id reported: 171979766; UID 1000; state: ENABLED
09-01 13:51:40.241187  3723  3723 V GraphicsEnvironment: ANGLE Developer option for 'com.android.dynsystem' set to: 'default'
09-01 13:51:40.241564  3723  3723 V GraphicsEnvironment: Neither updatable production driver nor prerelease driver is supported.
09-01 13:51:40.244130  3723  3723 D NetworkSecurityConfig: No Network Security Config specified, using platform default
09-01 13:51:40.244796  3723  3723 D NetworkSecurityConfig: No Network Security Config specified, using platform default
09-01 13:51:40.256751  3646  3646 I Bugle   : BugleApplicationBase: Bugle version: messages.android_20220809_01_rc02.phone_dynamic
09-01 13:51:40.259038  3646  3646 I Bugle   : DarkModeManager: setDarkMode: -1
09-01 13:51:40.263417  3608  3608 D IMSSE-JobManager: Schedule REGISTER_FCM_JOB_ID once has network connection.
09-01 13:51:40.263687  3608  3608 D IMSSE-TelephonyUtils: Can't find actived subscription for -1
09-01 13:51:40.267300  1274  1816 D ConnectivityService: requestNetwork for uid/pid:1000/1274 asUid: 10105 activeRequest: null callbackRequest: 93 [NetworkRequest [ REQUEST id=94, [ Capabilities: INTERNET&NOT_RESTRICTED&TRUSTED&NOT_VCN_MANAGED Uid: 10105 RequestorUid: 1000 RequestorPkg: android UnderlyingNetworks: Null] ]] callback flags: 0 order: 2147483647
09-01 13:51:40.269137  1274  1510 D ConnectivityService: NetReassign [94 : null → 100]
09-01 13:51:40.271814  3646  3717 W Bugle   : RestoreReceiver: Intent { act=android.telephony.action.CARRIER_CONFIG_CHANGED flg=0x15000010 cmp=com.google.android.apps.messaging/.shared.receiver.RestoreReceiver (has extras) }
09-01 13:51:40.273784   644   644 D Zygote  : Forked child process 3742
09-01 13:51:40.279225   906  3718 I MobileLogD: dump /proc/pl_lk
09-01 13:51:40.283395  1274  1503 D WifiNetworkFactory: got request NetworkRequest [ REQUEST id=94, [ Capabilities: INTERNET&NOT_RESTRICTED&TRUSTED&NOT_VCN_MANAGED Uid: 10105 RequestorUid: 1000 RequestorPkg: android UnderlyingNetworks: Null] ]
09-01 13:51:40.283673  1274  1503 D UntrustedWifiNetworkFactory: got request NetworkRequest [ REQUEST id=94, [ Capabilities: INTERNET&NOT_RESTRICTED&TRUSTED&NOT_VCN_MANAGED Uid: 10105 RequestorUid: 1000 RequestorPkg: android UnderlyingNetworks: Null] ]
09-01 13:51:40.283879  1274  1503 D OemPaidWifiNetworkFactory: got request NetworkRequest [ REQUEST id=94, [ Capabilities: INTERNET&NOT_RESTRICTED&TRUSTED&NOT_VCN_MANAGED Uid: 10105 RequestorUid: 1000 RequestorPkg: android UnderlyingNetworks: Null] ]
09-01 13:51:40.293367  3646  3743 I Bugle   : BroadcastReceiverAsyncWorkTracker: Acknowledging broadcast of com.google.android.apps.messaging.shared.receiver.RestoreReceiver@a3deac5
09-01 13:51:40.306197   644   644 D Zygote  : Forked child process 3745
09-01 13:51:40.311486  3608  3608 D IMSSE-FcmRegistrationService: initialize FirebaseApp
09-01 13:51:40.316484  3608  3608 W ComponentDiscovery: Class com.google.firebase.dynamicloading.DynamicLoadingRegistrar is not an found.
09-01 13:51:40.317683  2228  2233 I adbd    : jdwp connection from 3742
09-01 13:51:40.319467  3608  3608 I FirebaseApp: Device unlocked: initializing all Firebase APIs for app [DEFAULT]
09-01 13:51:40.328486  3742  3742 D ProcessState: Binder ioctl to enable oneway spam detection failed: Invalid argument
09-01 13:51:40.342962  1991  1991 D CellBroadcastReceiver: onReceive Intent { act=android.telephony.action.CARRIER_CONFIG_CHANGED flg=0x15000010 cmp=com.google.android.cellbroadcastreceiver/com.android.cellbroadcastreceiver.CellBroadcastReceiver (has extras) }
09-01 13:51:40.364079  3742  3742 D CompatibilityChangeReporter: Compat change id reported: 171979766; UID 1000; state: ENABLED
09-01 13:51:40.378695  2228  2233 I adbd    : jdwp connection from 3745
09-01 13:51:40.381966   906  3718 I MobileLogD: dump /proc/bootprof
09-01 13:51:40.380862  3745  3745 D ProcessState: Binder ioctl to enable oneway spam detection failed: Invalid argument
09-01 13:51:40.395171  3742  3742 V GraphicsEnvironment: ANGLE Developer option for 'com.android.dynsystem' set to: 'default'
09-01 13:51:40.395811  3742  3742 V GraphicsEnvironment: Neither updatable production driver nor prerelease driver is supported.
09-01 13:51:40.398280  3646  3741 I Bugle   : Initializing EmojiCompat
09-01 13:51:40.398381  3742  3742 D NetworkSecurityConfig: No Network Security Config specified, using platform default
09-01 13:51:40.398936  3742  3742 D NetworkSecurityConfig: No Network Security Config specified, using platform default
09-01 13:51:40.405033  3646  3741 I CarrierServices: [38] azce.b: Initializing Carrier Services Library.
09-01 13:51:40.406891  3745  3745 D CompatibilityChangeReporter: Compat change id reported: 171979766; UID 10036; state: ENABLED
09-01 13:51:40.412562  3742  3742 D DynamicSystemInstallationService: onStartCommand(): action=android.os.image.action.NOTIFY_IF_IN_USE
09-01 13:51:40.425334  2051  2156 E bchj    : Phenotype API error. Event # cyuq@fb62e503, EventCode: 5 [CONTEXT service_id=51 ]
09-01 13:51:40.425334  2051  2156 E bchj    : bcgl: 29501: Stale snapshot for com.google.android.apps.messaging.auto#com.google.android.apps.messaging(change count changed - expected 7  but was 5)
09-01 13:51:40.425334  2051  2156 E bchj    : 	at bcho.b(:com.google.android.gms@222615044@22.26.15 (190400-461192076):14)
09-01 13:51:40.425334  2051  2156 E bchj    : 	at bchm.g(:com.google.android.gms@222615044@22.26.15 (190400-461192076):0)
09-01 13:51:40.425334  2051  2156 E bchj    : 	at bchj.e(:com.google.android.gms@222615044@22.26.15 (190400-461192076):4)
09-01 13:51:40.425334  2051  2156 E bchj    : 	at bchj.f(:com.google.android.gms@222615044@22.26.15 (190400-461192076):2)
09-01 13:51:40.425334  2051  2156 E bchj    : 	at antj.en(:com.google.android.gms@222615044@22.26.15 (190400-461192076):1)
09-01 13:51:40.425334  2051  2156 E bchj    : 	at ahjx.run(:com.google.android.gms@222615044@22.26.15 (190400-461192076):12)
09-01 13:51:40.425334  2051  2156 E bchj    : 	at cfvf.run(:com.google.android.gms@222615044@22.26.15 (190400-461192076):2)
09-01 13:51:40.425334  2051  2156 E bchj    : 	at xot.c(:com.google.android.gms@222615044@22.26.15 (190400-461192076):6)
09-01 13:51:40.425334  2051  2156 E bchj    : 	at xot.run(:com.google.android.gms@222615044@22.26.15 (190400-461192076):7)
09-01 13:51:40.425334  2051  2156 E bchj    : 	at java.util.concurrent.ThreadPoolExecutor.runWorker(ThreadPoolExecutor.java:1167)
09-01 13:51:40.425334  2051  2156 E bchj    : 	at java.util.concurrent.ThreadPoolExecutor$Worker.run(ThreadPoolExecutor.java:641)
09-01 13:51:40.425334  2051  2156 E bchj    : 	at xty.run(:com.google.android.gms@222615044@22.26.15 (190400-461192076):0)
09-01 13:51:40.425334  2051  2156 E bchj    : 	at java.lang.Thread.run(Thread.java:920)
09-01 13:51:40.442881  2051  2156 W AsyncOperation: operation=CommitToConfigurationOperationCall, opStatusCode=29501 [CONTEXT service_id=51 ]
09-01 13:51:40.442881  2051  2156 W AsyncOperation: OperationException[Status{statusCode=Stale snapshot for com.google.android.apps.messaging.auto#com.google.android.apps.messaging(change count changed - expected 7  but was 5), resolution=null}]
09-01 13:51:40.442881  2051  2156 W AsyncOperation: 	at bchj.e(:com.google.android.gms@222615044@22.26.15 (190400-461192076):6)
09-01 13:51:40.442881  2051  2156 W AsyncOperation: 	at bchj.f(:com.google.android.gms@222615044@22.26.15 (190400-461192076):2)
09-01 13:51:40.442881  2051  2156 W AsyncOperation: 	at antj.en(:com.google.android.gms@222615044@22.26.15 (190400-461192076):1)
09-01 13:51:40.442881  2051  2156 W AsyncOperation: 	at ahjx.run(:com.google.android.gms@222615044@22.26.15 (190400-461192076):12)
09-01 13:51:40.442881  2051  2156 W AsyncOperation: 	at cfvf.run(:com.google.android.gms@222615044@22.26.15 (190400-461192076):2)
09-01 13:51:40.442881  2051  2156 W AsyncOperation: 	at xot.c(:com.google.android.gms@222615044@22.26.15 (190400-461192076):6)
09-01 13:51:40.442881  2051  2156 W AsyncOperation: 	at xot.run(:com.google.android.gms@222615044@22.26.15 (190400-461192076):7)
09-01 13:51:40.442881  2051  2156 W AsyncOperation: 	at java.util.concurrent.ThreadPoolExecutor.runWorker(ThreadPoolExecutor.java:1167)
09-01 13:51:40.442881  2051  2156 W AsyncOperation: 	at java.util.concurrent.ThreadPoolExecutor$Worker.run(ThreadPoolExecutor.java:641)
09-01 13:51:40.442881  2051  2156 W AsyncOperation: 	at xty.run(:com.google.android.gms@222615044@22.26.15 (190400-461192076):0)
09-01 13:51:40.442881  2051  2156 W AsyncOperation: 	at java.lang.Thread.run(Thread.java:920)
09-01 13:51:40.502745  3745  3745 V GraphicsEnvironment: ANGLE Developer option for 'com.android.managedprovisioning' set to: 'default'
09-01 13:51:40.503549  3745  3745 V GraphicsEnvironment: Neither updatable production driver nor prerelease driver is supported.
09-01 13:51:40.506573  3745  3745 D NetworkSecurityConfig: No Network Security Config specified, using platform default
09-01 13:51:40.507324  3745  3745 D NetworkSecurityConfig: No Network Security Config specified, using platform default
09-01 13:51:40.510074  3646  3741 I CarrierServices: [38] azce.a: Initializing Carrier Services Logging.
09-01 13:51:40.530797  3646  3741 I LogSaver: LogSaver new instance with filename: carrier_services
09-01 13:51:40.528000  3790  3790 W logcat  : type=1400 audit(0.0:217): avc: denied { read } for path="/proc/kmsg" dev="proc" ino=4026532081 scontext=u:r:dumpstate:s0 tcontext=u:object_r:proc_kmsg:s0 tclass=file permissive=0
09-01 13:51:40.531807  3745  3745 I CarUiInstaller: CarUiInstaller started for com.android.managedprovisioning
09-01 13:51:40.528000  3790  3790 W logcat  : type=1400 audit(0.0:218): avc: denied { read } for path="/proc/atf_log/atf_log" dev="proc" ino=4026532418 scontext=u:r:dumpstate:s0 tcontext=u:object_r:proc_atf_log:s0 tclass=file permissive=0
09-01 13:51:40.528000  3790  3790 W logcat  : type=1400 audit(0.0:219): avc: denied { read } for path="/proc/gz_log" dev="proc" ino=4026531982 scontext=u:r:dumpstate:s0 tcontext=u:object_r:proc_gz_log:s0 tclass=file permissive=0
09-01 13:51:40.528000  3790  3790 W logcat  : type=1400 audit(0.0:220): avc: denied { read } for path="/dev/scp" dev="tmpfs" ino=16117 scontext=u:r:dumpstate:s0 tcontext=u:object_r:scp_device:s0 tclass=chr_file permissive=0
09-01 13:51:40.528000  3790  3790 W logcat  : type=1400 audit(0.0:221): avc: denied { read } for path="/dev/sspm" dev="tmpfs" ino=17513 scontext=u:r:dumpstate:s0 tcontext=u:object_r:sspm_device:s0 tclass=chr_file permissive=0
09-01 13:51:40.528000  3790  3790 W logcat  : type=1400 audit(0.0:222): avc: denied { read append } for path="/data/debuglogger/mobilelog/APLog_2022_0901_135139__2/main_log_2022_0901_135139.curf" dev="dm-6" ino=28944 scontext=u:r:dumpstate:s0 tcontext=u:object_r:debuglog_data_file:s0 tclass=file permissive=0
09-01 13:51:40.528000  3790  3790 W logcat  : type=1400 audit(0.0:223): avc: denied { read append } for path="/data/debuglogger/mobilelog/APLog_2022_0901_135139__2/radio_log_2022_0901_135139.curf" dev="dm-6" ino=28945 scontext=u:r:dumpstate:s0 tcontext=u:object_r:debuglog_data_file:s0 tclass=file permissive=0
09-01 13:51:40.528000  3790  3790 W logcat  : type=1400 audit(0.0:224): avc: denied { read append } for path="/data/debuglogger/mobilelog/APLog_2022_0901_135139__2/events_log_2022_0901_135139.curf" dev="dm-6" ino=28946 scontext=u:r:dumpstate:s0 tcontext=u:object_r:debuglog_data_file:s0 tclass=file permissive=0
09-01 13:51:40.544565  3084  3354 D CompatibilityChangeReporter: Compat change id reported: 160794467; UID 10048; state: ENABLED
09-01 13:51:40.547084  1274  3606 D AlarmManagerService: inside native alarm timerfd set Alarm Type = 2
09-01 13:51:40.553074   906  3718 E MobileLogD: fread error! No such file or directory(2)
09-01 13:51:40.553309   906  3718 I MobileLogD: dump cmd:logcat -L
09-01 13:51:40.567670  3500  3500 D NetworkSecurityConfig: No Network Security Config specified, using platform default
09-01 13:51:40.568921  3084  3354 W IgniteDefaultLog: TID:100 -- [TaskManager] instance-igniteBroadcastTasks | dismiss: Found Task:268737234, Explicit Dismissal: false
09-01 13:51:40.573439  3500  3500 I MtpReceiver: handleUsbState configured=false connected=false mtpEnabled=true ptpEnabled=false unlocked=true
09-01 13:51:40.573803  3500  3500 I MtpReceiver: needStopMtpService() is true
09-01 13:51:40.580231  2051  3141 I FontLog : Updating from directory version 0 to 24 from disk [CONTEXT service_id=132 ]
09-01 13:51:40.580521  1736  1736 I VvmSimStateTracker: android.intent.action.BOOT_COMPLETED
09-01 13:51:40.581943  2051  3141 I FontLog : Received query Noto Color Emoji Compat, URI content://com.google.android.gms.fonts [CONTEXT service_id=132 ]
09-01 13:51:40.583995  1736  1736 D SprintRoamingSettingsReceiver: onReceive BOOT completed
09-01 13:51:40.587034  1736  1736 D SprintRoamingSettingsReceiver: Not Valid for this OP MCC/MNC, no handling further
09-01 13:51:40.588071  2051  3141 I FontLog : Query [Noto Color Emoji Compat] resolved to {Noto Color Emoji Compat, wdth 100.0, wght 400, ital 0.0, bestEffort false} [CONTEXT service_id=132 ]
09-01 13:51:40.590341  2051  2156 I FontLog : Using directory in FlatBuffer format [CONTEXT service_id=132 ]
09-01 13:51:40.595107  3646  3741 I BugleBackup: Registering preference change listener for "bugle".
09-01 13:51:40.606209  2051  3141 I FontLog : Fetch {Noto Color Emoji Compat, wdth 100.0, wght 400, ital 0.0, bestEffort false} end status Status{statusCode=SUCCESS, resolution=null} [CONTEXT service_id=132 ]
09-01 13:51:40.612374   644   644 D Zygote  : Forked child process 3795
09-01 13:51:40.615647  2051  3141 I FontLog : Pulling font file for id = 1, cache size = 1 [CONTEXT service_id=132 ]
09-01 13:51:40.636008  2051  3141 I FontLog : Pulling font file for id = 1, cache size = 1 [CONTEXT service_id=132 ]
09-01 13:51:40.658547  2228  2233 I adbd    : jdwp connection from 3795
09-01 13:51:40.663807  3795  3795 D ProcessState: Binder ioctl to enable oneway spam detection failed: Invalid argument
09-01 13:51:40.666832  3646  3739 W Bugle   : SubscriptionMetadataUtils get: invalid subId = -1
09-01 13:51:40.674182  3646  3739 I Bugle   : TelephonyManagerFactory: Returning per-subscription TelephonyManager (>= N) subscription{id:-1}
09-01 13:51:40.681259  3646  3739 W Bugle   : SubscriptionMetadataUtils get: invalid subId = -1
09-01 13:51:40.684420  3646  3739 W Bugle   : SubscriptionMetadataUtils get: invalid subId = -1
09-01 13:51:40.686933   906  3718 I MobileLogD: dump sys property.
09-01 13:51:40.687247  3646  3739 W Bugle   : SubscriptionMetadataUtils get: invalid subId = -1
09-01 13:51:40.688283   906  3718 I MobileLogD: This time need copy~~
09-01 13:51:40.688753   906  3718 I MobileLogD: file length: 33, offset-to-End: 33
09-01 13:51:40.688841   906  3718 I MobileLogD: copy item: boot_1__normal/
09-01 13:51:40.688864   906  3718 I MobileLogD: create dir /data/debuglogger/mobilelog/APLog_2022_0901_135139__2/boot__normal/
09-01 13:51:40.689004  3646  3739 W Bugle   : SubscriptionMetadataUtils get: invalid subId = -1
09-01 13:51:40.694024  3795  3795 D CompatibilityChangeReporter: Compat change id reported: 171979766; UID 10042; state: ENABLED
09-01 13:51:40.883482  3795  3795 V GraphicsEnvironment: ANGLE Developer option for 'com.android.providers.calendar' set to: 'default'
09-01 13:51:40.884057  3795  3795 V GraphicsEnvironment: Neither updatable production driver nor prerelease driver is supported.
09-01 13:51:40.886972  3795  3795 D NetworkSecurityConfig: No Network Security Config specified, using platform default
09-01 13:51:40.887731  3795  3795 D NetworkSecurityConfig: No Network Security Config specified, using platform default
09-01 13:51:40.887959   651  3131 D [BT]    : mtk_bt_op: BT_VND_OP_LPM_WAKE_SET_STATE
09-01 13:51:40.951245  3795  3795 I CalendarProvider2: Created com.android.providers.calendar.CalendarAlarmManager@99ff297(com.android.providers.calendar.CalendarProvider2@cce7c84)
09-01 13:51:40.964880  3795  3818 D CompatibilityChangeReporter: Compat change id reported: 160794467; UID 10042; state: ENABLED
09-01 13:51:40.977160  1274  1816 D AlarmManagerService: inside native alarm timerfd set Alarm Type = 2
09-01 13:51:40.982506   906  3718 I MobileLogD: copy_log: cp -r /data/log_temp/boot_1__normal/* /data/debuglogger/mobilelog/APLog_2022_0901_135139__2/boot__normal/
09-01 13:51:40.983164   906  3718 I MobileLogD: file length: 33, offset-to-End: 66
09-01 13:51:40.983321   906  3718 E MobileLogD: Required Item is out of bounds.
09-01 13:51:40.983443   906  3718 I MobileLogD: Can not read valid item ang more!
09-01 13:51:40.994020  1274  3606 D AlarmManagerService: inside native alarm timerfd set Alarm Type = 2
09-01 13:51:41.015941  3084  3792 I IgniteDefaultLog: TID:104 -- [ServerRequest]  createBaseRequest: WifiInfo Size: 1
09-01 13:51:41.028023   906  3718 I MobileLogD: copydump over
09-01 13:51:41.054807  1759  1759 D SimSelectNotification: onReceive, action=android.intent.action.BOOT_COMPLETED
09-01 13:51:41.068040  1759  1759 D CompatibilityChangeReporter: Compat change id reported: 160794467; UID 1000; state: ENABLED
09-01 13:51:41.119948  1759  3823 D ApnBootCompleteReceiver: cachedirectory is:+/data/cache
09-01 13:51:41.120929  1759  3823 D ApnBootCompleteReceiver: OTA done success and update APN Info
09-01 13:51:41.147543   644   644 D Zygote  : Forked child process 3824
09-01 13:51:41.174982  2228  2233 I adbd    : jdwp connection from 3824
09-01 13:51:41.178246  3824  3824 D ProcessState: Binder ioctl to enable oneway spam detection failed: Invalid argument
09-01 13:51:41.202579  3824  3824 D CompatibilityChangeReporter: Compat change id reported: 171979766; UID 2000; state: ENABLED
09-01 13:51:41.246604  3824  3824 V GraphicsEnvironment: ANGLE Developer option for 'com.android.shell' set to: 'default'
09-01 13:51:41.247092  3824  3824 V GraphicsEnvironment: Neither updatable production driver nor prerelease driver is supported.
09-01 13:51:41.249381  3824  3824 D NetworkSecurityConfig: No Network Security Config specified, using platform default
09-01 13:51:41.249950  3824  3824 D NetworkSecurityConfig: No Network Security Config specified, using platform default
09-01 13:51:41.266100  3824  3824 D HeapDumpReceiver: onReceive(): Intent { act=android.intent.action.BOOT_COMPLETED flg=0x89000010 cmp=com.android.shell/.HeapDumpReceiver (has extras) }
09-01 13:51:41.268232  3824  3842 D HeapDumpReceiver: Deleting from /data/user_de/0/com.android.shell/files/heapdumps
09-01 13:51:41.297275  2051  2067 W System  : A resource failed to call close. 
09-01 13:51:41.430071  3084  3354 I IgniteDefaultLog: TID:100 -- [LogiaDeckImplProcessor] onHandleEvent: Started with action: android.intent.action.BOOT_COMPLETED
09-01 13:51:41.437014  3084  3354 E IgniteDefaultLog: TID:100 -- AlarmUtils: scheduling exact alarm permitted
09-01 13:51:41.447674  1274  1816 D AlarmManagerService: inside native alarm timerfd set Alarm Type = 2
09-01 13:51:41.450911  1274  1816 D AlarmManagerService: inside native alarm timerfd set Alarm Type = 2
09-01 13:51:41.452971  3084  3354 I IgniteDefaultLog: TID:100 -- [LogiaDeckImplProcessor] DisplayIgniteVersionInfo onHandleEvent: VersionName: 8.4.128-5846 VersionCode: 80041280
09-01 13:51:41.467750  3084  3354 W IgniteDefaultLog: TID:100 -- [TaskManager] instance-igniteBroadcastTasks | dismiss: Found Task:43912440, Explicit Dismissal: false
09-01 13:51:41.474124   644   644 D Zygote  : Forked child process 3846
09-01 13:51:41.515926  2228  2233 I adbd    : jdwp connection from 3846
09-01 13:51:41.517807  3846  3846 D ProcessState: Binder ioctl to enable oneway spam detection failed: Invalid argument
09-01 13:51:41.521523  3646  3739 I BugleRcsProvisioning: BugleSystemBindingManager: onBuglePhenotypeFlagChanged
09-01 13:51:41.524471  3646  3739 I BugleRcsProvisioning: BugleSystemBindingManager: onCsLibPhenotypeUpdated
09-01 13:51:41.537741  3646  3739 I BugleRcsEngine: [36] aqay.b: SystemBindingManager: force P/H Flag update scheduled and start updateBinding
09-01 13:51:41.545989  3846  3846 D CompatibilityChangeReporter: Compat change id reported: 171979766; UID 10139; state: ENABLED
09-01 13:51:41.549176  2051  2051 D BoundBrokerSvc: onUnbind: Intent { act=com.google.android.gms.mdns.service.START dat=chimera-action:com.google.android.gms.mdns.service.START cmp=com.google.android.gms/.chimera.MdnsPersistentBoundBrokerService }
09-01 13:51:41.580169  3646  3717 I BugleRcsEngine: [31] aytw.run: SystemBindingManager: SystemBinding enabled: false
09-01 13:51:41.581856  3646  3812 I BugleRcsEngine: [45] aytx.b: System Binding updated
09-01 13:51:41.591901  3646  3741 W BugleAction: Null config in BugleSharedPrefs
09-01 13:51:41.592241  3646  3741 W BugleAction: Failed to get msisdn from Bugle
09-01 13:51:41.599943  3646  3739 W BugleRcsEngine: [36] balq.d: RcsProvisioningManager: ProvisioningEngineAdapter not found for SIM redacted-pii:sim_id[chars:0,last3:]
09-01 13:51:41.603419  3646  3862 W BugleRcsEngine: [47] bapt.b: No config URL. RCS not configured for dual-registration.
09-01 13:51:41.603860  3646  3739 I BugleDataModel: TransactionManagerImpl: tx:  ParticipantsColumnSetter#updatePhenotypeColumn  started
09-01 13:51:41.608467  3646  3741 I Bugle   : RcsAvailabilityUtilForProvisioningEngineV2: updateAvailabilityAsync, hint: NO_HINT
