09-01 13:52:03.108712  1274  1351 W WindowManager: Changing focus from Window{54bfdf6 u0 NotificationShade} to Window{3cfcf83 u0 com.android.launcher3/com.android.searchlauncher.SearchLauncher} displayId=0 Callers=com.android.server.wm.RootWindowContainer.updateFocusedWindowLocked:465 com.android.server.wm.WindowManagerService.updateFocusedWindowLocked:5893 com.android.server.wm.WindowManagerService.relayoutWindow:2520 com.android.server.wm.Session.relayout:235 
09-01 13:52:03.336755  1274  1274 W Looper  : Slow dispatch took 244ms main h=android.app.ActivityThread$H c=android.app.LoadedApk$ReceiverDispatcher$Args$$ExternalSyntheticLambda0@f2b50b8 m=0
09-01 13:52:03.348482  1274  1274 W Looper  : Slow delivery took 245ms main h=android.app.ActivityThread$H c=android.app.LoadedApk$ReceiverDispatcher$Args$$ExternalSyntheticLambda0@9c359f7 m=0
09-01 13:52:03.378096  1274  1274 W Looper  : Drained
09-01 13:52:03.522984  1274  1497 W ActivityManager: Background started FGS: Disallowed [callingPackage: com.system.weatherwidget; callingUid: 10067; uidState: CEM ; intent: Intent { cmp=com.system.weatherwidget/.WidgetService }; code:DENIED; tempAllowListReason:<null>; targetSdkVersion:30; callerTargetSdkVersion:30; startForegroundCount:0; bindFromPackage:null]
09-01 13:52:03.524669  1274  1303 I DropBoxManagerService: add tag=system_server_wtf isTagEnabled=true flags=0x2
09-01 13:52:03.530103  1274  1497 D CompatibilityChangeReporter: Compat change id reported: 170668199; UID 10067; state: DISABLED
09-01 13:52:03.536638  1274  1497 D CompatibilityChangeReporter: Compat change id reported: 168419799; UID 10067; state: DISABLED
09-01 13:52:03.551043  1274  1303 W DropBoxManagerService: Dropping: system_server_wtf (1212 > 0 bytes)
09-01 13:52:03.653283  1274  1497 W ActivityManager: Foreground service started from background can not have location/camera/microphone access: service com.system.weatherwidget/.WidgetService
09-01 13:52:03.658403  1274  1303 I ActivityManager: Deferring FGS notification in legacy app com.system.weatherwidget/u0a67 : Notification(channel=widget_notify_id shortcut=null contentView=null vibrate=null sound=null defaults=0x0 flags=0x58 color=0x00000000 vis=PRIVATE)
09-01 13:52:03.850566  1274  1601 D CompatibilityChangeReporter: Compat change id reported: 135634846; UID 10129; state: DISABLED
09-01 13:52:03.850892  1274  1601 D CompatibilityChangeReporter: Compat change id reported: 177438394; UID 10129; state: DISABLED
09-01 13:52:03.850999  1274  1601 D CompatibilityChangeReporter: Compat change id reported: 135772972; UID 10129; state: DISABLED
09-01 13:52:03.851079  1274  1601 D CompatibilityChangeReporter: Compat change id reported: 135754954; UID 10129; state: ENABLED
09-01 13:52:03.851736  1274  1304 D CompatibilityChangeReporter: Compat change id reported: 143937733; UID 10129; state: ENABLED
09-01 13:52:03.906034  1274  1304 W ActivityManager: Slow operation: 57ms so far, now at startProcess: returned from zygote!
09-01 13:52:03.906441  1274  1304 W ActivityManager: Slow operation: 57ms so far, now at startProcess: done updating battery stats
09-01 13:52:03.914536  1274  1304 W ActivityManager: Slow operation: 66ms so far, now at startProcess: building log message
09-01 13:52:03.914647  1274  1304 I ActivityManager: Start proc 4776:com.google.android.inputmethod.latin/u0a129 for service {com.google.android.inputmethod.latin/com.android.inputmethod.latin.LatinIME}
09-01 13:52:03.914688  1274  1304 W ActivityManager: Slow operation: 66ms so far, now at startProcess: starting to update pids map
09-01 13:52:03.921216  1274  1304 W ActivityManager: Slow operation: 72ms so far, now at startProcess: done updating pids map
09-01 13:52:03.969893  1274  1314 D DuraSpeed: The total CPU loading is 99.1%
09-01 13:52:04.099341  1274  2072 V ActivityManager: New death recipient com.android.server.am.ActivityManagerService$AppDeathRecipient@174ba43 for thread android.os.BinderProxy@aeba3f2
09-01 13:52:04.108032  1274  2072 D CompatibilityChangeReporter: Compat change id reported: 168419799; UID 10129; state: DISABLED
09-01 13:52:04.155437  1274  1314 D DuraSpeed: System unhealthy type: HEALTH_TYPE_CPU
09-01 13:52:04.155437  1274  1314 D DuraSpeed: Need release resource: 39.1%
09-01 13:52:04.155437  1274  1314 D DuraSpeed:   com.google.android.apps.subscriptions.red, appType: 0x0003, adj: 925, cpuLoading: 0.1%
09-01 13:52:04.155437  1274  1314 D DuraSpeed:   com.google.android.googlequicksearchbox, appType: 0x2803, adj: 0, cpuLoading: 1.6%
09-01 13:52:04.155437  1274  1314 D DuraSpeed:   com.google.android.apps.messaging, appType: 0x0003, adj: 700, cpuLoading: 0.0%
09-01 13:52:04.155437  1274  1314 D DuraSpeed:   com.android.vending, appType: 0x0003, adj: 915, cpuLoading: 0.0%
09-01 13:52:04.155437  1274  1314 D DuraSpeed:   com.google.android.apps.tachyon, appType: 0x0003, adj: 905, cpuLoading: 0.0%
09-01 13:52:04.155437  1274  1314 D DuraSpeed:   com.debug.loggerui, appType: 0x3103, adj: 200, cpuLoading: 0.0%
09-01 13:52:04.155437  1274  1314 D DuraSpeed:   com.google.android.dialer, appType: 0x2003, adj: 0, cpuLoading: 5.5%
09-01 13:52:04.155437  1274  1314 D DuraSpeed:   com.google.android.apps.nbu.files, appType: 0x0003, adj: 905, cpuLoading: 3.4%
09-01 13:52:04.155437  1274  1314 D DuraSpeed:   com.google.android.apps.docs, appType: 0x0003, adj: 935, cpuLoading: 0.0%
09-01 13:52:04.155437  1274  1314 D DuraSpeed:   com.google.android.apps.maps, appType: 0x0003, adj: 925, cpuLoading: 0.0%
09-01 13:52:04.155437  1274  1314 D DuraSpeed:   com.google.android.contacts, appType: 0x0003, adj: 250, cpuLoading: 4.3%
09-01 13:52:04.155437  1274  1314 D DuraSpeed:   com.google.android.apps.photos, appType: 0x0003, adj: 250, cpuLoading: 6.1%
09-01 13:52:04.155437  1274  1314 D DuraSpeed:   com.google.android.calendar, appType: 0x0003, adj: 905, cpuLoading: 2.2%
09-01 13:52:04.155437  1274  1314 D DuraSpeed:   com.android.settings, appType: 0x1003, adj: 945, cpuLoading: 0.0%
09-01 13:52:04.155437  1274  1314 D DuraSpeed:   com.google.android.apps.chromecast.app, appType: 0x0003, adj: 935, cpuLoading: 0.0%
09-01 13:52:04.155437  1274  1314 D DuraSpeed:   com.android.deskclock, appType: 0x0003, adj: 955, cpuLoading: 0.0%
09-01 13:52:04.155437  1274  1314 D DuraSpeed:   com.google.android.apps.youtube.music, appType: 0x0003, adj: 915, cpuLoading: 13.7%
09-01 13:52:04.171725  1274  1314 D DuraSpeed: CPU total released about: 0.0%
09-01 13:52:04.294001  2496  4811 D OpenMsyncAppList: loadTunerAppList + 
09-01 13:52:04.304690  2496  4811 D OpenMsyncAppList: loadTunerAppList - 
09-01 13:52:04.588050  1274  1351 D CompatibilityChangeReporter: Compat change id reported: 177438394; UID 10136; state: DISABLED
09-01 13:52:04.588255  1274  1351 D CompatibilityChangeReporter: Compat change id reported: 135772972; UID 10136; state: DISABLED
09-01 13:52:04.588394  1274  1351 D CompatibilityChangeReporter: Compat change id reported: 135754954; UID 10136; state: ENABLED
09-01 13:52:04.589676  1274  1304 D CompatibilityChangeReporter: Compat change id reported: 143937733; UID 10136; state: ENABLED
09-01 13:52:04.616811  1274  1304 I ActivityManager: Start proc 4834:com.google.android.gm/u0a136 for broadcast {com.google.android.gm/com.google.android.gm.GoogleMailDeviceStartupReceiver}
09-01 13:52:04.712299  1274  1820 V ActivityManager: New death recipient com.android.server.am.ActivityManagerService$AppDeathRecipient@1e2c60a for thread android.os.BinderProxy@ff4f675
09-01 13:52:04.716097  1274  1820 D CompatibilityChangeReporter: Compat change id reported: 168419799; UID 10136; state: DISABLED
09-01 13:52:04.774280  1274  2072 D CompatibilityChangeReporter: Compat change id reported: 183407956; UID 10107; state: ENABLED
09-01 13:52:04.775681  1274  1820 I ActivityTaskManager: START u0 {act=android.intent.action.MAIN cat=[android.intent.category.LAUNCHER] flg=0x10200000 pkg=com.google.android.dialer cmp=com.google.android.dialer/.extensions.GoogleDialtactsActivity bnds=[27,1316][160,1524]} from uid 1000
09-01 13:52:04.902202  1274  1820 W ActivityTaskManager: Can't find TaskDisplayArea to determine support for multi window. Task id=1025 attached=false
09-01 13:52:04.905987  1274  1820 D CompatibilityChangeReporter: Compat change id reported: 174042980; UID 10107; state: DISABLED
09-01 13:52:04.907297  1274  1820 D CompatibilityChangeReporter: Compat change id reported: 184838306; UID 10107; state: DISABLED
09-01 13:52:04.927665  1274  1820 D CompatibilityChangeReporter: Compat change id reported: 185004937; UID 10107; state: DISABLED
09-01 13:52:04.928926  1274  1820 D CompatibilityChangeReporter: Compat change id reported: 181136395; UID 10107; state: DISABLED
09-01 13:52:04.930855  1274  1820 D CompatibilityChangeReporter: Compat change id reported: 174042936; UID 10107; state: DISABLED
09-01 13:52:04.965654  1567  1652 D PhoneStartingWindowTypeAlgorithm: preferredStartingWindowType newTask:true taskSwitch:true processRunning:true allowTaskSnapshot:true activityCreated:false useEmptySplashScreen:false legacySplashScreen:false topIsHome:false
09-01 13:52:04.966434  1567  1652 D StartingSurfaceDrawer: addSplashScreen com.google.android.dialer theme=7f16020c task=1025 suggestType=1
09-01 13:52:04.967997  1274  1820 D DuraSpeed: onAppSwitched, packageName:com.google.android.dialer
09-01 13:52:04.990522  1567  1653 D StartingSurfaceDrawer: window attributes color: 0 icon null duration 0 brandImage null
09-01 13:52:05.031323  1274  1356 D AlarmManager: Package com.google.android.dialer for user 0 now in bucket 10
09-01 13:52:05.035461  1274  2849 W WindowManager: Changing focus from Window{3cfcf83 u0 com.android.launcher3/com.android.searchlauncher.SearchLauncher} to null displayId=0 Callers=com.android.server.wm.RootWindowContainer.updateFocusedWindowLocked:465 com.android.server.wm.WindowManagerService.updateFocusedWindowLocked:5893 com.android.server.wm.ActivityTaskManagerService.setResumedActivityUncheckLocked:4874 com.android.server.wm.Task.onActivityStateChanged:2269 
09-01 13:52:05.077549  1567  1653 D StartingSurfaceDrawer: FgMainColor=ffffffff BgMainColor=ff1870e8 IsBgComplex=false FromCache=false ThemeColor=ffffffff
09-01 13:52:05.077976  1567  1653 D StartingSurfaceDrawer: isRgbSimilarInHsv a: ffffffff b ff1870e8 contrast ratio: 4.644224
09-01 13:52:05.078509  1567  1653 D StartingSurfaceDrawer: hsvDiff -146 ah 0.0 bh 214.61539 as 0.0 bs 0.8965517 av 1.0 bv 0.9098039 sqH 0.6579012044859525 sqS 0.8038050014255447 sqV 0.008135331594591122 root 0.6999622698179496
09-01 13:52:05.078639  1567  1653 D StartingSurfaceDrawer: makeSplashScreenContentView: draw whole icon
09-01 13:52:05.136339  1567  1653 D StartingSurfaceDrawer: fillViewWithIcon surfaceWindowView android.window.SplashScreenView{fdc6c80 V.E...... ......ID 0,0-0,0}
09-01 13:52:05.713352  1274  1351 D CompatibilityChangeReporter: Compat change id reported: 135634846; UID 10114; state: DISABLED
09-01 13:52:05.713854  1274  1351 D CompatibilityChangeReporter: Compat change id reported: 177438394; UID 10114; state: DISABLED
09-01 13:52:05.714306  1274  1351 D CompatibilityChangeReporter: Compat change id reported: 135772972; UID 10114; state: DISABLED
09-01 13:52:05.718049  1274  1351 D CompatibilityChangeReporter: Compat change id reported: 135754954; UID 10114; state: ENABLED
09-01 13:52:05.718862  1274  1304 D CompatibilityChangeReporter: Compat change id reported: 143937733; UID 10114; state: ENABLED
09-01 13:52:05.752885  1274  1304 W ActivityManager: Slow operation: 51ms so far, now at startProcess: building log message
09-01 13:52:05.752978  1274  1304 I ActivityManager: Start proc 4884:com.google.android.gms.unstable/u0a114 for service {com.google.android.gms/com.google.android.gms.droidguard.DroidGuardService}
09-01 13:52:05.753014  1274  1304 W ActivityManager: Slow operation: 51ms so far, now at startProcess: starting to update pids map
09-01 13:52:05.753319  1274  1304 W ActivityManager: Slow operation: 51ms so far, now at startProcess: done updating pids map
09-01 13:52:05.841048  1274  1817 V ActivityManager: New death recipient com.android.server.am.ActivityManagerService$AppDeathRecipient@ecdb032 for thread android.os.BinderProxy@47e103d
09-01 13:52:05.995234  1274  2072 D CompatibilityChangeReporter: Compat change id reported: 168419799; UID 10115; state: DISABLED
09-01 13:52:06.020735  1274  3606 V SettingsProvider: packageValueForCallResult, name = user_setup_complete, value : Bundle[{_track_generation=android.util.MemoryIntArray@af, value=1, _generation_index=2, _generation=6}]
09-01 13:52:06.094787  1274  3606 V SettingsProvider: packageValueForCallResult, name = airplane_mode_on, value : Bundle[{_track_generation=android.util.MemoryIntArray@af, value=0, _generation_index=0, _generation=10}]
09-01 13:52:06.405641  1274  1356 D CompatibilityChangeReporter: Compat change id reported: 171306433; UID 10137; state: ENABLED
09-01 13:52:06.547153  1274  1497 V SettingsProvider: packageValueForCallResult, name = sqlite_compatibility_wal_flags, value : Bundle[{_track_generation=android.util.MemoryIntArray@af, value=, _generation_index=0, _generation=10}]
09-01 13:52:06.834959  3538  4948 D OpenMsyncAppList: loadTunerAppList + 
09-01 13:52:06.846714  3538  4948 D OpenMsyncAppList: loadTunerAppList - 
09-01 13:52:06.971609  1274  3606 W WindowManager: Changing focus from null to Window{8cf3523 u0 com.google.android.dialer/com.google.android.dialer.extensions.GoogleDialtactsActivity} displayId=0 Callers=com.android.server.wm.RootWindowContainer.updateFocusedWindowLocked:465 com.android.server.wm.WindowManagerService.updateFocusedWindowLocked:5893 com.android.server.wm.WindowManagerService.relayoutWindow:2520 com.android.server.wm.Session.relayout:235 
09-01 13:52:06.976699  1274  3606 I WindowManager: Relayout Window{8cf3523 u0 com.google.android.dialer/com.google.android.dialer.extensions.GoogleDialtactsActivity}: oldVis=4 newVis=0 focusMayChange = true requestedWidth = 720 requestedHeight = 1600 outFrames = ClientWindowFrames{frame=[0,0][720,1600] display=[0,0][720,1600] backdrop=[0,0][720,1600]} outSurfaceControl = Surface(name=com.google.android.dialer/com.google.android.dialer.extensions.GoogleDialtactsActivity)/@0x9171081
09-01 13:52:06.978570  1274  1295 D CompatibilityChangeReporter: Compat change id reported: 158002302; UID 10107; state: ENABLED
09-01 13:52:07.244599  1274  1293 I DropBoxManagerService: add tag=system_server_strictmode isTagEnabled=true flags=0x2
09-01 13:52:07.244737  1274  1293 W DropBoxManagerService: Dropping: system_server_strictmode (994 > 0 bytes)
09-01 13:52:07.513587  1567  1652 D StartingSurfaceDrawer: Task start finish, remove starting surface for task 1025
09-01 13:52:07.514161  1567  1652 V StartingSurfaceDrawer: Removing splash screen window for task: 1025
09-01 13:52:07.716592  1274  3606 D WindowManager: setParent old=ImeContainer@74660332,new=null,this window=WindowToken{da6e0e1 android.os.Binder@55ea48},callers=com.android.server.wm.WindowContainer.removeChild:598 com.android.server.wm.WindowContainer.removeImmediately:650 com.android.server.wm.WindowToken.setExiting:237 com.android.server.wm.DisplayContent.removeWindowToken:1179 com.android.server.wm.WindowManagerService.removeWindowToken:2935 com.android.server.inputmethod.InputMethodManagerService.unbindCurrentMethodLocked:2613 
09-01 13:52:07.765388  1274  3606 D CompatibilityChangeReporter: Compat change id reported: 168419799; UID 10129; state: DISABLED
09-01 13:52:08.084217  1274  1295 D WindowManager: setParent old=ActivityRecord{27e0c62 u0 com.google.android.dialer/.extensions.GoogleDialtactsActivity t1025},new=null,this window=Window{f2675dc u0 Splash Screen com.google.android.dialer},callers=com.android.server.wm.WindowContainer.removeChild:598 com.android.server.wm.ActivityRecord.removeChild:3779 com.android.server.wm.ActivityRecord.removeChild:365 com.android.server.wm.WindowContainer.removeImmediately:650 com.android.server.wm.WindowState.removeImmediately:2416 com.android.server.wm.WindowState.destroySurface:3541 
09-01 13:52:08.455282  1274  1601 V SettingsProvider: packageValueForCallResult, name = null, value : Bundle[{_track_generation=android.util.MemoryIntArray@af, value=null, _generation_index=0, _generation=10}]
09-01 13:52:08.786529  1274  1817 V SettingsProvider: packageValueForCallResult, name = prize_slide_screenshot, value : Bundle[{_track_generation=android.util.MemoryIntArray@af, value=1, _generation_index=3, _generation=8}]
09-01 13:52:09.727696  4776  5056 D OpenMsyncAppList: loadTunerAppList + 
09-01 13:52:09.755728  4776  5056 D OpenMsyncAppList: loadTunerAppList - 
09-01 13:52:09.774472  1274  1351 W ActivityTaskManager: Current config: {1.0 ?mcc?mnc [en_US] ldltr sw360dp w360dp h728dp 320dpi nrml long port finger -keyb/v/h -nav/h winConfig={ mBounds=Rect(0, 0 - 720, 1600) mAppBounds=Rect(0, 48 - 720, 1504) mMaxBounds=Rect(0, 0 - 720, 1600) mWindowingMode=fullscreen mDisplayWindowingMode=fullscreen mActivityType=undefined mAlwaysOnTop=undefined mRotation=ROTATION_0} as.2 s.13 fontWeightAdjustment=0} unchanged for IME proc com.google.android.inputmethod.latin
09-01 13:52:09.774939  1274  1351 W ActivityTaskManager: Current config: {1.0 ?mcc?mnc [en_US] ldltr sw360dp w360dp h728dp 320dpi nrml long port finger -keyb/v/h -nav/h winConfig={ mBounds=Rect(0, 0 - 720, 1600) mAppBounds=Rect(0, 48 - 720, 1504) mMaxBounds=Rect(0, 0 - 720, 1600) mWindowingMode=fullscreen mDisplayWindowingMode=fullscreen mActivityType=undefined mAlwaysOnTop=undefined mRotation=ROTATION_0} as.2 s.13 fontWeightAdjustment=0} unchanged for IME proc com.google.android.inputmethod.latin
09-01 13:52:10.626532  1274  1817 D CompatibilityChangeReporter: Compat change id reported: 135634846; UID 10119; state: DISABLED
09-01 13:52:10.627239  1274  1304 D CompatibilityChangeReporter: Compat change id reported: 143937733; UID 10119; state: ENABLED
09-01 13:52:10.647163  1274  1817 V SettingsProvider: packageValueForCallResult, name = haptic_feedback_enabled, value : Bundle[{_track_generation=android.util.MemoryIntArray@af, value=1, _generation_index=3, _generation=8}]
09-01 13:52:10.983456  1274  1304 W ActivityManager: Slow operation: 367ms so far, now at startProcess: returned from zygote!
09-01 13:52:10.983930  1274  1304 W ActivityManager: Slow operation: 368ms so far, now at startProcess: done updating battery stats
09-01 13:52:10.984789  1274  1304 W ActivityManager: Slow operation: 369ms so far, now at startProcess: building log message
09-01 13:52:10.984898  1274  1304 I ActivityManager: Start proc 5085:com.android.chrome/u0a119 for service {com.android.chrome/org.chromium.chrome.browser.customtabs.CustomTabsConnectionService}
09-01 13:52:10.984945  1274  1304 W ActivityManager: Slow operation: 369ms so far, now at startProcess: starting to update pids map
09-01 13:52:10.985336  1274  1304 W ActivityManager: Slow operation: 369ms so far, now at startProcess: done updating pids map
09-01 13:52:11.396443  1274  1289 V ActivityManager: New death recipient com.android.server.am.ActivityManagerService$AppDeathRecipient@8edf91e for thread android.os.BinderProxy@b77959
09-01 13:52:11.400745  1274  1289 D CompatibilityChangeReporter: Compat change id reported: 168419799; UID 10119; state: DISABLED
09-01 13:52:12.325093  1274  1817 D CompatibilityChangeReporter: Compat change id reported: 171306433; UID 10117; state: ENABLED
09-01 13:52:12.443543  1274  1816 D CompatibilityChangeReporter: Compat change id reported: 168419799; UID 10102; state: DISABLED
09-01 13:52:12.450512  1274  3606 V SettingsProvider: packageValueForCallResult, name = null, value : Bundle[{_track_generation=android.util.MemoryIntArray@af, value=null, _generation_index=0, _generation=10}]
09-01 13:52:12.642222  1274  1356 D AlarmManager: Package com.system.weatherwidget for user 0 now in bucket 10
09-01 13:52:12.689675  1274  1289 D CompatibilityChangeReporter: Compat change id reported: 135634846; UID 10106; state: DISABLED
09-01 13:52:12.689908  1274  1289 D CompatibilityChangeReporter: Compat change id reported: 177438394; UID 10106; state: DISABLED
09-01 13:52:12.690041  1274  1289 D CompatibilityChangeReporter: Compat change id reported: 135772972; UID 10106; state: DISABLED
09-01 13:52:12.690757  1274  1289 D CompatibilityChangeReporter: Compat change id reported: 135754954; UID 10106; state: ENABLED
09-01 13:52:12.691902  1274  1304 D CompatibilityChangeReporter: Compat change id reported: 143937733; UID 10106; state: ENABLED
09-01 13:52:12.852963  1274  1304 W ActivityManager: Slow operation: 164ms so far, now at startProcess: returned from zygote!
09-01 13:52:12.853885  1274  1304 W ActivityManager: Slow operation: 165ms so far, now at startProcess: done updating battery stats
09-01 13:52:12.854814  1274  1304 W ActivityManager: Slow operation: 166ms so far, now at startProcess: building log message
09-01 13:52:12.854887  1274  1304 I ActivityManager: Start proc 5137:com.google.android.onetimeinitializer/u0a106 for broadcast {com.google.android.onetimeinitializer/com.google.android.onetimeinitializer.OneTimeInitializerReceiver}
09-01 13:52:12.854923  1274  1304 W ActivityManager: Slow operation: 166ms so far, now at startProcess: starting to update pids map
09-01 13:52:12.857550  1274  1304 W ActivityManager: Slow operation: 168ms so far, now at startProcess: done updating pids map
09-01 13:52:13.023709  1274  1820 V ActivityManager: New death recipient com.android.server.am.ActivityManagerService$AppDeathRecipient@b993643 for thread android.os.BinderProxy@5248ff2
09-01 13:52:13.031909  1274  1820 D CompatibilityChangeReporter: Compat change id reported: 168419799; UID 10106; state: DISABLED
09-01 13:52:13.199688  1274  1817 I ActivityManager: com.google.android.packageinstaller is exempt from freezer
09-01 13:52:13.201953  1274  1817 D CompatibilityChangeReporter: Compat change id reported: 135634846; UID 10053; state: DISABLED
09-01 13:52:13.202340  1274  1817 D CompatibilityChangeReporter: Compat change id reported: 177438394; UID 10053; state: DISABLED
09-01 13:52:13.202567  1274  1817 D CompatibilityChangeReporter: Compat change id reported: 135772972; UID 10053; state: DISABLED
09-01 13:52:13.202975  1274  1817 D CompatibilityChangeReporter: Compat change id reported: 135754954; UID 10053; state: ENABLED
09-01 13:52:13.204270  1274  1304 D CompatibilityChangeReporter: Compat change id reported: 143937733; UID 10053; state: ENABLED
09-01 13:52:13.246455  1274  1304 I ActivityManager: Start proc 5159:com.google.android.packageinstaller/u0a53 for broadcast {com.google.android.packageinstaller/com.android.packageinstaller.TemporaryFileManager}
09-01 13:52:13.323974  1274  1817 V ActivityManager: New death recipient com.android.server.am.ActivityManagerService$AppDeathRecipient@d43fafa for thread android.os.BinderProxy@a572925
09-01 13:52:13.328539  1274  1817 D CompatibilityChangeReporter: Compat change id reported: 168419799; UID 10053; state: DISABLED
09-01 13:52:13.502817  1274  1820 D CompatibilityChangeReporter: Compat change id reported: 168419799; UID 10113; state: DISABLED
09-01 13:52:13.948651  1274  1314 D DuraSpeed: The total CPU loading is 99.2%
09-01 13:52:14.130810  1274  1289 W UriGrantsManagerService: No permission grants found for com.google.android.apps.photos
09-01 13:52:14.132135  1274  1817 W UriGrantsManagerService: No permission grants found for com.google.android.apps.photos
09-01 13:52:14.161285  1274  2072 V SettingsProvider: packageValueForCallResult, name = null, value : Bundle[{_track_generation=android.util.MemoryIntArray@af, value=null, _generation_index=2, _generation=6}]
09-01 13:52:14.183931  1274  1314 D DuraSpeed: System unhealthy type: HEALTH_TYPE_CPU
09-01 13:52:14.183931  1274  1314 D DuraSpeed: Need release resource: 39.2%
09-01 13:52:14.183931  1274  1314 D DuraSpeed:   com.google.android.apps.subscriptions.red, appType: 0x0003, adj: 935, cpuLoading: 0.0%
09-01 13:52:14.183931  1274  1314 D DuraSpeed:   com.google.android.apps.messaging, appType: 0x0003, adj: 700, cpuLoading: 1.4%
09-01 13:52:14.183931  1274  1314 D DuraSpeed:   com.android.vending, appType: 0x0003, adj: 905, cpuLoading: 0.1%
09-01 13:52:14.183931  1274  1314 D DuraSpeed:   com.google.android.gm, appType: 0x0003, adj: 915, cpuLoading: 0.0%
09-01 13:52:14.183931  1274  1314 D DuraSpeed:   com.google.android.apps.tachyon, appType: 0x2003, adj: 100, cpuLoading: 0.6%
09-01 13:52:14.183931  1274  1314 D DuraSpeed:   com.debug.loggerui, appType: 0x3003, adj: 200, cpuLoading: 0.0%
09-01 13:52:14.183931  1274  1314 D DuraSpeed:   com.google.android.dialer, appType: 0x2103, adj: 0, cpuLoading: 11.7%
09-01 13:52:14.183931  1274  1314 D DuraSpeed:   com.google.android.apps.nbu.files, appType: 0x0003, adj: 250, cpuLoading: 3.3%
09-01 13:52:14.183931  1274  1314 D DuraSpeed:   com.google.android.apps.docs, appType: 0x0003, adj: 945, cpuLoading: 0.0%
09-01 13:52:14.183931  1274  1314 D DuraSpeed:   com.google.android.apps.maps, appType: 0x0003, adj: 935, cpuLoading: 0.0%
09-01 13:52:14.183931  1274  1314 D DuraSpeed:   com.google.android.contacts, appType: 0x0003, adj: 915, cpuLoading: 0.1%
09-01 13:52:14.183931  1274  1314 D DuraSpeed:   com.android.chrome, appType: 0x0003, adj: 905, cpuLoading: 3.0%
09-01 13:52:14.183931  1274  1314 D DuraSpeed:   com.google.android.apps.photos, appType: 0x0003, adj: 250, cpuLoading: 2.6%
09-01 13:52:14.183931  1274  1314 D DuraSpeed:   com.google.android.calendar, appType: 0x0003, adj: 915, cpuLoading: 0.0%
09-01 13:52:14.183931  1274  1314 D DuraSpeed:   com.android.settings, appType: 0x1003, adj: 945, cpuLoading: 0.0%
09-01 13:52:14.183931  1274  1314 D DuraSpeed:   com.google.android.apps.chromecast.app, appType: 0x0003, adj: 935, cpuLoading: 0.0%
09-01 13:52:14.183931  1274  1314 D DuraSpeed:   com.android.deskclock, appType: 0x0003, adj: 965, cpuLoading: 0.0%
09-01 13:52:14.183931  1274  1314 D DuraSpeed:   com.google.android.apps.youtube.music, appType: 0x0003, adj: 925, cpuLoading: 0.0%
09-01 13:52:14.200186  1274  1314 D DuraSpeed: CPU total released about: 0.0%
09-01 13:52:14.364620  1274  1289 W UriGrantsManagerService: No permission grants found for com.google.android.apps.photos
09-01 13:52:14.366982  1274  1289 W UriGrantsManagerService: No permission grants found for com.google.android.apps.photos
09-01 13:52:14.783499  1274  1817 D CompatibilityChangeReporter: Compat change id reported: 135634846; UID 10135; state: DISABLED
09-01 13:52:14.783667  1274  1817 D CompatibilityChangeReporter: Compat change id reported: 177438394; UID 10135; state: DISABLED
09-01 13:52:14.783773  1274  1817 D CompatibilityChangeReporter: Compat change id reported: 135772972; UID 10135; state: DISABLED
09-01 13:52:14.783849  1274  1817 D CompatibilityChangeReporter: Compat change id reported: 135754954; UID 10135; state: ENABLED
09-01 13:52:14.784508  1274  1304 D CompatibilityChangeReporter: Compat change id reported: 143937733; UID 10135; state: ENABLED
09-01 13:52:14.820642  1274  1304 I ActivityManager: Start proc 5201:com.google.android.tts/u0a135 for broadcast {com.google.android.tts/androidx.work.impl.background.systemalarm.RescheduleReceiver}
09-01 13:52:14.964457  1274  1816 V ActivityManager: New death recipient com.android.server.am.ActivityManagerService$AppDeathRecipient@294d8f6 for thread android.os.BinderProxy@2211191
09-01 13:52:14.968132  1274  1816 D CompatibilityChangeReporter: Compat change id reported: 168419799; UID 10135; state: DISABLED
09-01 13:52:15.828519  1274  1817 D WindowManager: interceptKeyTq keycode=3 interactive=true keyguardActive=false policyFlags=2b000002 down =true canceled = false isWakeKey=false result = 1 useHapticFeedback = true isInjected = true
09-01 13:52:15.852825  1274  1820 D WindowManager: interceptKeyTq keycode=3 interactive=true keyguardActive=false policyFlags=2b000002 down =false canceled = false isWakeKey=false result = 1 useHapticFeedback = false isInjected = true
09-01 13:52:15.931849  1274  1291 D AutofillManagerService: Close system dialogs
09-01 13:52:15.938158  1274  1292 I ActivityTaskManager: START u0 {act=android.intent.action.MAIN cat=[android.intent.category.HOME] flg=0x10000100 cmp=com.android.launcher3/com.android.searchlauncher.SearchLauncher (has extras)} from uid 0
09-01 13:52:15.944292  1274  1292 D CompatibilityChangeReporter: Compat change id reported: 174042980; UID 1000; state: DISABLED
09-01 13:52:15.996210  1274  1292 W WindowManager: Changing focus from Window{8cf3523 u0 com.google.android.dialer/com.google.android.dialer.extensions.GoogleDialtactsActivity} to null displayId=0 Callers=com.android.server.wm.RootWindowContainer.updateFocusedWindowLocked:465 com.android.server.wm.WindowManagerService.updateFocusedWindowLocked:5893 com.android.server.wm.ActivityTaskManagerService.setResumedActivityUncheckLocked:4874 com.android.server.wm.ActivityRecord.moveFocusableActivityToTop:2824 
09-01 13:52:16.016124  1274  1292 D DuraSpeed: onAppSwitched, packageName:com.android.launcher3
09-01 13:52:16.031151  1274  1292 W Looper  : Slow dispatch took 157ms android.ui h=com.android.server.policy.PhoneWindowManager$PolicyHandler c=com.android.server.policy.PhoneWindowManager$DisplayHomeButtonHandler$$ExternalSyntheticLambda0@847f665 m=0
09-01 13:52:16.049551  1274  1816 I WindowManager: Relayout Window{f18d6a1 u0 com.android.launcher3/com.android.searchlauncher.SearchLauncher}: oldVis=8 newVis=0 focusMayChange = true requestedWidth = 720 requestedHeight = 1600 outFrames = ClientWindowFrames{frame=[0,0][720,1600] display=[0,0][720,1600] backdrop=[0,0][720,1600]} outSurfaceControl = Surface(name=com.android.launcher3/com.android.searchlauncher.SearchLauncher)/@0x982e7eb
09-01 13:52:16.060137  1274  1295 D CompatibilityChangeReporter: Compat change id reported: 158002302; UID 10117; state: ENABLED
09-01 13:52:16.083532  1274  3606 V SettingsProvider: packageValueForCallResult, name = sqlite_compatibility_wal_flags, value : Bundle[{_track_generation=android.util.MemoryIntArray@af, value=, _generation_index=0, _generation=10}]
09-01 13:52:16.130359  1274  1291 D AutofillManagerService: Close system dialogs
09-01 13:52:16.158543  1274  2072 W WindowManager: Changing focus from null to Window{3cfcf83 u0 com.android.launcher3/com.android.searchlauncher.SearchLauncher} displayId=0 Callers=com.android.server.wm.RootWindowContainer.updateFocusedWindowLocked:465 com.android.server.wm.WindowManagerService.updateFocusedWindowLocked:5893 com.android.server.wm.WindowManagerService.relayoutWindow:2520 com.android.server.wm.Session.relayout:235 
09-01 13:52:16.164488  1274  2072 I WindowManager: Relayout Window{3cfcf83 u0 com.android.launcher3/com.android.searchlauncher.SearchLauncher}: oldVis=4 newVis=0 focusMayChange = true requestedWidth = 720 requestedHeight = 1600 outFrames = ClientWindowFrames{frame=[0,0][720,1600] display=[0,0][720,1600] backdrop=[0,0][720,1600]} outSurfaceControl = Surface(name=com.android.launcher3/com.android.searchlauncher.SearchLauncher)/@0xe378d1d
09-01 13:52:16.270820  1837  1837 W ContextImpl: Calling a method in the system process without a qualified user: android.app.ContextImpl.bindService:1901 android.content.ContextWrapper.bindService:812 com.google.android.libraries.gsa.launcherclient.l.h:4 com.google.android.libraries.gsa.launcherclient.h.run:1 com.google.android.libraries.gsa.launcherclient.l.i:2 
09-01 13:52:16.305980  1274  1820 V SettingsProvider: name : prize_theme_enter_into appId : 1000
09-01 13:52:16.307296  1274  2072 V SettingsProvider: name : prize_home_sreen appId : 1000
09-01 13:52:16.418234  1274  1816 W WindowManager: Unable to find process with pid=1837 uid=1000
09-01 13:52:16.500849  1274  1820 W UriGrantsManagerService: No permission grants found for com.google.android.apps.photos
09-01 13:52:16.501550  1274  1820 W UriGrantsManagerService: No permission grants found for com.google.android.apps.photos
09-01 13:52:16.594033  1274  1816 D CompatibilityChangeReporter: Compat change id reported: 177438394; UID 10122; state: DISABLED
09-01 13:52:16.594718  1274  1816 D CompatibilityChangeReporter: Compat change id reported: 135772972; UID 10122; state: DISABLED
09-01 13:52:16.595437  1274  1816 D CompatibilityChangeReporter: Compat change id reported: 135754954; UID 10122; state: ENABLED
09-01 13:52:16.596330  1274  1304 D CompatibilityChangeReporter: Compat change id reported: 143937733; UID 10122; state: ENABLED
09-01 13:52:16.625420  1274  1304 I ActivityManager: Start proc 5250:com.google.android.videos/u0a122 for broadcast {com.google.android.videos/com.google.android.libraries.notifications.entrypoints.restart.RestartReceiver}
09-01 13:52:16.746575  1274  1816 V ActivityManager: New death recipient com.android.server.am.ActivityManagerService$AppDeathRecipient@c07cfb5 for thread android.os.BinderProxy@704bfec
09-01 13:52:16.751772  1274  1816 D CompatibilityChangeReporter: Compat change id reported: 168419799; UID 10122; state: DISABLED
09-01 13:52:17.241147  1274  1816 D CompatibilityChangeReporter: Compat change id reported: 168419799; UID 10114; state: DISABLED
09-01 13:52:17.316342  1274  1820 W WindowManager: Unable to find process with pid=1837 uid=1000
09-01 13:52:17.686552  1274  1816 V SettingsProvider: packageValueForCallResult, name = android_id, value : Bundle[{_track_generation=android.util.MemoryIntArray@af, value=20c342d9eb734e0a, _generation_index=2, _generation=6}]
09-01 13:52:17.815649  1274  2072 V SettingsProvider: packageValueForCallResult, name = sqlite_compatibility_wal_flags, value : Bundle[{_track_generation=android.util.MemoryIntArray@af, value=, _generation_index=0, _generation=10}]
09-01 13:52:18.795051  1274  1288 V SettingsProvider: packageValueForCallResult, name = prize_singlehand_state, value : Bundle[{_track_generation=android.util.MemoryIntArray@af, value=0, _generation_index=3, _generation=8}]
09-01 13:52:18.939780  1274  1820 I ActivityTaskManager: START u0 {act=android.intent.action.MAIN cat=[android.intent.category.LAUNCHER] flg=0x10200000 cmp=com.debug.loggerui/.MainActivity bnds=[293,301][426,538]} from uid 1000
09-01 13:52:18.951771  1274  1820 W ActivityTaskManager: Can't find TaskDisplayArea to determine support for multi window. Task id=1026 attached=false
09-01 13:52:18.955746  1274  1820 D CompatibilityChangeReporter: Compat change id reported: 174042980; UID 10082; state: DISABLED
09-01 13:52:18.957250  1274  1820 D CompatibilityChangeReporter: Compat change id reported: 184838306; UID 10082; state: DISABLED
09-01 13:52:18.959167  1274  1820 D CompatibilityChangeReporter: Compat change id reported: 185004937; UID 10082; state: DISABLED
09-01 13:52:18.961327  1274  1820 D CompatibilityChangeReporter: Compat change id reported: 181136395; UID 10082; state: DISABLED
09-01 13:52:18.962448  1274  1820 D CompatibilityChangeReporter: Compat change id reported: 174042936; UID 10082; state: DISABLED
09-01 13:52:18.968272  1274  1820 D CompatibilityChangeReporter: Compat change id reported: 168419799; UID 10082; state: DISABLED
09-01 13:52:18.971284  1274  1820 D DuraSpeed: onAppSwitched, packageName:com.debug.loggerui
09-01 13:52:18.976637  1567  1652 D PhoneStartingWindowTypeAlgorithm: preferredStartingWindowType newTask:true taskSwitch:true processRunning:true allowTaskSnapshot:true activityCreated:false useEmptySplashScreen:false legacySplashScreen:false topIsHome:false
09-01 13:52:18.976839  1567  1652 D StartingSurfaceDrawer: addSplashScreen com.debug.loggerui theme=103006e task=1026 suggestType=1
09-01 13:52:18.980950  1567  1653 D StartingSurfaceDrawer: window attributes color: 0 icon null duration 0 brandImage null
09-01 13:52:18.994179  1274  1816 D CompatibilityChangeReporter: Compat change id reported: 135634846; UID 10131; state: DISABLED
09-01 13:52:18.994587  1274  1816 D CompatibilityChangeReporter: Compat change id reported: 177438394; UID 10131; state: DISABLED
09-01 13:52:18.995570  1274  1816 D CompatibilityChangeReporter: Compat change id reported: 135772972; UID 10131; state: DISABLED
09-01 13:52:18.996390  1274  1816 D CompatibilityChangeReporter: Compat change id reported: 135754954; UID 10131; state: ENABLED
09-01 13:52:18.997521  1274  1304 D CompatibilityChangeReporter: Compat change id reported: 143937733; UID 10131; state: ENABLED
09-01 13:52:19.033026  1567  1653 D StartingSurfaceDrawer: The icon is not an AdaptiveIconDrawable
09-01 13:52:19.036060  1274  1820 W WindowManager: Changing focus from Window{3cfcf83 u0 com.android.launcher3/com.android.searchlauncher.SearchLauncher} to null displayId=0 Callers=com.android.server.wm.RootWindowContainer.updateFocusedWindowLocked:465 com.android.server.wm.WindowManagerService.updateFocusedWindowLocked:5893 com.android.server.wm.ActivityTaskManagerService.setResumedActivityUncheckLocked:4874 com.android.server.wm.Task.onActivityStateChanged:2269 
09-01 13:52:19.048227  1274  1304 W ActivityManager: Slow operation: 55ms so far, now at startProcess: returned from zygote!
09-01 13:52:19.050500  1274  1292 W Looper  : Slow dispatch took 110ms android.ui h=com.android.server.am.ActivityManagerService$UiHandler c=null m=68
09-01 13:52:19.058154  1274  1304 W ActivityManager: Slow operation: 65ms so far, now at startProcess: done updating battery stats
09-01 13:52:19.058895  1274  1304 W ActivityManager: Slow operation: 66ms so far, now at startProcess: building log message
09-01 13:52:19.058955  1274  1304 I ActivityManager: Start proc 5337:com.google.android.youtube/u0a131 for broadcast {com.google.android.youtube/com.google.android.libraries.notifications.entrypoints.restart.RestartReceiver}
09-01 13:52:19.058982  1274  1304 W ActivityManager: Slow operation: 66ms so far, now at startProcess: starting to update pids map
09-01 13:52:19.059254  1274  1304 W ActivityManager: Slow operation: 66ms so far, now at startProcess: done updating pids map
09-01 13:52:19.101645  1567  1653 D StartingSurfaceDrawer: fillViewWithIcon surfaceWindowView android.window.SplashScreenView{d14cdb4 V.E...... ......ID 0,0-0,0}
09-01 13:52:19.263146  1274  3606 V ActivityManager: New death recipient com.android.server.am.ActivityManagerService$AppDeathRecipient@e22d222 for thread android.os.BinderProxy@579a93b
09-01 13:52:19.273023  1274  3606 D CompatibilityChangeReporter: Compat change id reported: 168419799; UID 10131; state: DISABLED
09-01 13:52:19.299592  3626  5363 D OpenMsyncAppList: loadTunerAppList + 
09-01 13:52:19.313720  3626  5363 D OpenMsyncAppList: loadTunerAppList - 
09-01 13:52:19.375039  1274  1820 W WindowManager: Changing focus from null to Window{4a3572b u0 com.debug.loggerui/com.debug.loggerui.MainActivity} displayId=0 Callers=com.android.server.wm.RootWindowContainer.updateFocusedWindowLocked:465 com.android.server.wm.WindowManagerService.updateFocusedWindowLocked:5893 com.android.server.wm.WindowManagerService.relayoutWindow:2520 com.android.server.wm.Session.relayout:235 
09-01 13:52:19.379955  1274  1820 I WindowManager: Relayout Window{4a3572b u0 com.debug.loggerui/com.debug.loggerui.MainActivity}: oldVis=4 newVis=0 focusMayChange = true requestedWidth = 720 requestedHeight = 1600 outFrames = ClientWindowFrames{frame=[0,0][720,1600] display=[0,0][720,1600] backdrop=[0,0][720,1600]} outSurfaceControl = Surface(name=com.debug.loggerui/com.debug.loggerui.MainActivity)/@0x192825d
09-01 13:52:19.382601  1274  1295 D CompatibilityChangeReporter: Compat change id reported: 158002302; UID 10082; state: ENABLED
09-01 13:52:19.408682  1274  1356 D CompatibilityChangeReporter: Compat change id reported: 171306433; UID 10123; state: ENABLED
09-01 13:52:19.907141  1567  1652 D StartingSurfaceDrawer: Task start finish, remove starting surface for task 1026
09-01 13:52:19.907287  1567  1652 V StartingSurfaceDrawer: Removing splash screen window for task: 1026
09-01 13:52:20.497290  1274  1295 D WindowManager: setParent old=ActivityRecord{329fb09 u0 com.debug.loggerui/.MainActivity t1026},new=null,this window=Window{b72413c u0 Splash Screen com.debug.loggerui},callers=com.android.server.wm.WindowContainer.removeChild:598 com.android.server.wm.ActivityRecord.removeChild:3779 com.android.server.wm.ActivityRecord.removeChild:365 com.android.server.wm.WindowContainer.removeImmediately:650 com.android.server.wm.WindowState.removeImmediately:2416 com.android.server.wm.WindowState.destroySurface:3541 
09-01 13:52:20.777085  1274  1293 I DropBoxManagerService: add tag=system_server_strictmode isTagEnabled=true flags=0x2
09-01 13:52:20.778263  1274  1293 W DropBoxManagerService: Dropping: system_server_strictmode (1937 > 0 bytes)
09-01 13:52:20.975125  1274  1288 V SettingsProvider: packageValueForCallResult, name = android_id, value : Bundle[{_track_generation=android.util.MemoryIntArray@af, value=20c342d9eb734e0a, _generation_index=2, _generation=6}]
09-01 13:52:21.195111  2051  2925 V PackageManager: [5d2df4f8-81a5-47ed-bbdc-673db286a968] Phase1 called; posting
09-01 13:52:21.196169  2051  2051 D PackageManager: [5d2df4f8-81a5-47ed-bbdc-673db286a968] Phase1 request; prefix: [-2130968576, -2101821440, -2079719424, -1847058432, -1737756672, -1552310272, -1184124928, -1012772864, -895250432, -601329664, -458436608, -365174784, -124780544, 557518848, 910708736, 976510976, 1014853632, 1646272512], userId: 0
09-01 13:52:21.221508  2051  2961 V PackageManager: [43ac8768-b979-439c-b06e-d23bf80cc98b] Phase1 called; posting
09-01 13:52:21.221844  2051  2051 D PackageManager: [43ac8768-b979-439c-b06e-d23bf80cc98b] Phase1 request; prefix: [-2130968576, -2046750720, -1935659008, -1552310272, -1545560064, -1330520064, -1298518016, -1122119680, -1100517376, -169299968, 191090688, 277753856, 418824192, 559923200, 684437504, 856338432, 1361358848], userId: 0
09-01 13:52:21.613622  1274  1289 W ContentProviderHelper: Slow operation: 103ms so far, now at getContentProviderImpl: before checkContentProviderPermission
09-01 13:52:21.613685  1274  1289 W ContentProviderHelper: Slow operation: 103ms so far, now at getContentProviderImpl: after checkContentProviderPermission
09-01 13:52:21.613701  1274  1289 W ContentProviderHelper: Slow operation: 103ms so far, now at getContentProviderImpl: incProviderCountLocked
09-01 13:52:21.613803  1274  1289 W ContentProviderHelper: Slow operation: 103ms so far, now at getContentProviderImpl: before updateLruProcess
09-01 13:52:21.613851  1274  1289 W ContentProviderHelper: Slow operation: 103ms so far, now at getContentProviderImpl: after updateLruProcess
09-01 13:52:21.613864  1274  1289 W ContentProviderHelper: Slow operation: 103ms so far, now at getContentProviderImpl: before updateOomAdj
09-01 13:52:21.613970  1274  1289 W ContentProviderHelper: Slow operation: 103ms so far, now at getContentProviderImpl: after updateOomAdj
09-01 13:52:21.613987  1274  1289 W ContentProviderHelper: Slow operation: 103ms so far, now at getContentProviderImpl: done!
09-01 13:52:21.639808  1274  2072 V SettingsProvider: packageValueForCallResult, name = sqlite_compatibility_wal_flags, value : Bundle[{_track_generation=android.util.MemoryIntArray@af, value=, _generation_index=0, _generation=10}]
09-01 13:52:21.660939  1274  1288 V SettingsProvider: packageValueForCallResult, name = null, value : Bundle[{_track_generation=android.util.MemoryIntArray@af, value=null, _generation_index=2, _generation=6}]
09-01 13:52:21.751685  1274  1288 D BackupTransportManager: Transport com.google.android.gms/.backup.BackupTransportService updated its attributes
09-01 13:52:21.937123  1274  1821 D CompatibilityChangeReporter: Compat change id reported: 183164979; UID 10131; state: ENABLED
09-01 13:52:21.945867  1274  2072 V SettingsProvider: packageValueForCallResult, name = prize_slide_screenshot, value : Bundle[{_track_generation=android.util.MemoryIntArray@af, value=1, _generation_index=3, _generation=8}]
09-01 13:52:22.031071  2263  5359 D ActivityThread: Loading provider com.google.android.gms.download: com.google.android.gms.common.download.provider.DownloadsProvider
09-01 13:52:22.114290  1274  1289 I DropBoxManagerService: add tag=event_log isTagEnabled=true flags=0x2
09-01 13:52:22.114482  1274  1289 W DropBoxManagerService: Dropping: event_log (34 > 0 bytes)
09-01 13:52:22.183389  1274  1288 W WindowManager: Changing focus from Window{4a3572b u0 com.debug.loggerui/com.debug.loggerui.MainActivity} to Window{2f8991f u0 Stopping logs} displayId=0 Callers=com.android.server.wm.RootWindowContainer.updateFocusedWindowLocked:465 com.android.server.wm.WindowManagerService.updateFocusedWindowLocked:5893 com.android.server.wm.WindowManagerService.addWindow:1885 com.android.server.wm.Session.addToDisplayAsUser:204 
09-01 13:52:22.460545  1274  1326 E VerityUtils: Failed to measure fs-verity, errno 1: /data/app/~~Fwi4fdlChwI2hb7-MY7Ugw==/com.google.android.youtube-i_P01QhRuL8JJnwz9kIeiA==/base.apk
09-01 13:52:22.527391  1274  1816 D BiometricService: canAuthenticate: User=0, Caller=0, Authenticators=255
09-01 13:52:22.541811  1274  1816 D BiometricService/PreAuthInfo: Package: com.google.android.gms Sensor ID: 0 Modality: 2 Status: 7
09-01 13:52:22.541873  1274  1816 D BiometricService/PreAuthInfo: Package: com.google.android.gms Sensor ID: 1 Modality: 8 Status: 4
09-01 13:52:22.542030  1274  1816 D BiometricService/PreAuthInfo: getCanAuthenticateInternal Modality: 2 AuthenticatorStatus: 7
09-01 13:52:22.548377  1274  1291 D CompanionDeviceManagerService: onPackageModified(packageName = com.google.android.gms)
09-01 13:52:22.565367  1274  1816 D AuthService: canAuthenticate, userId: 0, callingUserId: 0, authenticators: 255, result: 11
09-01 13:52:22.615071  1274  1274 I Telecom : DefaultDialerCache: Refreshing default dialer for user 0: now com.google.android.dialer: DDC.oR@AJI
09-01 13:52:22.883455  1274  1291 W Looper  : Slow delivery took 204ms android.fg h=android.os.Handler c=<recycled PooledLambda@6c01a81> m=0
09-01 13:52:23.053102  1274  2072 D CompatibilityChangeReporter: Compat change id reported: 135634846; UID 10064; state: DISABLED
09-01 13:52:23.053360  1274  2072 D CompatibilityChangeReporter: Compat change id reported: 177438394; UID 10064; state: DISABLED
09-01 13:52:23.053567  1274  2072 D CompatibilityChangeReporter: Compat change id reported: 135772972; UID 10064; state: DISABLED
09-01 13:52:23.053750  1274  2072 D CompatibilityChangeReporter: Compat change id reported: 135754954; UID 10064; state: ENABLED
09-01 13:52:23.055002  1274  1304 D CompatibilityChangeReporter: Compat change id reported: 143937733; UID 10064; state: ENABLED
09-01 13:52:23.129596  1274  1304 W ActivityManager: Slow operation: 78ms so far, now at startProcess: returned from zygote!
09-01 13:52:23.130023  1274  1304 W ActivityManager: Slow operation: 78ms so far, now at startProcess: done updating battery stats
09-01 13:52:23.132929  1274  1304 W ActivityManager: Slow operation: 81ms so far, now at startProcess: building log message
09-01 13:52:23.133032  1274  1304 I ActivityManager: Start proc 5544:com.hmct.hsmemo/u0a64 for broadcast {com.hmct.hsmemo/com.hmct.hsmemo.providers.BootCompleteReceiver}
09-01 13:52:23.133072  1274  1304 W ActivityManager: Slow operation: 81ms so far, now at startProcess: starting to update pids map
09-01 13:52:23.133762  1274  1304 W ActivityManager: Slow operation: 82ms so far, now at startProcess: done updating pids map
09-01 13:52:23.169103  1274  2072 D CompatibilityChangeReporter: Compat change id reported: 171306433; UID 10114; state: ENABLED
09-01 13:52:23.226602  1274  1291 W Looper  : Drained
09-01 13:52:23.254323  1274  1288 V ActivityManager: New death recipient com.android.server.am.ActivityManagerService$AppDeathRecipient@6b973dd for thread android.os.BinderProxy@ecef8c6
09-01 13:52:23.258110  1274  1288 D CompatibilityChangeReporter: Compat change id reported: 168419799; UID 10064; state: DISABLED
09-01 13:52:23.365669  1274  1497 D CompatibilityChangeReporter: Compat change id reported: 168419799; UID 10119; state: DISABLED
09-01 13:52:23.545328  1274  1288 I WindowManager: Relayout Window{54bfdf6 u0 NotificationShade}: oldVis=4 newVis=0 focusMayChange = true requestedWidth = 720 requestedHeight = 1600 outFrames = ClientWindowFrames{frame=[0,0][720,1600] display=[0,0][720,1600] backdrop=[0,0][720,1600]} outSurfaceControl = Surface(name=NotificationShade)/@0xa37ea5a
