----- timezone:Asia/Shanghai
09-01 13:50:28.415767   435   435 I snet_event_log: [121035042,-1,]
01-01 08:00:00.080000   433   433 I auditd  : type=2000 audit(0.0:1): state=initialized audit_enabled=0 res=1
09-01 13:50:28.422122   435   435 I auditd  : SELinux: Loaded service_contexts from:
09-01 13:50:28.422208   435   435 I auditd  :     /system/etc/selinux/plat_service_contexts
09-01 13:50:28.422274   435   435 I auditd  :     /system_ext/etc/selinux/system_ext_service_contexts
09-01 13:50:28.422339   435   435 I auditd  :     /vendor/etc/selinux/vendor_service_contexts
09-01 13:50:24.088000   433   433 I auditd  : type=1403 audit(0.0:2): auid=4294967295 ses=4294967295 lsm=selinux res=1
09-01 13:50:24.088000   433   433 I auditd  : type=1404 audit(0.0:3): enforcing=1 old_enforcing=0 auid=4294967295 ses=4294967295 enabled=1 old-enabled=1 lsm=selinux res=1
09-01 13:50:25.108000     1     1 I auditd  : type=1107 audit(0.0:4): uid=0 auid=4294967295 ses=4294967295 subj=u:r:init:s0 msg='avc: denied { read } for property=vts.native_server.on pid=0 uid=0 gid=0 scontext=u:r:vendor_init:s0 tcontext=u:object_r:vts_status_prop:s0 tclass=file permissive=0'
09-01 13:50:25.112000     1     1 I auditd  : type=1107 audit(0.0:5): uid=0 auid=4294967295 ses=4294967295 subj=u:r:init:s0 msg='avc: denied { read } for property=vts.native_server.on pid=0 uid=0 gid=0 scontext=u:r:vendor_init:s0 tcontext=u:object_r:vts_status_prop:s0 tclass=file permissive=0'
09-01 13:50:25.116000     1     1 I auditd  : type=1107 audit(0.0:6): uid=0 auid=4294967295 ses=4294967295 subj=u:r:init:s0 msg='avc: denied { read } for property=vts.native_server.on pid=0 uid=0 gid=0 scontext=u:r:vendor_init:s0 tcontext=u:object_r:vts_status_prop:s0 tclass=file permissive=0'
09-01 13:50:25.120000     1     1 I auditd  : type=1107 audit(0.0:7): uid=0 auid=4294967295 ses=4294967295 subj=u:r:init:s0 msg='avc: denied { read } for property=vts.native_server.on pid=0 uid=0 gid=0 scontext=u:r:vendor_init:s0 tcontext=u:object_r:vts_status_prop:s0 tclass=file permissive=0'
09-01 13:50:25.272000     1     1 I auditd  : type=1107 audit(0.0:8): uid=0 auid=4294967295 ses=4294967295 subj=u:r:init:s0 msg='avc: denied { read } for property=init.svc.dplanner-2-0 pid=0 uid=0 gid=0 scontext=u:r:vendor_init:s0 tcontext=u:object_r:init_service_status_private_prop:s0 tclass=file permissive=0'
09-01 13:50:25.280000     1     1 I auditd  : type=1107 audit(0.0:9): uid=0 auid=4294967295 ses=4294967295 subj=u:r:init:s0 msg='avc: denied { read } for property=init.svc.dplanner-2-0 pid=0 uid=0 gid=0 scontext=u:r:vendor_init:s0 tcontext=u:object_r:init_service_status_private_prop:s0 tclass=file permissive=0'
09-01 13:50:28.434912   438   438 I snet_event_log: [121035042,-1,]
09-01 13:50:29.479271   496   496 I auditd  : SELinux: Loaded keystore2_key_contexts from:
09-01 13:50:29.479289   496   496 I auditd  :     /system/etc/selinux/plat_keystore2_key_contexts
09-01 13:50:33.712000   663   663 I auditd  : type=1400 audit(0.0:10): avc: denied { read } for comm="android.hardwar" name="current_now" dev="sysfs" ino=39992 scontext=u:r:hal_health_default:s0 tcontext=u:object_r:prize_sysfs_batteryinfo:s0 tclass=file permissive=0
09-01 13:50:33.712000   663   663 I auditd  : type=1400 audit(0.0:11): avc: denied { read } for comm="android.hardwar" name="type" dev="sysfs" ino=31343 scontext=u:r:hal_health_default:s0 tcontext=u:object_r:sysfs:s0 tclass=file permissive=0
09-01 13:50:33.716000   663   663 I auditd  : type=1400 audit(0.0:12): avc: denied { read } for comm="android.hardwar" name="type" dev="sysfs" ino=41313 scontext=u:r:hal_health_default:s0 tcontext=u:object_r:sysfs:s0 tclass=file permissive=0
09-01 13:50:33.896000     1     1 I auditd  : type=1400 audit(0.0:13): avc: denied { create } for comm="init" name="wfca_rds" scontext=u:r:init:s0 tcontext=u:object_r:socket_device:s0 tclass=sock_file permissive=0
09-01 13:50:33.940000   388   388 I auditd  : type=1400 audit(0.0:14): avc: denied { write } for comm="init" name="dirty_writeback_centisecs" dev="proc" ino=15022 scontext=u:r:vendor_init:s0 tcontext=u:object_r:proc:s0 tclass=file permissive=0
09-01 13:50:33.984000   725   725 I auditd  : type=1400 audit(0.0:15): avc: denied { read } for comm="nvram_daemon" name="cmdline" dev="proc" ino=4026532070 scontext=u:r:nvram_daemon:s0 tcontext=u:object_r:proc_cmdline:s0 tclass=file permissive=0
09-01 13:50:33.984000   725   725 I auditd  : type=1400 audit(0.0:16): avc: denied { search } for comm="nvram_daemon" name="android" dev="sysfs" ino=36 scontext=u:r:nvram_daemon:s0 tcontext=u:object_r:sysfs_dt_firmware_android:s0 tclass=dir permissive=0
09-01 13:50:33.984000   725   725 I auditd  : type=1400 audit(0.0:17): avc: denied { search } for comm="nvram_daemon" name="android" dev="sysfs" ino=36 scontext=u:r:nvram_daemon:s0 tcontext=u:object_r:sysfs_dt_firmware_android:s0 tclass=dir permissive=0
09-01 13:50:33.984000   725   725 I auditd  : type=1400 audit(0.0:18): avc: denied { read } for comm="nvram_daemon" name="cmdline" dev="proc" ino=4026532070 scontext=u:r:nvram_daemon:s0 tcontext=u:object_r:proc_cmdline:s0 tclass=file permissive=0
09-01 13:50:33.984000   725   725 I auditd  : type=1400 audit(0.0:19): avc: denied { search } for comm="nvram_daemon" name="android" dev="sysfs" ino=36 scontext=u:r:nvram_daemon:s0 tcontext=u:object_r:sysfs_dt_firmware_android:s0 tclass=dir permissive=0
09-01 13:50:33.984000   725   725 I auditd  : type=1400 audit(0.0:20): avc: denied { search } for comm="nvram_daemon" name="android" dev="sysfs" ino=36 scontext=u:r:nvram_daemon:s0 tcontext=u:object_r:sysfs_dt_firmware_android:s0 tclass=dir permissive=0
09-01 13:50:34.112000     1     1 I auditd  : type=1107 audit(0.0:21): uid=0 auid=4294967295 ses=4294967295 subj=u:r:init:s0 msg='avc: denied { set } for property=vendor.sys.boot.reason pid=699 uid=0 gid=1003 scontext=u:r:boot_logo_updater:s0 tcontext=u:object_r:vendor_default_prop:s0 tclass=property_service permissive=0'
09-01 13:50:34.116000   699   699 I auditd  : type=1400 audit(0.0:22): avc: denied { getattr } for comm="boot_logo_updat" path="/dev/kmsg" dev="tmpfs" ino=879 scontext=u:r:boot_logo_updater:s0 tcontext=u:object_r:kmsg_device:s0 tclass=chr_file permissive=0
09-01 13:50:34.132000     1     1 I auditd  : type=1107 audit(0.0:23): uid=0 auid=4294967295 ses=4294967295 subj=u:r:init:s0 msg='avc: denied { set } for property=vendor.powerhal.gpu.acp.hint pid=680 uid=1000 gid=1000 scontext=u:r:mtk_hal_power:s0 tcontext=u:object_r:vendor_mtk_powerhal_gpu_prop:s0 tclass=property_service permissive=0'
09-01 13:50:34.136000   699   699 I auditd  : type=1400 audit(0.0:24): avc: denied { read } for comm="boot_logo_updat" name="cmdline" dev="proc" ino=4026532070 scontext=u:r:boot_logo_updater:s0 tcontext=u:object_r:proc_cmdline:s0 tclass=file permissive=0
09-01 13:50:34.140000   699   699 I auditd  : type=1400 audit(0.0:25): avc: denied { search } for comm="boot_logo_updat" name="android" dev="sysfs" ino=36 scontext=u:r:boot_logo_updater:s0 tcontext=u:object_r:sysfs_dt_firmware_android:s0 tclass=dir permissive=0
09-01 13:50:34.140000   699   699 I auditd  : type=1400 audit(0.0:26): avc: denied { search } for comm="boot_logo_updat" name="android" dev="sysfs" ino=36 scontext=u:r:boot_logo_updater:s0 tcontext=u:object_r:sysfs_dt_firmware_android:s0 tclass=dir permissive=0
09-01 13:50:34.140000   699   699 I auditd  : type=1400 audit(0.0:27): avc: denied { read } for comm="boot_logo_updat" name="cmdline" dev="proc" ino=4026532070 scontext=u:r:boot_logo_updater:s0 tcontext=u:object_r:proc_cmdline:s0 tclass=file permissive=0
09-01 13:50:34.140000   699   699 I auditd  : type=1400 audit(0.0:28): avc: denied { search } for comm="boot_logo_updat" name="android" dev="sysfs" ino=36 scontext=u:r:boot_logo_updater:s0 tcontext=u:object_r:sysfs_dt_firmware_android:s0 tclass=dir permissive=0
09-01 13:50:34.140000   699   699 I auditd  : type=1400 audit(0.0:29): avc: denied { search } for comm="boot_logo_updat" name="android" dev="sysfs" ino=36 scontext=u:r:boot_logo_updater:s0 tcontext=u:object_r:sysfs_dt_firmware_android:s0 tclass=dir permissive=0
09-01 13:50:34.484000   695   695 I auditd  : type=1400 audit(0.0:30): avc: denied { read } for comm="audioserver" name="u:object_r:vendor_default_prop:s0" dev="tmpfs" ino=15755 scontext=u:r:audioserver:s0 tcontext=u:object_r:vendor_default_prop:s0 tclass=file permissive=0
09-01 13:50:34.612000     1     1 I auditd  : type=1107 audit(0.0:31): uid=0 auid=4294967295 ses=4294967295 subj=u:r:init:s0 msg='avc: denied { set } for property=persist.vendor.atm.mdmode pid=388 uid=0 gid=0 scontext=u:r:vendor_init:s0 tcontext=u:object_r:vendor_mtk_atm_mdmode_prop:s0 tclass=property_service permissive=0'
09-01 13:50:34.679628   644   644 I boot_progress_start: 16770
09-01 13:50:34.864000     1     1 I auditd  : type=1400 audit(0.0:32): avc: denied { create } for comm="init" name="lbs_dbg" scontext=u:r:init:s0 tcontext=u:object_r:socket_device:s0 tclass=sock_file permissive=0
09-01 13:50:35.112000   915   915 I auditd  : type=1400 audit(0.0:33): avc: denied { read } for comm="netdiag" name="u:object_r:vendor_default_prop:s0" dev="tmpfs" ino=15755 scontext=u:r:netdiag:s0 tcontext=u:object_r:vendor_default_prop:s0 tclass=file permissive=0
09-01 13:50:35.156000   695   695 I auditd  : type=1400 audit(0.0:34): avc: denied { read } for comm="audioserver" name="u:object_r:vendor_default_prop:s0" dev="tmpfs" ino=15755 scontext=u:r:audioserver:s0 tcontext=u:object_r:vendor_default_prop:s0 tclass=file permissive=0
09-01 13:50:35.156000   695   695 I auditd  : type=1400 audit(0.0:35): avc: denied { read } for comm="audioserver" name="u:object_r:vendor_default_prop:s0" dev="tmpfs" ino=15755 scontext=u:r:audioserver:s0 tcontext=u:object_r:vendor_default_prop:s0 tclass=file permissive=0
09-01 13:50:35.172000   927   927 I auditd  : type=1400 audit(0.0:36): avc: denied { search } for comm="fuelgauged_nvra" name="android" dev="sysfs" ino=36 scontext=u:r:fuelgauged_nvram:s0 tcontext=u:object_r:sysfs_dt_firmware_android:s0 tclass=dir permissive=0
09-01 13:50:35.172000   927   927 I auditd  : type=1400 audit(0.0:37): avc: denied { search } for comm="fuelgauged_nvra" name="android" dev="sysfs" ino=36 scontext=u:r:fuelgauged_nvram:s0 tcontext=u:object_r:sysfs_dt_firmware_android:s0 tclass=dir permissive=0
09-01 13:50:35.172000   927   927 I auditd  : type=1400 audit(0.0:38): avc: denied { search } for comm="fuelgauged_nvra" name="android" dev="sysfs" ino=36 scontext=u:r:fuelgauged_nvram:s0 tcontext=u:object_r:sysfs_dt_firmware_android:s0 tclass=dir permissive=0
09-01 13:50:35.172000   927   927 I auditd  : type=1400 audit(0.0:39): avc: denied { search } for comm="fuelgauged_nvra" name="android" dev="sysfs" ino=36 scontext=u:r:fuelgauged_nvram:s0 tcontext=u:object_r:sysfs_dt_firmware_android:s0 tclass=dir permissive=0
09-01 13:50:35.328000   920   920 I auditd  : type=1400 audit(0.0:40): avc: denied { read } for comm="android.hardwar" name="u:object_r:default_prop:s0" dev="tmpfs" ino=15514 scontext=u:r:mediacodec:s0 tcontext=u:object_r:default_prop:s0 tclass=file permissive=0
09-01 13:50:35.868000     1     1 I auditd  : type=1107 audit(0.0:41): uid=0 auid=4294967295 ses=4294967295 subj=u:r:init:s0 msg='avc: denied { set } for property=vendor.pullFWlog pid=1027 uid=2000 gid=1007 scontext=u:r:connsyslogger:s0 tcontext=u:object_r:vendor_default_prop:s0 tclass=property_service permissive=0'
09-01 13:50:36.108000  1076  1076 I auditd  : type=1400 audit(0.0:42): avc: denied { read } for comm="aee" name="u:object_r:system_mtk_persist_aee_prop:s0" dev="tmpfs" ino=15699 scontext=u:r:mobile_log_d:s0 tcontext=u:object_r:system_mtk_persist_aee_prop:s0 tclass=file permissive=0
09-01 13:50:36.112000  1076  1076 I auditd  : type=1400 audit(0.0:43): avc: denied { read } for comm="aee" name="u:object_r:system_mtk_persist_aee_prop:s0" dev="tmpfs" ino=15699 scontext=u:r:mobile_log_d:s0 tcontext=u:object_r:system_mtk_persist_aee_prop:s0 tclass=file permissive=0
09-01 13:50:36.112000  1076  1076 I auditd  : type=1400 audit(0.0:44): avc: denied { read } for comm="aee" name="u:object_r:system_mtk_persist_aee_prop:s0" dev="tmpfs" ino=15699 scontext=u:r:mobile_log_d:s0 tcontext=u:object_r:system_mtk_persist_aee_prop:s0 tclass=file permissive=0
09-01 13:50:36.112000  1076  1076 I auditd  : type=1400 audit(0.0:45): avc: denied { read } for comm="aee" name="u:object_r:system_mtk_persist_aee_prop:s0" dev="tmpfs" ino=15699 scontext=u:r:mobile_log_d:s0 tcontext=u:object_r:system_mtk_persist_aee_prop:s0 tclass=file permissive=0
09-01 13:50:36.112000  1076  1076 I auditd  : type=1400 audit(0.0:46): avc: denied { read } for comm="aee" name="u:object_r:system_mtk_persist_aee_prop:s0" dev="tmpfs" ino=15699 scontext=u:r:mobile_log_d:s0 tcontext=u:object_r:system_mtk_persist_aee_prop:s0 tclass=file permissive=0
09-01 13:50:36.112000  1076  1076 I auditd  : type=1400 audit(0.0:47): avc: denied { read } for comm="aee" name="u:object_r:system_mtk_persist_aee_prop:s0" dev="tmpfs" ino=15699 scontext=u:r:mobile_log_d:s0 tcontext=u:object_r:system_mtk_persist_aee_prop:s0 tclass=file permissive=0
09-01 13:50:36.112000  1076  1076 I auditd  : type=1400 audit(0.0:48): avc: denied { read } for comm="aee" name="u:object_r:system_mtk_persist_aee_prop:s0" dev="tmpfs" ino=15699 scontext=u:r:mobile_log_d:s0 tcontext=u:object_r:system_mtk_persist_aee_prop:s0 tclass=file permissive=0
09-01 13:50:36.816000     1     1 I auditd  : type=1400 audit(0.0:49): avc: denied { create } for comm="init" name="bip_socket" scontext=u:r:init:s0 tcontext=u:object_r:socket_device:s0 tclass=sock_file permissive=0
09-01 13:50:36.872000  1102  1102 I auditd  : type=1400 audit(0.0:50): avc: denied { read } for comm="bip" name="u:object_r:net_dns_prop:s0" dev="tmpfs" ino=15591 scontext=u:r:bip:s0 tcontext=u:object_r:net_dns_prop:s0 tclass=file permissive=0
09-01 13:50:36.872000  1102  1102 I auditd  : type=1400 audit(0.0:51): avc: denied { read } for comm="bip" name="u:object_r:net_dns_prop:s0" dev="tmpfs" ino=15591 scontext=u:r:bip:s0 tcontext=u:object_r:net_dns_prop:s0 tclass=file permissive=0
09-01 13:50:37.078438   645   645 I snet_event_log: [200284993,-1,]
09-01 13:50:37.078529   644   644 I snet_event_log: [200284993,-1,]
09-01 13:50:37.282182   644   644 I boot_progress_preload_start: 19372
09-01 13:50:37.652000     1     1 I auditd  : type=1107 audit(0.0:52): uid=0 auid=4294967295 ses=4294967295 subj=u:r:init:s0 msg='avc: denied { set } for property=ctl.stop$ril-daemon pid=1091 uid=1001 gid=1001 scontext=u:r:gsm0710muxd:s0 tcontext=u:object_r:ctl_stop_prop:s0 tclass=property_service permissive=0'
09-01 13:50:38.040000   924   924 I auditd  : type=1400 audit(0.0:53): avc: denied { read } for comm="camerahalserver" name="u:object_r:default_prop:s0" dev="tmpfs" ino=15514 scontext=u:r:mtk_hal_camera:s0 tcontext=u:object_r:default_prop:s0 tclass=file permissive=0
09-01 13:50:38.124000     1     1 I auditd  : type=1107 audit(0.0:54): uid=0 auid=4294967295 ses=4294967295 subj=u:r:init:s0 msg='avc: denied { set } for property=vendor.sms.md.ready pid=1209 uid=1001 gid=1001 scontext=u:r:rild:s0 tcontext=u:object_r:vendor_default_prop:s0 tclass=property_service permissive=0'
09-01 13:50:40.793145   644   644 I boot_progress_preload_end: 22883
09-01 13:50:41.704304  1274  1274 I system_server_start: [1,23791,23791]
09-01 13:50:41.704494  1274  1274 I boot_progress_system_run: 23795
09-01 13:50:43.872000   495   495 I auditd  : type=1400 audit(0.0:55): avc: denied { read } for comm="Binder:495_2" name="wakeup26" dev="sysfs" ino=31175 scontext=u:r:system_suspend:s0 tcontext=u:object_r:sysfs:s0 tclass=dir permissive=0
09-01 13:50:43.892000   495   495 I auditd  : type=1400 audit(0.0:56): avc: denied { read } for comm="Binder:495_2" name="wakeup24" dev="sysfs" ino=31145 scontext=u:r:system_suspend:s0 tcontext=u:object_r:sysfs:s0 tclass=dir permissive=0
09-01 13:50:43.892000   495   495 I auditd  : type=1400 audit(0.0:57): avc: denied { read } for comm="Binder:495_2" name="wakeup122" dev="sysfs" ino=40268 scontext=u:r:system_suspend:s0 tcontext=u:object_r:sysfs_batteryinfo:s0 tclass=dir permissive=0
09-01 13:50:43.956000   666   666 I auditd  : type=1400 audit(0.0:58): avc: denied { read } for comm="memtrack@1.0-se" name="driver_stats" dev="debugfs" ino=14235 scontext=u:r:hal_memtrack_default:s0 tcontext=u:object_r:debugfs:s0 tclass=file permissive=0
09-01 13:50:43.956000   495   495 I auditd  : type=1400 audit(0.0:59): avc: denied { read } for comm="Binder:495_2" name="wakeup135" dev="sysfs" ino=41329 scontext=u:r:system_suspend:s0 tcontext=u:object_r:sysfs:s0 tclass=dir permissive=0
09-01 13:50:43.960000   495   495 I auditd  : type=1400 audit(0.0:60): avc: denied { read } for comm="Binder:495_2" name="wakeup27" dev="sysfs" ino=31360 scontext=u:r:system_suspend:s0 tcontext=u:object_r:sysfs:s0 tclass=dir permissive=0
09-01 13:50:43.972000   495   495 I auditd  : type=1400 audit(0.0:61): avc: denied { read } for comm="Binder:495_2" name="wakeup25" dev="sysfs" ino=31160 scontext=u:r:system_suspend:s0 tcontext=u:object_r:sysfs:s0 tclass=dir permissive=0
09-01 13:50:43.972000   495   495 I auditd  : type=1400 audit(0.0:62): avc: denied { read } for comm="Binder:495_2" name="wakeup123" dev="sysfs" ino=40307 scontext=u:r:system_suspend:s0 tcontext=u:object_r:sysfs_batteryinfo:s0 tclass=dir permissive=0
09-01 13:50:43.984000   495   495 I auditd  : type=1400 audit(0.0:63): avc: denied { read } for comm="Binder:495_2" name="wakeup23" dev="sysfs" ino=31130 scontext=u:r:system_suspend:s0 tcontext=u:object_r:sysfs:s0 tclass=dir permissive=0
09-01 13:50:44.036421  1274  1274 I service_manager_stats: [100,17,26126]
09-01 13:50:44.036925  1274  1302 I commit_sys_config_file: [batterystats,16]
09-01 13:50:44.058071  1274  1302 I commit_sys_config_file: [batterystats,21]
09-01 13:50:44.294532  1274  1274 I rescue_note: [0,1,26384]
09-01 13:50:44.342994  1274  1274 I boot_progress_pms_start: 26433
09-01 13:50:44.713570  1274  1274 I boot_progress_pms_system_scan_start: 26804
09-01 13:50:44.733671  1274  1274 I pm_critical_info: Upgrading from  to 1660575256
09-01 13:50:49.269987  1274  1274 I service_manager_stats: [870,188,5234]
09-01 13:50:53.425737  1274  1274 I boot_progress_pms_data_scan_start: 35516
09-01 13:50:59.916676  1274  1274 I boot_progress_pms_scan_end: 42007
09-01 13:51:01.743826  1274  1274 I commit_sys_config_file: [package-user-0,7]
09-01 13:51:01.743918  1274  1274 I commit_sys_config_file: [package,39]
09-01 13:51:01.743983  1274  1274 I boot_progress_pms_ready: 43834
09-01 13:51:01.767755  1274  1330 I dvm_lock_sample: [system_server,0,PackageManager,7149,PackageManagerService.java,6047,void com.android.server.pm.PackageManagerService$PackageHandler.doHandleMessage(android.os.Message),-,13576,void com.android.server.pm.PackageManagerService.clearAppDataLeafLIF(com.android.server.pm.parsing.pkg.AndroidPackage, int, int),100]
09-01 13:51:01.798862  1274  1330 I commit_sys_config_file: [package-user-0,5]
09-01 13:51:01.798953  1274  1330 I commit_sys_config_file: [package,30]
09-01 13:51:01.801371  1274  1302 I dvm_lock_sample: [system_server,0,android.bg,1582,Settings.java,5650,void com.android.server.pm.Settings$RuntimePermissionPersistence$MyHandler.handleMessage(android.os.Message),,0,null,100]
09-01 13:51:01.834380  1274  1337 I dvm_lock_sample: [system_server,0,system-server-init-thread2,312,PackageManagerService.java,7968,void com.android.server.pm.PackageManagerService.lambda$new$34$PackageManagerService(java.util.List, int),,0,null,62]
09-01 13:51:01.855534  1274  1337 I dvm_lock_sample: [system_server,0,system-server-init-thread2,20,PackageManagerService.java,7968,void com.android.server.pm.PackageManagerService.lambda$new$34$PackageManagerService(java.util.List, int),-,5847,com.android.server.pm.PackageManagerService$Computer com.android.server.pm.PackageManagerService.snapshotComputer(),4]
09-01 13:51:03.147636  1274  1274 I am_uid_running: 1000
09-01 13:51:03.154674  1274  1274 I am_uid_active: 1000
09-01 13:51:03.263396  1274  1274 I commit_sys_config_file: [overlays,2]
09-01 13:51:03.480000   894   894 I auditd  : type=1400 audit(0.0:64): avc: denied { use } for comm="generic" path="/system/media/bootsound_att_mx.mp3" dev="dm-3" ino=2965 scontext=u:r:drmserver:s0 tcontext=u:r:bootanim:s0 tclass=fd permissive=0
09-01 13:51:03.484000   894   894 I auditd  : type=1400 audit(0.0:65): avc: denied { use } for comm="generic" path="/system/media/bootsound_att_mx.mp3" dev="dm-3" ino=2965 scontext=u:r:mediaextractor:s0 tcontext=u:r:bootanim:s0 tclass=fd permissive=0
09-01 13:51:03.488000   894   894 I auditd  : type=1400 audit(0.0:66): avc: denied { use } for comm="generic" path="/system/media/bootsound_att_mx.mp3" dev="dm-3" ino=2965 scontext=u:r:drmserver:s0 tcontext=u:r:bootanim:s0 tclass=fd permissive=0
09-01 13:51:03.516000   894   894 I auditd  : type=1400 audit(0.0:67): avc: denied { search } for comm="generic" name="956" dev="proc" ino=35256 scontext=u:r:mediaserver:s0 tcontext=u:r:bootanim:s0 tclass=dir permissive=0
09-01 13:51:03.740883  1274  1274 I wm_task_created: [1,-1]
09-01 13:51:03.769222  1274  1294 I sysui_multi_action: [757,1594,758,4,759,0,806,NULL]
09-01 13:51:03.771394  1274  1292 I service_manager_stats: [100,56,14501]
09-01 13:51:03.792085  1274  1292 I service_manager_slow: [14,platform_compat]
09-01 13:51:03.920032  1274  1274 I configuration_changed: 536894968
09-01 13:51:03.942289  1274  1274 I sysui_multi_action: [757,1659,758,4,759,1,1660,0]
09-01 13:51:03.951920  1274  1274 I configuration_changed: 8
09-01 13:51:04.057165  1274  1366 I commit_sys_config_file: [settings-0-0,12]
09-01 13:51:04.144000   665   665 I auditd  : type=1400 audit(0.0:68): avc: denied { read } for comm="VcodecProcess" name="u:object_r:default_prop:s0" dev="tmpfs" ino=15514 scontext=u:r:mtk_hal_c2:s0 tcontext=u:object_r:default_prop:s0 tclass=file permissive=0
09-01 13:51:04.184000   665   665 I auditd  : type=1400 audit(0.0:69): avc: denied { read } for comm="VcodecProcess" name="u:object_r:default_prop:s0" dev="tmpfs" ino=15514 scontext=u:r:mtk_hal_c2:s0 tcontext=u:object_r:default_prop:s0 tclass=file permissive=0
09-01 13:51:04.464000   894   894 I auditd  : type=1400 audit(0.0:70): avc: denied { search } for comm="NPDecoder" name="956" dev="proc" ino=38505 scontext=u:r:mediaserver:s0 tcontext=u:r:bootanim:s0 tclass=dir permissive=0
09-01 13:51:04.839418  1274  1300 I battery_status: [2,2,1,1,Li-ion]
09-01 13:51:04.839475  1274  1300 I battery_level: [1,3627,292]
09-01 13:51:06.840566  1274  1274 I sysui_multi_action: [757,804,799,opt_dialog_num_dexopted,801,1,802,1]
09-01 13:51:06.841065  1274  1274 I sysui_multi_action: [757,804,799,opt_dialog_num_skipped,801,55,802,1]
09-01 13:51:06.841277  1274  1274 I sysui_multi_action: [757,804,799,opt_dialog_num_failed,801,0,802,1]
09-01 13:51:06.859532  1274  1274 I sysui_multi_action: [757,804,799,opt_dialog_num_total,801,176,802,1]
09-01 13:51:06.860086  1274  1274 I sysui_multi_action: [757,804,799,opt_dialog_time_s,801,2,802,1]
09-01 13:51:06.896000   447   447 I auditd  : type=1400 audit(0.0:71): avc: denied { read } for comm="Binder:447_2" name="/" dev="mmcblk0p13" ino=2 scontext=u:r:vold:s0 tcontext=u:object_r:persist_data_file:s0 tclass=dir permissive=0
09-01 13:51:08.787559  1274  1274 I am_uid_running: 10116
09-01 13:51:08.803942  1274  1517 I storage_state: [41217664-9172-527a-b3d5-edabb50a7d69,0,0,1693208576,56215175168]
09-01 13:51:08.975691  1274  1366 I commit_sys_config_file: [settings-2-0,13]
09-01 13:51:09.022677  1274  1293 I commit_sys_config_file: [notification-policy,7]
09-01 13:51:09.056150  1274  1519 I stream_devices_changed: [4,0,2]
09-01 13:51:09.057023  1274  1519 I stream_devices_changed: [3,0,2]
09-01 13:51:09.059423  1274  1519 I stream_devices_changed: [2,0,2]
09-01 13:51:09.060689  1274  1519 I stream_devices_changed: [0,0,1]
09-01 13:51:09.087842  1274  1366 I commit_sys_config_file: [settings-1-0,7]
09-01 13:51:09.101904  1274  1519 I stream_devices_changed: [6,0,1]
09-01 13:51:09.434704  1274  1274 I service_manager_stats: [100,68,5664]
09-01 13:51:09.468096  1274  1274 I configuration_changed: 512
09-01 13:51:09.642088  1274  1303 I am_wtf  : [0,1274,system_server,-1,SystemServer,Attempt to invoke virtual method 'void android.os.PrizePublicDataImpl.startRecordTime()' on a null object reference]
09-01 13:51:09.672587  1274  1274 I commit_sys_config_file: [package-session,3]
09-01 13:51:09.873793  1274  1444 I dvm_lock_sample: [system_server,1,NetworkWatchlistService,206,PackageManagerService.java,5835,com.android.server.pm.PackageManagerService$Computer com.android.server.pm.PackageManagerService.snapshotComputer(),AppsFilter.java,491,void com.android.server.pm.AppsFilter.lambda$create$0(com.android.server.pm.PackageManagerService$Injector, com.android.server.pm.AppsFilter$StateProvider$CurrentStateCallback),41]
09-01 13:51:09.875266  1274  1274 I dvm_lock_sample: [system_server,1,main,193,PackageManagerService.java,25959,java.util.List com.android.server.pm.PackageManagerService.collectAbsoluteCodePaths(),AppsFilter.java,491,void com.android.server.pm.AppsFilter.lambda$create$0(com.android.server.pm.PackageManagerService$Injector, com.android.server.pm.AppsFilter$StateProvider$CurrentStateCallback),38]
09-01 13:51:10.140518  1274  1274 I boot_progress_ams_ready: 52231
09-01 13:51:10.146588  1274  1274 I configuration_changed: 268435712
09-01 13:51:10.218952  1274  1274 I thermal_changed: [CPU,0,46.700001,0,0]
09-01 13:51:10.219031  1274  1274 I thermal_changed: [GPU,1,46.700001,0,0]
09-01 13:51:10.219053  1274  1274 I thermal_changed: [BATTERY,2,29.200001,0,0]
09-01 13:51:10.219076  1274  1274 I thermal_changed: [SKIN,3,33.000000,0,0]
09-01 13:51:10.219097  1274  1274 I thermal_changed: [POWER_AMPLIFIER,5,31.000000,0,0]
09-01 13:51:10.219115  1274  1274 I thermal_changed: [NPU,9,46.700001,0,0]
09-01 13:51:10.310562  1274  1274 I snet_event_log: [35028827,-1,account:Account {name=Duo, type=com.google.android.apps.tachyon} provider:com.android.contacts user:0]
09-01 13:51:10.310855  1274  1274 I snet_event_log: [26513719,-1,Malformed authority]
09-01 13:51:10.418362  1274  1274 I am_uid_running: 10148
09-01 13:51:10.442064  1274  1304 I am_proc_start: [0,1567,10148,com.android.systemui,service,{com.android.systemui/com.android.systemui.ImageWallpaper}]
09-01 13:51:10.523151  1274  1352 I am_proc_bound: [0,1567,com.android.systemui]
09-01 13:51:10.583338  1274  1352 I dvm_lock_sample: [system_server,1,Binder:1274_4,60,ComponentResolver.java,360,java.util.List com.android.server.pm.ComponentResolver.queryProviders(java.lang.String, java.lang.String, int, int, int),PackageManagerService.java,28445,void com.android.server.pm.PackageManagerService$PackageManagerInternalImpl.writePermissionSettings(int[], boolean),12]
09-01 13:51:10.602876  1274  1352 I am_uid_active: 10148
09-01 13:51:10.642903  1274  1496 I am_uid_running: 1037
09-01 13:51:10.691568  1274  1501 I commit_sys_config_file: [net-policy,43]
09-01 13:51:10.888357  1274  1304 I am_proc_start: [0,1618,1037,WebViewLoader-armeabi-v7a,NULL,]
09-01 13:51:10.910042  1274  1304 I am_proc_start: [0,1619,1037,WebViewLoader-arm64-v8a,NULL,]
09-01 13:51:10.963511  1274  1601 I am_proc_bound: [0,1619,WebViewLoader-arm64-v8a]
09-01 13:51:10.968752  1274  1601 I am_uid_active: 1037
09-01 13:51:10.974543  1274  1288 I am_proc_bound: [0,1618,WebViewLoader-armeabi-v7a]
09-01 13:51:11.029802  1274  1601 I wm_task_created: [2,-1]
09-01 13:51:11.034862  1274  1601 I wm_task_created: [3,-1]
09-01 13:51:11.040639  1274  1288 I wm_task_created: [4,-1]
09-01 13:51:11.147388  1274  1288 I am_proc_died: [0,1619,WebViewLoader-arm64-v8a,-700,0]
09-01 13:51:11.177664  1274  1288 I am_mem_factor: [1,0]
09-01 13:51:11.179804  1274  1288 I am_low_memory: 3
09-01 13:51:11.182704  1274  1274 I dvm_lock_sample: [system_server,1,main,24,ActivityManagerService.java,12918,android.content.Intent com.android.server.am.ActivityManagerService.registerReceiverWithFeature(android.app.IApplicationThread, java.lang.String, java.lang.String, java.lang.String, android.content.IIntentReceiver, android.content.IntentFilter, java.lang.String, int, int),-,1473,void com.android.server.am.ActivityManagerService$AppDeathRecipient.binderDied(),4]
09-01 13:51:11.183208  1274  1351 I am_proc_died: [0,1618,WebViewLoader-armeabi-v7a,-700,0]
09-01 13:51:11.183663  1274  1351 I am_uid_stopped: 1037
09-01 13:51:11.185519  1274  1351 I am_low_memory: 2
09-01 13:51:11.296242  1274  1366 I commit_sys_config_file: [settings-0-0,7]
09-01 13:51:11.349283  1274  1302 I netstats_mobile_sample: [0,0,0,0,0,0,0,0,0,0,0,0,1662011471349]
09-01 13:51:11.349543  1274  1302 I netstats_wifi_sample: [0,0,0,0,0,0,0,0,0,0,0,0,1662011471349]
09-01 13:51:11.349919  1274  1274 I am_uid_running: 1073
09-01 13:51:11.363552  1274  1274 I configuration_changed: 256
09-01 13:51:11.365946  1274  1304 I am_proc_start: [0,1686,1073,com.android.networkstack.process,service,{com.google.android.networkstack/com.android.server.NetworkStackService}]
09-01 13:51:11.373306  1274  1302 I netstats_mobile_sample: [0,0,0,0,0,0,0,0,0,0,0,0,1662011471371]
09-01 13:51:11.373677  1274  1302 I netstats_wifi_sample: [0,0,0,0,0,0,0,0,0,0,0,0,1662011471371]
09-01 13:51:11.382164  1274  1274 I ssm_user_starting: 0
09-01 13:51:11.389902  1274  1601 I wm_task_created: [5,-1]
09-01 13:51:11.392235  1274  1302 I netstats_mobile_sample: [0,0,0,0,0,0,0,0,0,0,0,0,1662011471392]
09-01 13:51:11.392514  1274  1302 I netstats_wifi_sample: [0,0,0,0,0,0,0,0,0,0,0,0,1662011471392]
09-01 13:51:11.394653  1274  1601 I wm_task_created: [6,-1]
09-01 13:51:11.409614  1274  1302 I netstats_mobile_sample: [0,0,0,0,0,0,0,0,0,0,0,0,1662011471409]
09-01 13:51:11.409779  1274  1302 I netstats_wifi_sample: [0,0,0,0,0,0,0,0,0,0,0,0,1662011471409]
09-01 13:51:11.429852  1274  1302 I netstats_mobile_sample: [0,0,0,0,0,0,0,0,0,0,0,0,1662011471429]
09-01 13:51:11.430115  1274  1302 I netstats_wifi_sample: [0,0,0,0,0,0,0,0,0,0,0,0,1662011471429]
09-01 13:51:11.434994  1274  1497 I am_proc_bound: [0,1686,com.android.networkstack.process]
09-01 13:51:11.440492  1274  1497 I am_uid_active: 1073
09-01 13:51:11.459079  1274  1302 I netstats_mobile_sample: [0,0,0,0,0,0,0,0,0,0,0,0,1662011471458]
09-01 13:51:11.459132  1274  1302 I netstats_wifi_sample: [0,0,0,0,0,0,0,0,0,0,0,0,1662011471458]
09-01 13:51:11.472098  1274  1302 I netstats_mobile_sample: [0,0,0,0,0,0,0,0,0,0,0,0,1662011471471]
09-01 13:51:11.472287  1274  1302 I netstats_wifi_sample: [0,0,0,0,0,0,0,0,0,0,0,0,1662011471471]
09-01 13:51:11.482798  1274  1302 I netstats_mobile_sample: [0,0,0,0,0,0,0,0,0,0,0,0,1662011471482]
09-01 13:51:11.483040  1274  1302 I netstats_wifi_sample: [0,0,0,0,0,0,0,0,0,0,0,0,1662011471482]
09-01 13:51:11.498914  1274  1274 I am_uid_running: 1001
09-01 13:51:11.499199  1274  1302 I netstats_mobile_sample: [0,0,0,0,0,0,0,0,0,0,0,0,1662011471499]
09-01 13:51:11.499297  1274  1302 I netstats_wifi_sample: [0,0,0,0,0,0,0,0,0,0,0,0,1662011471499]
09-01 13:51:11.501394  1274  1274 I am_uid_running: 1068
09-01 13:51:11.516828  1274  1302 I netstats_mobile_sample: [0,0,0,0,0,0,0,0,0,0,0,0,1662011471516]
09-01 13:51:11.519744  1274  1302 I netstats_wifi_sample: [0,0,0,0,0,0,0,0,0,0,0,0,1662011471516]
09-01 13:51:11.523670  1274  1274 I wm_task_created: [7,-1]
09-01 13:51:11.525383  1274  1274 I wm_task_moved: [7,1,2147483647]
09-01 13:51:11.533624  1274  1274 I wm_task_moved: [1,1,5]
09-01 13:51:11.534754  1274  1274 I wm_create_task: [0,7]
09-01 13:51:11.535031  1274  1274 I wm_create_activity: [0,258563064,7,com.android.settings/.FallbackHome,android.intent.action.MAIN,NULL,NULL,276824320]
09-01 13:51:11.536279  1274  1274 I wm_task_moved: [1,1,5]
09-01 13:51:11.536670  1274  1274 I wm_task_moved: [7,1,2147483647]
09-01 13:51:11.536817  1274  1274 I wm_task_to_front: [0,7]
09-01 13:51:11.546176  1274  1302 I netstats_mobile_sample: [0,0,0,0,0,0,0,0,0,0,0,0,1662011471546]
09-01 13:51:11.546347  1274  1302 I netstats_wifi_sample: [0,0,0,0,0,0,0,0,0,0,0,0,1662011471546]
09-01 13:51:11.564480  1274  1302 I netstats_mobile_sample: [0,0,0,0,0,0,0,0,0,0,0,0,1662011471564]
09-01 13:51:11.564936  1274  1302 I netstats_wifi_sample: [0,0,0,0,0,0,0,0,0,0,0,0,1662011471564]
09-01 13:51:11.578493  1274  1302 I netstats_mobile_sample: [0,0,0,0,0,0,0,0,0,0,0,0,1662011471578]
09-01 13:51:11.578696  1274  1302 I netstats_wifi_sample: [0,0,0,0,0,0,0,0,0,0,0,0,1662011471578]
09-01 13:51:11.588264  1274  1302 I netstats_mobile_sample: [0,0,0,0,0,0,0,0,0,0,0,0,1662011471588]
09-01 13:51:11.588469  1274  1302 I netstats_wifi_sample: [0,0,0,0,0,0,0,0,0,0,0,0,1662011471588]
09-01 13:51:11.599154  1274  1302 I netstats_mobile_sample: [0,0,0,0,0,0,0,0,0,0,0,0,1662011471599]
09-01 13:51:11.599204  1274  1302 I netstats_wifi_sample: [0,0,0,0,0,0,0,0,0,0,0,0,1662011471599]
09-01 13:51:11.693246  1274  1601 I dvm_lock_sample: [system_server,1,Binder:1274_6,161,WindowOrganizerController.java,131,void com.android.server.wm.WindowOrganizerController.applyTransaction(android.window.WindowContainerTransaction),,0,null,32]
09-01 13:51:11.702759  1274  1274 I uc_send_user_broadcast: [0,android.intent.action.USER_FOREGROUND]
09-01 13:51:11.703255  1274  1274 I uc_send_user_broadcast: [0,android.intent.action.USER_SWITCHED]
09-01 13:51:11.707534  1274  1304 I dvm_lock_sample: [system_server,1,ActivityManager:procStart,184,ProcessList.java,2184,void com.android.server.am.ProcessList.handleProcessStart(com.android.server.am.ProcessRecord, java.lang.String, int[], int, int, int, java.lang.String, java.lang.String, java.lang.String, long),ActivityManagerService.java,12418,android.content.ComponentName com.android.server.am.ActivityManagerService.startService(android.app.IApplicationThread, android.content.Intent, java.lang.String, boolean, java.lang.String, java.lang.String, int),36]
09-01 13:51:11.717985  1274  1304 I am_proc_start: [0,1709,1001,com.mediatek.smartratswitch,added application,com.mediatek.smartratswitch]
09-01 13:51:11.721305  1274  1294 I dvm_lock_sample: [system_server,1,android.display,173,ActivityManagerService.java,16658,void com.android.server.am.ActivityManagerService$LocalService.startProcess(java.lang.String, android.content.pm.ApplicationInfo, boolean, boolean, java.lang.String, android.content.ComponentName),,0,null,34]
09-01 13:51:11.724940  1274  1497 I am_proc_bound: [0,1709,com.mediatek.smartratswitch]
09-01 13:51:11.734167  1274  1497 I am_uid_active: 1001
09-01 13:51:11.745035  1274  1304 I am_proc_start: [0,1727,1068,com.android.se,added application,com.android.se]
09-01 13:51:11.773747  1274  1304 I am_proc_start: [0,1736,1001,com.android.phone,added application,com.android.phone]
09-01 13:51:11.795923  1274  1304 I am_proc_start: [0,1744,1000,com.bst.face.service,added application,com.bst.face.service]
09-01 13:51:11.807260  1274  1601 I am_proc_bound: [0,1727,com.android.se]
09-01 13:51:11.811402  1274  1274 I notification_cancel_all: [1000,1274,android,0,0,0,20,NULL]
09-01 13:51:11.813539  1274  1601 I am_uid_active: 1068
09-01 13:51:11.818772  1274  1304 I am_proc_start: [0,1759,1000,com.android.settings,top-activity,{com.android.settings/com.android.settings.FallbackHome}]
09-01 13:51:11.826811  1274  1274 I am_uid_running: 10156
09-01 13:51:11.837113  1274  1497 I am_proc_bound: [0,1736,com.android.phone]
09-01 13:51:11.855287  1274  1304 I am_proc_start: [0,1765,10156,com.google.android.ext.services,service,{com.google.android.ext.services/android.ext.services.autofill.InlineSuggestionRenderServiceImpl}]
09-01 13:51:11.892102  1274  1288 I am_proc_bound: [0,1744,com.bst.face.service]
09-01 13:51:11.906667  1759  1759 I service_manager_slow: [11,activity]
09-01 13:51:11.913606  1274  1497 I am_proc_bound: [0,1759,com.android.settings]
09-01 13:51:11.920887  1274  1497 I wm_restart_activity: [0,258563064,7,com.android.settings/.FallbackHome]
09-01 13:51:11.955714  1274  1330 I commit_sys_config_file: [package-user-0,31]
09-01 13:51:11.961928  1274  1497 I wm_set_resumed_activity: [0,com.android.settings/.FallbackHome,minimalResumeActivityLocked]
09-01 13:51:12.002141  1274  1330 I commit_sys_config_file: [package-user-0,7]
09-01 13:51:12.002418  1274  1330 I commit_sys_config_file: [package,44]
09-01 13:51:12.010009  1274  1288 I dvm_lock_sample: [system_server,0,Binder:1274_1,80,ActivityManagerService.java,12608,void com.android.server.am.ActivityManagerService.serviceDoneExecuting(android.os.IBinder, int, int, int),,0,null,16]
09-01 13:51:12.011253  1274  1289 I am_proc_bound: [0,1765,com.google.android.ext.services]
09-01 13:51:12.026110  1274  1289 I am_uid_active: 10156
09-01 13:51:12.046084  1274  1366 I commit_sys_config_file: [settings-0-0,38]
09-01 13:51:12.064000  1686  1686 I auditd  : type=1400 audit(0.0:72): avc: granted { read } for comm="rkstack.process" name="psched" dev="proc" ino=4026532065 scontext=u:r:network_stack:s0 tcontext=u:object_r:proc_net:s0 tclass=file
09-01 13:51:12.064000  1686  1686 I auditd  : type=1400 audit(0.0:73): avc: granted { read open } for comm="rkstack.process" path="/proc/1686/net/psched" dev="proc" ino=4026532065 scontext=u:r:network_stack:s0 tcontext=u:object_r:proc_net:s0 tclass=file
09-01 13:51:12.064000  1686  1686 I auditd  : type=1400 audit(0.0:74): avc: granted { getattr } for comm="rkstack.process" path="/proc/1686/net/psched" dev="proc" ino=4026532065 scontext=u:r:network_stack:s0 tcontext=u:object_r:proc_net:s0 tclass=file
09-01 13:51:12.091903  1274  1293 I commit_sys_config_file: [notification-policy,3076]
09-01 13:51:12.103140  1274  1304 I am_proc_start: [0,1837,1000,com.android.launcher3,service,{com.android.launcher3/com.android.quickstep.TouchInteractionService}]
09-01 13:51:12.194529  1274  1497 I am_proc_bound: [0,1837,com.android.launcher3]
09-01 13:51:12.319025  1274  1303 I am_wtf  : [0,1274,system_server,-1,Binder,Outgoing transactions from this process must be FLAG_ONEWAY]
09-01 13:51:12.357570  1759  1759 I wm_on_create_called: [258563064,com.android.settings.FallbackHome,performCreate]
09-01 13:51:12.359532  1759  1759 I wm_on_start_called: [258563064,com.android.settings.FallbackHome,handleStartActivity]
09-01 13:51:12.361562  1759  1759 I wm_on_resume_called: [258563064,com.android.settings.FallbackHome,RESUME_ACTIVITY]
09-01 13:51:12.412869  1759  1759 I wm_on_top_resumed_gained_called: [258563064,com.android.settings.FallbackHome,topStateChangedWhenResumed]
09-01 13:51:12.429231  1274  1295 I input_focus: [Focus request d0feac1 com.android.settings/com.android.settings.FallbackHome,reason=UpdateInputWindows]
09-01 13:51:12.548665  1274  1274 I notification_cancel_all: [1000,1274,com.android.systemui,0,0,0,20,NULL]
09-01 13:51:12.561250  1274  1366 I commit_sys_config_file: [settings-2-0,30]
09-01 13:51:12.563235  1274  1294 I boot_progress_enable_screen: 54653
09-01 13:51:12.568680  1274  1294 I screen_toggled: 1
09-01 13:51:12.664155  1274  1289 I wm_set_keyguard_shown: [1,0,0,setKeyguardShown]
09-01 13:51:12.666481  1759  1759 I wm_on_top_resumed_lost_called: [258563064,com.android.settings.FallbackHome,topStateChangedWhenResumed]
09-01 13:51:12.667036  1274  1289 I wm_pause_activity: [0,258563064,com.android.settings/.FallbackHome,userLeaving=false,sleep]
09-01 13:51:12.674446  1274  1289 I wm_add_to_stopping: [0,258563064,com.android.settings/.FallbackHome,makeInvisible]
09-01 13:51:12.675391  1759  1759 I wm_on_paused_called: [258563064,com.android.settings.FallbackHome,performPause]
09-01 13:51:12.678532  1274  1294 I sysui_multi_action: [757,1144,758,7,806,com.android.settings,871,com.android.settings.FallbackHome]
09-01 13:51:12.685375  1274  1294 I wm_stop_activity: [0,258563064,com.android.settings/.FallbackHome]
09-01 13:51:12.687460  1274  1294 I sysui_multi_action: [757,803,799,window_time_0,802,28]
09-01 13:51:12.700868  1759  1759 I wm_on_stop_called: [258563064,com.android.settings.FallbackHome,STOP_ACTIVITY_ITEM]
09-01 13:51:12.707877  1274  1289 I am_mem_factor: [0,1]
09-01 13:51:12.869018  1274  1366 I commit_sys_config_file: [settings-4-0,11]
09-01 13:51:13.085177  1274  1366 I commit_sys_config_file: [settings-2-0,3]
09-01 13:51:13.252000  1736  1736 I auditd  : type=1400 audit(0.0:75): avc: denied { read } for comm="m.android.phone" name="u:object_r:system_mtk_power_off_md_prop:s0" dev="tmpfs" ino=15707 scontext=u:r:radio:s0 tcontext=u:object_r:system_mtk_power_off_md_prop:s0 tclass=file permissive=0
09-01 13:51:13.252000  1736  1736 I auditd  : type=1400 audit(0.0:76): avc: denied { read } for comm="m.android.phone" name="u:object_r:system_mtk_power_off_md_prop:s0" dev="tmpfs" ino=15707 scontext=u:r:radio:s0 tcontext=u:object_r:system_mtk_power_off_md_prop:s0 tclass=file permissive=0
09-01 13:51:13.272000   682   682 I auditd  : type=1400 audit(0.0:77): avc: denied { read } for comm="nvram@1.1-servi" name="cmdline" dev="proc" ino=4026532070 scontext=u:r:mtk_hal_nvramagent:s0 tcontext=u:object_r:proc_cmdline:s0 tclass=file permissive=0
09-01 13:51:13.272000   682   682 I auditd  : type=1400 audit(0.0:78): avc: denied { search } for comm="nvram@1.1-servi" name="android" dev="sysfs" ino=36 scontext=u:r:mtk_hal_nvramagent:s0 tcontext=u:object_r:sysfs_dt_firmware_android:s0 tclass=dir permissive=0
09-01 13:51:13.272000   682   682 I auditd  : type=1400 audit(0.0:79): avc: denied { search } for comm="nvram@1.1-servi" name="android" dev="sysfs" ino=36 scontext=u:r:mtk_hal_nvramagent:s0 tcontext=u:object_r:sysfs_dt_firmware_android:s0 tclass=dir permissive=0
09-01 13:51:13.272000   682   682 I auditd  : type=1400 audit(0.0:80): avc: denied { read } for comm="nvram@1.1-servi" name="cmdline" dev="proc" ino=4026532070 scontext=u:r:mtk_hal_nvramagent:s0 tcontext=u:object_r:proc_cmdline:s0 tclass=file permissive=0
09-01 13:51:13.272000   682   682 I auditd  : type=1400 audit(0.0:81): avc: denied { search } for comm="nvram@1.1-servi" name="android" dev="sysfs" ino=36 scontext=u:r:mtk_hal_nvramagent:s0 tcontext=u:object_r:sysfs_dt_firmware_android:s0 tclass=dir permissive=0
09-01 13:51:13.276000   682   682 I auditd  : type=1400 audit(0.0:82): avc: denied { search } for comm="nvram@1.1-servi" name="android" dev="sysfs" ino=36 scontext=u:r:mtk_hal_nvramagent:s0 tcontext=u:object_r:sysfs_dt_firmware_android:s0 tclass=dir permissive=0
09-01 13:51:13.484000  1736  1736 I auditd  : type=1400 audit(0.0:83): avc: denied { read } for comm="m.android.phone" name="u:object_r:system_mtk_power_off_md_prop:s0" dev="tmpfs" ino=15707 scontext=u:r:radio:s0 tcontext=u:object_r:system_mtk_power_off_md_prop:s0 tclass=file permissive=0
09-01 13:51:13.500000  1736  1736 I auditd  : type=1400 audit(0.0:84): avc: denied { read } for comm="m.android.phone" name="u:object_r:system_mtk_power_off_md_prop:s0" dev="tmpfs" ino=15707 scontext=u:r:radio:s0 tcontext=u:object_r:system_mtk_power_off_md_prop:s0 tclass=file permissive=0
09-01 13:51:13.507993  1274  1366 I commit_sys_config_file: [settings-0-0,10]
09-01 13:51:13.712579  1736  1736 I service_manager_stats: [100,67,55803]
09-01 13:51:13.893553  1274  1497 I dvm_lock_sample: [system_server,1,Binder:1274_5,5,ActivityManagerService.java,14182,int com.android.server.am.ActivityManagerService.broadcastIntentWithFeature(android.app.IApplicationThread, java.lang.String, android.content.Intent, java.lang.String, android.content.IIntentReceiver, int, java.lang.String, android.os.Bundle, java.lang.String[], java.lang.String[], java.lang.String[], int, android.os.Bundle, boolean, boolean, int),ContentProviderHelper.java,557,android.app.ContentProviderHolder com.android.server.am.ContentProviderHelper.getContentProviderImpl(android.app.IApplicationThread, java.lang.String, android.os.IBinder, int, java.lang.String, java.lang.String, boolean, int),1]
09-01 13:51:13.948583  1274  1304 I am_proc_start: [0,1965,1001,com.mediatek.ims,service,{com.mediatek.ims/com.mediatek.ims.MtkDynamicImsService}]
09-01 13:51:13.976000  1736  1736 I auditd  : type=1400 audit(0.0:85): avc: denied { read } for comm="m.android.phone" name="u:object_r:system_mtk_power_off_md_prop:s0" dev="tmpfs" ino=15707 scontext=u:r:radio:s0 tcontext=u:object_r:system_mtk_power_off_md_prop:s0 tclass=file permissive=0
09-01 13:51:14.004465  1274  1295 I input_focus: [Focus request 54bfdf6 NotificationShade,reason=UpdateInputWindows]
09-01 13:51:14.017861  1274  1351 I am_proc_bound: [0,1965,com.mediatek.ims]
09-01 13:51:14.097503  1274  1601 I dvm_lock_sample: [system_server,1,Binder:1274_6,14,WindowManagerService.java,2826,android.content.res.Configuration com.android.server.wm.WindowManagerService.attachWindowContextToDisplayArea(android.os.IBinder, int, int, android.os.Bundle),,0,null,2]
09-01 13:51:14.161299  1274  1303 I am_uid_running: 10157
09-01 13:51:14.186145  1274  1304 I am_proc_start: [0,1991,10157,com.google.android.cellbroadcastreceiver,broadcast,{com.google.android.cellbroadcastreceiver/com.android.cellbroadcastreceiver.CellBroadcastReceiver}]
09-01 13:51:14.280792  1274  1817 I am_proc_bound: [0,1991,com.google.android.cellbroadcastreceiver]
09-01 13:51:14.611925  1274  1289 I am_uid_running: 10144
09-01 13:51:14.628802  1274  1351 I service_manager_stats: [324,293,5194]
09-01 13:51:14.632724  1274  1304 I am_proc_start: [0,2029,10144,com.android.carrierconfig,service,{com.android.carrierconfig/com.android.carrierconfig.DefaultCarrierConfigService}]
09-01 13:51:14.701597  1274  1351 I am_proc_bound: [0,2029,com.android.carrierconfig]
09-01 13:51:14.707050  1274  1351 I am_uid_active: 10144
09-01 13:51:14.742024  1274  1288 I am_uid_running: 10114
09-01 13:51:14.764835  1274  1304 I am_proc_start: [0,2051,10114,com.google.android.gms.persistent,broadcast,{com.google.android.gms/com.google.android.gms.chimera.GmsIntentOperationService$PersistentTrustedReceiver}]
09-01 13:51:14.812842  1274  1274 I am_uid_running: 10034
09-01 13:51:14.844283  1274  1304 I am_proc_start: [0,2071,10034,android.process.acore,content provider,{com.android.providers.blockednumber/com.android.providers.blockednumber.BlockedNumberProvider}]
09-01 13:51:14.848941  1274  1351 I am_proc_bound: [0,2051,com.google.android.gms.persistent]
09-01 13:51:14.878790  1567  1567 I sysui_multi_action: [757,111,758,1]
09-01 13:51:14.880081  1567  1567 I sysui_multi_action: [757,126,758,1,759,126,927,0,928,0,1593,0]
09-01 13:51:14.880403  1567  1567 I sysui_multi_action: [757,115,758,1,759,115,927,1,928,0,1593,0]
09-01 13:51:14.880593  1567  1567 I sysui_multi_action: [757,113,758,1,759,113,927,2,928,0,1593,0]
09-01 13:51:14.880728  1567  1567 I sysui_multi_action: [757,122,758,1,759,122,927,3,928,1,1593,0]
09-01 13:51:14.907178  1567  1567 I sysui_multi_action: [757,196,758,1,759,0]
09-01 13:51:14.907435  1567  1567 I sysui_status_bar_state: [1,1,0,0,0,1]
09-01 13:51:14.920311  1274  1289 I commit_sys_config_file: [overlays,11659]
09-01 13:51:14.927852  1274  1366 I commit_sys_config_file: [settings-1-0,6]
09-01 13:51:14.947527  1274  1291 I configuration_changed: -2147483648
09-01 13:51:14.950295  1274  1377 I am_compact: [2029,com.android.carrierconfig,all,90272,42712,46656,0,-39960,184,-40144,40160,142,0,0,1001,19,1552628,-40960]
09-01 13:51:14.961446  1274  1289 I am_proc_bound: [0,2071,android.process.acore]
09-01 13:51:14.975565  1274  1288 I sysui_multi_action: [757,127,758,1]
09-01 13:51:14.975943  1274  1288 I sysui_multi_action: [757,804,799,note_load,801,0,802,1]
09-01 13:51:14.976682  1274  1288 I notification_panel_revealed: 0
09-01 13:51:14.985129  1274  1289 I am_uid_active: 10034
09-01 13:51:14.989506  1274  1294 I dvm_lock_sample: [system_server,1,android.display,21,ActivityManagerService.java,16573,void com.android.server.am.ActivityManagerService$LocalService.broadcastGlobalConfigurationChanged(int, boolean),-,4926,void com.android.server.am.ActivityManagerService.attachApplication(android.app.IApplicationThread, long),4]
09-01 13:51:15.029261  1736  1736 I gsm_service_state_change: [1,1,1,1]
09-01 13:51:15.428836  1274  1294 I user_activity_timeout_override: 10000
09-01 13:51:15.438583  1736  1736 I gsm_service_state_change: [1,1,1,1]
09-01 13:51:15.519142  1274  1291 I am_uid_running: 10158
09-01 13:51:15.540160  1274  1304 I am_proc_start: [0,2102,10158,com.google.android.permissioncontroller,service,{com.google.android.permissioncontroller/com.android.permissioncontroller.permission.service.PermissionControllerServiceImpl}]
09-01 13:51:15.596969  1274  1289 I am_proc_bound: [0,2102,com.google.android.permissioncontroller]
09-01 13:51:15.604374  1274  1289 I am_uid_active: 10158
09-01 13:51:15.764809  1274  1366 I commit_sys_config_file: [settings-2-0,9]
09-01 13:51:15.940967   709  1325 I sf_stop_bootanim: 58031
09-01 13:51:15.942103  1274  1294 I wm_boot_animation_done: 58032
09-01 13:51:16.003170  1274  1356 I service_manager_slow: [11,platform_compat]
09-01 13:51:16.018315  1274  1291 I dvm_lock_sample: [system_server,0,android.fg,10,ActivityManagerService.java,14182,int com.android.server.am.ActivityManagerService.broadcastIntentWithFeature(android.app.IApplicationThread, java.lang.String, android.content.Intent, java.lang.String, android.content.IIntentReceiver, int, java.lang.String, android.os.Bundle, java.lang.String[], java.lang.String[], java.lang.String[], int, android.os.Bundle, boolean, boolean, int),-,14331,void com.android.server.am.ActivityManagerService.finishReceiver(android.os.IBinder, int, java.lang.String, android.os.Bundle, boolean, int),2]
09-01 13:51:16.066536  1274  1441 I input_focus: [Focus entering 54bfdf6 NotificationShade (server),reason=setFocusedWindow]
09-01 13:51:16.074476  1274  1816 I netstats_mobile_sample: [0,0,0,0,0,0,0,0,0,0,0,0,1662011476074]
09-01 13:51:16.074666  1274  1816 I netstats_wifi_sample: [0,0,0,0,0,0,0,0,0,0,0,0,1662011476074]
09-01 13:51:16.089518  1274  1294 I uc_finish_user_boot: 0
09-01 13:51:16.090783  1274  1294 I am_user_state_changed: [0,1]
