09-01 13:51:16.093578  1274  1294 I uc_send_user_broadcast: [0,android.intent.action.LOCKED_BOOT_COMPLETED]
09-01 13:51:16.196726  1274  1302 I netstats_mobile_sample: [0,0,0,0,0,0,0,0,0,0,0,0,1662011476196]
09-01 13:51:16.196924  1274  1302 I netstats_wifi_sample: [0,0,0,0,0,0,0,0,0,0,0,0,1662011476196]
09-01 13:51:16.228646  1274  1294 I uc_finish_user_unlocking: 0
09-01 13:51:16.231060  1274  1302 I netstats_mobile_sample: [0,0,0,0,0,0,0,0,0,0,0,0,1662011476230]
09-01 13:51:16.231119  1274  1302 I netstats_wifi_sample: [0,0,0,0,0,0,0,0,0,0,0,0,1662011476230]
09-01 13:51:16.232525  1274  1303 I dvm_lock_sample: [system_server,1,ActivityManager,135,BroadcastQueue.java,1003,void com.android.server.am.BroadcastQueue.processNextBroadcast(boolean),ActivityManagerService.java,5048,void com.android.server.am.ActivityManagerService.finishBooting(),27]
09-01 13:51:16.233779  1274  1289 I dvm_lock_sample: [system_server,0,Binder:1274_2,109,ActivityManagerService.java,12608,void com.android.server.am.ActivityManagerService.serviceDoneExecuting(android.os.IBinder, int, int, int),-,5048,void com.android.server.am.ActivityManagerService.finishBooting(),21]
09-01 13:51:16.244880  1274  1817 I am_proc_start: [0,2162,10116,com.google.android.apps.wellbeing,on-hold,]
09-01 13:51:16.247991  1274  1817 I am_proc_bound: [0,2162,com.google.android.apps.wellbeing]
09-01 13:51:16.265378  1274  1817 I am_uid_active: 10116
09-01 13:51:16.272940  1274  1274 I notification_enqueue: [1000,1274,android,55,NULL,-1,Notification(channel=DEVELOPER shortcut=null contentView=null vibrate=null sound=null tick defaults=0x0 flags=0x2 color=0x00000000 vis=PUBLIC),0]
09-01 13:51:16.302826  1274  1500 I dvm_lock_sample: [system_server,0,NetworkStats,59,ActivityManagerService.java,14182,int com.android.server.am.ActivityManagerService.broadcastIntentWithFeature(android.app.IApplicationThread, java.lang.String, android.content.Intent, java.lang.String, android.content.IIntentReceiver, int, java.lang.String, android.os.Bundle, java.lang.String[], java.lang.String[], java.lang.String[], int, android.os.Bundle, boolean, boolean, int),-,4926,void com.android.server.am.ActivityManagerService.attachApplication(android.app.IApplicationThread, long),11]
09-01 13:51:16.479849  1274  1274 I sysui_multi_action: [757,1501,758,1,793,209,794,0,795,209,796,55,806,android,857,DEVELOPER,858,2,947,0,1500,0]
09-01 13:51:16.480217  1274  1274 I sysui_multi_action: [757,804,799,note_interruptive,801,0,802,1]
09-01 13:51:16.482140  1274  1726 I am_uid_running: 10038
09-01 13:51:16.510001  1274  1304 I am_proc_start: [0,2189,10038,com.android.deskclock,broadcast,{com.android.deskclock/com.android.deskclock.AlarmInitReceiver}]
09-01 13:51:16.584000   666   666 I auditd  : type=1400 audit(0.0:86): avc: denied { read } for comm="memtrack@1.0-se" name="driver_stats" dev="debugfs" ino=14235 scontext=u:r:hal_memtrack_default:s0 tcontext=u:object_r:debugfs:s0 tclass=file permissive=0
09-01 13:51:16.597041  1274  1816 I am_proc_bound: [0,2189,com.android.deskclock]
09-01 13:51:16.606066  1274  1816 I am_uid_active: 10038
09-01 13:51:16.802763  1567  1567 I sysui_multi_action: [757,111,758,1]
09-01 13:51:16.803843  1567  1567 I sysui_multi_action: [757,126,758,1,759,126,927,0,928,1,1593,0]
09-01 13:51:16.804381  1567  1567 I sysui_multi_action: [757,115,758,1,759,115,927,1,928,0,1593,0]
09-01 13:51:16.804714  1567  1567 I sysui_multi_action: [757,113,758,1,759,113,927,2,928,0,1593,0]
09-01 13:51:16.804868  1567  1567 I sysui_multi_action: [757,122,758,1,759,122,927,3,928,1,1593,0]
09-01 13:51:16.836703  1274  1816 I am_uid_active: 10114
09-01 13:51:16.987163  1274  1366 I commit_sys_config_file: [settings-0-0,8]
09-01 13:51:17.512587  1274  2072 I am_uid_running: 10133
09-01 13:51:17.542407  1274  1304 I am_proc_start: [0,2241,10133,com.google.android.marvin.talkback,broadcast,{com.google.android.marvin.talkback/com.google.android.accessibility.talkback.BootReceiver}]
09-01 13:51:17.599148  1274  1289 I am_proc_bound: [0,2241,com.google.android.marvin.talkback]
09-01 13:51:17.606503  1274  1289 I am_uid_active: 10133
09-01 13:51:17.813667  1274  1304 I am_proc_start: [0,2263,10114,com.google.android.gms,service,{com.google.android.gms/com.google.android.gms.chimera.GmsIntentOperationService}]
09-01 13:51:17.843952  1274  1304 I am_proc_start: [0,2264,1000,com.mediatek.simprocessor,broadcast,{com.mediatek.simprocessor/com.mediatek.simprocessor.BootCmpReceiver}]
09-01 13:51:17.872063  1274  1816 I am_proc_bound: [0,2263,com.google.android.gms]
09-01 13:51:17.891082  1274  1816 I sysui_multi_action: [757,128,758,1,793,1620,794,0,795,1620,796,55,798,0,806,android,857,DEVELOPER,858,2,947,0,1395,1,1500,1411,1688,1]
09-01 13:51:17.892126  1274  1816 I sysui_multi_action: [757,804,799,note_freshness,801,1620,802,1]
09-01 13:51:17.892763  1274  1816 I notification_visibility: [-1|android|55|null|1000,1,1620,1620,0,0]
09-01 13:51:17.910199  1274  1289 I am_proc_bound: [0,2264,com.mediatek.simprocessor]
09-01 13:51:18.020451  1274  1304 I am_proc_start: [0,2308,1000,com.pri.smart,broadcast,{com.pri.smart/com.pri.smart.BootCompletedReceiver}]
09-01 13:51:18.074064  1274  1377 I am_compact: [2264,com.mediatek.simprocessor,all,90796,43340,46544,0,-41128,0,-41128,41128,57,0,0,1001,19,1512692,-4352]
09-01 13:51:18.077751  1274  1289 I am_proc_bound: [0,2308,com.pri.smart]
09-01 13:51:18.161843  1274  1816 I am_uid_running: 10085
09-01 13:51:18.190519  1274  1304 I am_proc_start: [0,2329,10085,com.mediatek.batterywarning,broadcast,{com.mediatek.batterywarning/com.mediatek.batterywarning.BatteryWarningReceiver}]
09-01 13:51:18.211513  1274  1366 I commit_sys_config_file: [settings-1-0,13]
09-01 13:51:18.271159  1274  1726 I am_proc_bound: [0,2329,com.mediatek.batterywarning]
09-01 13:51:18.256000   666   666 I auditd  : type=1400 audit(0.0:87): avc: denied { read } for comm="memtrack@1.0-se" name="driver_stats" dev="debugfs" ino=14235 scontext=u:r:hal_memtrack_default:s0 tcontext=u:object_r:debugfs:s0 tclass=file permissive=0
09-01 13:51:18.260000   666   666 I auditd  : type=1400 audit(0.0:88): avc: denied { read } for comm="memtrack@1.0-se" name="driver_stats" dev="debugfs" ino=14235 scontext=u:r:hal_memtrack_default:s0 tcontext=u:object_r:debugfs:s0 tclass=file permissive=0
09-01 13:51:18.264000   666   666 I auditd  : type=1400 audit(0.0:89): avc: denied { read } for comm="memtrack@1.0-se" name="driver_stats" dev="debugfs" ino=14235 scontext=u:r:hal_memtrack_default:s0 tcontext=u:object_r:debugfs:s0 tclass=file permissive=0
09-01 13:51:18.268000   666   666 I auditd  : type=1400 audit(0.0:90): avc: denied { read } for comm="memtrack@1.0-se" name="driver_stats" dev="debugfs" ino=14235 scontext=u:r:hal_memtrack_default:s0 tcontext=u:object_r:debugfs:s0 tclass=file permissive=0
09-01 13:51:18.272000   666   666 I auditd  : type=1400 audit(0.0:91): avc: denied { read } for comm="memtrack@1.0-se" name="driver_stats" dev="debugfs" ino=14235 scontext=u:r:hal_memtrack_default:s0 tcontext=u:object_r:debugfs:s0 tclass=file permissive=0
09-01 13:51:18.276000   666   666 I auditd  : type=1400 audit(0.0:92): avc: denied { read } for comm="memtrack@1.0-se" name="driver_stats" dev="debugfs" ino=14235 scontext=u:r:hal_memtrack_default:s0 tcontext=u:object_r:debugfs:s0 tclass=file permissive=0
09-01 13:51:18.280000   666   666 I auditd  : type=1400 audit(0.0:93): avc: denied { read } for comm="memtrack@1.0-se" name="driver_stats" dev="debugfs" ino=14235 scontext=u:r:hal_memtrack_default:s0 tcontext=u:object_r:debugfs:s0 tclass=file permissive=0
09-01 13:51:18.284000   666   666 I auditd  : type=1400 audit(0.0:94): avc: denied { read } for comm="memtrack@1.0-se" name="driver_stats" dev="debugfs" ino=14235 scontext=u:r:hal_memtrack_default:s0 tcontext=u:object_r:debugfs:s0 tclass=file permissive=0
09-01 13:51:18.288000   666   666 I auditd  : type=1400 audit(0.0:95): avc: denied { read } for comm="memtrack@1.0-se" name="driver_stats" dev="debugfs" ino=14235 scontext=u:r:hal_memtrack_default:s0 tcontext=u:object_r:debugfs:s0 tclass=file permissive=0
09-01 13:51:18.572429  1274  1300 I dvm_lock_sample: [system_server,0,HwBinder:1274_1,65,SupplicantStaIfaceHal.java,2744,void com.android.server.wifi.SupplicantStaIfaceHal.logCallback(java.lang.String),-,2713,boolean com.android.server.wifi.SupplicantStaIfaceHal.checkStatusAndLogFailure(com.android.wifi.x.android.hardware.wifi.supplicant.V1_0.SupplicantStatus, java.lang.String),13]
09-01 13:51:18.607871  1274  1302 I am_meminfo: [1047203840,141291520,3825664,264929280,631397376]
09-01 13:51:18.618459  1274  1302 I am_pss  : [1759,1000,com.android.settings,34127872,24498176,0,142635008,2,5,9]
09-01 13:51:18.631668  1274  1302 I am_pss  : [2051,10114,com.google.android.gms.persistent,64392192,29822976,0,188502016,2,5,10]
09-01 13:51:18.641022  1274  1302 I am_pss  : [2162,10116,com.google.android.apps.wellbeing,26947584,20934656,0,122404864,2,5,7]
09-01 13:51:18.649841  1274  1302 I am_pss  : [2189,10038,com.android.deskclock,13282304,9031680,0,101773312,2,19,7]
09-01 13:51:18.656768  1274  1302 I am_pss  : [1991,10157,com.google.android.cellbroadcastreceiver,16306176,12103680,0,104628224,2,10,6]
09-01 13:51:18.664403  1274  1302 I am_pss  : [2102,10158,com.google.android.permissioncontroller,16162816,12001280,0,102604800,2,6,7]
09-01 13:51:18.671359  1274  1302 I am_pss  : [2071,10034,android.process.acore,10054656,6168576,0,95416320,2,5,6]
09-01 13:51:18.678250  1274  1302 I am_pss  : [2029,10144,com.android.carrierconfig,23725056,2764800,18548736,59412480,2,19,5]
09-01 13:51:18.686698  1274  1302 I am_pss  : [1965,1001,com.mediatek.ims,16697344,10551296,0,111751168,2,0,7]
09-01 13:51:18.693415  1274  1302 I am_pss  : [1765,10156,com.google.android.ext.services,9364480,5218304,0,97357824,2,5,6]
09-01 13:51:18.700922  1274  1302 I am_pss  : [1837,1000,com.android.launcher3,16189440,11444224,0,108486656,2,5,6]
09-01 13:51:18.707780  1274  1302 I am_pss  : [1744,1000,com.bst.face.service,8120320,4255744,0,93556736,2,0,6]
09-01 13:51:18.716721  1274  1302 I am_pss  : [1736,1001,com.android.phone,35545088,25686016,0,144941056,2,0,8]
09-01 13:51:18.724193  1274  1302 I am_pss  : [1727,1068,com.android.se,8539136,4435968,0,96530432,2,0,5]
09-01 13:51:18.731070  1274  1302 I am_pss  : [1709,1001,com.mediatek.smartratswitch,8140800,4288512,0,93384704,2,0,5]
09-01 13:51:18.738795  1274  1302 I am_pss  : [1686,1073,com.android.networkstack.process,15609856,10743808,0,108417024,2,0,7]
09-01 13:51:18.751238  1274  1302 I am_pss  : [1567,10148,com.android.systemui,117102592,96384000,0,258774016,2,1,11]
09-01 13:51:18.768009  1274  1302 I am_pss  : [1274,1000,system,158620672,138174464,0,301334528,2,0,15]
09-01 13:51:18.976306  1274  1510 I netstats_mobile_sample: [0,0,0,0,0,0,0,0,0,0,0,0,1662011478976]
09-01 13:51:18.976453  1274  1510 I netstats_wifi_sample: [0,0,0,0,0,0,0,0,0,0,0,0,1662011478976]
09-01 13:51:19.038529  1274  1510 I netstats_mobile_sample: [0,0,0,0,0,0,0,0,0,0,0,0,1662011479038]
09-01 13:51:19.038695  1274  1510 I netstats_wifi_sample: [0,0,0,0,0,0,0,0,0,0,0,0,1662011479038]
09-01 13:51:19.062569  1274  1510 I netstats_mobile_sample: [0,0,0,0,0,0,0,0,0,0,0,0,1662011479062]
09-01 13:51:19.062968  1274  1510 I netstats_wifi_sample: [0,0,0,0,0,0,0,0,0,0,0,0,1662011479062]
09-01 13:51:19.143853  1274  1510 I netstats_mobile_sample: [0,0,0,0,0,0,0,0,0,0,0,0,1662011479143]
09-01 13:51:19.144446  1274  1510 I netstats_wifi_sample: [0,0,0,0,0,0,0,0,0,0,0,0,1662011479143]
09-01 13:51:19.181198  1274  1510 I netstats_mobile_sample: [0,0,0,0,0,0,0,0,0,0,0,0,1662011479181]
09-01 13:51:19.181532  1274  1510 I netstats_wifi_sample: [0,0,1228,1,0,0,1228,1,0,0,1228,1,1662011479181]
09-01 13:51:19.182630  1274  1291 I am_user_state_changed: [0,2]
09-01 13:51:19.185213  1274  1303 I ssm_user_unlocking: 0
09-01 13:51:19.235956  1274  1304 I am_proc_start: [0,2376,10114,com.google.process.gservices,content provider,{com.google.android.gsf/com.google.android.gsf.gservices.GservicesProvider}]
09-01 13:51:19.285002  1736  1736 I service_manager_stats: [129,110,5572]
09-01 13:51:19.288607  1274  1447 I am_uid_running: 10151
09-01 13:51:19.297498  1274  1303 I am_uid_running: 10117
09-01 13:51:19.315057  1274  1304 I am_proc_start: [0,2396,10151,com.google.android.providers.media.module,service,{com.google.android.providers.media.module/com.android.providers.media.fuse.ExternalStorageServiceImpl}]
09-01 13:51:19.322654  1274  2072 I am_proc_bound: [0,2376,com.google.process.gservices]
09-01 13:51:19.330378  1274  1303 I uc_finish_user_unlocked: 0
09-01 13:51:19.330503  1274  1303 I am_user_state_changed: [0,3]
09-01 13:51:19.340730  1274  1291 I wm_task_created: [10,-1]
09-01 13:51:19.343521  1274  1291 I wm_task_created: [1023,-1]
09-01 13:51:19.349149  1274  1291 I wm_task_created: [12,-1]
09-01 13:51:19.369022  1274  1304 I am_proc_start: [0,2400,10117,com.google.android.googlequicksearchbox:interactor,service,{com.google.android.googlequicksearchbox/com.google.android.voiceinteraction.GsaVoiceInteractionService}]
09-01 13:51:19.379861  1274  1303 I uc_send_user_broadcast: [0,android.intent.action.USER_UNLOCKED]
09-01 13:51:19.387351  1274  1303 I uc_finish_user_unlocked_completed: 0
09-01 13:51:19.407903  1274  1816 I am_proc_bound: [0,2396,com.google.android.providers.media.module]
09-01 13:51:19.418793  1274  1816 I am_uid_active: 10151
09-01 13:51:19.447095  1274  1303 I ssm_user_unlocked: 0
09-01 13:51:19.447618  1274  1304 I am_proc_start: [0,2426,1000,com.hmct.updater,added application,com.hmct.updater]
09-01 13:51:19.465711  1274  1821 I wm_finish_activity: [0,258563064,7,com.android.settings/.FallbackHome,app-request]
09-01 13:51:19.466854  1274  1821 I wm_task_moved: [1,1,5]
09-01 13:51:19.467325  1274  1821 I wm_task_moved: [7,1,2147483647]
09-01 13:51:19.485374  1274  1821 I wm_task_created: [1024,-1]
09-01 13:51:19.490040  1274  1821 I wm_task_moved: [1024,1,2147483647]
09-01 13:51:19.492328  1274  1821 I wm_task_moved: [1,1,5]
09-01 13:51:19.492620  1274  1821 I wm_create_task: [0,1024]
09-01 13:51:19.492652  1274  1821 I wm_create_activity: [0,140986809,1024,com.android.launcher3/com.android.searchlauncher.SearchLauncher,android.intent.action.MAIN,NULL,NULL,268435712]
09-01 13:51:19.492848  1274  1821 I wm_task_moved: [1,1,5]
09-01 13:51:19.493092  1274  1821 I wm_task_moved: [1024,1,2147483647]
09-01 13:51:19.493110  1274  1821 I wm_task_to_front: [0,1024]
09-01 13:51:19.497541  1274  1821 I wm_destroy_activity: [0,258563064,7,com.android.settings/.FallbackHome,finish-imm:finishIfPossible]
09-01 13:51:19.508578  1274  1289 I am_proc_bound: [0,2400,com.google.android.googlequicksearchbox:interactor]
09-01 13:51:19.513256  1274  1294 I wm_restart_activity: [0,140986809,1024,com.android.launcher3/com.android.searchlauncher.SearchLauncher]
09-01 13:51:19.515819  1274  1294 I wm_set_resumed_activity: [0,com.android.launcher3/com.android.searchlauncher.SearchLauncher,minimalResumeActivityLocked]
09-01 13:51:19.516335  1274  1294 I wm_add_to_stopping: [0,140986809,com.android.launcher3/com.android.searchlauncher.SearchLauncher,makeInvisible]
09-01 13:51:19.519894  1274  1294 I wm_pause_activity: [0,140986809,com.android.launcher3/com.android.searchlauncher.SearchLauncher,userLeaving=false,sleep]
09-01 13:51:19.532589  1274  1289 I am_uid_active: 10117
09-01 13:51:19.536039  1274  1303 I dvm_lock_sample: [system_server,1,ActivityManager,40,BroadcastQueue.java,1003,void com.android.server.am.BroadcastQueue.processNextBroadcast(boolean),,0,null,8]
09-01 13:51:19.542806  1274  1304 I am_proc_start: [0,2443,1000,com.mediatek.voicecommand,added application,com.mediatek.voicecommand]
09-01 13:51:19.545007  1759  1759 I wm_on_destroy_called: [258563064,com.android.settings.FallbackHome,performDestroy]
09-01 13:51:19.552000     1     1 I auditd  : type=1107 audit(0.0:215): uid=0 auid=4294967295 ses=4294967295 subj=u:r:init:s0 msg='avc: denied { set } for property=vendor.sms.md.ready pid=1209 uid=1001 gid=1001 scontext=u:r:rild:s0 tcontext=u:object_r:vendor_default_prop:s0 tclass=property_service permissive=0'
09-01 13:51:19.561149  1274  1820 I wm_task_removed: [7,cleanUpResourcesForDestroy]
09-01 13:51:19.562138  1274  1820 I wm_task_removed: [7,removeChild:removeChild last r=ActivityRecord{f695bf8 u0 com.android.settings/.FallbackHome t-1 f}} in t=Task{ead975b #7 type=home A=1000:com.android.settings.FallbackHome U=0 visible=false mode=fullscreen translucent=true sz=0}]
09-01 13:51:19.562197  1274  1820 I wm_task_removed: [7,removeChild]
09-01 13:51:19.584928  1274  1352 I am_proc_bound: [0,2426,com.hmct.updater]
09-01 13:51:19.599978  1274  1816 I am_proc_bound: [0,2443,com.mediatek.voicecommand]
09-01 13:51:19.625002  1274  1304 I am_proc_start: [0,2480,1000,com.android.keychain,service,{com.android.keychain/com.android.keychain.KeyChainService}]
09-01 13:51:19.630398  1274  1377 I am_compact: [1759,com.android.settings,file,137136,85852,50260,0,0,0,0,0,6,0,0,0,12,1505780,-256]
09-01 13:51:19.648054  1274  2446 I service_manager_stats: [119,185,5019]
09-01 13:51:19.660511  1274  1685 I ntp_success: [time.android.com/216.239.35.12,232,989]
09-01 13:51:19.662396  1274  1274 I am_uid_running: 10110
09-01 13:51:19.669048  1274  1289 I dvm_lock_sample: [system_server,1,Binder:1274_2,22,ActivityManagerService.java,12918,android.content.Intent com.android.server.am.ActivityManagerService.registerReceiverWithFeature(android.app.IApplicationThread, java.lang.String, java.lang.String, java.lang.String, android.content.IIntentReceiver, android.content.IntentFilter, java.lang.String, int, int),,0,null,4]
09-01 13:51:19.686377  1274  1304 I am_proc_start: [0,2496,10117,com.google.android.googlequicksearchbox:search,broadcast,{com.google.android.googlequicksearchbox/com.google.android.googlequicksearchbox.SearchWidgetProvider}]
09-01 13:51:19.721268  1274  1601 I am_proc_bound: [0,2480,com.android.keychain]
09-01 13:51:19.734470  1274  1304 I am_proc_start: [0,2501,10110,com.google.android.projection.gearhead:shared,service,{com.google.android.projection.gearhead/com.google.android.gearhead.notifications.SharedNotificationListenerManager$ListenerService}]
09-01 13:51:19.760431  1274  1601 I am_proc_bound: [0,2496,com.google.android.googlequicksearchbox:search]
09-01 13:51:20.023080  1274  1294 I wm_stop_activity: [0,140986809,com.android.launcher3/com.android.searchlauncher.SearchLauncher]
09-01 13:51:20.023711  1274  1294 I sysui_multi_action: [757,803,799,window_time_0,802,8]
09-01 13:51:20.026106  1274  1510 I netstats_mobile_sample: [0,0,0,0,0,0,0,0,0,0,0,0,1662011481014]
09-01 13:51:20.026377  1274  1510 I netstats_wifi_sample: [18127,39,7781,53,18127,39,7781,53,17428,38,6948,49,1662011481014]
09-01 13:51:20.077794  1274  2072 I am_proc_bound: [0,2501,com.google.android.projection.gearhead:shared]
09-01 13:51:20.081197  1274  1529 I dvm_lock_sample: [system_server,0,backup,556,UserBackupManagerService.java,3369,void com.android.server.backup.UserBackupManagerService.updateStateOnBackupEnabled(boolean, boolean),-,2685,void com.android.server.backup.UserBackupManagerService.dataChangedImpl(java.lang.String, java.util.HashSet),100]
09-01 13:51:20.087967  1274  2072 I am_uid_active: 10110
09-01 13:51:20.103410  1274  1291 I uc_send_user_broadcast: [0,android.intent.action.BOOT_COMPLETED]
09-01 13:51:20.153100  1274  1274 I am_uid_running: 10145
09-01 13:51:20.188758  1274  1304 I am_proc_start: [0,2551,10145,com.google.android.setupwizard,service,{com.google.android.setupwizard/com.google.android.setupwizard.deferred.DeferredSetupScheduler}]
09-01 13:51:20.263295  1274  1817 I am_proc_bound: [0,2551,com.google.android.setupwizard]
09-01 13:51:20.277436  1274  1377 I am_compact: [2376,com.google.process.gservices,all,91248,43524,46816,0,-41100,260,-41360,41372,92,0,0,0,5,1505012,-5376]
09-01 13:51:20.386756  1274  1594 I commit_sys_config_file: [appops,250]
09-01 13:51:20.389278  1274  1510 I netstats_mobile_sample: [0,0,0,0,0,0,0,0,0,0,0,0,1662011481377]
09-01 13:51:20.389621  1274  1510 I netstats_wifi_sample: [28528,56,8669,68,28528,56,8669,68,28528,56,8669,68,1662011481377]
09-01 13:51:20.537801  1274  1377 I am_compact: [2480,com.android.keychain,all,90348,42908,46544,0,-41072,0,-41072,41072,77,0,0,1001,19,1498868,-4096]
09-01 13:51:20.638471  2263  2356 I dvm_lock_sample: [com.google.android.gms,0,[com.google.android.gms.chimera.container.intentoperation.GmsIntentOperationChimeraService-Executor] processing com.google.android.gms.gcm.GcmModuleInitIntentOperation for action android.intent.action.LOCKED_BOOT_COMPLETED,1240,:com.google.android.gms@222615044@22.26.15 (190400-461192076),1,java.lang.String bppf.e(android.content.ContentResolver, java.lang.String, java.lang.String),-,5,java.lang.String bppf.e(android.content.ContentResolver, java.lang.String, java.lang.String),100]
09-01 13:51:21.091452   435   435 I auditd  : avc:  denied  { find } for pid=2396 uid=10151 name=media.metrics scontext=u:r:mediaprovider_app:s0:c151,c256,c512,c768 tcontext=u:object_r:mediametrics_service:s0 tclass=service_manager permissive=0
09-01 13:51:21.135349  1274  1274 I notification_cancel_all: [1000,1274,com.google.android.projection.gearhead,0,0,0,20,NULL]
09-01 13:51:21.136063  1274  1274 I notification_cancel_all: [1000,1274,com.google.android.projection.gearhead,0,0,0,20,NULL]
09-01 13:51:21.136722  1274  1274 I notification_cancel_all: [1000,1274,com.google.android.projection.gearhead,0,0,0,20,NULL]
09-01 13:51:21.149048  1274  1289 I service_manager_slow: [10,platform_compat]
09-01 13:51:21.289650  1274  1293 I commit_sys_config_file: [jobs,63]
09-01 13:51:21.442020  1274  1304 I am_proc_start: [0,2662,10110,com.google.android.projection.gearhead:car,service,{com.google.android.projection.gearhead/com.google.android.apps.auto.carservice.service.impl.GearheadCarStartupService}]
09-01 13:51:21.549752  1274  1377 I am_compact: [2501,com.google.android.projection.gearhead:shared,all,119232,68692,49632,0,-41292,448,-41740,41844,174,0,0,1001,19,1491956,-7168]
09-01 13:51:21.595765  1274  1816 I am_proc_bound: [0,2662,com.google.android.projection.gearhead:car]
09-01 13:51:21.654921  1837  1837 I wm_on_create_called: [140986809,com.android.searchlauncher.SearchLauncher,performCreate]
09-01 13:51:21.659948  1837  1837 I wm_on_start_called: [140986809,com.android.searchlauncher.SearchLauncher,handleStartActivity]
09-01 13:51:21.663212  1837  1837 I wm_on_resume_called: [140986809,com.android.searchlauncher.SearchLauncher,RESUME_ACTIVITY]
09-01 13:51:21.703043  1274  1366 I commit_sys_config_file: [settings-1-0,49]
09-01 13:51:21.704372  1837  1837 I wm_on_top_resumed_gained_called: [140986809,com.android.searchlauncher.SearchLauncher,topStateChangedWhenResumed]
09-01 13:51:21.704470  1837  1837 I wm_on_top_resumed_lost_called: [140986809,com.android.searchlauncher.SearchLauncher,topStateChangedWhenResumed]
09-01 13:51:21.714066  1837  1837 I wm_on_paused_called: [140986809,com.android.searchlauncher.SearchLauncher,performPause]
09-01 13:51:21.718801  1274  1816 I wm_failed_to_pause: [0,140986809,com.android.launcher3/com.android.searchlauncher.SearchLauncher,(none)]
09-01 13:51:21.845034  1274  1302 I am_uid_running: 10079
09-01 13:51:21.866449  1274  1304 I am_proc_start: [0,2693,10114,com.google.process.gapps,content provider,{com.google.android.gsf/com.google.android.gsf.settings.GoogleSettingsProvider}]
09-01 13:51:21.928212  1274  1304 I am_proc_start: [0,2697,10079,com.android.printspooler,service,{com.android.printspooler/com.android.printspooler.model.PrintSpoolerService}]
09-01 13:51:22.051232  1274  1288 I am_proc_bound: [0,2697,com.android.printspooler]
09-01 13:51:22.057133  1274  1288 I am_uid_active: 10079
09-01 13:51:22.075226  1274  1288 I am_proc_bound: [0,2693,com.google.process.gapps]
09-01 13:51:22.092615   435   435 I auditd  : avc:  denied  { find } for pid=2396 uid=10151 name=media.metrics scontext=u:r:mediaprovider_app:s0:c151,c256,c512,c768 tcontext=u:object_r:mediametrics_service:s0 tclass=service_manager permissive=0
09-01 13:51:22.382920  1274  1288 I dvm_lock_sample: [system_server,0,Binder:1274_1,64,ActivityManagerService.java,12608,void com.android.server.am.ActivityManagerService.serviceDoneExecuting(android.os.IBinder, int, int, int),-,12565,int com.android.server.am.ActivityManagerService.bindIsolatedService(android.app.IApplicationThread, android.os.IBinder, android.content.Intent, java.lang.String, android.app.IServiceConnection, int, java.lang.String, java.lang.String, int),12]
09-01 13:51:22.383899  1274  1820 I dvm_lock_sample: [system_server,1,Binder:1274_A,51,ActivityManagerService.java,12918,android.content.Intent com.android.server.am.ActivityManagerService.registerReceiverWithFeature(android.app.IApplicationThread, java.lang.String, java.lang.String, java.lang.String, android.content.IIntentReceiver, android.content.IntentFilter, java.lang.String, int, int),-,12565,int com.android.server.am.ActivityManagerService.bindIsolatedService(android.app.IApplicationThread, android.os.IBinder, android.content.Intent, java.lang.String, android.app.IServiceConnection, int, java.lang.String, java.lang.String, int),10]
09-01 13:51:22.389685  1274  2387 I dvm_lock_sample: [system_server,0,backup-0,23,ActivityManagerService.java,12564,int com.android.server.am.ActivityManagerService.bindIsolatedService(android.app.IApplicationThread, android.os.IBinder, android.content.Intent, java.lang.String, android.app.IServiceConnection, int, java.lang.String, java.lang.String, int),,0,null,4]
09-01 13:51:22.414046  1274  1377 I am_compact: [2693,com.google.process.gapps,all,95216,47336,46972,16,-39068,452,-39520,39604,181,0,0,0,5,1484276,-2816]
09-01 13:51:22.424413  1274  2387 I backup_transport_lifecycle: [com.android.localtransport/.LocalTransportService,1]
09-01 13:51:22.459748  1274  1304 I am_proc_start: [0,2749,1000,com.android.localtransport,service,{com.android.localtransport/com.android.localtransport.LocalTransportService}]
09-01 13:51:22.497732  1274  1294 I sysui_multi_action: [757,1144,758,8,806,com.android.launcher3,871,com.android.searchlauncher.SearchLauncher]
09-01 13:51:22.547055  1274  1274 I notification_cancel_all: [1000,1274,com.google.android.googlequicksearchbox,0,0,0,20,NULL]
09-01 13:51:22.549248  1274  1293 I commit_sys_config_file: [notification-policy,13533]
09-01 13:51:22.549606  1274  1274 I notification_cancel_all: [1000,1274,com.google.android.googlequicksearchbox,0,0,0,20,NULL]
09-01 13:51:22.549811  1274  1817 I am_proc_bound: [0,2749,com.android.localtransport]
09-01 13:51:22.702004  1274  1274 I backup_transport_connection: [com.android.localtransport/.LocalTransportService,1]
09-01 13:51:22.719044  1274  2387 I backup_transport_lifecycle: [com.android.localtransport/.LocalTransportService,0]
09-01 13:51:22.719281  1274  2387 I backup_transport_connection: [com.android.localtransport/.LocalTransportService,0]
09-01 13:51:22.745727  1274  2387 I backup_transport_lifecycle: [com.google.android.gms/.backup.component.D2dTransportService,1]
09-01 13:51:22.773206  1274  1816 I dvm_lock_sample: [system_server,1,Binder:1274_8,903,AppWidgetServiceImpl.java,786,void com.android.server.appwidget.AppWidgetServiceImpl.stopListening(java.lang.String, int),-,1644,android.content.pm.ParceledListSlice com.android.server.appwidget.AppWidgetServiceImpl.getInstalledProvidersForProfile(int, int, java.lang.String),100]
09-01 13:51:22.775261  1837  1837 I wm_on_stop_called: [140986809,com.android.searchlauncher.SearchLauncher,STOP_ACTIVITY_ITEM]
09-01 13:51:22.894950  1274  1377 I am_compact: [2749,com.android.localtransport,all,88352,41000,46448,16,-41036,0,-41036,41036,163,0,0,1001,19,1481460,-4096]
09-01 13:51:22.976228  1274  1274 I backup_transport_connection: [com.google.android.gms/.backup.component.D2dTransportService,1]
09-01 13:51:23.020777  1274  2387 I backup_transport_lifecycle: [com.google.android.gms/.backup.component.D2dTransportService,0]
09-01 13:51:23.020799  1274  2387 I backup_transport_connection: [com.google.android.gms/.backup.component.D2dTransportService,0]
09-01 13:51:23.044573  1274  2387 I backup_transport_lifecycle: [com.google.android.gms/.backup.BackupTransportService,1]
09-01 13:51:23.049608  1274  1377 I am_compact: [2662,com.google.android.projection.gearhead:car,all,124636,73504,50200,16,-44152,8,-44160,44244,153,0,0,1001,19,1477364,-9984]
09-01 13:51:23.085032  2051  2051 I dvm_lock_sample: [com.google.android.gms.persisten,1,main,205,:com.google.android.gms@222615044@22.26.15 (190400-461192076),1,android.os.IBinder cada.a(),-,22,void cada.d(),41]
09-01 13:51:23.096915   435   435 I auditd  : avc:  denied  { find } for pid=2396 uid=10151 name=media.metrics scontext=u:r:mediaprovider_app:s0:c151,c256,c512,c768 tcontext=u:object_r:mediametrics_service:s0 tclass=service_manager permissive=0
09-01 13:51:23.254200  1274  1274 I backup_transport_connection: [com.google.android.gms/.backup.BackupTransportService,1]
09-01 13:51:23.263031  2051  2660 I c2dm    : [-2,,1,1]
09-01 13:51:23.353225  2051  2069 I dvm_lock_sample: [com.google.android.gms.persisten,1,Binder:2051_1,99,:com.google.android.gms@222615044@22.26.15 (190400-461192076),2,void bmvl.b(bmvg),-,9,void bmvl.b(bmvg),19]
09-01 13:51:23.398811  1274  2387 I backup_transport_lifecycle: [com.google.android.gms/.backup.BackupTransportService,0]
09-01 13:51:23.399061  1274  2387 I backup_transport_connection: [com.google.android.gms/.backup.BackupTransportService,0]
09-01 13:51:23.528220  1274  1377 I am_compact: [1991,com.google.android.cellbroadcastreceiver,all,100580,52476,47144,16,-41740,0,-41740,41740,140,0,0,1001,19,1468148,-3584]
09-01 13:51:23.734598  1274  1303 I am_wtf  : [0,1274,system_server,-1,ActivityManager,Background started FGS: Allowed [callingPackage: com.google.android.setupwizard; callingUid: 10145; uidState: TRNB; intent: Intent { act=com.google.android.setupwizard.portal.LOCAL_BIND_SERVICE cmp=com.google.android.setupwizard/.notification.SetupNotificationService }; code:BACKGROUND_ACTIVITY_PERMISSION; tempAllowListReason:<null>; targetSdkVersion:32; callerTargetSdkVersion:32; startForegroundCount:0; bindFromPackage:null]]
09-01 13:51:23.790422  1274  2072 I am_uid_active: 10145
09-01 13:51:23.853871  2051  2660 I gtalk_heartbeat_reset: [66486,74.125.204.188:5228]
09-01 13:51:23.864071  2051  2660 I gtalk_connection: 0
09-01 13:51:23.871327  1274  1377 I am_compact: [2551,com.google.android.setupwizard,all,104424,54808,48652,16,-38816,1020,-39836,40060,147,0,0,1001,19,1465076,-6656]
09-01 13:51:24.098203   435   435 I auditd  : avc:  denied  { find } for pid=2396 uid=10151 name=media.metrics scontext=u:r:mediaprovider_app:s0:c151,c256,c512,c768 tcontext=u:object_r:mediametrics_service:s0 tclass=service_manager permissive=0
09-01 13:51:24.226094  1274  1288 I dvm_lock_sample: [system_server,1,Binder:1274_1,87,AppWidgetServiceImpl.java,1307,android.appwidget.AppWidgetProviderInfo com.android.server.appwidget.AppWidgetServiceImpl.getAppWidgetInfo(java.lang.String, int),-,4332,void com.android.server.appwidget.AppWidgetServiceImpl$SaveStateRunnable.run(),17]
09-01 13:51:24.620071  2496  2516 I dvm_lock_sample: [com.google.android.googlequickse,1,Binder:2496_2,39,PG,1,java.lang.Object dagger.a.e.b(),-,2,java.lang.Object dagger.a.e.b(),7]
09-01 13:51:24.823278  2496  2844 I dvm_lock_sample: [com.google.android.googlequickse,1,Lite Thread #3,15,PG,1,java.lang.Object dagger.a.e.b(),-,2,java.lang.Object dagger.a.e.b(),3]
09-01 13:51:24.863600  2496  2517 I dvm_lock_sample: [com.google.android.googlequickse,1,Binder:2496_3,17,PG,1,java.lang.Object dagger.a.e.b(),-,2,java.lang.Object dagger.a.e.b(),3]
09-01 13:51:25.010771  1274  1293 I commit_sys_config_file: [notification-policy,15995]
09-01 13:51:25.099851   435   435 I auditd  : avc:  denied  { find } for pid=2396 uid=10151 name=media.metrics scontext=u:r:mediaprovider_app:s0:c151,c256,c512,c768 tcontext=u:object_r:mediametrics_service:s0 tclass=service_manager permissive=0
09-01 13:51:25.300896  1274  1302 I sysui_multi_action: [757,1717,758,1,759,0]
09-01 13:51:25.304078  1274  1302 I sysui_multi_action: [757,1717,758,2,759,2]
09-01 13:51:25.304519  1274  1302 I sysui_multi_action: [757,1717,758,3,759,0]
09-01 13:51:25.356583  2496  2829 I dvm_lock_sample: [com.google.android.googlequickse,0,Blocking Thread #2,81,PG,1,java.lang.Object dagger.a.e.b(),-,2,java.lang.Object dagger.a.e.b(),16]
09-01 13:51:25.432653  1274  1293 I am_uid_running: 1002
09-01 13:51:25.486316  1274  1304 I am_proc_start: [0,2895,1002,com.android.bluetooth,service,{com.android.bluetooth/com.android.bluetooth.btservice.AdapterService}]
09-01 13:51:25.583213  1274  1351 I am_proc_bound: [0,2895,com.android.bluetooth]
09-01 13:51:25.590964  1274  1351 I am_uid_active: 1002
09-01 13:51:25.660199  1274  1293 I commit_sys_config_file: [jobs,57]
09-01 13:51:25.786136  1274  1330 I commit_sys_config_file: [package-user-0,17]
09-01 13:51:25.791865  1274  1816 I dvm_lock_sample: [system_server,1,Binder:1274_8,26,PackageManagerService.java,10266,java.lang.String com.android.server.pm.PackageManagerService.getNameForUid(int),-,6063,void com.android.server.pm.PackageManagerService$PackageHandler.doHandleMessage(android.os.Message),5]
09-01 13:51:25.868776  1274  2849 I am_uid_running: 10111
09-01 13:51:25.909645  1274  1304 I am_proc_start: [0,2930,10111,com.android.vending,broadcast,{com.android.vending/com.google.android.finsky.simhandler.SimStateReceiver}]
09-01 13:51:25.931307  2496  2866 I dvm_lock_sample: [com.google.android.googlequickse,0,Blocking Thread #3,1003,PG,1,java.lang.Object dagger.a.e.b(),-,2,java.lang.Object dagger.a.e.b(),100]
09-01 13:51:25.938832  2496  2869 I dvm_lock_sample: [com.google.android.googlequickse,0,Blocking Thread #6,993,PG,1,java.lang.Object dagger.a.e.b(),-,2,java.lang.Object dagger.a.e.b(),100]
09-01 13:51:26.031443  2496  2516 I dvm_lock_sample: [com.google.android.googlequickse,1,Binder:2496_2,956,PG,1,java.lang.Object dagger.a.e.b(),-,2,java.lang.Object dagger.a.e.b(),100]
09-01 13:51:26.037801  2496  2834 I dvm_lock_sample: [com.google.android.googlequickse,1,BG Thread #3,541,PG,1,java.lang.Object dagger.a.e.b(),-,2,java.lang.Object dagger.a.e.b(),100]
09-01 13:51:26.038395  2496  2517 I dvm_lock_sample: [com.google.android.googlequickse,1,Binder:2496_3,223,PG,1,java.lang.Object dagger.a.e.b(),-,2,java.lang.Object dagger.a.e.b(),44]
09-01 13:51:26.086696  1274  1497 I am_proc_bound: [0,2930,com.android.vending]
09-01 13:51:26.095579  2496  2867 I dvm_lock_sample: [com.google.android.googlequickse,0,Blocking Thread #4,185,PG,1,void com.google.android.apps.gsa.k.d.d(com.google.android.apps.gsa.k.c),-,16,void com.google.android.apps.gsa.k.d.d(com.google.android.apps.gsa.k.c),37]
09-01 13:51:26.101028   435   435 I auditd  : avc:  denied  { find } for pid=2396 uid=10151 name=media.metrics scontext=u:r:mediaprovider_app:s0:c151,c256,c512,c768 tcontext=u:object_r:mediametrics_service:s0 tclass=service_manager permissive=0
09-01 13:51:26.159553  2496  2867 I dvm_lock_sample: [com.google.android.googlequickse,0,Blocking Thread #4,30,ContextImpl.java,780,java.io.File android.app.ContextImpl.getFilesDir(),-,784,java.io.File android.app.ContextImpl.getFilesDir(),6]
09-01 13:51:26.188075  2051  2051 I dvm_lock_sample: [com.google.android.gms.persisten,1,main,17,MessageQueue.java,554,boolean android.os.MessageQueue.enqueueMessage(android.os.Message, long),-,704,void android.os.MessageQueue.removeMessages(android.os.Handler, int, java.lang.Object),3]
09-01 13:51:26.284967  1274  1377 I am_compact: [2102,com.google.android.permissioncontroller,all,98800,50452,47400,16,-42324,-60,-42264,42264,365,0,0,1001,19,1451764,-8448]
09-01 13:51:26.524163  2400  2963 I dvm_lock_sample: [com.google.android.googlequickse,0,Blocking Thread #3,174,PG,1,java.util.Map com.google.android.libraries.phenotype.client.stable.ab.a(android.content.Context),-,14,java.util.Map com.google.android.libraries.phenotype.client.stable.ab.a(android.content.Context),34]
09-01 13:51:26.762984  2496  2866 I dvm_lock_sample: [com.google.android.googlequickse,0,Blocking Thread #3,790,PG,1,java.lang.Object dagger.a.e.b(),-,2,java.lang.Object dagger.a.e.b(),100]
09-01 13:51:26.767645  2496  2869 I dvm_lock_sample: [com.google.android.googlequickse,0,Blocking Thread #6,735,PG,1,java.lang.Object dagger.a.e.b(),-,2,java.lang.Object dagger.a.e.b(),100]
09-01 13:51:26.977716  2496  2762 I dvm_lock_sample: [com.google.android.googlequickse,1,BG Thread #0,32,PG,1,java.lang.Object com.google.apps.tiktok.h.b.e.apply(java.lang.Object),-,23,java.lang.Object com.google.apps.tiktok.h.b.e.apply(java.lang.Object),6]
09-01 13:51:27.078920  1274  1351 I dvm_lock_sample: [system_server,1,Binder:1274_3,20,ActivityManagerService.java,12577,boolean com.android.server.am.ActivityManagerService.unbindService(android.app.IServiceConnection),-,12418,android.content.ComponentName com.android.server.am.ActivityManagerService.startService(android.app.IApplicationThread, android.content.Intent, java.lang.String, boolean, java.lang.String, java.lang.String, int),4]
09-01 13:51:27.103393  1274  1352 I dvm_lock_sample: [system_server,1,Binder:1274_4,19,JobSchedulerService.java,1289,boolean com.android.server.job.JobSchedulerService.cancelJob(int, int, int, int),QuotaController.java,2078,void com.android.server.job.controllers.QuotaController$Timer.stopTrackingJob(com.android.server.job.controllers.JobStatus),3]
09-01 13:51:27.360810  2895  3033 I bt_config_source: 2
09-01 13:51:27.372927  1274  1377 I am_compact: [2162,com.google.android.apps.wellbeing,all,115448,64956,49188,984,-46460,0,-46460,46460,425,0,0,1001,19,1441012,-11008]
09-01 13:51:27.381530  2895  2895 I service_manager_slow: [11,companiondevice]
09-01 13:51:27.442213  1274  1377 I am_compact: [2697,com.android.printspooler,all,89320,43404,44976,1636,-41184,0,-41184,41184,69,0,0,1001,19,1430004,-3840]
09-01 13:51:27.465431  1274  1322 I sysui_multi_action: [757,1696,758,6,759,2]
09-01 13:51:27.519852  1274  1726 I am_uid_running: 10048
09-01 13:51:27.548042  1274  1289 I am_uid_running: 10127
09-01 13:51:27.584268  1274  1304 I am_proc_start: [0,3084,10048,com.dti.attmx,broadcast,{com.dti.attmx/com.digitalturbine.ignite.receiver.SimChangedReceiver}]
09-01 13:51:27.615982  1274  1304 I am_proc_start: [0,3086,10127,com.google.android.apps.tachyon,service,{com.google.android.apps.tachyon/com.google.android.apps.tachyon.clientapi.ClientApiService}]
09-01 13:51:27.782103  1274  1351 I am_proc_bound: [0,3086,com.google.android.apps.tachyon]
09-01 13:51:27.796981  1274  1351 I am_uid_active: 10127
09-01 13:51:27.802106  1274  2849 I am_proc_bound: [0,3084,com.dti.attmx]
09-01 13:51:27.819413  1274  2849 I service_manager_slow: [12,platform_compat]
09-01 13:51:27.914033  1274  2849 I dvm_lock_sample: [system_server,0,Binder:1274_D,52,ActivityManagerService.java,12608,void com.android.server.am.ActivityManagerService.serviceDoneExecuting(android.os.IBinder, int, int, int),,0,null,10]
09-01 13:51:27.928277  1274  1377 I am_compact: [2071,android.process.acore,file,110828,62188,47676,1800,0,0,0,0,36,0,0,0,5,1426420,0]
09-01 13:51:28.017769  2501  3133 I dvm_lock_sample: [com.google.android.projection.ge,0,Primes-2,58,SourceFile,1,java.lang.Object mei.a(java.lang.String),-,2,java.lang.Object mei.a(java.lang.String),11]
09-01 13:51:28.098613  2496  2871 I dvm_lock_sample: [com.google.android.googlequickse,1,Lite Thread #4,118,PG,-1,void com.google.frameworks.client.data.android.server.ac.e(),-,1,io.grpc.eg com.google.frameworks.client.data.android.server.ac.f(com.google.frameworks.client.data.android.server.ad, io.grpc.eh, io.grpc.dd, java.lang.Object),23]
09-01 13:51:28.182005  1274  1293 I commit_sys_config_file: [jobs,279]
09-01 13:51:28.270450  1274  1274 I dvm_lock_sample: [system_server,0,main,24,JobSchedulerService.java,1978,void com.android.server.job.JobSchedulerService$JobHandler.handleMessage(android.os.Message),JobServiceContext.java,354,boolean com.android.server.job.JobServiceContext.executeRunnableJob(com.android.server.job.controllers.JobStatus, int),4]
09-01 13:51:28.302486  2400  2694 I dvm_lock_sample: [com.google.android.googlequickse,1,BG Thread #0,3276,PG,1,void com.google.android.voiceinteraction.e.run(),-,7,void com.google.android.voiceinteraction.k.run(),100]
09-01 13:51:28.383175  1274  1304 I am_proc_start: [0,3150,10111,com.android.vending:background,service,{com.android.vending/com.google.android.finsky.ipcservers.background.BackgroundGrpcServerAndroidService}]
09-01 13:51:28.524247  1274  1289 I am_proc_bound: [0,3150,com.android.vending:background]
09-01 13:51:28.835399  1274  1274 I notification_cancel_all: [1000,1274,com.android.vending,0,0,0,20,NULL]
09-01 13:51:28.835901  1274  1274 I notification_cancel_all: [1000,1274,com.android.vending,0,0,0,20,NULL]
09-01 13:51:28.836480  1274  1274 I notification_cancel_all: [1000,1274,com.android.vending,0,0,0,20,NULL]
09-01 13:51:28.837175  1274  1274 I notification_cancel_all: [1000,1274,com.android.vending,0,0,0,20,NULL]
09-01 13:51:28.838434  1274  1274 I notification_cancel_all: [1000,1274,com.android.vending,0,0,0,20,NULL]
09-01 13:51:28.933369  2496  2867 I dvm_lock_sample: [com.google.android.googlequickse,0,Blocking Thread #4,2043,PG,1,java.util.Map com.google.android.libraries.phenotype.client.d.c(),-,7,java.util.Map com.google.android.libraries.phenotype.client.d.c(),100]
09-01 13:51:28.938959  2496  2869 I dvm_lock_sample: [com.google.android.googlequickse,0,Blocking Thread #6,2095,PG,1,java.util.Map com.google.android.libraries.phenotype.client.d.c(),-,7,java.util.Map com.google.android.libraries.phenotype.client.d.c(),100]
09-01 13:51:29.026985  1274  1303 I am_wtf  : [0,1274,system_server,-1,ActivityManager,Background started FGS: Allowed [callingPackage: com.google.android.setupwizard; callingUid: 10145; uidState: TRNB; intent: Intent { cmp=com.google.android.setupwizard/.notification.SetupNotificationService }; code:BACKGROUND_ACTIVITY_PERMISSION; tempAllowListReason:<null>; targetSdkVersion:32; callerTargetSdkVersion:32; startForegroundCount:1; bindFromPackage:null]]
09-01 13:51:29.056425  3086  3206 I dvm_lock_sample: [com.google.android.apps.tachyon,1,BG Thread #3,121,PG,1,java.lang.Object xxs.b(),-,2,java.lang.Object xxs.b(),24]
09-01 13:51:29.066533  3086  3194 I dvm_lock_sample: [com.google.android.apps.tachyon,1,BG Thread #2,80,PG,1,java.lang.Object xxs.b(),-,2,java.lang.Object xxs.b(),16]
09-01 13:51:29.105118  1274  1293 I commit_sys_config_file: [notification-policy,20089]
09-01 13:51:29.465856  1274  1322 I power_sleep_requested: 0
09-01 13:51:29.578244  1274  1377 I am_compact: [2930,com.android.vending,all,165492,101988,62520,1932,-60800,384,-61184,61508,460,0,0,1001,19,1424116,-27648]
09-01 13:51:29.702472  1274  1304 I am_proc_start: [0,3238,10048,com.digitalturbine.ignite.suspend.DataUsageRecorderService,service,{com.dti.attmx/com.digitalturbine.ignite.suspend.service.DataUsageRecorderService}]
09-01 13:51:29.721233  1274  1322 I sysui_multi_action: [757,1696,758,6,759,0]
09-01 13:51:29.812113  1274  2849 I am_proc_bound: [0,3238,com.digitalturbine.ignite.suspend.DataUsageRecorderService]
09-01 13:51:29.833068  1274  1366 I commit_sys_config_file: [settings-1-0,70]
09-01 13:51:29.889857  1274  1377 I am_compact: [3150,com.android.vending:background,all,133968,74776,58284,1932,-54664,768,-55432,55516,310,0,0,100,10,1396468,-3584]
09-01 13:51:29.935935  3086  3199 I dvm_lock_sample: [com.google.android.apps.tachyon,1,Lite Thread #0,116,PG,1,java.lang.Object xxs.b(),-,2,java.lang.Object xxs.b(),23]
09-01 13:51:30.261108  1274  1274 I sysui_multi_action: [757,198,758,2,759,3,1359,796,1695,2]
09-01 13:51:30.261558  1274  1274 I power_screen_state: [0,3,0,0,796]
09-01 13:51:30.261635  1274  1274 I screen_toggled: 0
09-01 13:51:30.261811  1274  1274 I sysui_multi_action: [757,804,799,screen_timeout,801,1800,802,1]
09-01 13:51:30.277099  1274  1274 I sysui_multi_action: [757,1594,758,4,759,-2147483648,1359,17696]
09-01 13:51:30.277937  1274  1274 I power_screen_broadcast_send: 1
09-01 13:51:30.341230  1274  1726 I sysui_multi_action: [757,128,758,2,793,14070,794,12450,795,14070,796,55,798,0,806,android,857,DEVELOPER,858,2,947,0,1395,1,1500,13861,1688,1]
09-01 13:51:30.341662  1274  1726 I notification_visibility: [-1|android|55|null|1000,0,14070,14070,0,0]
09-01 13:51:30.343735  1274  1352 I sysui_multi_action: [757,127,758,2]
09-01 13:51:30.344035  1274  1352 I notification_panel_hidden: 
09-01 13:51:30.358110  1274  1274 I battery_saving_stats: [0,1,0,17809,0,0,17809,0,0]
09-01 13:51:30.358190  1274  1293 I commit_sys_config_file: [notification-policy,21342]
09-01 13:51:30.434478  1274  1377 I am_compact: [1567,com.android.systemui,all,232236,147272,83640,1844,-72180,-520,-71660,72076,543,0,0,-800,1,1393140,-43776]
09-01 13:51:30.472842  1274  1293 I commit_sys_config_file: [jobs,40]
09-01 13:51:30.520145  2263  2263 I gms_unknown: 2369
09-01 13:51:30.521335  2263  2263 I gms_unknown: 47106
09-01 13:51:30.551508  1274  1289 I am_uid_running: 10113
09-01 13:51:30.601279  1274  1304 I am_proc_start: [0,3360,10113,com.google.android.partnersetup,broadcast,{com.google.android.partnersetup/com.google.android.partnersetup.PhoneStateReceiver}]
09-01 13:51:30.606395  3086  3128 I dvm_lock_sample: [com.google.android.apps.tachyon,1,Binder:3086_3,480,PG,2,void iqx.e(),-,6,void iqx.e(),96]
09-01 13:51:30.689908  1274  1726 I am_proc_bound: [0,3360,com.google.android.partnersetup]
09-01 13:51:30.776146  2263  2356 I gms_unknown: [CheckinTask:duration,39]
09-01 13:51:30.803249  1274  1274 I power_screen_broadcast_done: [0,525,1]
09-01 13:51:30.924227  1274  1377 I am_compact: [1837,com.android.launcher3,all,245468,154472,89948,1900,-86756,-100,-86656,87112,489,0,0,0,5,1349108,-45568]
09-01 13:51:31.137426  1274  1377 I am_compact: [2400,com.google.android.googlequicksearchbox:interactor,all,209168,147012,60032,1932,-57664,0,-57664,57668,212,0,0,100,5,1303540,-17664]
09-01 13:51:31.227639  1274  1377 I am_compact: [2895,com.android.bluetooth,all,126616,78228,47388,1924,-43976,0,-43976,43976,90,0,0,-700,0,1285876,-5376]
09-01 13:51:31.347417  1274  1377 I am_compact: [2396,com.google.android.providers.media.module,all,123520,71164,51320,1888,-38972,40,-39024,40160,119,0,0,-700,0,1280500,6912]
09-01 13:51:31.399219  1274  1377 I am_compact: [2443,com.mediatek.voicecommand,all,86352,40780,44632,1932,-41156,0,-41156,41156,51,0,0,-800,0,1287924,-1024]
09-01 13:51:31.452026  1274  1377 I am_compact: [2426,com.hmct.updater,all,91244,45516,44776,1936,-41296,0,-41296,41296,53,0,0,-800,0,1286900,-5120]
09-01 13:51:31.480000  2426  2426 I auditd  : type=1400 audit(0.0:216): avc: denied { search } for comm="om.hmct.updater" name="vendor" dev="tmpfs" ino=886 scontext=u:r:system_app:s0 tcontext=u:object_r:mnt_vendor_file:s0 tclass=dir permissive=0
09-01 13:51:31.507456  1274  1351 I am_uid_running: 10067
09-01 13:51:31.508976  1274  1377 I am_compact: [1765,com.google.android.ext.services,all,91392,45616,44824,1936,-41324,0,-41324,41324,57,0,0,100,5,1281784,-516]
09-01 13:51:31.535364  1274  1304 I am_proc_start: [0,3399,10067,com.system.weatherwidget,broadcast,{com.system.weatherwidget/com.system.weatherwidget.WeatherWidget}]
09-01 13:51:31.560327  1274  1377 I am_compact: [2308,com.pri.smart,all,88068,42512,44616,1932,-41128,0,-41128,41128,51,0,0,-800,0,1281268,-4608]
09-01 13:51:31.595832  1274  1351 I am_proc_bound: [0,3399,com.system.weatherwidget]
09-01 13:51:31.639244  1274  1377 I am_compact: [1965,com.mediatek.ims,all,102288,54860,46356,1932,-43108,-160,-42948,42948,78,0,0,-700,0,1276660,-6656]
09-01 13:51:31.689338  1274  1377 I am_compact: [1744,com.bst.face.service,all,92016,46204,44852,1936,-41368,0,-41368,41368,49,0,0,-800,0,1270004,-4096]
09-01 13:51:31.742009  1274  1351 I am_uid_running: 10112
09-01 13:51:31.765785  1274  1304 I am_proc_start: [0,3420,10112,com.payjoy.access,broadcast,{com.payjoy.access/com.payjoy.access.TopActivityChangedReceiver}]
09-01 13:51:31.829232  1274  1351 I am_proc_bound: [0,3420,com.payjoy.access]
09-01 13:51:31.838269  1274  1377 I am_compact: [1736,com.android.phone,all,130912,78492,51304,1932,-52212,-3176,-49036,49036,148,0,0,-800,0,1265908,-17408]
09-01 13:51:31.891886  1274  1377 I am_compact: [1727,com.android.se,all,90724,45148,44624,1936,-41252,0,-41252,41252,53,0,0,-800,0,1248500,-4096]
09-01 13:51:31.943699  1274  1377 I am_compact: [1709,com.mediatek.smartratswitch,all,87996,42376,44672,1948,-41188,0,-41188,41188,52,0,0,-800,0,1244404,-3072]
09-01 13:51:31.969614  1274  1352 I am_uid_running: 10056
09-01 13:51:32.000509  1274  1304 I am_proc_start: [0,3443,10056,com.android.traceur,broadcast,{com.android.traceur/com.android.traceur.Receiver}]
09-01 13:51:32.050775  1274  1377 I am_compact: [1686,com.android.networkstack.process,all,110076,60204,48908,1936,-45484,0,-45484,45484,107,0,0,-800,0,1241332,-7424]
09-01 13:51:32.091588  1274  1351 I am_proc_bound: [0,3443,com.android.traceur]
09-01 13:51:32.101190  1274  1351 I am_uid_active: 10056
09-01 13:51:32.258639  1274  1304 I am_proc_start: [0,3469,1000,com.pri.screenvideo,broadcast,{com.pri.screenvideo/com.pri.screenvideo.BootCompletedReceiver}]
09-01 13:51:32.323149  1274  2849 I am_proc_bound: [0,3469,com.pri.screenvideo]
09-01 13:51:32.602708  1274  1377 I am_compact: [1274,system,all,274096,177488,95104,1832,-87140,-10408,-76740,78656,550,0,0,-900,0,1233908,-50688]
09-01 13:51:32.747647  1274  1377 I am_compact: [3086,com.google.android.apps.tachyon,all,147648,93076,53344,1932,-49768,0,-49768,49768,144,0,0,1001,19,1183220,-13824]
09-01 13:51:32.774099  1274  1377 I am_compact: [1759,com.android.settings,file,134560,84904,48620,1908,0,0,0,0,5,1,61720,0,10,1169652,-256]
09-01 13:51:32.811424  1274  3494 I dropbox_file_copy: [/sys/fs/pstore/console-ramoops-0,-196036,SYSTEM_LAST_KMSG]
