09-01 13:50:35.592041  1016  1016 I focaltech:hal:config: [ 368]:algo.spa_en                              : on
09-01 13:50:35.592059  1016  1016 I focaltech:hal:config: [ 369]:algo.module_type                         : 0
09-01 13:50:35.592077  1016  1016 I focaltech:hal:config: [ 370]:algo.max_fingers_per_user                : 5
09-01 13:50:35.592094  1016  1016 I focaltech:hal:config: [ 371]:algo.max_samples_per_tpl                 : 96
09-01 13:50:35.592112  1016  1016 I focaltech:hal:config: [ 372]:algo.enroll_tips_check_en                : 2
09-01 13:50:35.592130  1016  1016 I focaltech:hal:config: [ 373]:algo.enroll_tips_minArea_threshold       : 40
09-01 13:50:35.592147  1016  1016 I focaltech:hal:config: [ 374]:algo.enroll_tips_maxArea_threshold       : 70
09-01 13:50:35.592164  1016  1016 I focaltech:hal:config: [ 375]:algo.enroll_tips_deltaxy_thr             : 0
09-01 13:50:35.592181  1016  1016 I focaltech:hal:config: [ 376]:algo.enroll_tips_deltaAng_thr            : 10
09-01 13:50:35.592199  1016  1016 I focaltech:hal:config: [ 377]:algo.enroll_non_finger_detect            : on
09-01 13:50:35.592216  1016  1016 I focaltech:hal:config: [ 378]:algo.identify_foreign_body_attack        : 1
09-01 13:50:35.592233  1016  1016 I focaltech:hal:config: [ 379]:algo.identify_non_finger_detect          : on
09-01 13:50:35.592251  1016  1016 I focaltech:hal:config: [ 380]:algo.update_tpl_outside_en               : on
09-01 13:50:35.592335  1016  1016 I focaltech:hal:config: [ 381]:algo.tpl_buff_en                         : on
09-01 13:50:35.592357  1016  1016 I focaltech:hal:config: [ 382]:algo.verify_image_rescan_cont            : 3
09-01 13:50:35.592375  1016  1016 I focaltech:hal:config: [ 383]:algo.verify_rescan_overlap_threshold     : 99
09-01 13:50:35.592393  1016  1016 I focaltech:hal:config: [ 384]:algo.slide_enroll_enable                 : 0
09-01 13:50:35.592410  1016  1016 I focaltech:hal:config: [ 385]:algo.slide_enroll_image_cont             : 2
09-01 13:50:35.592427  1016  1016 I focaltech:hal:config: [ 386]:algo.slide_enroll_standard_deviation     : 225
09-01 13:50:35.592445  1016  1016 I focaltech:hal:config: [ 387]:algo.slide_enroll_max_tpls               : 12
09-01 13:50:35.592463  1016  1016 I focaltech:hal:config: [ 388]:algo.slide_enroll_area_overlap_threshold : 80
09-01 13:50:35.592481  1016  1016 I focaltech:hal:config: [ 389]:algo.slide_enroll_speed_threshold        : 60
09-01 13:50:35.592510  1016  1016 I focaltech:hal:config: [ 390]:algo.slide_verify_speed_threshold        : 30
09-01 13:50:35.592528  1016  1016 I focaltech:hal:config: [ 391]:algo.enrolling_effective_samples         : 13
09-01 13:50:35.592546  1016  1016 I focaltech:hal:config: [ 392]:algo.enrolling_duplicate_samples         : 6
09-01 13:50:35.592563  1016  1016 I focaltech:hal:config: [ 393]:algo.enrolling_samples                   : 19
09-01 13:50:35.592580  1016  1016 I focaltech:hal:config: [ 396]:device.spi_default_bps                   : 4000000
09-01 13:50:35.592599  1016  1016 I focaltech:hal:config: [ 397]:device.interrupt_mode                    : read-image
09-01 13:50:35.592624  1016  1016 I focaltech:hal:config: [ 398]:device.gesturing_mode                    : key-simulation only
09-01 13:50:35.592642  1016  1016 I focaltech:hal:config: [ 399]:device.keycode_nav_left                  : 105
09-01 13:50:35.592660  1016  1016 I focaltech:hal:config: [ 400]:device.keycode_nav_right                 : 106
09-01 13:50:35.592678  1016  1016 I focaltech:hal:config: [ 401]:device.keycode_nav_up                    : 103
09-01 13:50:35.592696  1016  1016 I focaltech:hal:config: [ 402]:device.keycode_nav_down                  : 108
09-01 13:50:35.592713  1016  1016 I focaltech:hal:config: [ 403]:device.keycode_double_click              : 28
09-01 13:50:35.592731  1016  1016 I focaltech:hal:config: [ 404]:device.keycode_click                     : 158
09-01 13:50:35.592748  1016  1016 I focaltech:hal:config: [ 405]:device.keycode_long_press                : 116
09-01 13:50:35.592767  1016  1016 I focaltech:hal:config: [ 406]:device.keycode_simulation                : 87
09-01 13:50:35.592784  1016  1016 I focaltech:hal:config: [ 409]:sensor.bitwidth                          : 8
09-01 13:50:35.592802  1016  1016 I focaltech:hal:config: [ 410]:sensor.rotation                          : 0
09-01 13:50:35.592820  1016  1016 I focaltech:hal:config: [ 413]:diagnosis.logging_level                  : info
09-01 13:50:35.592838  1016  1016 I focaltech:hal:config: [ 414]:diagnosis.fw_log_level                   : info
09-01 13:50:35.592855  1016  1016 I focaltech:hal:config: [ 415]:diagnosis.lib_log_level                  : warning
09-01 13:50:35.592873  1016  1016 I focaltech:hal:config: [ 416]:diagnosis.ta_native_log                  : on
09-01 13:50:35.592890  1016  1016 I focaltech:hal:config: [ 417]:diagnosis.algorithm_log                  : on
09-01 13:50:35.592908  1016  1016 I focaltech:hal:config: [ 418]:diagnosis.logcat_driver                  : off
09-01 13:50:35.592925  1016  1016 I focaltech:hal:config: [ 419]:diagnosis.dump_diag_data                 : off
09-01 13:50:35.592943  1016  1016 I focaltech:hal:config: [ 420]:diagnosis.dump_spi_data                  : off
09-01 13:50:35.592960  1016  1016 I focaltech:hal:config: [ 421]:diagnosis.en_statistics                  : on
09-01 13:50:35.592976  1016  1016 I focaltech:hal:config: [ 422]:diagnosis.register_check                 : off
09-01 13:50:35.593008  1016  1016 I focaltech:hal:stats: [  69]:loading statistics data...
09-01 13:50:35.593138  1016  1016 I focaltech:hal:stats: [  88]:reset all the statistical data...
09-01 13:50:35.596090  1016  1030 D ProcessState: Binder ioctl to enable oneway spam detection failed: Invalid argument
09-01 13:50:35.598614  1016  1030 I focaltech:service: [  55]:com.focaltech.fingerprint.IFocalFingerprintService
09-01 13:50:35.606553   709   788 I GED     : ged_boost_gpu_freq, level 100, eOrigin 2, final_idx 2, oppidx_max 2, oppidx_min 0
09-01 13:50:35.639825  1021  1021 I NetdagentIptables: execIptables -w -t mangle -F oem_mangle_pre 
09-01 13:50:35.647459  1016  1016 I focaltech:ca:client: [ 169]:opening <Beanpod device...
09-01 13:50:35.656804   817   817 I stp_dump: Decrypt done!
09-01 13:50:35.656911   817   817 I stp_dump: addr.sun_path:stp_DIR=/data/vendor/stp_dump GROUP=stp
09-01 13:50:35.657037   817   817 I stp_dump: Using existing control interface directory.
09-01 13:50:35.657051   817   817 I stp_dump: mkdir (/data/vendor/stp_dump) succeed
09-01 13:50:35.657067   817   817 I stp_dump: ctrl_interface_group=1000 (from group name 'stp')
09-01 13:50:35.657101   817   817 I stp_dump: chown (/data/vendor/stp_dump) succeed
09-01 13:50:35.657121   817   817 I stp_dump: CTRL: chmod[/data/vendor/stp_dump] succeed
09-01 13:50:35.657139   817   817 I stp_dump: Using existing control interface directory.
09-01 13:50:35.657154   817   817 I stp_dump: Using existing control interface directory.
09-01 13:50:35.659752   479   479 I [mTEE]  :  come into the TZ_VFS_OPEN function
09-01 13:50:35.660088   479   479 D [mTEE]  :  pathname = /vendor/thh/ta/04190000000000000000000000000000.ta
09-01 13:50:35.660132   479   479 D [mTEE]  :  flags = 0 mode = 0 retval = 5
09-01 13:50:35.660899   479   479 D [mTEE]  :  come into the TZ_VFS_CLOSE function
09-01 13:50:35.660956   479   479 D [mTEE]  :  fd = 5
09-01 13:50:35.661037   479   479 D [mTEE]  :  retVal = 0
09-01 13:50:35.661851   479   479 I [mTEE]  :  come into the TZ_VFS_OPEN function
09-01 13:50:35.661979   479   479 D [mTEE]  :  pathname = /vendor/thh/ta/04190000000000000000000000000000.ta
09-01 13:50:35.662056   479   479 D [mTEE]  :  flags = 0 mode = 0 retval = 5
09-01 13:50:35.666330   479   479 D [mTEE]  :  come into the TZ_VFS_LSEEK function
09-01 13:50:35.669127   479   479 D [mTEE]  :  come into the TZ_VFS_LSEEK function
09-01 13:50:35.669918   479   479 D [mTEE]  :  come into the TZ_VFS_LSEEK function
09-01 13:50:35.670898   479   479 D [mTEE]  :  come into the TZ_VFS_READ function
09-01 13:50:35.690028   479   479 D [mTEE]  :  come into the TZ_VFS_READ function
09-01 13:50:35.694682   479   479 D [mTEE]  :  come into the TZ_VFS_READ function
09-01 13:50:35.700475   709   788 I GED     : ged_boost_gpu_freq, level 100, eOrigin 2, final_idx 2, oppidx_max 2, oppidx_min 0
09-01 13:50:35.720602  1021  1021 I NetdagentIptables: execIptables -w -t mangle -X oem_mangle_pre 
09-01 13:50:35.728096   479   479 D [mTEE]  :  come into the TZ_VFS_READ function
09-01 13:50:35.731473   479   479 D [mTEE]  :  come into the TZ_VFS_READ function
09-01 13:50:35.734825   479   479 D [mTEE]  :  come into the TZ_VFS_READ function
09-01 13:50:35.737130   817   817 E stp_dump: ==> combo_t32_num:0
09-01 13:50:35.737328   817   817 I stp_dump: close file combo_t32
09-01 13:50:35.737596   817   817 I stp_dump: stp_dump_ctrl_iface_trace_logger_sendto_fd succeed
09-01 13:50:35.737625   817   817 I stp_dump: [STP_DBG] family id = 26
09-01 13:50:35.737636   817   817 I stp_dump: sending dummy command
09-01 13:50:35.737556   959   959 I update_engine: [INFO:main.cc(55)] A/B Update Engine starting
09-01 13:50:35.739683   479   479 D [mTEE]  :  come into the TZ_VFS_CLOSE function
09-01 13:50:35.739758   479   479 D [mTEE]  :  fd = 5
09-01 13:50:35.739784   479   479 D [mTEE]  :  retVal = 0
09-01 13:50:35.740265   817   817 I stp_dump: set sock number to 4
09-01 13:50:35.757227   817   817 E stp_dump: ctrl_iface bind(PF_UNIX) failed: Address already in use
09-01 13:50:35.757571   817   817 E stp_dump: ctrl_iface exists, but does not allow connections - assuming it was leftover from forced program termination
09-01 13:50:35.758055   817   817 D stp_dump: Successfully replaced leftover ctrl_iface socket '/data/vendor/stp_dump/stpd'
09-01 13:50:35.759432   817   817 I stp_dump: set sock number to 5
09-01 13:50:35.759687   817   817 I stp_dump: stp_dump_ctrl_iface_init succeed.
09-01 13:50:35.759743   817   817 I stp_dump: ==>main222 
09-01 13:50:35.762485   479   479 I [mTEE]  :  come into the TZ_VFS_OPEN function
09-01 13:50:35.762745   479   479 D [mTEE]  : check persist=3
09-01 13:50:35.762839   479   479 D [mTEE]  :  pathname = /mnt/vendor/persist/rpmb/rpmb.txt
09-01 13:50:35.762857   479   479 D [mTEE]  :  flags = 4098 mode = 0 retval = 5
09-01 13:50:35.766585   479   479 D [mTEE]  :  come into the TZ_VFS_LSEEK function
09-01 13:50:35.766110   956   956 D AVStageFactory: createInstance(64bit): createVendorAVFactory success!
09-01 13:50:35.767774   956   956 D AVStageUtils: createInstance(64bit): createVendorAVUtils success!
09-01 13:50:35.768059   956   956 D AVStageFactory: createInstance(64bit): createVendorAVFactory success!
09-01 13:50:35.769386   479   479 D [mTEE]  :  come into the TZ_VFS_READ function
09-01 13:50:35.776458   956   956 D ProcessState: Binder ioctl to enable oneway spam detection failed: Invalid argument
09-01 13:50:35.778944   709   785 I SurfaceFlinger: [SF client] NEW(0xb400007280bdf790) for (956:/system/bin/bootanimation)
09-01 13:50:35.779524   956   956 D BootAnimation: BootAnimationStartTiming start time: 17870ms
09-01 13:50:35.779638   479   479 D [mTEE]  :  come into the TZ_VFS_CLOSE function
09-01 13:50:35.779672   479   479 D [mTEE]  :  fd = 5
09-01 13:50:35.779699   479   479 D [mTEE]  :  retVal = 0
09-01 13:50:35.779716   956   956 E BootAnimation: System Called 1 
09-01 13:50:35.779843   956   956 E BootAnimation: Animation debug log is disabled
09-01 13:50:35.779877   956   956 D BootAnimation: BootAnimationPreloadTiming start time: 17870ms
09-01 13:50:35.780465   479   479 I [mTEE]  :  come into the TZ_VFS_OPEN function
09-01 13:50:35.780656   479   479 D [mTEE]  : check persist=3
09-01 13:50:35.780704   479   479 D [mTEE]  :  pathname = /mnt/vendor/persist/rpmb/rpmb.txt
09-01 13:50:35.780714   479   479 D [mTEE]  :  flags = 4098 mode = 0 retval = 5
09-01 13:50:35.781396   479   479 D [mTEE]  :  come into the TZ_VFS_LSEEK function
09-01 13:50:35.783528   479   479 D [mTEE]  :  come into the TZ_VFS_READ function
09-01 13:50:35.798308  1018  1018 D FaceHal : _face_open_
09-01 13:50:35.798672  1018  1018 D XFACE-D220509-09:00: XFaceImpl() mInited 0 addr 0xb4000078bcc13518 this 0xb4000078bcc13510, construct E
09-01 13:50:35.798811  1018  1018 D XFACE-D220509-09:00: xface openHal() E
09-01 13:50:35.799024  1018  1018 I bstFU   : Getting version =13611 released on 20220308
09-01 13:50:35.799115  1018  1018 I XFACE-D220509-09:00: face algo version major:13 minor:611
09-01 13:50:35.799168  1018  1018 I bstFU   : nativeInit version =13611 released on 20220308
09-01 13:50:35.799284   956   956 D BootAnimation: gBootanimationValue string is /system/media/bootanimation_att_mx.zip
09-01 13:50:35.799510   956   956 D BootAnimation: gBootsoundValue string is /system/media/bootsound_att_mx.mp3
09-01 13:50:35.799533   709   788 I GED     : ged_boost_gpu_freq, level 100, eOrigin 2, final_idx 2, oppidx_max 2, oppidx_min 0
09-01 13:50:35.799620   479   479 D [mTEE]  :  come into the TZ_VFS_CLOSE function
09-01 13:50:35.799647   956   956 D BootAnimation: mSoundFileName string is /system/media/bootsound_att_mx.mp3,length is 34
09-01 13:50:35.799677   479   479 D [mTEE]  :  fd = 5
09-01 13:50:35.799711   479   479 D [mTEE]  :  retVal = 0
09-01 13:50:35.810085  1018  1018 I bstFU   : version: 1.0.1.3
09-01 13:50:35.810279  1018  1018 I bstFU   : ;
09-01 13:50:35.810279  1018  1018 I bstFU   : DUMP_IMAGE: found 0
09-01 13:50:35.810337  1018  1018 I bstFU   : ;
09-01 13:50:35.810337  1018  1018 I bstFU   : enroll_brightness_ON: found 1
09-01 13:50:35.810374  1018  1018 I bstFU   : ;
09-01 13:50:35.810374  1018  1018 I bstFU   : enroll_blurriness_ON: found 1
09-01 13:50:35.810408  1018  1018 I bstFU   : ;
09-01 13:50:35.810408  1018  1018 I bstFU   : enroll_occlusion_ON: found 1
09-01 13:50:35.810443  1018  1018 I bstFU   : ;
09-01 13:50:35.810443  1018  1018 I bstFU   : enroll_blink_ON: found 1
09-01 13:50:35.810479  1018  1018 I bstFU   : ;
09-01 13:50:35.810479  1018  1018 I bstFU   : enroll_poseEst_ON: found 0
09-01 13:50:35.810547  1018  1018 I bstFU   : ;
09-01 13:50:35.810547  1018  1018 I bstFU   : enroll_brightness_bright_TH: found 500.000000
09-01 13:50:35.810590  1018  1018 I bstFU   : ;
09-01 13:50:35.810590  1018  1018 I bstFU   : enroll_brightness_dark_TH: found 0.000000
09-01 13:50:35.811306  1018  1018 I bstFU   : ;
09-01 13:50:35.811306  1018  1018 I bstFU   : enroll_blurriness_TH: found 0.000000
09-01 13:50:35.811473  1018  1018 I bstFU   : ;
09-01 13:50:35.811473  1018  1018 I bstFU   : enroll_different_user_TH: found 0.400000
09-01 13:50:35.811522  1018  1018 I bstFU   : ;
09-01 13:50:35.811522  1018  1018 I bstFU   : enroll_bstLive_TH: found 0.800000
09-01 13:50:35.811563  1018  1018 I bstFU   : ;
09-01 13:50:35.811563  1018  1018 I bstFU   : enroll_eyes_TH: found 0.800000
09-01 13:50:35.811603  1018  1018 I bstFU   : ;
09-01 13:50:35.811603  1018  1018 I bstFU   : enroll_min_dist_to_top: found 0.010000
09-01 13:50:35.811643  1018  1018 I bstFU   : ;
09-01 13:50:35.811643  1018  1018 I bstFU   : enroll_min_dist_to_bottom: found 0.010000
09-01 13:50:35.811683  1018  1018 I bstFU   : ;
09-01 13:50:35.811683  1018  1018 I bstFU   : enroll_min_dist_to_left: found 0.010000
09-01 13:50:35.811723  1018  1018 I bstFU   : ;
09-01 13:50:35.811723  1018  1018 I bstFU   : enroll_min_dist_to_right: found 0.010000
09-01 13:50:35.811767  1018  1018 I bstFU   : ;
09-01 13:50:35.811767  1018  1018 I bstFU   : authen_brightness_ON: found 1
09-01 13:50:35.811809  1018  1018 I bstFU   : ;
09-01 13:50:35.811809  1018  1018 I bstFU   : authen_blurriness_ON: found 1
09-01 13:50:35.811848  1018  1018 I bstFU   : ;
09-01 13:50:35.811848  1018  1018 I bstFU   : authen_occlusion_ON: found 1
09-01 13:50:35.811887  1018  1018 I bstFU   : ;
09-01 13:50:35.811887  1018  1018 I bstFU   : authen_blink_ON: found 1
09-01 13:50:35.811927  1018  1018 I bstFU   : ;
09-01 13:50:35.811927  1018  1018 I bstFU   : authen_poseEst_ON: found 1
09-01 13:50:35.811997  1018  1018 I bstFU   : ;
09-01 13:50:35.811997  1018  1018 I bstFU   : authen_brightness_bright_TH: found 500.000000
09-01 13:50:35.812041  1018  1018 I bstFU   : ;
09-01 13:50:35.812041  1018  1018 I bstFU   : authen_brightness_dark_TH: found 0.000000
09-01 13:50:35.812084  1018  1018 I bstFU   : ;
09-01 13:50:35.812084  1018  1018 I bstFU   : authen_blurriness_TH: found 0.000000
09-01 13:50:35.812128  1018  1018 I bstFU   : ;
09-01 13:50:35.812128  1018  1018 I bstFU   : authen_default_match_TH: found 0.550000
09-01 13:50:35.812172  1018  1018 I bstFU   : ;
09-01 13:50:35.812172  1018  1018 I bstFU   : authen_bstLive_TH: found 0.950000
09-01 13:50:35.812217  1018  1018 I bstFU   : ;
09-01 13:50:35.812217  1018  1018 I bstFU   : authen_eyes_TH: found 0.880000
09-01 13:50:35.812261  1018  1018 I bstFU   : ;
09-01 13:50:35.812261  1018  1018 I bstFU   : pnet_cpu_threads: found 2
09-01 13:50:35.812304  1018  1018 I bstFU   : ;
09-01 13:50:35.812304  1018  1018 I bstFU   : pnet_gpu_threads: found 0
09-01 13:50:35.812347  1018  1018 I bstFU   : ;
09-01 13:50:35.812347  1018  1018 I bstFU   : pnet_xnnpack_threads: found 0
09-01 13:50:35.812390  1018  1018 I bstFU   : ;
09-01 13:50:35.812390  1018  1018 I bstFU   : rnet_cpu_threads: found 2
09-01 13:50:35.812569  1018  1018 I bstFU   : ;
09-01 13:50:35.812569  1018  1018 I bstFU   : rnet_gpu_threads: found 0
09-01 13:50:35.812613  1018  1018 I bstFU   : ;
09-01 13:50:35.812613  1018  1018 I bstFU   : rnet_xnnpack_threads: found 0
09-01 13:50:35.812658  1018  1018 I bstFU   : ;
09-01 13:50:35.812658  1018  1018 I bstFU   : onet_cpu_threads: found 2
09-01 13:50:35.812746  1018  1018 I bstFU   : ;
09-01 13:50:35.812746  1018  1018 I bstFU   : onet_gpu_threads: found 0
09-01 13:50:35.812793  1018  1018 I bstFU   : ;
09-01 13:50:35.812793  1018  1018 I bstFU   : onet_xnnpack_threads: found 0
09-01 13:50:35.812857  1018  1018 I bstFU   : ;
09-01 13:50:35.812857  1018  1018 I bstFU   : occlusion_cpu_threads: found 2
09-01 13:50:35.812906  1018  1018 I bstFU   : ;
09-01 13:50:35.812906  1018  1018 I bstFU   : occlusion_gpu_threads: found 0
09-01 13:50:35.812955  1018  1018 I bstFU   : ;
09-01 13:50:35.812955  1018  1018 I bstFU   : occlusion_xnnpack_threads: found 0
09-01 13:50:35.813001  1018  1018 I bstFU   : ;
09-01 13:50:35.813001  1018  1018 I bstFU   : blink_cpu_threads: found 2
09-01 13:50:35.813048  1018  1018 I bstFU   : ;
09-01 13:50:35.813048  1018  1018 I bstFU   : blink_gpu_threads: found 0
09-01 13:50:35.813098  1018  1018 I bstFU   : ;
09-01 13:50:35.813098  1018  1018 I bstFU   : blink_xnnpack_threads: found 0
09-01 13:50:35.813098   956   956 D BootAnimation: before allowed, soundplay
09-01 13:50:35.813189  1018  1018 I bstFU   : ;
09-01 13:50:35.813189  1018  1018 I bstFU   : pose_cpu_threads: found 2
09-01 13:50:35.813291   956   956 D BootAnimation: soundplay called
09-01 13:50:35.813289  1018  1018 I bstFU   : ;
09-01 13:50:35.813289  1018  1018 I bstFU   : pose_gpu_threads: found 0
09-01 13:50:35.813338  1018  1018 I bstFU   : ;
09-01 13:50:35.813338  1018  1018 I bstFU   : pose_xnnpack_threads: found 0
09-01 13:50:35.813348  1018  1018 I bstFU   : CHECK_DES enable
09-01 13:50:35.813519  1021  1021 I NetdagentIptables: execIptables -w -t mangle -N oem_mangle_pre 
09-01 13:50:35.814924   695   950 I ServiceManager: Waiting for service 'media.audio_policy' on '/dev/binder'...
09-01 13:50:35.819651  1018  1018 I bstFU   : version: 1.3.6.11
09-01 13:50:35.819845  1018  1018 I bstFU   : Check time limit
09-01 13:50:35.819892  1018  1018 I bstFU   : ;
09-01 13:50:35.819892  1018  1018 I bstFU   : YEAR_MIN: found 0
09-01 13:50:35.819925  1018  1018 I bstFU   : ;
09-01 13:50:35.819925  1018  1018 I bstFU   : MONTH_MIN: found 1
09-01 13:50:35.819959  1018  1018 I bstFU   : ;
09-01 13:50:35.819959  1018  1018 I bstFU   : DAY_MIN: found 1
09-01 13:50:35.819991  1018  1018 I bstFU   : ;
09-01 13:50:35.819991  1018  1018 I bstFU   : YEAR_MAX: found 9999
09-01 13:50:35.820024  1018  1018 I bstFU   : ;
09-01 13:50:35.820024  1018  1018 I bstFU   : MONTH_MAX: found 12
09-01 13:50:35.820057  1018  1018 I bstFU   : ;
09-01 13:50:35.820057  1018  1018 I bstFU   : DAY_MAX: found 31
09-01 13:50:35.820750  1018  1018 I bstFU   : YYYY-MM-DD 2022-09-01
09-01 13:50:35.820913  1018  1018 I bstFU   : DATE_LIMIT from    0-01-01 to 9999-12-31
09-01 13:50:35.840633  1018  1018 I tflite  : Initialized TensorFlow Lite runtime.
09-01 13:50:35.848121   946   946 D TRS     : [PQ_SERVICE] PQService constructor end
09-01 13:50:35.848267   946   946 D AAL     : AALService constructor
09-01 13:50:35.848954  1027  1027 I connsyslogger: begin to open CUSTOMIZE_FILE file
09-01 13:50:35.849116  1027  1027 E connsyslogger: could not open CUSTOMIZE_FILE file
09-01 13:50:35.849164  1027  1027 I connsyslogger: ReorganizePort: no customize, support radio: wifi
09-01 13:50:35.849164   946   946 D AAL     : Screen size = (w 720, h 1600)
09-01 13:50:35.849175  1027  1027 D connsyslogger: getDebugLevel:log_type=0,level=-1
09-01 13:50:35.849182   946   946 D AAL     : setFunction: 0x0 -> 0x0
09-01 13:50:35.849183  1027  1027 I connsyslogger: ReorganizePort: no customize, support radio: bt
09-01 13:50:35.849191  1027  1027 D connsyslogger: getDebugLevel:log_type=1,level=-1
09-01 13:50:35.849198  1027  1027 I connsyslogger: ReorganizePort: no customize, support radio: gps
09-01 13:50:35.849205  1027  1027 D connsyslogger: getDebugLevel:log_type=2,level=-1
09-01 13:50:35.849208   946   946 W libutils.threads: Thread (this=0xb400007789be8d00): getTid() is undefined before run()
09-01 13:50:35.849223  1027  1027 I connsyslogger: ReorganizePort: no customize, support radio: mcu
09-01 13:50:35.849230  1027  1027 D connsyslogger: getDebugLevel:log_type=3,level=-1
09-01 13:50:35.849365  1027  1027 D connsyslogger: systemReady:0
09-01 13:50:35.849440   946   946 D AAL     : AALService : runThreadLoop
09-01 13:50:35.849584   946   946 W libutils.threads: Thread (this=0xb400007899fb92f8): getTid() is undefined before run()
09-01 13:50:35.849781   946   946 D TRS     : [PQ_SERVICE] PQService : runThreadLoop
09-01 13:50:35.850223   946  1045 D TRS     : [PQ_SERVICE] PQService is ready to run.
09-01 13:50:35.850582   946  1044 D AAL     : AALService is ready to run.
09-01 13:50:35.852334  1018  1018 I bstFU   : Configure PNet.
09-01 13:50:35.852565  1018  1018 I bstFU   : FaceDetect Run on CPU (2).
09-01 13:50:35.853136   479   479 D [mTEE]  : come into the TZ_VFS_GETPROP function
09-01 13:50:35.853402  1018  1018 I bstFU   : Configure RNet.
09-01 13:50:35.853585  1018  1018 I bstFU   : FaceDetect Run on CPU (2).
09-01 13:50:35.853639  1018  1018 I bstFU   : Configure ONet.
09-01 13:50:35.853672  1018  1018 I bstFU   : FaceDetect Run on CPU (2).
09-01 13:50:35.853720  1018  1018 I bstFU   : Model init cost time:  1.4060(ms)
09-01 13:50:35.855126   479   479 D [mTEE]  : come into the TZ_VFS_GETPROP function
09-01 13:50:35.855439   946   946 I HidlServiceManagement: Registered vendor.mediatek.hardware.pq@2.15::IPictureQuality/default
09-01 13:50:35.855916   946   946 I HidlServiceManagement: Removing namespace from process name vendor.mediatek.hardware.pq@2.2-service to pq@2.2-service.
09-01 13:50:35.856734   946   946 I LegacySupport: Registration complete for vendor.mediatek.hardware.pq@2.15::IPictureQuality/default.
09-01 13:50:35.859767   946  1044 D AALCust : [AALCust] Load libaal_cust.so:OK | libaal_cust_base.so:NOT_FOUND
09-01 13:50:35.860893   479   479 I [mTEE]  :  come into the TZ_VFS_OPEN function
09-01 13:50:35.861138   479   479 D [mTEE]  :  pathname = /vendor/thh/ta/isee_model.json
09-01 13:50:35.861156   479   479 D [mTEE]  :  flags = 0 mode = 0 retval = 5
09-01 13:50:35.861896   479   479 D [mTEE]  :  come into the TZ_VFS_LSEEK function
09-01 13:50:35.862576   479   479 D [mTEE]  :  come into the TZ_VFS_LSEEK function
09-01 13:50:35.864016   479   479 D [mTEE]  :  come into the TZ_VFS_LSEEK function
09-01 13:50:35.865536   479   479 D [mTEE]  :  come into the TZ_VFS_CLOSE function
09-01 13:50:35.865604   479   479 D [mTEE]  :  fd = 5
09-01 13:50:35.865631   479   479 D [mTEE]  :  retVal = 0
09-01 13:50:35.866325   479   479 I [mTEE]  :  come into the TZ_VFS_OPEN function
09-01 13:50:35.866439   479   479 D [mTEE]  :  pathname = /vendor/thh/ta/isee_model.json
09-01 13:50:35.866451   479   479 D [mTEE]  :  flags = 0 mode = 0 retval = 5
09-01 13:50:35.866990   479   479 D [mTEE]  :  come into the TZ_VFS_READ function
09-01 13:50:35.872151  1027  1027 D connsyslogger: Get auto start mode: 0
09-01 13:50:35.872219  1027  1027 D connsyslogger: getSavedLoggingMode(): mode = 0
09-01 13:50:35.868000     1     1 W /system/bin/init: type=1107 audit(0.0:41): uid=0 auid=4294967295 ses=4294967295 subj=u:r:init:s0 msg='avc: denied { set } for property=vendor.pullFWlog pid=1027 uid=2000 gid=1007 scontext=u:r:connsyslogger:s0 tcontext=u:object_r:vendor_default_prop:s0 tclass=property_service permissive=0'
09-01 13:50:35.880811  1027  1027 W libc    : Unable to set property "vendor.pullFWlog" to "": error code: 0x18
09-01 13:50:35.881132  1027  1027 E connsyslogger: mSockListenId ok
09-01 13:50:35.881721  1027  1027 I connsyslogger: Set name csl_sock_host for thread(4ba6fcb0)
09-01 13:50:35.881772  1027  1027 D connsyslogger: Success to setup socket local server
09-01 13:50:35.881780  1027  1027 D connsyslogger: start logger : 0
09-01 13:50:35.881788  1027  1027 D connsyslogger: boot mode:0
09-01 13:50:35.884615   479   479 D [mTEE]  :  come into the TZ_VFS_CLOSE function
09-01 13:50:35.884721   479   479 D [mTEE]  :  fd = 5
09-01 13:50:35.884764   479   479 D [mTEE]  :  retVal = 0
09-01 13:50:35.888477   946  1044 D AALCust : [AALCust] Load libpq_cust.so:NOT_FOUND | libpq_cust_base.so:OK
09-01 13:50:35.888562   946  1044 D AAL     : AALFW initializing
09-01 13:50:35.888664   946  1044 D AAL     : custInit = 76038821f8, preWait = 0, postWait = 0, custDeinit = 0
09-01 13:50:35.888685   946  1044 D AAL     : mVirtual10ToPhysical12 = 7603882108
09-01 13:50:35.888799   946  1044 D AAL     : loadGameDRETable: get iDispDRERegEntry, size: 20
09-01 13:50:35.889235   946  1044 D AALCust : [AALCust] Load InitFunction
09-01 13:50:35.889286   946  1044 D AALCust : [AALCust] Load SupportEssLevelCtlByKernel = 1
09-01 13:50:35.889355   946  1044 D AALCust : [AALCust] Load SupportDreEnableCtlByKernel = 1
09-01 13:50:35.889428   946  1044 D AALLightSensor: AALLightSensor setEnabled 0-->0
09-01 13:50:35.890108   479   479 I [mTEE]  :  come into the TZ_VFS_OPEN function
09-01 13:50:35.890344   479   479 D [mTEE]  :  pathname = /vendor/thh/ta/d91f322ad5a441d5955110eda3272fc0.ta
09-01 13:50:35.890363   479   479 D [mTEE]  :  flags = 0 mode = 0 retval = 5
09-01 13:50:35.891608   479   479 D [mTEE]  :  come into the TZ_VFS_CLOSE function
09-01 13:50:35.891681   479   479 D [mTEE]  :  fd = 5
09-01 13:50:35.891705   479   479 D [mTEE]  :  retVal = 0
09-01 13:50:35.891713  1021  1021 I NetdagentIptables: execIptables -w -t mangle -I PREROUTING -j oem_mangle_pre 
09-01 13:50:35.892417   946  1044 D AALCust : [AALCust] Load libdre.so:NOT_FOUND | NoChipCust:NOT_FOUND
09-01 13:50:35.893614   479   479 I [mTEE]  :  come into the TZ_VFS_OPEN function
09-01 13:50:35.893735   479   479 D [mTEE]  :  pathname = /vendor/thh/ta/d91f322ad5a441d5955110eda3272fc0.ta
09-01 13:50:35.893747   479   479 D [mTEE]  :  flags = 0 mode = 0 retval = 5
09-01 13:50:35.894198   946  1044 D AALCust : [AALCust] Load libappgamepq.so:NOT_FOUND | NoChipCust:NOT_FOUND
09-01 13:50:35.894288   946  1044 D AAL     : DRE30 is not open
09-01 13:50:35.894297   946  1044 D AAL     : AppGamePQ20 is not open
09-01 13:50:35.894344   946  1044 D AAL     : setDebugFlags: FW setDebugFlags DONE
09-01 13:50:35.894372   946  1044 D AAL     : onInitCommon: [ before onInitCommon ]
09-01 13:50:35.894379   946  1044 D AAL     : onInitCommon: [ before onInitCommon ]
09-01 13:50:35.894385   946  1044 D AAL     : onInitCommon: [ before onInitCommon ]
09-01 13:50:35.894559   946  1044 D AAL     : setBrightnessLevel: level = 128 -> New PQIdx = 2.51
09-01 13:50:35.894571   946  1044 D AAL     : LABC_FW: PQ Index = 2.51
09-01 13:50:35.894577   946  1044 D AAL     : LABC_FW: ** ALI2BLI **
09-01 13:50:35.894584   946  1044 D AAL     : LABC_FW: ALIIn [ ALI_LB, ALI_UB ] -> BOut [ BLI_LB, BLI_UB ]
09-01 13:50:35.894593   946  1044 D AAL     : PreBLIDecision: 0 [ 0, 200 ] -> 32 [ 32, 384 ]
09-01 13:50:35.894599   946  1044 D AAL     : PreBLIDecision: 128 [ 0, 200 ] -> 257 [ 32, 384 ]
09-01 13:50:35.894607   946  1044 D AAL     : PreBLIDecision: 256 [ 200, 400 ] -> 394 [ 384, 421 ]
09-01 13:50:35.894613   946  1044 D AAL     : PreBLIDecision: 384 [ 200, 400 ] -> 418 [ 384, 421 ]
09-01 13:50:35.894620   946  1044 D AAL     : PreBLIDecision: 512 [ 400, 600 ] -> 442 [ 421, 458 ]
09-01 13:50:35.894627   946  1044 D AAL     : PreBLIDecision: 640 [ 600, 800 ] -> 465 [ 458, 495 ]
09-01 13:50:35.894634   946  1044 D AAL     : PreBLIDecision: 768 [ 600, 800 ] -> 489 [ 458, 495 ]
09-01 13:50:35.894641   946  1044 D AAL     : PreBLIDecision: 896 [ 800, 1000 ] -> 513 [ 495, 533 ]
09-01 13:50:35.894648   946  1044 D AAL     : PreBLIDecision: 1024 [ 1000, 2000 ] -> 538 [ 533, 723 ]
09-01 13:50:35.894655   946  1044 D AAL     : PreBLIDecision: 2048 [ 2000, 4000 ] -> 730 [ 723, 1023 ]
09-01 13:50:35.894662   946  1044 D AAL     : PreBLIDecision: 4096 [ 4000, 6000 ] -> 1023 [ 1023, 1023 ]
09-01 13:50:35.894668   946  1044 D AAL     : PreBLIDecision: 6144 [ 6000, 8000 ] -> 1023 [ 1023, 1023 ]
09-01 13:50:35.894675   946  1044 D AAL     : PreBLIDecision: 8192 [ 8000, 10000 ] -> 1023 [ 1023, 1023 ]
09-01 13:50:35.894682   946  1044 D AAL     : PreBLIDecision: 10240 [ 10000, 12000 ] -> 1023 [ 1023, 1023 ]
09-01 13:50:35.894689   946  1044 D AAL     : PreBLIDecision: 12288 [ 12000, 14000 ] -> 1023 [ 1023, 1023 ]
09-01 13:50:35.894707   946  1044 D AAL     : PreBLIDecision: 14336 [ 14000, 16000 ] -> 1023 [ 1023, 1023 ]
09-01 13:50:35.894714   946  1044 D AAL     : PreBLIDecision: 16384 [ 16000, 18000 ] -> 1023 [ 1023, 1023 ]
09-01 13:50:35.894720   946  1044 D AAL     : PreBLIDecision: 18432 [ 18000, 20000 ] -> 1023 [ 1023, 1023 ]
09-01 13:50:35.894726   946  1044 D AAL     : LABC_FW: 
09-01 13:50:35.894732   946  1044 D AAL     : LABC_FW: ALI[ 0 ] = 0 -> BLI = 32
09-01 13:50:35.894738   946  1044 D AAL     : LABC_FW: ALI[ 1 ] = 128 -> BLI = 257
09-01 13:50:35.894744   946  1044 D AAL     : LABC_FW: ALI[ 2 ] = 256 -> BLI = 394
09-01 13:50:35.894757   946  1044 D AAL     : LABC_FW: ALI[ 3 ] = 384 -> BLI = 418
09-01 13:50:35.894763   946  1044 D AAL     : LABC_FW: ALI[ 4 ] = 512 -> BLI = 442
09-01 13:50:35.894769   946  1044 D AAL     : LABC_FW: ALI[ 5 ] = 640 -> BLI = 465
09-01 13:50:35.894775   946  1044 D AAL     : LABC_FW: ALI[ 6 ] = 768 -> BLI = 489
09-01 13:50:35.894781   946  1044 D AAL     : LABC_FW: ALI[ 7 ] = 896 -> BLI = 513
09-01 13:50:35.894787   946  1044 D AAL     : LABC_FW: ALI[ 8 ] = 1024 -> BLI = 538
09-01 13:50:35.894793   946  1044 D AAL     : LABC_FW: ALI[ 9 ] = 2048 -> BLI = 730
09-01 13:50:35.894799   946  1044 D AAL     : LABC_FW: ALI[ 10 ] = 4096 -> BLI = 1023
09-01 13:50:35.894804   946  1044 D AAL     : LABC_FW: ALI[ 11 ] = 6144 -> BLI = 1023
09-01 13:50:35.894811   946  1044 D AAL     : LABC_FW: ALI[ 12 ] = 8192 -> BLI = 1023
09-01 13:50:35.894817   946  1044 D AAL     : LABC_FW: ALI[ 13 ] = 10240 -> BLI = 1023
09-01 13:50:35.894823   946  1044 D AAL     : LABC_FW: ALI[ 14 ] = 12288 -> BLI = 1023
09-01 13:50:35.894828   946  1044 D AAL     : LABC_FW: ALI[ 15 ] = 14336 -> BLI = 1023
09-01 13:50:35.894835   946  1044 D AAL     : LABC_FW: ALI[ 16 ] = 16384 -> BLI = 1023
09-01 13:50:35.894840   946  1044 D AAL     : LABC_FW: ALI[ 17 ] = 18432 -> BLI = 1023
09-01 13:50:35.894860   946  1044 D AAL     : LABC_FW: 
09-01 13:50:35.894873   946  1044 D AAL     : setBrighteningSpeedLevel: level = 128 -> New labc_stp_up = 2.00
09-01 13:50:35.894882   946  1044 D AAL     : setDarkeningSpeedLevel: level = 13 -> New labc_stp_dwn = 0.26
09-01 13:50:35.894895   946  1044 D AAL     : DRE_FW: ImgArea = 1152000 -> QuanArea = 281, DarkRatio = 200, DarkThUpperBound = 220, DarkStrngthSlope = 149
09-01 13:50:35.894903   946  1044 D AAL     : setReadabilityBLILevel: level = 0 -> dre_bli_max_gain_idx = 0
09-01 13:50:35.894914   946  1044 D AAL     : setDREGammaInfo: gamma = 2.20 -> NorGamma = 116
09-01 13:50:35.894922   946  1044 D AAL     : DREBlkHWRegCal: ( Width, Blk_Num ) = ( 720, 8 ), Blk_width = 90
09-01 13:50:35.894931   946  1044 D AAL     : DREBlkHWRegCal: ( min_error, max_error ) = ( 100000, 53 )
09-01 13:50:35.894939   946  1044 D AAL     : DREBlkHWRegCal: ( a_bit, b ) = ( 9, 0 ), a = 6, min_error = 53 codes/10bits
09-01 13:50:35.894946   946  1044 D AAL     : DREBlkHWRegCal: Cur_x: 85, ( Prox_result, Golden_result ) = ( 1019, 966 )
09-01 13:50:35.894959   946  1044 D AAL     : DREBlkHWRegCal: ( min_error, max_error ) = ( 53, 34 )
09-01 13:50:35.894966   946  1044 D AAL     : DREBlkHWRegCal: ( a_bit, b ) = ( 9, 1 ), a = 11, min_error = 34 codes/10bits
09-01 13:50:35.894972   946  1044 D AAL     : DREBlkHWRegCal: Cur_x: 90, ( Prox_result, Golden_result ) = ( 989, 1023 )
09-01 13:50:35.894980   946  1044 D AAL     : DREBlkHWRegCal: ( min_error, max_error ) = ( 34, 11 )
09-01 13:50:35.894986   946  1044 D AAL     : DREBlkHWRegCal: ( a_bit, b ) = ( 9, 2 ), a = 23, min_error = 11 codes/10bits
09-01 13:50:35.894992   946  1044 D AAL     : DREBlkHWRegCal: Cur_x: 89, ( Prox_result, Golden_result ) = ( 1023, 1012 )
09-01 13:50:35.895000   946  1044 D AAL     : DREBlkHWRegCal: ( min_error, max_error ) = ( 11, 1 )
09-01 13:50:35.895013   946  1044 D AAL     : DREBlkHWRegCal: ( a_bit, b ) = ( 9, 4 ), a = 91, min_error = 1 codes/10bits
09-01 13:50:35.895020   946  1044 D AAL     : DREBlkHWRegCal: Cur_x: 89, ( Prox_result, Golden_result ) = ( 1011, 1012 )
09-01 13:50:35.895029   946  1044 D AAL     : DREBlkHWRegCal: ( Width, Blk_Num ) = ( 1600, 16 ), Blk_width = 100
09-01 13:50:35.895036   946  1044 D AAL     : DREBlkHWRegCal: ( min_error, max_error ) = ( 100000, 24 )
09-01 13:50:35.895042   946  1044 D AAL     : DREBlkHWRegCal: ( a_bit, b ) = ( 9, 0 ), a = 5, min_error = 24 codes/10bits
09-01 13:50:35.895049   946  1044 D AAL     : DREBlkHWRegCal: Cur_x: 100, ( Prox_result, Golden_result ) = ( 999, 1023 )
09-01 13:50:35.895059   946  1044 D AAL     : DREBlkHWRegCal: ( min_error, max_error ) = ( 24, 1 )
09-01 13:50:35.895065   946  1044 D AAL     : DREBlkHWRegCal: ( a_bit, b ) = ( 9, 3 ), a = 41, min_error = 1 codes/10bits
09-01 13:50:35.895071   946  1044 D AAL     : DREBlkHWRegCal: Cur_x: 99, ( Prox_result, Golden_result ) = ( 1014, 1013 )
09-01 13:50:35.895085   946  1044 D AAL     : setReadabilityLevel: level = 207
09-01 13:50:35.895092   946  1044 D AAL     : setReadabilityLevel: ALI[  0 ] =     0 -> GainIdx =   0
09-01 13:50:35.895099   946  1044 D AAL     : setReadabilityLevel: ALI[  1 ] =   128 -> GainIdx =   0
09-01 13:50:35.895105   946  1044 D AAL     : setReadabilityLevel: ALI[  2 ] =   256 -> GainIdx =   0
09-01 13:50:35.895111   946  1044 D AAL     : setReadabilityLevel: ALI[  3 ] =   384 -> GainIdx =   0
09-01 13:50:35.895117   946  1044 D AAL     : setReadabilityLevel: ALI[  4 ] =   512 -> GainIdx =   0
09-01 13:50:35.895123   946  1044 D AAL     : setReadabilityLevel: ALI[  5 ] =   640 -> GainIdx =   0
09-01 13:50:35.895130   946  1044 D AAL     : setReadabilityLevel: ALI[  6 ] =   768 -> GainIdx =   0
09-01 13:50:35.895136   946  1044 D AAL     : setReadabilityLevel: ALI[  7 ] =   896 -> GainIdx =   0
09-01 13:50:35.895142   946  1044 D AAL     : setReadabilityLevel: ALI[  8 ] =  1024 -> GainIdx =   0
09-01 13:50:35.895148   946  1044 D AAL     : setReadabilityLevel: ALI[  9 ] =  2048 -> GainIdx =  26
09-01 13:50:35.895154   946  1044 D AAL     : setReadabilityLevel: ALI[ 10 ] =  4096 -> GainIdx =  65
09-01 13:50:35.895160   946  1044 D AAL     : setReadabilityLevel: ALI[ 11 ] =  6144 -> GainIdx =  91
09-01 13:50:35.895167   946  1044 D AAL     : setReadabilityLevel: ALI[ 12 ] =  8192 -> GainIdx = 117
09-01 13:50:35.895172   946  1044 D AAL     : setReadabilityLevel: ALI[ 13 ] = 10240 -> GainIdx = 143
09-01 13:50:35.895179   946  1044 D AAL     : setReadabilityLevel: ALI[ 14 ] = 12288 -> GainIdx = 169
09-01 13:50:35.895190   946  1044 D AAL     : setReadabilityLevel: ALI[ 15 ] = 14336 -> GainIdx = 182
09-01 13:50:35.895196   946  1044 D AAL     : setReadabilityLevel: ALI[ 16 ] = 16384 -> GainIdx = 195
09-01 13:50:35.895202   946  1044 D AAL     : setReadabilityLevel: ALI[ 17 ] = 18432 -> GainIdx = 208
09-01 13:50:35.895433   946  1044 E AALCust : Invalid LCM index -1, LCM count 1
09-01 13:50:35.895457   946  1044 I AALCust : LCM index: 0/1
09-01 13:50:35.895655   946  1044 D AALCust : [AALCust] Load ReadabilityEnhancementMode = 25
09-01 13:50:35.895674   946  1044 D AALCust : [AALCust] Load ReadabilityEnhancementMode = 25
09-01 13:50:35.895718   946  1044 D AALCust : [AALCust] Load ReadabilityLevel = 207
09-01 13:50:35.895764   946  1044 D AALCust : [AALCust] Load LowBLReadabilityLevel = 0
09-01 13:50:35.896506   946  1044 D AALCust : [AALCust] Load ESS_alg_mode = 31
09-01 13:50:35.896564   946  1044 D AALCust : [AALCust] Load ESS_alg_mode = 31
09-01 13:50:35.896627   946  1045 D TRS     : [PQ_SERVICE] Get HIDL memory success.
09-01 13:50:35.896666   946  1044 D AALCust : [AALCust] Load MinOutBL = 72
09-01 13:50:35.896765   946  1044 D AALCust : [AALCust] Load SmartBacklightStrength = 128
09-01 13:50:35.896778   946  1044 D AALCust : [AALCust] Load SmartBacklightRange = 128
09-01 13:50:35.896801   946  1044 D AALCust : [AALCust] Load LcmGamma = 2.200000
09-01 13:50:35.897653   946  1044 D AALCust : [AALCust] Load ESSVorYHist1
09-01 13:50:35.897689   946  1044 D AALCust : [AALCust] Load ESSVorYHist2
09-01 13:50:35.897740   946  1044 D AALCust : [AALCust] Load UDEnable = 1
09-01 13:50:35.897752   946  1044 D AALCust : [AALCust] Load UDBL10bThH = 72
09-01 13:50:35.897764   946  1044 D AALCust : [AALCust] Load UDBL10bThM = 0
09-01 13:50:35.897775   946  1044 D AALCust : [AALCust] Load UDBL10bWhH = 72
09-01 13:50:35.897785   946  1044 D AALCust : [AALCust] Load UDBL10bWhL = 0
09-01 13:50:35.897796   946  1044 D AALCust : [AALCust] Load UDPL08bThL = 128
09-01 13:50:35.897851   946  1044 D AALCust : [AALCust] Load strenth_mode = 0
09-01 13:50:35.897904   946  1044 D AAL     : custInit = 76038821f8, preWait = 0, postWait = 0, custDeinit = 0
09-01 13:50:35.897919   946  1044 D AAL     : mVirtual10ToPhysical12 = 7603882108
09-01 13:50:35.897934   946  1044 D AAL     : getTuningReg: getTuningReg: SmartBacklightStrength(id 41)
09-01 13:50:35.897942   946  1044 D AAL     : mInitSmartBacklightStrength = 128
09-01 13:50:35.898072   946  1044 D AAL     : Registers initialized
09-01 13:50:35.898226   946  1044 D AAL     : getTuningReg: getTuningReg: SmartBacklightStrength(id 41)
09-01 13:50:35.898846   946  1045 D PQProxy : [PQ_Proxy] PQAshmemProxy : set offset 0x00000008 = 0x00000001
09-01 13:50:35.898882   946  1045 D TRS     : [PQ_SERVICE] PQ_DBG_SHP_EN_STR[1]
09-01 13:50:35.899593   479   479 D [mTEE]  :  come into the TZ_VFS_LSEEK function
09-01 13:50:35.900931   479   479 D [mTEE]  :  come into the TZ_VFS_LSEEK function
09-01 13:50:35.901173   946  1045 D PQProxy : [PQ_Proxy] PQAshmemProxy : set offset 0x00000054 = 0x00000000
09-01 13:50:35.901208   946  1045 D TRS     : [PQ_SERVICE] PQ_TDSHP_STRENGTH_PROPERTY_NAME[0]
09-01 13:50:35.901557   479   479 D [mTEE]  :  come into the TZ_VFS_LSEEK function
09-01 13:50:35.902451   709   788 I GED     : ged_boost_gpu_freq, level 100, eOrigin 2, final_idx 2, oppidx_max 2, oppidx_min 0
09-01 13:50:35.903057   479   479 D [mTEE]  :  come into the TZ_VFS_READ function
09-01 13:50:35.903581  1027  1027 D connsyslogger: Open servFifoFd FIFO -1
09-01 13:50:35.903991   946  1045 D PQProxy : [PQ_Proxy] PQAshmemProxy : set offset 0x0000000c = 0x00000001
09-01 13:50:35.904032   946  1045 D TRS     : [PQ_SERVICE] PQ_DBG_DSHP_EN_STR[1]
09-01 13:50:35.905089   946  1045 D PQProxy : [PQ_Proxy] PQAshmemProxy : set offset 0x00000010 = 0x00000001
09-01 13:50:35.905141   946  1045 D TRS     : [PQ_SERVICE] PQ_MDP_COLOR_EN_STR[1]
09-01 13:50:35.906229   946  1045 D PQProxy : [PQ_Proxy] PQAshmemProxy : set offset 0x00000014 = 0x00000001
09-01 13:50:35.906310   946  1045 D TRS     : [PQ_SERVICE] PQ_ADL_PROPERTY_STR[1]
09-01 13:50:35.907513   946  1045 D PQProxy : [PQ_Proxy] PQAshmemProxy : set offset 0x00000018 = 0x00000001
09-01 13:50:35.907644   946  1045 D TRS     : [PQ_SERVICE] PQ_ISO_SHP_EN_STR[1]
09-01 13:50:35.908485   946  1045 D PQProxy : [PQ_Proxy] PQAshmemProxy : set offset 0x0000001c = 0x00000001
09-01 13:50:35.908510   946  1045 D TRS     : [PQ_SERVICE] PQ_ULTRARES_EN_STR[1]
09-01 13:50:35.909270   946  1045 D PQProxy : [PQ_Proxy] PQAshmemProxy : set offset 0x00000058 = 0x00000000
09-01 13:50:35.909344   946  1045 D TRS     : [PQ_SERVICE] PQ_ULTRARES_STRENGTH_PROPERTY_NAME[0]
09-01 13:50:35.910228   946  1045 D PQProxy : [PQ_Proxy] PQAshmemProxy : set offset 0x00000020 = 0x00000002
09-01 13:50:35.910360   946  1045 D TRS     : [PQ_SERVICE] PQ_HFG_EN_STR[2]
09-01 13:50:35.911534   479   479 D [mTEE]  :  come into the TZ_VFS_CLOSE function
09-01 13:50:35.911533   946  1045 D PQProxy : [PQ_Proxy] PQAshmemProxy : set offset 0x0000008c = 0x00000000
09-01 13:50:35.911592   479   479 D [mTEE]  :  fd = 5
09-01 13:50:35.911592   946  1045 D TRS     : [PQ_SERVICE] MDP_HFG_ISPTUNING_FLAG[0]
09-01 13:50:35.911614   479   479 D [mTEE]  :  retVal = 0
09-01 13:50:35.912524   946  1045 D PQProxy : [PQ_Proxy] PQAshmemProxy : set offset 0x00000024 = 0x00000001
09-01 13:50:35.912568   946  1045 D TRS     : [PQ_SERVICE] PQ_MDP_COLOR_DBG_EN_STR[1]
09-01 13:50:35.914486   946  1045 D PQProxy : [PQ_Proxy] PQAshmemProxy : set offset 0x00000028 = 0x00000001
09-01 13:50:35.914548   946  1045 D TRS     : [PQ_SERVICE] HDR_VIDEO_ENABLE[1]
09-01 13:50:35.915280   946  1045 D PQProxy : [PQ_Proxy] PQAshmemProxy : set offset 0x00000034 = 0x00000000
09-01 13:50:35.915399   946  1045 D TRS     : [PQ_SERVICE] DC_DEBUG_FLAG[0]
09-01 13:50:35.916087   946  1045 D PQProxy : [PQ_Proxy] PQAshmemProxy : set offset 0x00000038 = 0x00000000
09-01 13:50:35.916178   946  1044 D AAL     : 09-01 01:50:35.904 BL=1023,ESS= 256, 
09-01 13:50:35.916205   946  1045 D TRS     : [PQ_SERVICE] HDR_DEBUG_FLAG[0]
09-01 13:50:35.916947   946  1045 D PQProxy : [PQ_Proxy] PQAshmemProxy : set offset 0x00000040 = 0x00000000
09-01 13:50:35.917071   946  1045 D TRS     : [PQ_SERVICE] PQ_DEBUG_LEVEL[0]
09-01 13:50:35.917119   946  1045 D PQProxy : [PQ_Proxy] PQAshmemProxy : set offset 0x00000044 = 0x0000012c
09-01 13:50:35.917158   946  1045 D TRS     : [PQ_SERVICE] PANEL_NITS[300]
09-01 13:50:35.919147   888   888 I MediaExtractorFactory: plugin directory not present (/system_ext/lib64/extractors)
09-01 13:50:35.919326   946  1045 D PQProxy : [PQ_Proxy] PQAshmemProxy : set offset 0x00000048 = 0x00000000
09-01 13:50:35.919350   946  1045 D TRS     : [PQ_SERVICE] HDR_DRIVER_DEBUG_FLAG[0]
09-01 13:50:35.922908   946  1045 D PQProxy : [PQ_Proxy] PQAshmemProxy : set offset 0x0000005c = 0x00000000
09-01 13:50:35.922948   946  1045 D TRS     : [PQ_SERVICE] MDP_CCORR_DEBUG_FLAG[0]
09-01 13:50:35.923884   946  1045 D PQProxy : [PQ_Proxy] PQAshmemProxy : set offset 0x00000060 = 0x00000001
09-01 13:50:35.923924   946  1045 D TRS     : [PQ_SERVICE] MDP_DRE_ENABLE[1]
09-01 13:50:35.924842   946  1045 D PQProxy : [PQ_Proxy] PQAshmemProxy : set offset 0x00000064 = 0x00000001
09-01 13:50:35.924883   946  1045 D TRS     : [PQ_SERVICE] MDP_DRE_VP_ENABLE[1]
09-01 13:50:35.925948   946  1045 D PQProxy : [PQ_Proxy] PQAshmemProxy : set offset 0x00000068 = 0x00000001
09-01 13:50:35.925991   946  1045 D TRS     : [PQ_SERVICE] MDP_DRE_HDR_VP_ENABLE[1]
09-01 13:50:35.926548   946  1045 D PQProxy : [PQ_Proxy] PQAshmemProxy : set offset 0x00000070 = 0x00000000
09-01 13:50:35.926573   946  1045 D TRS     : [PQ_SERVICE] MDP_DRE_DEBUG_FLAG[0]
09-01 13:50:35.927058   946  1045 D PQProxy : [PQ_Proxy] PQAshmemProxy : set offset 0x00000074 = 0x00000000
09-01 13:50:35.927086   946  1045 D TRS     : [PQ_SERVICE] ADAPTIVE_CALTM_DEBUG_FLAG[0]
09-01 13:50:35.927755   946  1045 D PQProxy : [PQ_Proxy] PQAshmemProxy : set offset 0x00000078 = 0x00000000
09-01 13:50:35.927781   946  1045 D TRS     : [PQ_SERVICE] MDP_DREDRIVER_DEBUG_FLAG[0]
09-01 13:50:35.928334   946  1045 D PQProxy : [PQ_Proxy] PQAshmemProxy : set offset 0x0000007c = 0x1fff0000
09-01 13:50:35.928366   946  1045 D TRS     : [PQ_SERVICE] MDP_DRE_DEMOWIN_X_FLAG[536805376]
09-01 13:50:35.928778   946  1045 D PQProxy : [PQ_Proxy] PQAshmemProxy : set offset 0x00000080 = 0x00000000
09-01 13:50:35.928796   946  1045 D TRS     : [PQ_SERVICE] MDP_DREDRIVER_BLK_FLAG[0]
09-01 13:50:35.929124   946  1045 D PQProxy : [PQ_Proxy] PQAshmemProxy : set offset 0x00000084 = 0x00000000
09-01 13:50:35.929139   946  1045 D TRS     : [PQ_SERVICE] MDP_DRE_ISPTUNING_FLAG[0]
09-01 13:50:35.929583   946  1045 D PQProxy : [PQ_Proxy] PQAshmemProxy : set offset 0x00000088 = 0x00000000
09-01 13:50:35.929604   946  1045 D TRS     : [PQ_SERVICE] MDP_CZ_ISPTUNING_FLAG[0]
09-01 13:50:35.929741   946  1045 E PQXmlParser: load cust_color.xml fail
09-01 13:50:35.929757   946  1045 D TRS     : [PQ_SERVICE] loadPqparamMappingCoefficient failed from cust_color.xml, retry from .cpp
09-01 13:50:35.929851   946  1045 E PQXmlParser: load cust_color.xml fail
09-01 13:50:35.929863   946  1045 D TRS     : [PQ_SERVICE] loadPqparamTable failed from cust_color.xml, retry from .cpp
09-01 13:50:35.929900   946  1045 E PQXmlParser: load cust_color.xml fail
09-01 13:50:35.929912   946  1045 D TRS     : [PQ_SERVICE] loadPqindexTable failed from cust_color.xml, retry from .cpp
09-01 13:50:35.929966   946  1045 D TRS     : [PQ_SERVICE] load disp_game_pq index table failed from cust_color.xml
09-01 13:50:35.930071   946  1045 D TRS     : [PQ_SERVICE] disp_game_pqindex is not found in libpq_cust.so
09-01 13:50:35.931713   946  1045 D PQCommon: [PQ_PROT] Load RszEntrySWReg[0][]
09-01 13:50:35.931738   946  1045 D PQCommon: [PQ_PROT] Load RszLevel[0][]
09-01 13:50:35.931752   946  1045 D PQCommon: [PQ_PROT] Load RszEntryHWReg[0][]
09-01 13:50:35.932522   946  1045 D TRS     : [PQ_Proxy] PQAshmemProxy : set array proxyNum:0 offset:0x0004e000 size:56
09-01 13:50:35.932533   946  1045 D TRS     : [PQ_Proxy] PQAshmemProxy : set array proxyNum:0 offset:0x0004e0e0 size:25
09-01 13:50:35.932542   946  1045 D TRS     : [PQ_Proxy] PQAshmemProxy : set array proxyNum:0 offset:0x0004e144 size:616
09-01 13:50:35.932550   946  1045 D TRS     : [PQ_Proxy] PQAshmemProxy : set array proxyNum:0 offset:0x0004eae4 size:275
09-01 13:50:35.932558   946  1045 D TRS     : [PQ_Proxy] PQAshmemProxy : set array proxyNum:0 offset:0x0004ef30 size:13
09-01 13:50:35.932565   946  1045 D TRS     : [PQ_SERVICE] loadRSZTable:0
09-01 13:50:35.933815   946  1045 D PQCommon: [PQ_PROT] Load iDSRegEntry[0][]
09-01 13:50:35.933842   946  1045 D PQCommon: [PQ_PROT] Load iTdshpLevel[0][]
09-01 13:50:35.933859   946  1045 D PQCommon: [PQ_PROT] Load iDSHWRegEntry[0][]
09-01 13:50:35.933875   946  1045 D TRS     : [PQ_Proxy] PQAshmemProxy : set array proxyNum:1 offset:0x00061880 size:65
09-01 13:50:35.933884   946  1045 D TRS     : [PQ_Proxy] PQAshmemProxy : set array proxyNum:1 offset:0x00061984 size:715
09-01 13:50:35.933894   946  1045 D TRS     : [PQ_Proxy] PQAshmemProxy : set array proxyNum:1 offset:0x000624b0 size:1606
09-01 13:50:35.933903   946  1045 D TRS     : [PQ_Proxy] PQAshmemProxy : set array proxyNum:1 offset:0x00063dc8 size:13
09-01 13:50:35.933911   946  1045 D TRS     : [PQ_SERVICE] loadDSTable:0
09-01 13:50:35.937415  1016  1016 I focaltech:ta:core: [ 100]:TEE environment checking...
09-01 13:50:35.937576  1016  1016 I focaltech:ta:core: [ 103]:testing timing...0(1)ms.
09-01 13:50:35.937590  1016  1016 I focaltech:ta:core: [ 107]:testing msleep(50)...56ms.
09-01 13:50:35.937596  1016  1016 I focaltech:ta:core: [ 115]:TA is successfully created.
09-01 13:50:35.937590   946  1045 D TRS     : [PQ_Proxy] PQAshmemProxy : set array proxyNum:2 offset:0x00075100 size:87
09-01 13:50:35.937614  1016  1016 I focaltech:ta:entry: [  91]:Beanpod Platform TA is ready.
09-01 13:50:35.937622   946  1045 D TRS     : [PQ_Proxy] PQAshmemProxy : set array proxyNum:2 offset:0x0007525c size:87
09-01 13:50:35.937628  1016  1016 I focaltech:ca:client: [ 205]:TA is loaded.
09-01 13:50:35.937631   946  1045 D TRS     : [PQ_SERVICE] loadDCTable:0
09-01 13:50:35.937645   946  1045 D TRS     : [PQ_SERVICE] loadHDRTable: not support HDR
09-01 13:50:35.937653   946  1045 D TRS     : [PQ_SERVICE] loadDRETable: not support video DRE
09-01 13:50:35.937671   946  1045 D TRS     : [PQ_SERVICE] load tdshpindex...
09-01 13:50:35.937731   946  1045 D TRS     : [PQ_Proxy] PQAshmemProxy : set array proxyNum:11 offset:0x00124d80 size:3504
09-01 13:50:35.937740   946  1045 D TRS     : [PQ_SERVICE] loadTDSHPTable:0
09-01 13:50:35.937832   946  1045 E PQXmlParser: load cust_color.xml fail
09-01 13:50:35.937846   946  1045 D TRS     : [PQ_SERVICE] loadCOLORTable failed from cust_color.xml, retry from .cpp
09-01 13:50:35.937862   946  1045 D TRS     : [PQ_SERVICE] load secondary_pqindex...
09-01 13:50:35.937880   946  1045 D TRS     : [PQ_Proxy] PQAshmemProxy : set array proxyNum:12 offset:0x00138600 size:3384
09-01 13:50:35.937889   946  1045 D TRS     : [PQ_SERVICE] loadMDPCOLORTable:0, size(3384) offset(0)
09-01 13:50:35.937897   946  1045 D TRS     : [PQ_SERVICE] load ai_pqindex table failed from cust_color.xml, retry
09-01 13:50:35.937940   946  1045 E TRS     : [PQ_SERVICE] aipq_pqindex is not found in libpq_cust.so
09-01 13:50:35.938103   946  1045 D TRS     : Gamma index: 7/15
09-01 13:50:35.952743   946  1045 D TRS     : [PQ_SERVICE] loadHDR10PlusTable: not support HDR
