09-01 13:50:34.641280   665   665 W android.hardware.media.c2@1.2-mediatek: libminijail[665]: compile_file: <fd>(46): previous definition here
09-01 13:50:34.642236   665   665 W android.hardware.media.c2@1.2-mediatek: libminijail[665]: compile_file: <fd>(111): syscall readlink redefined here
09-01 13:50:34.642330   665   665 W android.hardware.media.c2@1.2-mediatek: libminijail[665]: compile_file: <fd>(53): previous definition here
09-01 13:50:34.642408   665   665 W android.hardware.media.c2@1.2-mediatek: libminijail[665]: compile_file: <fd>(112): syscall fstatfs64 redefined here
09-01 13:50:34.642442   665   665 W android.hardware.media.c2@1.2-mediatek: libminijail[665]: compile_file: <fd>(56): previous definition here
09-01 13:50:34.642479   665   665 W android.hardware.media.c2@1.2-mediatek: libminijail[665]: compile_file: <fd>(113): syscall _llseek redefined here
09-01 13:50:34.642509   665   665 W android.hardware.media.c2@1.2-mediatek: libminijail[665]: compile_file: <fd>(59): previous definition here
09-01 13:50:34.642550   665   665 W android.hardware.media.c2@1.2-mediatek: libminijail[665]: compile_file: <fd>(114): syscall fstatat64 redefined here
09-01 13:50:34.642587   665   665 W android.hardware.media.c2@1.2-mediatek: libminijail[665]: compile_file: <fd>(60): previous definition here
09-01 13:50:34.642624   665   665 W android.hardware.media.c2@1.2-mediatek: libminijail[665]: compile_file: <fd>(115): syscall ugetrlimit redefined here
09-01 13:50:34.642655   665   665 W android.hardware.media.c2@1.2-mediatek: libminijail[665]: compile_file: <fd>(61): previous definition here
09-01 13:50:34.642698   665   665 W android.hardware.media.c2@1.2-mediatek: libminijail[665]: compile_file: <fd>(117): syscall sigreturn redefined here
09-01 13:50:34.642728   665   665 W android.hardware.media.c2@1.2-mediatek: libminijail[665]: compile_file: <fd>(74): previous definition here
09-01 13:50:34.642766   665   665 W android.hardware.media.c2@1.2-mediatek: libminijail[665]: compile_file: <fd>(118): syscall futex redefined here
09-01 13:50:34.642797   665   665 W android.hardware.media.c2@1.2-mediatek: libminijail[665]: compile_file: <fd>(15): previous definition here
09-01 13:50:34.642833   665   665 W android.hardware.media.c2@1.2-mediatek: libminijail[665]: compile_file: <fd>(120): syscall geteuid32 redefined here
09-01 13:50:34.642864   665   665 W android.hardware.media.c2@1.2-mediatek: libminijail[665]: compile_file: <fd>(88): previous definition here
09-01 13:50:34.642906   665   665 W android.hardware.media.c2@1.2-mediatek: libminijail[665]: compile_file: <fd>(121): syscall getgid32 redefined here
09-01 13:50:34.642936   665   665 W android.hardware.media.c2@1.2-mediatek: libminijail[665]: compile_file: <fd>(89): previous definition here
09-01 13:50:34.642972   665   665 W android.hardware.media.c2@1.2-mediatek: libminijail[665]: compile_file: <fd>(122): syscall getegid32 redefined here
09-01 13:50:34.643003   665   665 W android.hardware.media.c2@1.2-mediatek: libminijail[665]: compile_file: <fd>(90): previous definition here
09-01 13:50:34.643039   665   665 W android.hardware.media.c2@1.2-mediatek: libminijail[665]: compile_file: <fd>(123): syscall getgroups32 redefined here
09-01 13:50:34.643070   665   665 W android.hardware.media.c2@1.2-mediatek: libminijail[665]: compile_file: <fd>(91): previous definition here
09-01 13:50:34.643127   665   665 W android.hardware.media.c2@1.2-mediatek: libminijail[665]: compile_file: <fd>(129): nonexistent syscall 'mmap'
09-01 13:50:34.643169   665   665 W android.hardware.media.c2@1.2-mediatek: libminijail[665]: compile_file: <fd>(130): nonexistent syscall 'getrlimit'
09-01 13:50:34.643192   643   643 I netd    : Enabling bandwidth control: 9648us
09-01 13:50:34.643207   665   665 W android.hardware.media.c2@1.2-mediatek: libminijail[665]: compile_file: <fd>(131): nonexistent syscall 'newfstatat'
09-01 13:50:34.643433   665   665 W android.hardware.media.c2@1.2-mediatek: libminijail[665]: logging seccomp filter failures
09-01 13:50:34.649356   665   665 D ProcessState: Binder ioctl to enable oneway spam detection failed: Invalid argument
09-01 13:50:34.649838   665   665 D hw-ProcessState: Binder ioctl to enable oneway spam detection failed: Invalid argument
09-01 13:50:34.650117   665   665 D C2MtkComponentStore: setIonUsage: usage 0, flags 65539, minAlign 0, heapMask 1024 for decoder and encoder.
09-01 13:50:34.650208   665   665 D C2MtkComponentStore: setDmaBufUsage: usage 0, flags 0, heapName mtk_mm-uncached for decoder and encoder.
09-01 13:50:34.651358   643   643 I netd    : Initializing RouteController: 8176us
09-01 13:50:34.651703   643   643 D XfrmController: XfrmController::ipSecAddXfrmInterface, line=1479
09-01 13:50:34.652561   643   643 D XfrmController: XfrmController::ipSecRemoveTunnelInterface, line=1692
09-01 13:50:34.652610   643   643 D XfrmController: deviceName=ipsec_test
09-01 13:50:34.654811   665   665 I HidlServiceManagement: Registered android.hardware.media.c2@1.2::IComponentStore/default
09-01 13:50:34.655055   665   665 I HidlServiceManagement: Removing namespace from process name android.hardware.media.c2@1.2-mediatek to c2@1.2-mediatek.
09-01 13:50:34.655993   695   695 I ServiceManager: Waiting for service 'media.metrics' on '/dev/binder'...
09-01 13:50:34.655985   817   817 I stp_dump: ==>main 
09-01 13:50:34.656458   817   817 I stp_dump: ro.crypto.state: encrypted!
09-01 13:50:34.656472   817   817 I stp_dump: FBE feature is open, waiting for decrypt done
09-01 13:50:34.658079   644   644 D AVStageFactory: createInstance(64bit): createVendorAVFactory success!
09-01 13:50:34.659161   644   644 D AVStageUtils: createInstance(64bit): createVendorAVUtils success!
09-01 13:50:34.659248   644   644 D AVStageFactory: createInstance(64bit): createVendorAVFactory success!
09-01 13:50:34.669916   494   494 I wmt_launcher: get property(vendor.connsys.driver.ready) is yes
09-01 13:50:34.670804   709   788 D libMEOW : load [plugin][system] driver: libMEOW_gift.so
09-01 13:50:34.671497   709   788 D libMEOW : libMEOW_gift.so load 292 APIS.
09-01 13:50:34.671513   709   788 D libMEOW : plugin: libMEOW_gift.so loaded.
09-01 13:50:34.671832   709   788 D libEGL  : loaded /vendor/lib64/egl/libGLES_meow.so
09-01 13:50:34.672089   709   788 D libMEOW : meow new tls: 0xb4000073e0bca020
09-01 13:50:34.672189   709   788 D libMEOW : applied 1 plugins for [surfaceflinger]:
09-01 13:50:34.672198   709   788 D libMEOW :   plugin 1: [libMEOW_gift.so]: 0xb4000073a0bc1010
09-01 13:50:34.672653   709   788 D libMEOW : rebuild call chain: 0xb4000073e0c0a060
09-01 13:50:34.675575   494   494 I wmt_launcher: open device node succeed.(Node:/dev/stpwmt, fd:4) 
09-01 13:50:34.675713   494   494 I wmt_launcher: key:(persist.vendor.connsys.chipid)-value:(0x6765),chip_id:0x6765
09-01 13:50:34.675752   494   494 I wmt_launcher: chip_id:0x6765
09-01 13:50:34.675792   494   494 I wmt_launcher: patch path:/vendor/firmware/
09-01 13:50:34.679562   644   644 D AndroidRuntime: >>>>>> START com.android.internal.os.ZygoteInit uid 0 <<<<<<
09-01 13:50:34.684494   494   494 I wmt_launcher: (persist.vendor.connsys.fwlog.status) is not supported
09-01 13:50:34.684655   494   494 I wmt_launcher: get property (persist.vendor.connsys.dynamic.dump) is 0
09-01 13:50:34.684702   494   494 I wmt_launcher: get property(vendor.connsys.formeta.ready) failed iRet:0 or property is 
09-01 13:50:34.685126   494   494 I wmt_launcher: create pwr on thread ok
09-01 13:50:34.685235   494   829 I wmt_launcher: enter power on connsys flow
09-01 13:50:34.685623   494   494 I wmt_launcher: (persist.vendor.connsys.fwlog.status) is not supported
09-01 13:50:34.687199   494   828 I wmt_launcher: set vendor.connsys.formeta.ready to yes [done]
09-01 13:50:34.689807   643   643 D XfrmController: Sending Netlink XFRM Message: XFRM_MSG_FLUSHSA
09-01 13:50:34.692243   643   643 D XfrmController: Sending Netlink XFRM Message: XFRM_MSG_FLUSHPOLICY
09-01 13:50:34.692344   643   643 I netd    : Initializing XfrmController: 41000us
09-01 13:50:34.694843   644   644 I AndroidRuntime: Using default boot image
09-01 13:50:34.694907   644   644 I AndroidRuntime: Leaving lock profiling enabled
09-01 13:50:34.705039   643   643 I resolv  : resolv_init: Initializing resolver
09-01 13:50:34.706179   826   826 I bootstat: Service started: /system/bin/bootstat --set_system_boot_reason 
09-01 13:50:34.711819   709   788 I RenderEngine: Realtime priority unsupported, degrading gracefully to high priority
09-01 13:50:34.732967   709   788 I RenderEngine: OpenGL ES informations:
09-01 13:50:34.733036   709   788 I RenderEngine: vendor    : Imagination Technologies
09-01 13:50:34.733046   709   788 I RenderEngine: renderer  : PowerVR Rogue GE8320
09-01 13:50:34.733053   709   788 I RenderEngine: version   : OpenGL ES 3.2 build 1.13@5776728
09-01 13:50:34.733061   709   788 I RenderEngine: extensions: GL_EXT_debug_marker GL_ANDROID_extension_pack_es31a GL_EXT_blend_minmax GL_EXT_buffer_storage GL_EXT_clear_texture GL_EXT_clip_control GL_EXT_color_buffer_float GL_EXT_color_buffer_half_float GL_EXT_conservative_depth GL_EXT_copy_image GL_EXT_discard_framebuffer GL_EXT_draw_buffers GL_EXT_draw_buffers_indexed GL_EXT_draw_elements_base_vertex GL_EXT_EGL_image_array GL_EXT_external_buffer GL_EXT_float_blend GL_EXT_geometry_point_size GL_EXT_geometry_shader GL_EXT_gpu_shader5 GL_EXT_memory_object GL_EXT_memory_object_fd GL_EXT_multi_draw_arrays GL_EXT_multisampled_render_to_texture GL_EXT_multisampled_render_to_texture2 GL_EXT_occlusion_query_boolean GL_EXT_polygon_offset_clamp GL_EXT_primitive_bounding_box GL_EXT_pvrtc_sRGB GL_EXT_read_format_bgra GL_EXT_robustness GL_EXT_separate_shader_objects GL_EXT_shader_framebuffer_fetch GL_EXT_shader_group_vote GL_EXT_shader_implicit_conversions GL_EXT_shader_io_blocks GL_EXT_shader_non_constant_global_initializers GL_EXT_shader_pixel_local_storage GL_EXT_sh
09-01 13:50:34.733071   709   788 I RenderEngine: GL_MAX_TEXTURE_SIZE = 8192
09-01 13:50:34.733077   709   788 I RenderEngine: GL_MAX_VIEWPORT_DIMS = 8192
09-01 13:50:34.737291   643   643 D ProcessState: Binder ioctl to enable oneway spam detection failed: Invalid argument
09-01 13:50:34.737988   644   644 I zygote64: option[0]=-Xzygote
09-01 13:50:34.738092   644   644 I zygote64: option[1]=exit
09-01 13:50:34.738107   644   644 I zygote64: option[2]=vfprintf
09-01 13:50:34.738120   644   644 I zygote64: option[3]=sensitiveThread
09-01 13:50:34.738131   644   644 I zygote64: option[4]=-verbose:gc
09-01 13:50:34.738141   644   644 I zygote64: option[5]=-XX:PerfettoHprof=true
09-01 13:50:34.738167   644   644 I zygote64: option[6]=-XX:PerfettoJavaHeapStackProf=true
09-01 13:50:34.738189   644   644 I zygote64: option[7]=-Xprimaryzygote
09-01 13:50:34.738207   644   644 I zygote64: option[8]=-Xms4m
09-01 13:50:34.738224   644   644 I zygote64: option[9]=-Xmx512m
09-01 13:50:34.738243   644   644 I zygote64: option[10]=-XX:HeapGrowthLimit=256m
09-01 13:50:34.738261   644   644 I zygote64: option[11]=-Xusejit:true
09-01 13:50:34.738279   644   644 I zygote64: option[12]=-Xjitsaveprofilinginfo
09-01 13:50:34.738299   644   644 I zygote64: option[13]=-XMadviseWillNeedVdexFileSize:104857600
09-01 13:50:34.738318   644   644 I zygote64: option[14]=-XMadviseWillNeedOdexFileSize:104857600
09-01 13:50:34.738337   644   644 I zygote64: option[15]=-XMadviseWillNeedArtFileSize:4294967295
09-01 13:50:34.738355   644   644 I zygote64: option[16]=-Xps-min-first-save-ms:150000
09-01 13:50:34.738373   644   644 I zygote64: option[17]=-XjdwpOptions:suspend=n,server=y
09-01 13:50:34.738391   644   644 I zygote64: option[18]=-XjdwpProvider:default
09-01 13:50:34.738409   644   644 I zygote64: option[19]=-Xopaque-jni-ids:swapable
09-01 13:50:34.738427   644   644 I zygote64: option[20]=-Xlockprofthreshold:500
09-01 13:50:34.738445   644   644 I zygote64: option[21]=-Xcompiler-option
09-01 13:50:34.738463   644   644 I zygote64: option[22]=--instruction-set-variant=cortex-a53
09-01 13:50:34.738481   644   644 I zygote64: option[23]=-Xcompiler-option
09-01 13:50:34.738500   644   644 I zygote64: option[24]=--instruction-set-features=default
09-01 13:50:34.738511   644   644 I zygote64: option[25]=-Xcompiler-option
09-01 13:50:34.738522   644   644 I zygote64: option[26]=--generate-mini-debug-info
09-01 13:50:34.738532   644   644 I zygote64: option[27]=-Ximage-compiler-option
09-01 13:50:34.738550   644   644 I zygote64: option[28]=--runtime-arg
09-01 13:50:34.738560   644   644 I zygote64: option[29]=-Ximage-compiler-option
09-01 13:50:34.738578   644   644 I zygote64: option[30]=-Xms64m
09-01 13:50:34.738597   644   644 I zygote64: option[31]=-Ximage-compiler-option
09-01 13:50:34.738617   644   644 I zygote64: option[32]=--runtime-arg
09-01 13:50:34.738635   644   644 I zygote64: option[33]=-Ximage-compiler-option
09-01 13:50:34.738653   644   644 I zygote64: option[34]=-Xmx64m
09-01 13:50:34.738671   644   644 I zygote64: option[35]=-Ximage-compiler-option
09-01 13:50:34.738692   644   644 I zygote64: option[36]=--dirty-image-objects=/system/etc/dirty-image-objects
09-01 13:50:34.738710   644   644 I zygote64: option[37]=-Ximage-compiler-option
09-01 13:50:34.738731   644   644 I zygote64: option[38]=--instruction-set-variant=cortex-a53
09-01 13:50:34.738749   644   644 I zygote64: option[39]=-Ximage-compiler-option
09-01 13:50:34.738767   644   644 I zygote64: option[40]=--instruction-set-features=default
09-01 13:50:34.738788   644   644 I zygote64: option[41]=-Ximage-compiler-option
09-01 13:50:34.738808   644   644 I zygote64: option[42]=--generate-mini-debug-info
09-01 13:50:34.738826   644   644 I zygote64: option[43]=-Duser.locale=en-US
09-01 13:50:34.738853   644   644 I zygote64: option[44]=--cpu-abilist=arm64-v8a
09-01 13:50:34.738865   644   644 I zygote64: option[45]=-Xcore-platform-api-policy:just-warn
09-01 13:50:34.738879   644   644 I zygote64: option[46]=-Xfingerprint:Hisense/HLTE241E/HLTE241E:12/SP1A.210812.016/1660575256:userdebug/release-keys
09-01 13:50:34.739011   643   643 D MDnsDS  : MDnsSdListener::Hander starting up
09-01 13:50:34.739082   643   843 D MDnsDS  : MDnsSdListener starting to monitor
09-01 13:50:34.739101   643   843 D MDnsDS  : Going to poll with pollCount 1
09-01 13:50:34.742283   643   643 I netd    : Registering NetdNativeService: 2148us
09-01 13:50:34.753582   494   494 I wmt_launcher: patch name pre-fix:soc1_0_ram
09-01 13:50:34.753641   494   494 I wmt_launcher: fw_version:0x8a00
09-01 13:50:34.753864   494   494 I wmt_launcher: /vendor/firmware//soc1_0_ram_mcu_1_1_hdr.bin
09-01 13:50:34.758683   643   643 D hw-ProcessState: Binder ioctl to enable oneway spam detection failed: Invalid argument
09-01 13:50:34.760052   494   494 I wmt_launcher: fw Ver in patch: 0x8a00
09-01 13:50:34.760121   494   494 I wmt_launcher: patch info:0x11,0x00,0x00,0xf0,0x00,0x00,0x00,0x04
09-01 13:50:34.760134   494   494 I wmt_launcher: rom patch type = [4]
09-01 13:50:34.760631   826   826 I bootstat: Canonical boot reason: cold
09-01 13:50:34.760680   826   826 I bootstat: Canonical boot reason: cold
09-01 13:50:34.761368   494   494 I wmt_launcher: /vendor/firmware//soc1_0_ram_bt_1_1_hdr.bin
09-01 13:50:34.761695   494   494 I wmt_launcher: open /vendor/firmware//soc1_0_ram_bt_1_1_hdr.bin success, fp:0xb4000070af3c14b8, flen is 571025
09-01 13:50:34.761823   643   643 I HidlServiceManagement: Registered android.system.net.netd@1.1::INetd/default
09-01 13:50:34.761891   494   846 I wmt_launcher: set persist.vendor.connsys.patch.version to 220513180500000 [done]
09-01 13:50:34.762025   643   643 I netd    : Registering NetdHwService: 19766us
09-01 13:50:34.762091   643   643 I netd    : Netd started in 1253881us
09-01 13:50:34.767268   661   799 W hwcomposer: [EVENT] Start to listen uevent, addr.nl_pid(661)  
09-01 13:50:34.767695   661   799 I hwcomposer: [HWC] Register hotplug callback(ptr=0x65536ad120)  
09-01 13:50:34.767769   661   799 I hwcomposer: [HWC] Register refresh callback(ptr=0x65536ad130)  
09-01 13:50:34.767806   661   799 I hwcomposer: [HWC] Register vsync callback(ptr=0x65536ad140)  
09-01 13:50:34.779013   494   494 I wmt_launcher: spos:559331, epos:559408
09-01 13:50:34.779230   494   494 E wmt_launcher: version info(t-neptune-mp-soc1_0e1-2015-CERVINO_SOC1_0_E1_ASIC-20220513180500) found
09-01 13:50:34.779301   494   494 I wmt_launcher: property(persist.vendor.connsys.bt_fw_ver), value(t-neptune-mp-soc1_0e1-2015-CERVINO_SOC1_0_E1_ASIC-20220513180500)
09-01 13:50:34.779679   840   840 I perfetto: probes.cc:84            Starting /system/bin/traced_probes service
09-01 13:50:34.780216   494   494 I wmt_launcher: fw Ver in patch: 0x8a00
09-01 13:50:34.780251   494   494 I wmt_launcher: patch info:0x11,0x00,0x08,0xf0,0x00,0x00,0x00,0x00
09-01 13:50:34.780262   494   494 I wmt_launcher: rom patch type = [0]
09-01 13:50:34.780296   494   494 I wmt_launcher: /vendor/firmware//soc1_0_ram_wifi_1_1_hdr.bin
09-01 13:50:34.782059   840   840 I perfetto: probes_producer.cc:129  Disconnected from tracing service
09-01 13:50:34.782212   840   856 I perfetto: _activity_trigger.cc:71 mm_events ftrace instance not found. Triggering of traces on memory pressure will not be available on this device.
09-01 13:50:34.783861   494   494 I wmt_launcher: fw Ver in patch: 0x8a00
09-01 13:50:34.783942   494   494 I wmt_launcher: patch info:0x11,0x00,0x14,0xf0,0x00,0x00,0x00,0x03
09-01 13:50:34.783953   494   494 I wmt_launcher: rom patch type = [3]
09-01 13:50:34.784003   494   494 I wmt_launcher: cmd(srh_rom_patch) resp(ok)
09-01 13:50:34.784034   494   494 I wmt_launcher: (persist.vendor.connsys.fwlog.status) is not supported
09-01 13:50:34.790875   827   827 D ProcessState: Binder ioctl to enable oneway spam detection failed: Invalid argument
09-01 13:50:34.797576   826   826 E bootstat: Failed to read /metadata/bootstat/persist.sys.boot.reason: No such file or directory
09-01 13:50:34.797665   826   826 I bootstat: Value of persist.sys.boot.reason : 
09-01 13:50:34.797680   826   826 I bootstat: Normalized last reboot reason : cold
09-01 13:50:34.798495   494   857 I wmt_launcher: set persist.vendor.connsys.wifi_fw_ver to 220513180500000 [done]
09-01 13:50:34.799873   826   826 E bootstat: Failed to unlink /metadata/bootstat/persist.sys.boot.reason: No such file or directory
09-01 13:50:34.803776   853   853 W perfetto: service.cc:207          Started traced, listening on /dev/socket/traced_producer /dev/socket/traced_consumer
09-01 13:50:34.809251   827   827 D DrmManager(Native): DrmManager::loadPlugIns Loaded 32 bit AOSP
09-01 13:50:34.810094   644   644 I zygote64: Core platform API reporting enabled, enforcing=false
09-01 13:50:34.838340   661   799 E MDP     : DpAsyncBlitStream: unrecognizable user 0
09-01 13:50:34.839379   661   799 I hwcomposer: [DPY] Display Information:  
09-01 13:50:34.839539   661   799 I hwcomposer: [DPY] # fo current devices : 1  
09-01 13:50:34.839580   661   799 I hwcomposer: [DPY] ------------------------------------  
09-01 13:50:34.839616   661   799 I hwcomposer: [DPY] Device id   : 0  
09-01 13:50:34.839651   661   799 I hwcomposer: [DPY] Width       : 720  
09-01 13:50:34.839685   661   799 I hwcomposer: [DPY] Height      : 1600  
09-01 13:50:34.839732   661   799 I hwcomposer: [DPY] xdpi        : 268941.187500  
09-01 13:50:34.839768   661   799 I hwcomposer: [DPY] ydpi        : 269139.062500  
09-01 13:50:34.839803   661   799 I hwcomposer: [DPY] vsync       : 1  
09-01 13:50:34.839838   661   799 I hwcomposer: [DPY] refresh     : 16666667  
09-01 13:50:34.839928   661   799 I hwcomposer: [DPY] connected   : 1  
09-01 13:50:34.839967   661   799 I hwcomposer: [DPY] hwrotation  : 0  
09-01 13:50:34.840001   661   799 I hwcomposer: [DPY] subtype     : 0  
09-01 13:50:34.840036   661   799 I hwcomposer: [DPY] secure      : 1  
09-01 13:50:34.840076   661   799 I hwcomposer: [DPY] aspect      : 0.450, 2.222  
09-01 13:50:34.840113   661   799 I hwcomposer: [DPY] portrait    : [   0,   0, 720,1600]  
09-01 13:50:34.840149   661   799 I hwcomposer: [DPY] landscape   : [   0,   0, 720,1600]  
09-01 13:50:34.840184   661   799 I hwcomposer: [DPY] trigger_by_vsync: 0  
09-01 13:50:34.840218   661   799 I hwcomposer: [DPY] density     : 160  
09-01 13:50:34.840571   709   709 I SurfaceFlinger: onComposerHalHotplug(0, connected)
09-01 13:50:34.840664   709   709 I HWComposer: Switching to legacy multi-display mode
09-01 13:50:34.841279   661   799 I hwcomposer: [HWC] (0) Attribute: config:0, attr:9526, value:0  
09-01 13:50:34.841440   661   799 I hwcomposer: [HWC] (0) Attribute: config:0, attr:1, value:720  
09-01 13:50:34.841596   661   799 I hwcomposer: [HWC] (0) Attribute: config:0, attr:2, value:1600  
09-01 13:50:34.841720   661   799 I hwcomposer: [HWC] (0) Attribute: config:0, attr:3, value:16666667  
09-01 13:50:34.841824   661   799 I hwcomposer: [HWC] (0) Attribute: config:0, attr:4, value:268941  
09-01 13:50:34.841932   661   799 I hwcomposer: [HWC] (0) Attribute: config:0, attr:5, value:269139  
09-01 13:50:34.842030   661   799 I hwcomposer: [HWC] (0) Attribute: config:0, attr:7, value:0  
09-01 13:50:34.842124   661   799 I hwcomposer: [HWC] (0) Attribute: config:1, attr:9526, value:0  
09-01 13:50:34.842218   661   799 I hwcomposer: [HWC] (0) Attribute: config:1, attr:1, value:720  
09-01 13:50:34.842311   661   799 I hwcomposer: [HWC] (0) Attribute: config:1, attr:2, value:1600  
09-01 13:50:34.842413   661   799 I hwcomposer: [HWC] (0) Attribute: config:1, attr:3, value:11111111  
09-01 13:50:34.842516   661   799 I hwcomposer: [HWC] (0) Attribute: config:1, attr:4, value:268941  
09-01 13:50:34.842614   661   799 I hwcomposer: [HWC] (0) Attribute: config:1, attr:5, value:269139  
09-01 13:50:34.842713   661   799 I hwcomposer: [HWC] (0) Attribute: config:1, attr:7, value:0  
09-01 13:50:34.842866   709   709 E HWComposer: getDisplayConnectionType: getDisplayConnectionType failed for display 0: Unsupported (8)
09-01 13:50:34.855438   709   865 W EventThread: Ignoring VSYNC request while display is disconnected
09-01 13:50:34.855590   709   865 W EventThread: Ignoring VSYNC request while display is disconnected
09-01 13:50:34.855915   709   866 W EventThread: Ignoring VSYNC request while display is disconnected
09-01 13:50:34.856103   709   866 W EventThread: Ignoring VSYNC request while display is disconnected
09-01 13:50:34.856510   709   865 W EventThread: Ignoring VSYNC request while display is disconnected
09-01 13:50:34.856549   709   865 W EventThread: Ignoring VSYNC request while display is disconnected
09-01 13:50:34.856747   709   709 I BufferQueueConsumer: [](id:2c500000000,api:0,p:-1,c:709) connect: controlledByApp=false
09-01 13:50:34.856790   709   709 E BufferQueueDebug: [FramebufferSurface](this:0xb400007320bc1410,id:-1,api:0,p:-1,c:-1) id info cannot be read from 'FramebufferSurface'
09-01 13:50:34.856888   709   709 I BufferQueueDebug: [FramebufferSurface](this:0xb400007320bc1410,id:-1,api:0,p:-1,c:-1) BufferQueue core=(709:/system/bin/surfaceflinger)
09-01 13:50:34.864000     1     1 W init    : type=1400 audit(0.0:32): avc: denied { create } for name="lbs_dbg" scontext=u:r:init:s0 tcontext=u:object_r:socket_device:s0 tclass=sock_file permissive=0
09-01 13:50:34.875204   661   799 I libcomposer_ext: Register client name: SurfaceFlinger0709 device client: 0xb40000797aa502a8
09-01 13:50:34.875954   661   799 I hwcomposer: (0) displayGetHdrCapability() caps:  
09-01 13:50:34.877070   709   709 I BufferQueueProducer: [FramebufferSurface](id:2c500000000,api:1,p:661,c:709) connect: api=1 producerControlledByApp=false
09-01 13:50:34.896900   660   660 E ion     : ioctl c0044901 failed with code -1: Invalid argument
09-01 13:50:34.899400   660   660 E ion     : ioctl c0204900 failed with code -1: No such device
09-01 13:50:34.902197   709   709 E ion     : ioctl c0044901 failed with code -1: Invalid argument
09-01 13:50:34.902683   660   660 E ion     : ioctl c0204900 failed with code -1: No such device
09-01 13:50:34.905192   660   660 E ion     : ioctl c0204900 failed with code -1: No such device
09-01 13:50:34.907348   709   709 I SurfaceFlinger: Dispatching display hotplug event displayId=0, connected=1
09-01 13:50:34.907795   709   709 I SurfaceFlinger: Enabling HAL virtual displays
09-01 13:50:34.907816   869   869 D lbs_dbg : main: LBS debug daemon begin running, Version=0.02
09-01 13:50:34.908281   869   869 D lbs_dbg : gps_debug_logd_init: gps_debug_logd_init
09-01 13:50:34.908337   869   869 D lbs_dbg : socket_bind_udp: fd=4,path=recycle_gpsLog
09-01 13:50:34.908355   709   871 W SurfaceFlinger: Failed to set thread name on dispatch thread
09-01 13:50:34.908375   869   869 D lbs_dbg : socket_bind_udp: fd=5,path=recycle_mpeLog
09-01 13:50:34.908404   869   869 D lbs_dbg : socket_bind_udp: fd=6,path=recycle_dumpLog
09-01 13:50:34.908431   869   869 D lbs_dbg : socket_bind_udp: fd=7,path=recycle_rawMeaLog
09-01 13:50:34.908459   869   869 D lbs_dbg : socket_bind_udp: fd=8,path=recycle_ntripLog
09-01 13:50:34.908486   869   869 D lbs_dbg : socket_bind_udp: fd=9,path=recycle_rtkpppLog
09-01 13:50:34.909088   709   709 I SurfaceFlinger: msync is off
09-01 13:50:34.911192   869   879 D lbs_dbg : log_write_thread_pool: [rtkpppLog]log_write_thread_pool created
09-01 13:50:34.911419   869   877 D lbs_dbg : log_write_thread_pool: [rawMeasureLog]log_write_thread_pool created
09-01 13:50:34.911496   869   877 D lbs_dbg : socket_bind_udp: fd=14,path=rawMeasureLog
09-01 13:50:34.911611   869   879 D lbs_dbg : socket_bind_udp: fd=15,path=rtkpppLog
09-01 13:50:34.911626   869   874 D lbs_dbg : log_write_thread_pool: [gpsLog]log_write_thread_pool created
09-01 13:50:34.911656   869   874 D lbs_dbg : socket_bind_udp: fd=17,path=gpsLog
09-01 13:50:34.911854   869   875 D lbs_dbg : log_write_thread_pool: [mpeLog]log_write_thread_pool created
09-01 13:50:34.912031   869   875 D lbs_dbg : socket_bind_udp: fd=19,path=mpeLog
09-01 13:50:34.913977   869   869 D hw-ProcessState: Binder ioctl to enable oneway spam detection failed: Invalid argument
09-01 13:50:34.915032   869   878 D lbs_dbg : log_write_thread_pool: [ntripLog]log_write_thread_pool created
09-01 13:50:34.915353   869   878 D lbs_dbg : socket_bind_udp: fd=22,path=ntripLog
09-01 13:50:34.915558   869   876 D lbs_dbg : log_write_thread_pool: [dumpLog]log_write_thread_pool created
09-01 13:50:34.915762   869   876 D lbs_dbg : socket_bind_udp: fd=24,path=dumpLog
09-01 13:50:34.917860   869   869 D lbs_dbg : hidl_set_lbs_log_callback: Link to death notification successful
09-01 13:50:34.918236   674   674 D lbs_hidl_service: [1.11][mtk_lbs_log_v2s] setCallback()
09-01 13:50:34.918898   494   494 I wmt_launcher: patch name pre-fix:soc1_0_patch
09-01 13:50:34.918962   494   494 I wmt_launcher: fw_version:0x8a00
09-01 13:50:34.919106   494   494 I wmt_launcher: /vendor/firmware//soc1_0_patch_mcu_1_1_hdr.bin
09-01 13:50:34.919791   709   709 I HidlServiceManagement: Registered android.frameworks.displayservice@1.0::IDisplayService/default
09-01 13:50:34.920232   709   709 D SurfaceFlinger: Setting power mode 2 on display 0
09-01 13:50:34.920484   661   799 I hwcomposer: [HWCDisplay] Display(0) SetPowerMode(2)  
09-01 13:50:34.927660   494   494 I wmt_launcher: fw Ver in patch: 0x00008a00
09-01 13:50:34.927709   494   494 I wmt_launcher: read patch info:0x11,0xc0,0x01,0x00
09-01 13:50:34.927719   494   494 I wmt_launcher: patch num = [1]
09-01 13:50:34.927736   494   494 I wmt_launcher: patch seq = [1]
09-01 13:50:34.927786   494   494 I wmt_launcher: cmd(srh_patch) resp(ok)
09-01 13:50:34.927820   494   494 I wmt_launcher: (persist.vendor.connsys.fwlog.status) is not supported
09-01 13:50:34.929851   494   883 I wmt_launcher: set persist.vendor.connsys.patch.version to 220513180500000 [done]
09-01 13:50:34.932856   830   830 D AVStageFactory: createInstance(64bit): createVendorAVFactory success!
09-01 13:50:34.934121   830   830 D AVStageUtils: createInstance(64bit): createVendorAVUtils success!
09-01 13:50:34.934232   830   830 D AVStageFactory: createInstance(64bit): createVendorAVFactory success!
09-01 13:50:34.939922   830   830 D EMSVR   : main start new
09-01 13:50:34.939987   830   830 D EMSVR   : new server
09-01 13:50:34.940001   830   830 D EMSVR/AFMSocket: nSocketPort = 0
09-01 13:50:34.951842   864   864 D MNLD    : main: mnld version=MTK_MNLD_6_0_0_20040301
09-01 13:50:34.952636   864   864 D mtk_lbs_utility: set_signal_ignore: set_signal_ignore, signo:13
09-01 13:50:34.952861   864   864 D mnld_uti: chip_detector: combo_chip_id is 0x6765
09-01 13:50:34.968973   864   864 D gps_controlller: mnl_init: register callback for mnl okey, mtk_gps_sys_function_register=0x73a04f2f44
09-01 13:50:34.976079   864   864 D gps_dbg_log: gps_dbg_log_property_load: Get debuglog_limit_size(get from vendor.gpsdbglog.size) fail, use default value = 3000 MB
09-01 13:50:34.976071   709   788 I GED     : ged_boost_gpu_freq, level 100, eOrigin 2, final_idx 2, oppidx_max 2, oppidx_min 0
09-01 13:50:34.976466   864   864 D mnl_common: mnl_utl_load_property: dev_dsp/dev_dsp2/dev_gps :   ,init_speed/link_speed: 0 0
09-01 13:50:34.976500   864   864 D mnl_common: mnl_utl_load_property: EPO_Enabled: 0,BEE_Enabled: 0,SUPL_Enabled: 0,SUPLSI_Enabled: 0,RfPathLossDb_Ap: 0.00
09-01 13:50:34.976510   864   864 D mnl_common: mnl_utl_load_property: SUSPEND_enabled: 0, SUSPEND_timeout:0,SUSPEND_ext_enabled:0,SUSPEND_ext_timeout:0,SUSPEND_ext_available:1
09-01 13:50:34.976519   864   864 D mnl_common: mnl_utl_load_property: md_status: 0x0
09-01 13:50:34.979143   864   864 E mnld    : mtk_socket_tcp_startListening: mSockListenId ok
09-01 13:50:34.979901   864   864 D mnld    : mtk_socket_tcp_startListening: Success to setup socket local server
09-01 13:50:34.980132   864   864 D mtk_lbs_utility: socket_bind_udp: fd=5,path=mnld_gps_control_socket
09-01 13:50:34.980183   864   864 D mtk_lbs_utility: socket_bind_udp: path=mnld_gps_control_socket
09-01 13:50:34.980192   864   864 D mtk_lbs_utility: socket_bind_udp_force: path=mnld_gps_control_socket
09-01 13:50:34.980504   709   709 D SurfaceFlinger: Finished setting power mode 2 on display 0
09-01 13:50:34.990464   840   840 I perfetto: probes_producer.cc:112  Connected to the service
09-01 13:50:34.990988   709   788 I GED     : ged_boost_gpu_freq, level 100, eOrigin 2, final_idx 2, oppidx_max 2, oppidx_min 0
09-01 13:50:34.991960   864   891 D mnld    : thread_adc_capture_init: EMI ADC thread start
09-01 13:50:34.992080   864   864 D mtk_lbs_utility: socket_bind_udp: fd=7,path=mnld_epo_download_socket
09-01 13:50:34.992089   864   891 W mnld    : thread_adc_capture_init: open_port: Unable to open /dev/gps_emi, retry:1
09-01 13:50:34.992124   864   864 D mtk_lbs_utility: socket_bind_udp: path=mnld_epo_download_socket
09-01 13:50:35.001859   864   864 D mtk_lbs_utility: socket_bind_udp: fd=6,path=mnld_qepo_download_socket
09-01 13:50:35.001930   864   864 D mtk_lbs_utility: socket_bind_udp: path=mnld_qepo_download_socket
09-01 13:50:35.005973   864   864 D mtk_lbs_utility: socket_bind_udp: fd=10,path=mnld_mtknav_download_socket
09-01 13:50:35.006044   864   864 D mtk_lbs_utility: socket_bind_udp: path=mnld_mtknav_download_socket
09-01 13:50:35.006082   864   895 D gps_controlller: gps_control_thread: gps_control_thread wait
09-01 13:50:35.006248   864   864 D MPE_MA  : mpe_sys_read_mpe_conf_flag: MPE_VER_21110801_6.02_00
09-01 13:50:35.006431   864   864 D MPE_MA  : mpe_sys_read_mpe_conf_flag: load mpe config from default path
09-01 13:50:35.006452   864   864 W MPE_MA  : mpe_sys_read_mpe_conf_flag: load mpe config from MPE_CONF_DEFAULT
09-01 13:50:35.006472   864   864 D MPE_MA  : mpe_sys_read_mpe_conf_flag: mpe config flag 0, 0
09-01 13:50:35.006493   864   864 D mpe     : mpe_function_init: MPE not enable
09-01 13:50:35.006505   864   864 D MNLD    : main: chip_capability_info.support_geofence is false
09-01 13:50:35.006564   864   864 W mnld_pwr_interface: mnld_pwr_open: mnld_pwr_open, /dev/gps_pwr failed:No such file or directory
09-01 13:50:35.006573   864   864 E mnld_pwr_interface: mnld_pwr_init: mnld_pwr_open failed, No such file or directory
09-01 13:50:35.006755   864   864 D mnld_pwr_interface: mnld_pwr_init: mnld_pwr_init, success, fd_pwr:-1
09-01 13:50:35.006806   864   900 D mnld_pwr_interface: mnld_pwr_control_thread: mnld_pwr_control_thread enter
09-01 13:50:35.006867   864   900 W mnld_pwr_interface: mnld_pwr_open: mnld_pwr_open, /dev/gps_pwr failed:No such file or directory
09-01 13:50:35.006876   864   900 E mnld_pwr_interface: mnld_pwr_control_thread: mnld_pwr_open failed, No such file or directory, retry:0
09-01 13:50:35.006945   864   864 E MNL2AGPS: bind_udp_socket: bind failed path=[/data/agps_supl/agps_to_mnl] reason=[No such file or directory]
09-01 13:50:35.006990   864   864 D MNL2AGPS: create_agps2mnl_fd: it's a Android P version, bind mtk_agps2mnl instead
09-01 13:50:35.007065   864   864 D mtk_lbs_utility: socket_bind_udp: fd=13,path=mtk_hal2mnl
09-01 13:50:35.007084   864   864 D mtk_lbs_utility: socket_bind_udp: path=mtk_hal2mnl
09-01 13:50:35.007093   864   864 D mtk_lbs_utility: socket_bind_udp_force: path=mtk_hal2mnl
09-01 13:50:35.007121   864   864 D mtk_lbs_utility: socket_bind_udp: fd=14,path=/data/server
09-01 13:50:35.007137   864   864 D mtk_lbs_utility: socket_bind_udp: path=/data/server
09-01 13:50:35.007184   864   864 D mtk_lbs_utility: socket_bind_udp: fd=15,path=mnld_main_socket
09-01 13:50:35.007200   864   864 D mtk_lbs_utility: socket_bind_udp: path=mnld_main_socket
09-01 13:50:35.007209   864   864 D mtk_lbs_utility: socket_bind_udp_force: path=mnld_main_socket
09-01 13:50:35.007260   864   864 D mtk_lbs_utility: socket_bind_udp: fd=16,path=mtk_meta2mnld
09-01 13:50:35.007277   864   864 D mtk_lbs_utility: socket_bind_udp: path=mtk_meta2mnld
09-01 13:50:35.007366   864   864 D mtk_lbs_utility: socket_bind_udp: fd=19,path=mtk_mpvt2mnld
09-01 13:50:35.007383   864   864 D mtk_lbs_utility: socket_bind_udp: path=mtk_mpvt2mnld
09-01 13:50:35.008348   864   864 E mtk_lbs_utility: init_timer_id_alarm: timerfd_create  CLOCK_BOOTTIME_ALARM 
09-01 13:50:35.008743   864   864 E mtk_lbs_utility: safe_sendto: safe_sendto() sendto() failed path=[mtk_mnl2hal] ret=-1 reason=[Connection refused]111
09-01 13:50:35.008829   864   864 E MNLD    : mnld_init: mnl2hal_release_wakelock failed because of safe_sendto fail ,strerror:Connection refused 
09-01 13:50:35.008848   864   864 D mnl2hal : mnl2hal_mnld_reboot: mnl2hal_mnld_reboot
09-01 13:50:35.008941   864   864 E mtk_lbs_utility: safe_sendto: safe_sendto() sendto() failed path=[mtk_mnl2hal] ret=-1 reason=[Connection refused]111
09-01 13:50:35.008979   864   864 E MNLD    : mnld_init: mnl2hal_mnld_reboot failed because of safe_sendto fail ,strerror:Connection refused 
09-01 13:50:35.009008   864   864 D MNL2AGPS: mnl2agps_mnl_reboot: mnl2agps_mnl_reboot
09-01 13:50:35.009097   864   864 E MNL2AGPS: sock_udp_client_create_local: connect() failed, abstract=1 name=[mtk_mnl2agps] reason=[Connection refused]111
09-01 13:50:35.009124   864   864 E mnld    : Mnld2DebugInterface_mnldUpdateReboot: Mnld2DebugInterface_mnldUpdateReboot
09-01 13:50:35.009164   864   864 E mnld    : mtk_socket_connect_local: mtk_socket_connect_local() connect() failed reason=[Connection refused]111 for path=[mtk_mnld2debugService]
09-01 13:50:35.009184   864   864 E mnld    : Mnld2DebugInterface_mnldUpdateReboot: Mnld2DebugInterface_mnldUpdateReboot() mtk_socket_client_connect() failed
09-01 13:50:35.009364   864   864 D mnl2hal : mnl2hal_update_gnss_name: mnl2hal_update_gnss_name, str=MTK_MNLD_6_0_0_20040301,MNL_VER_22051101ALPS05_6.70_00, len=54
09-01 13:50:35.009421   864   864 E mtk_lbs_utility: safe_sendto: safe_sendto() sendto() failed path=[mtk_mnl2hal] ret=-1 reason=[Connection refused]111
09-01 13:50:35.009436   674   704 D lbs_hidl_service: [1.11][mtk_lbs_log_v2s] handleSocketEvent() ret=[12]
09-01 13:50:35.010095   869   874 D lbs_dbg : lbslogd_handle_close_logfile: [gpsLog]lbslogd_handle_close_logfile
09-01 13:50:35.009442   864   864 E gps_controlller: mnld_gps_update_name: mnl2hal_update_gnss_name err 
09-01 13:50:35.011666   674   704 D lbs_hidl_service: [1.11][mtk_lbs_log_v2s] handleSocketEvent() ret=[12]
09-01 13:50:35.012078   869   875 D lbs_dbg : lbslogd_handle_close_logfile: [mpeLog]lbslogd_handle_close_logfile
09-01 13:50:35.012831   674   704 D lbs_hidl_service: [1.11][mtk_lbs_log_v2s] handleSocketEvent() ret=[12]
09-01 13:50:35.017844   869   876 D lbs_dbg : lbslogd_handle_close_logfile: [dumpLog]lbslogd_handle_close_logfile
09-01 13:50:35.011319   884   884 I thermald: START+++++++++ 884
09-01 13:50:35.019308   884   884 I thermald: Success to write 884 to /proc/driver/thermal/clsd_pid
09-01 13:50:35.019308   864   908 E flp     : mnld_screen_monitor_thread: Create
09-01 13:50:35.019547   864   908 E flp     : mnld_screen_monitor_thread: Wake Monitor Restart
09-01 13:50:35.019709   884   884 I thermald: Success to write 884 to /proc/driver/thermal/clmutt_tmd_pid
09-01 13:50:35.019795   884   884 I thermald: Enter infinite loop
09-01 13:50:35.024591   880   880 D ProcessState: Binder ioctl to enable oneway spam detection failed: Invalid argument
09-01 13:50:35.026068   864   907 D MNLD    : mnld_init_time_aiding_ctx: mnld_init_time_aiding_ctx
09-01 13:50:35.026474   864   907 D mtk_lbs_utility: start_timer_check_ret: start_timer_check_ret ret=0
09-01 13:50:35.026647   864   907 D MNLD    : main_event_hdlr: SCREEN2MAIN_EVENT_SCREEN = 1
09-01 13:50:35.026714   864   907 D MNLD    : mnld_main_thread: mnld_main_thread stop_timer return: 0
09-01 13:50:35.026591   882   882 D ProcessState: Binder ioctl to enable oneway spam detection failed: Invalid argument
09-01 13:50:35.032927   894   894 D mediaserver: start mediaserver in 64-bit=0
09-01 13:50:35.036960   886   886 D ProcessState: Binder ioctl to enable oneway spam detection failed: Invalid argument
09-01 13:50:35.038016   645   645 D AVStageFactory: createInstance(32bit): createVendorAVFactory success!
09-01 13:50:35.038648   715   715 E ccci_mdinit: (1):fail to open /mnt/vendor/nvdata/APCFG/APRDCL/CXP_SBP: 2
09-01 13:50:35.038738   715   715 I ccci_mdinit: (1):get_cip_sbp_setting, file /custom/etc/firmware/CIP_MD_SBP NOT exists!
09-01 13:50:35.038772   715   715 I ccci_mdinit: (1):PRJ_SBP_ID:ro.vendor.mtk_md_sbp_custom_value not exist, using default value
09-01 13:50:35.038812   715   715 D NVRAM   : NVM_GetLIDByName /vendor/nvdata/APCFG/APRDCL/MD_SBP 
09-01 13:50:35.038826   715   715 D NVRAM   : NVM_Init
09-01 13:50:35.039328   645   645 D AVStageUtils: createInstance(32bit): createVendorAVUtils success!
09-01 13:50:35.039444   645   645 D AVStageFactory: createInstance(32bit): createVendorAVFactory success!
09-01 13:50:35.041155   715   715 D NVRAM   : NVM_load_libcustom_nvram dlopen
09-01 13:50:35.042082   715   715 D NVRAM   : NVM_load_libcustom_nvram hcustlib: 0x83958d065a85871b
09-01 13:50:35.042160   715   715 D NVRAM   : g_i4CFG_File_Count=51
09-01 13:50:35.042170   715   715 D NVRAM   : g_akCFG_File[0].cFileName=/mnt/vendor/nvdata/APCFG/APRDCL/FILE_VER
09-01 13:50:35.042187   715   715 D NVRAM   : g_akCFG_File_Custom[1].cFileName=/mnt/vendor/nvdata/APCFG/APRDEB/GPS
09-01 13:50:35.042209   715   715 D NVRAM   : iCustomBeginLID=51, iFileVerInfoLID=0
09-01 13:50:35.042236   715   715 D NVRAM   : iFileWIFILID=55, iFileCustomWIFILID=56, iNvRamFileMaxLID=80
09-01 13:50:35.042255   715   715 D NVRAM   : g_new_nvram_lid_count=3
09-01 13:50:35.042264   715   715 D NVRAM   : g_new_nvram_lid[0].lid=61
09-01 13:50:35.042279   715   715 D NVRAM   : g_Backup_File_Count=16
09-01 13:50:35.042290   715   715 D NVRAM   : aBackupToBinRegion[0]=FILE_VER
09-01 13:50:35.042301   715   715 D NVRAM   : Call wait_connsys_ready
09-01 13:50:35.042435   715   715 D NVRAM   : wait connsys.driver.ready retry = 0
09-01 13:50:35.042446   715   715 D NVRAM   : chipId=0x6765, adieId=0x0
09-01 13:50:35.042470   715   715 ? cust_nvram: chipId[0x6765], adieId[0x0000]
09-01 13:50:35.042484   715   715 D NVRAM   : get_nvram_bt_default_value return ret=1, [2]=46
09-01 13:50:35.042494   715   715 D NVRAM   : libfile nvram_platform_log_block =2,nvram_platform_resv_block=2,nvram_platform_DM_block=1 nvram_platform_layout_version##=0,nvram_platform_header_offset=0,g_i4CFG_File_Count=51
09-01 13:50:35.042503   715   715 D NVRAM   : NVM_Init Max Lid: 80
09-01 13:50:35.042515   715   715 D NVRAM   : [NVRAM]: info nvram_gpt_flag =1
09-01 13:50:35.042573   715   715 D NVRAM   : deal with cfgfile =/mnt/vendor/nvdata/APCFG/APRDCL/FILE_VER,0
09-01 13:50:35.042584   715   715 D NVRAM   : deal with cfgfile =/mnt/vendor/nvdata/APCFG/APRDEB/BT_Addr,1
09-01 13:50:35.042596   715   715 D NVRAM   : deal with cfgfile =/mnt/vendor/nvdata/APCFG/APRDCL/AUXADC,2
09-01 13:50:35.042605   715   715 D NVRAM   : deal with cfgfile =/mnt/vendor/nvdata/media/CAMERA_Para,3
09-01 13:50:35.042617   715   715 D NVRAM   : deal with cfgfile =/mnt/vendor/nvdata/media/CAMERA_3A,4
09-01 13:50:35.042629   715   715 D NVRAM   : deal with cfgfile =/mnt/vendor/nvdata/media/CAMERA_SHADING,5
09-01 13:50:35.042638   715   715 D NVRAM   : deal with cfgfile =/mnt/vendor/nvdata/media/CAMERA_DEFECT,6
09-01 13:50:35.042650   715   715 D NVRAM   : deal with cfgfile =/mnt/vendor/nvdata/media/CAMERA_SENSOR,7
09-01 13:50:35.042658   715   715 D NVRAM   : deal with cfgfile =/mnt/vendor/nvdata/media/CAMERA_LENS,8
09-01 13:50:35.042668   715   715 D NVRAM   : deal with cfgfile =/mnt/vendor/nvdata/APCFG/APRDCL/UART,9
09-01 13:50:35.042677   715   715 D NVRAM   : deal with cfgfile =/mnt/vendor/nvdata/APCFG/APRDCL/FACTORY,10
09-01 13:50:35.042685   715   715 D NVRAM   : deal with cfgfile =/mnt/vendor/nvdata/APCFG/APRDCL/BWCS,11
09-01 13:50:35.042698   715   715 D NVRAM   : deal with cfgfile =/mnt/vendor/nvdata/APCFG/APRDCL/HWMON_ACC,12
09-01 13:50:35.042710   715   715 D NVRAM   : deal with cfgfile =/mnt/vendor/nvdata/APCFG/APRDCL/HWMON_GYRO,13
09-01 13:50:35.042723   715   715 D NVRAM   : deal with cfgfile =/mnt/vendor/nvdata/APCFG/APRDEB/OMADM_USB,14
09-01 13:50:35.042734   715   715 D NVRAM   : deal with cfgfile =/mnt/vendor/nvdata/media/Voice_Recognize_Param,15
09-01 13:50:35.042743   715   715 D NVRAM   : deal with cfgfile =/mnt/vendor/nvdata/media/Audio_AudEnh_Control_Opt,16
09-01 13:50:35.042751   715   715 D NVRAM   : deal with cfgfile =/mnt/vendor/nvdata/media/Audio_VOIP_Param,17
09-01 13:50:35.042759   715   715 D NVRAM   : deal with cfgfile =/mnt/vendor/nvdata/APCFG/APRDCL/HWMON_PS,18
09-01 13:50:35.042767   715   715 D NVRAM   : deal with cfgfile =/mnt/vendor/nvdata/APCFG/APRDCL/MD_Type,19
09-01 13:50:35.042774   715   715 D NVRAM   : deal with cfgfile =/mnt/vendor/nvdata/APCFG/APRDCL/EXT_MD_Type,20
09-01 13:50:35.042782   715   715 D NVRAM   : deal with cfgfile =/mnt/vendor/nvdata/APCFG/APRDCL/SDIO,21
09-01 13:50:35.042790   715   715 D NVRAM   : deal with cfgfile =/mnt/vendor/nvdata/media/CAMERA_VERSION,22
09-01 13:50:35.042799   715   715 D NVRAM   : deal with cfgfile =/mnt/vendor/nvdata/media/CAMERA_FEATURE,23
09-01 13:50:35.042808   715   715 D NVRAM   : deal with cfgfile =/mnt/vendor/nvdata/media/CAMERA_GEOMETRY,24
09-01 13:50:35.042821   715   715 D NVRAM   : deal with cfgfile =/mnt/vendor/nvdata/APCFG/APRDCL/MD_SBP,25
09-01 13:50:35.042844   715   715 D NVRAM   : deal with cfgfile =/mnt/vendor/nvdata/media/CAMERA_SHADING2,26
09-01 13:50:35.042855   715   715 D NVRAM   : deal with cfgfile =/mnt/vendor/nvdata/media/CAMERA_SHADING3,27
09-01 13:50:35.042863   715   715 D NVRAM   : deal with cfgfile =/mnt/vendor/nvdata/media/CAMERA_SHADING4,28
09-01 13:50:35.042872   715   715 D NVRAM   : deal with cfgfile =/mnt/vendor/nvdata/media/CAMERA_SHADING5,29
09-01 13:50:35.042880   715   715 D NVRAM   : deal with cfgfile =/mnt/vendor/nvdata/media/CAMERA_SHADING6,30
09-01 13:50:35.042888   715   715 D NVRAM   : deal with cfgfile =/mnt/vendor/nvdata/media/CAMERA_SHADING7,31
09-01 13:50:35.042896   715   715 D NVRAM   : deal with cfgfile =/mnt/vendor/nvdata/media/CAMERA_SHADING8,32
09-01 13:50:35.042904   715   715 D NVRAM   : deal with cfgfile =/mnt/vendor/nvdata/media/CAMERA_SHADING9,33
09-01 13:50:35.042912   715   715 D NVRAM   : deal with cfgfile =/mnt/vendor/nvdata/media/CAMERA_SHADING10,34
09-01 13:50:35.042920   715   715 D NVRAM   : deal with cfgfile =/mnt/vendor/nvdata/media/CAMERA_SHADING11,35
09-01 13:50:35.042927   715   715 D NVRAM   : deal with cfgfile =/mnt/vendor/nvdata/media/CAMERA_SHADING12,36
09-01 13:50:35.042935   715   715 D NVRAM   : deal with cfgfile =/mnt/vendor/nvdata/media/CAMERA_PLINE,37
09-01 13:50:35.042944   715   715 D NVRAM   : deal with cfgfile =/mnt/vendor/nvdata/media/CAMERA_PLINE2,38
09-01 13:50:35.042951   715   715 D NVRAM   : deal with cfgfile =/mnt/vendor/nvdata/media/CAMERA_PLINE3,39
09-01 13:50:35.042959   715   715 D NVRAM   : deal with cfgfile =/mnt/vendor/nvdata/media/CAMERA_PLINE4,40
09-01 13:50:35.042974   715   715 D NVRAM   : deal with cfgfile =/mnt/vendor/nvdata/media/CAMERA_PLINE5,41
09-01 13:50:35.042982   715   715 D NVRAM   : deal with cfgfile =/mnt/vendor/nvdata/media/CAMERA_PLINE6,42
09-01 13:50:35.042990   715   715 D NVRAM   : deal with cfgfile =/mnt/vendor/nvdata/media/CAMERA_PLINE7,43
09-01 13:50:35.042998   715   715 D NVRAM   : deal with cfgfile =/mnt/vendor/nvdata/media/CAMERA_PLINE8,44
09-01 13:50:35.043006   715   715 D NVRAM   : deal with cfgfile =/mnt/vendor/nvdata/media/CAMERA_PLINE9,45
09-01 13:50:35.043014   715   715 D NVRAM   : deal with cfgfile =/mnt/vendor/nvdata/media/CAMERA_PLINE10,46
09-01 13:50:35.043021   715   715 D NVRAM   : deal with cfgfile =/mnt/vendor/nvdata/media/CAMERA_PLINE11,47
09-01 13:50:35.043031   715   715 D NVRAM   : deal with cfgfile =/mnt/vendor/nvdata/media/CAMERA_PLINE12,48
09-01 13:50:35.043044   715   715 D NVRAM   : deal with cfgfile =/mnt/vendor/nvdata/media/CAMERA_AF,49
09-01 13:50:35.043055   715   715 D NVRAM   : deal with cfgfile =/mnt/vendor/nvdata/media/CAMERA_FLASH_CALIBRATION,50
09-01 13:50:35.043064   715   715 D NVRAM   : deal with cfgcustfile =/mnt/vendor/nvdata/media/Audio_Sph,51
09-01 13:50:35.043072   715   715 D NVRAM   : deal with cfgcustfile =/mnt/vendor/nvdata/APCFG/APRDEB/GPS,52
09-01 13:50:35.043080   715   715 D NVRAM   : deal with cfgcustfile =/mnt/vendor/nvdata/media/Audio_CompFlt,53
09-01 13:50:35.043088   715   715 D NVRAM   : deal with cfgcustfile =/mnt/vendor/nvdata/media/Audio_Effect,54
09-01 13:50:35.043096   715   715 D NVRAM   : deal with cfgcustfile =/mnt/vendor/nvdata/APCFG/APRDEB/WIFI,55
09-01 13:50:35.043104   715   715 D NVRAM   : deal with cfgcustfile =/mnt/vendor/nvdata/APCFG/APRDEB/WIFI_CUSTOM,56
09-01 13:50:35.043115   715   715 D NVRAM   : deal with cfgcustfile =/mnt/vendor/nvdata/media/Audio_Sph_Med,57
09-01 13:50:35.043133   715   715 D NVRAM   : deal with cfgcustfile =/mnt/vendor/nvdata/media/Audio_Vol_custom,58
09-01 13:50:35.043142   715   715 D NVRAM   : deal with cfgcustfile =/mnt/vendor/nvdata/media/Sph_Dual_Mic,59
09-01 13:50:35.043150   715   715 D NVRAM   : deal with cfgcustfile =/mnt/vendor/nvdata/media/Audio_Wb_Sph,60
09-01 13:50:35.043158   715   715 D NVRAM   : deal with cfgcustfile =/mnt/vendor/nvdata/APCFG/APRDEB/PRODUCT_INFO,61
09-01 13:50:35.043166   715   715 D NVRAM   : deal with cfgcustfile =/mnt/vendor/nvdata/media/Headphone_CompFlt,62
09-01 13:50:35.043174   715   715 D NVRAM   : deal with cfgcustfile =/mnt/vendor/nvdata/media/Audio_gain_table,63
09-01 13:50:35.043182   715   715 D NVRAM   : deal with cfgcustfile =/mnt/vendor/nvdata/media/Audio_ver1_Vol_custom,64
09-01 13:50:35.043190   715   715 D NVRAM   : deal with cfgcustfile =/mnt/vendor/nvdata/media/Audio_Hd_Record_Param,65
09-01 13:50:35.043198   715   715 D NVRAM   : deal with cfgcustfile =/mnt/vendor/nvdata/media/Audio_Hd_Record_Scene_Table,66
09-01 13:50:35.043206   715   715 D NVRAM   : deal with cfgcustfile =/mnt/vendor/nvdata/media/Audio_Buffer_DC_Calibration_Param,67
09-01 13:50:35.043214   715   715 D NVRAM   : deal with cfgcustfile =/mnt/vendor/nvdata/media/VibSpk_CompFlt,68
09-01 13:50:35.043222   715   715 D NVRAM   : deal with cfgcustfile =/mnt/vendor/nvdata/media/MusicDRC_CompFlt,69
09-01 13:50:35.043230   715   715 D NVRAM   : deal with cfgcustfile =/mnt/vendor/nvdata/media/RingToneDRC_CompFlt,70
09-01 13:50:35.043238   715   715 D NVRAM   : deal with cfgcustfile =/mnt/vendor/nvdata/media/Audio_MAGI_CONFERENCE,71
09-01 13:50:35.043245   715   715 D NVRAM   : deal with cfgcustfile =/mnt/vendor/nvdata/media/Audio_HAC_Param,72
09-01 13:50:35.043258   715   715 D NVRAM   : deal with cfgcustfile =/mnt/vendor/nvdata/media/Audio_Sph_Lpbk,73
09-01 13:50:35.043266   715   715 D NVRAM   : deal with cfgcustfile =/mnt/vendor/nvdata/media/Audio_BT_Gain,74
09-01 13:50:35.043274   715   715 D NVRAM   : deal with cfgcustfile =/mnt/vendor/nvdata/media/AUDIO_FUNC_SWITCH_Param,75
09-01 13:50:35.043285   715   715 D NVRAM   : deal with cfgcustfile =/mnt/vendor/nvdata/APCFG/APRDCL/FG,76
09-01 13:50:35.043299   715   715 D NVRAM   : deal with cfgcustfile =/mnt/vendor/nvdata/APCFG/APRDCL/smartpa_calib,77
09-01 13:50:35.043308   715   715 D NVRAM   : deal with cfgcustfile =/mnt/vendor/nvdata/APCFG/APRDEB/PRIZE_USER_INFO,78
09-01 13:50:35.043316   715   715 D NVRAM   : deal with cfgcustfile =/mnt/vendor/nvdata/APCFG/APRDEB/PRIZE_FACTORY_INFO,79
09-01 13:50:35.043362   715   715 D NVRAM   : NVRAM: NVM_GetLIDByName Lid =25 
09-01 13:50:35.043437   715   715 D NVRAM   : fail to open /sys/class/BOOT/BOOT/boot/boot_mode: 
09-01 13:50:35.043496   715   715 D NVRAM   : NVM_GetFileDesc: Open /mnt/vendor/nvdata/APCFG/APRDCL/MD_SBP,LID:25
09-01 13:50:35.043690   715   715 D NVRAM   : NVM_CmpFileVerNo 25  
09-01 13:50:35.043751   715   715 D NVRAM   : Load File Version: 001, NvRam File Version: 001
09-01 13:50:35.043761   715   715 D NVRAM   : NVM_ProtectDataFile : 25 ++
