09-01 13:50:35.952883   946  1045 D TRS     : [PQ_SERVICE] loadDRETable: not support video DRE
09-01 13:50:35.952942   946  1045 D TRS     : [PQ_Proxy] PQAshmemProxy : set array proxyNum:2 offset:0x000753bc size:17
09-01 13:50:35.952975   946  1045 D TRS     : [PQ_Proxy] PQAshmemProxy : set array proxyNum:2 offset:0x00075400 size:17
09-01 13:50:35.953008   946  1045 D TRS     : [PQ_SERVICE] DISP PQ init start...
09-01 13:50:35.955139   946  1045 D TRS     : [PQ_SERVICE] DISP PQ init end...
09-01 13:50:35.955254   946  1045 D TRS     : [PQ_SERVICE] threadLoop config User_Def PQ... end
09-01 13:50:35.955289   946  1045 D TRS     : ccorr table index=0
09-01 13:50:35.955377   946  1045 D TRS     : ccorr table index=0
09-01 13:50:35.955463   946  1045 D TRS     : [PQ_SERVICE]enablePQEvent: 0 -> 1
09-01 13:50:35.955579   946  1045 D TRS     : [PQ_SERVICE] setPQParamWithFilter configFlag: 6
09-01 13:50:35.956835   946  1045 D TRS     : ccorr table index=0
09-01 13:50:35.957108   946  1045 D TRS     : [PQ_SERVICE] setPQParamWithFilter configFlag: 2
09-01 13:50:35.958976   709   788 I GED     : ged_boost_gpu_freq, level 100, eOrigin 2, final_idx 2, oppidx_max 2, oppidx_min 0
09-01 13:50:35.960609   885   885 E VT      : [VTS] after addService 0
09-01 13:50:35.960740   885   885 I VT      : [SRV] [VT THREAD] VT_Connect start
09-01 13:50:35.960752   885   885 I VT      : [VT] [DISPATCHER] VTMsgDispatcher Constuctor
09-01 13:50:35.960760   885   885 I VT      : [VT] [DISPATCHER] VTMsgDispatcher init
09-01 13:50:35.961780   946  1045 D TRS     : ccorr table index=0
09-01 13:50:35.962050   946  1045 D TRS     : [PQ_SERVICE] setPQParamWithFilter configFlag: 2
09-01 13:50:35.962072   885   885 I VT      : [SRV] [VT THREAD] VT_Connect finish
09-01 13:50:35.962119   885   885 W VT      : [SRV] [VTCoreHelper] VTCoreHelper create
09-01 13:50:35.962137   885   885 I VT      : [SRV] [OPERATION][ID=1000] VTMALStub (VTMALStub)
09-01 13:50:35.962186   885   885 I VT      : [SRV] [OPERATION][ID=1000] VTMALStub (sim_id = 0)
09-01 13:50:35.962227   885   885 I VT      : [SRV] [CALL FLOW] create ( : )
09-01 13:50:35.962488   885   885 W AVSync  : VTAVSync enter!!!
09-01 13:50:35.963534  1021  1021 I NetdagentFirewall: setupIptablesHooks done in oem_iptables_init
09-01 13:50:35.963608  1021  1021 I NetdagentController: Initializing iptables: 413.9ms
09-01 13:50:35.963599   885  1065 I VT      : [SRV] [VT THREAD] VT_Bind start
09-01 13:50:35.963648  1021  1021 I Netdagent:  Create CommandService  successfully
09-01 13:50:35.963942   885  1065 D hw-ProcessState: Binder ioctl to enable oneway spam detection failed: Invalid argument
09-01 13:50:35.964328  1021  1066 D hw-ProcessState: Binder ioctl to enable oneway spam detection failed: Invalid argument
09-01 13:50:35.963177   885   885 W AVSync  : open /dev/ccci_imsdc done, fd=5
09-01 13:50:35.966879   885  1065 I VT      : [SRV] [THREAD] get hild success
09-01 13:50:35.967235   673   673 D VT HIDL : [IVT] configureFmqMode
09-01 13:50:35.967339   673   673 I VT HIDL : [IVT] configureFmqMode, getInstance wait client
09-01 13:50:35.967485   673   673 D VT HIDL : [IVT] configureFmqSyncRead
09-01 13:50:35.968099   673   673 D VT HIDL : [IVT] configureFmqSyncRead success
09-01 13:50:35.968168   673   673 D VT HIDL : [IVT] configureFmqSyncRead, evFlagWordPtr init done
09-01 13:50:35.968376   673   673 I VT HIDL : [IVT] configureFmqSyncRead, getInstance wait client
09-01 13:50:35.968793   673   673 D VT HIDL : [IVT] configureFmqSyncWrite
09-01 13:50:35.969068   673   673 D VT HIDL : [IVT] configureFmqSyncWrite success
09-01 13:50:35.969104   673   673 D VT HIDL : [IVT] configureFmqSyncWrite, evFlagWordPtr init done
09-01 13:50:35.969193   673   673 D VT HIDL : [IVT] initialization
09-01 13:50:35.969372   673   673 D VT HIDL : [IVT] isImsVideoCallon : True
09-01 13:50:35.969651   673   673 D VT HIDL : [IVT] isImsVideoCallon : True
09-01 13:50:35.970146   885  1065 I VT      : [SRV] [VT THREAD] VT_Bind start finish
09-01 13:50:35.970419   673  1071 I VT HIDL : [IVT] [VT THREAD] [VT_IMCB_Thread] start
09-01 13:50:35.970453   673  1071 E VT HIDL : [IVT] [VT THREAD] [VT_Bind] des = volte_imsvt1
09-01 13:50:35.970651   673  1071 E VT HIDL : [IVT] [VT THREAD] [VT_Bind] des = volte_imsvt1 fd = -1
09-01 13:50:35.970670   673  1070 I VT HIDL : [IVT] [VT THREAD] [VT_READ_Thread] start
09-01 13:50:35.970679   673  1070 D VT HIDL : [IVT] getInstance
09-01 13:50:35.970687   673  1070 I VT HIDL : [IVT] [VT THREAD] [VT_READ_Thread] read from VTS
09-01 13:50:35.970751   673  1071 D VT HIDL : [IVT] isIMCBrun : True
09-01 13:50:35.973111  1021  1066 I HidlServiceManagement: Registered vendor.mediatek.hardware.netdagent@1.0::INetdagent/default
09-01 13:50:35.978503   946  1045 D TRS     : ccorr table index=0
09-01 13:50:35.978669   946  1045 D TRS     : [PQ_SERVICE] setPQParamWithFilter configFlag: 2
09-01 13:50:35.982998   479   479 I [mTEE]  :  come into the TZ_VFS_OPEN function
09-01 13:50:35.983220   479   479 D [mTEE]  : check persist=3
09-01 13:50:35.983281   479   479 D [mTEE]  :  pathname = /mnt/vendor/persist/rpmb/rpmb.txt
09-01 13:50:35.983293   479   479 D [mTEE]  :  flags = 4098 mode = 0 retval = 5
09-01 13:50:35.984038   479   479 D [mTEE]  :  come into the TZ_VFS_LSEEK function
09-01 13:50:35.984747   479   479 D [mTEE]  :  come into the TZ_VFS_READ function
09-01 13:50:35.990666   959   959 D ProcessState: Binder ioctl to enable oneway spam detection failed: Invalid argument
09-01 13:50:35.992406   946  1045 D TRS     : ccorr table index=0
09-01 13:50:35.992621   946  1045 D TRS     : [PQ_SERVICE] setPQParamWithFilter configFlag: 2
09-01 13:50:35.992659   864   891 W mnld    : thread_adc_capture_init: open_port: Unable to open /dev/gps_emi, retry:3
09-01 13:50:35.994416   479   479 D [mTEE]  :  come into the TZ_VFS_CLOSE function
09-01 13:50:35.994487   479   479 D [mTEE]  :  fd = 5
09-01 13:50:35.994520   479   479 D [mTEE]  :  retVal = 0
09-01 13:50:35.994907  1016  1016 I focaltech:ta:config: [  46]:configuration is synced to TA.
09-01 13:50:35.994967  1016  1016 I focaltech:ta:core: [1683]:TA sync config data, err = 0.
09-01 13:50:35.997351  1020  1020 I bp_kmsetkey_ca: keybox already install, 00000000, af015838
09-01 13:50:36.003230  1020  1020 I bp_kmsetkey_ca: kmsetkey ca end
09-01 13:50:36.005347  1016  1016 I focaltech:hal:device: [ 631]:probing fingerprint device...
09-01 13:50:36.005770  1018  1018 I bstFU   : OcclusionDetect Run on CPU (2).
09-01 13:50:36.005819  1018  1018 I bstFU   : Model init cost time:  0.0620(ms)
09-01 13:50:36.006584   709   788 I GED     : ged_boost_gpu_freq, level 100, eOrigin 2, final_idx 2, oppidx_max 2, oppidx_min 0
09-01 13:50:36.007044   864   900 W mnld_pwr_interface: mnld_pwr_open: mnld_pwr_open, /dev/gps_pwr failed:No such file or directory
09-01 13:50:36.007094   864   900 E mnld_pwr_interface: mnld_pwr_control_thread: mnld_pwr_open failed, No such file or directory, retry:1
09-01 13:50:36.007518   946  1045 D TRS     : ccorr table index=0
09-01 13:50:36.007673   946  1045 D TRS     : [PQ_SERVICE] setPQParamWithFilter configFlag: 2
09-01 13:50:36.018804  1016  1016 I focaltech:hal:device: [ 391]:device is reset.
09-01 13:50:36.022753   946  1045 D TRS     : ccorr table index=0
09-01 13:50:36.022924   946  1045 D TRS     : [PQ_SERVICE] setPQParamWithFilter configFlag: 2
09-01 13:50:36.035339  1018  1018 I bstFU   : BlinkDetect Run on CPU (2).
09-01 13:50:36.035539  1018  1018 I bstFU   : Model init cost time:  0.2180(ms)
09-01 13:50:36.038045   946  1045 D TRS     : ccorr table index=0
09-01 13:50:36.038266   946  1045 D TRS     : [PQ_SERVICE] setPQParamWithFilter configFlag: 2
09-01 13:50:36.041105   906   906 I mobile_log_d: logd_sock: 22
09-01 13:50:36.042740   906  1073 I mobile_log_d: read thread 1073
09-01 13:50:36.042841   906  1074 I mobile_log_d: kernel_thread 1074(476549475504)
09-01 13:50:36.042992   906   906 I MobileLogD: init debug
09-01 13:50:36.043406  1016  1016 I focaltech:ta:device: [  72]:is it ft9362?
09-01 13:50:36.043451  1016  1016 I focaltech:fw: [1102]:got undesired device id 0x9372
09-01 13:50:36.043466  1016  1016 I focaltech:fw: [1102]:got undesired device id 0x9372
09-01 13:50:36.043477  1016  1016 I focaltech:fw: [1102]:got undesired device id 0x9372
09-01 13:50:36.044003   906  1075 I mobile_log_d: write thread 1075
09-01 13:50:36.044139   906   906 I MobileLogD: old aee version, use aee
09-01 13:50:36.054600   709   788 I GED     : ged_boost_gpu_freq, level 100, eOrigin 2, final_idx 2, oppidx_max 2, oppidx_min 0
09-01 13:50:36.055564   946  1045 D TRS     : ccorr table index=0
09-01 13:50:36.055735   946  1045 D TRS     : [PQ_SERVICE] setPQParamWithFilter configFlag: 2
09-01 13:50:36.068599   946  1045 D TRS     : ccorr table index=0
09-01 13:50:36.068826   946  1045 D TRS     : [PQ_SERVICE] setPQParamWithFilter configFlag: 2
09-01 13:50:36.075416  1016  1016 I focaltech:hal:device: [ 391]:device is reset.
09-01 13:50:36.083873   946  1045 D TRS     : ccorr table index=0
09-01 13:50:36.084096   946  1045 D TRS     : [PQ_SERVICE] setPQParamWithFilter configFlag: 2
09-01 13:50:36.095424  1016  1016 I focaltech:ta:device: [  72]:is it ft9391?
09-01 13:50:36.096977  1016  1016 I focaltech:hal:device: [ 659]:fingerprint chip (id = 0x9372) found.
09-01 13:50:36.097808  1016  1016 I focaltech:hal:core: [ 302]:waiting for the stage 2 initializer...
09-01 13:50:36.105993  1016  1084 I focaltech:hal:core: [ 152]:hal initialization stage 2...
09-01 13:50:36.106558   946  1045 D TRS     : ccorr table index=0
09-01 13:50:36.106735   946  1045 D TRS     : [PQ_SERVICE] setPQParamWithFilter configFlag: 2
09-01 13:50:36.107190  1016  1016 I focaltech:hal:core: [2553]:hal initialization totally consumed time 517 ms.
09-01 13:50:36.107259  1016  1016 I focaltech:hal:proxy: [  44]:fingerprint_set_notify(dev = 0xb4000076fb4f2eb0, ..).
09-01 13:50:36.107277  1016  1016 I focaltech:hal:core: [1520]:notification callback is set.
09-01 13:50:36.108659  1016  1016 D hw-ProcessState: Binder ioctl to enable oneway spam detection failed: Invalid argument
09-01 13:50:36.109289   709   788 I GED     : ged_boost_gpu_freq, level 100, eOrigin 2, final_idx 2, oppidx_max 2, oppidx_min 0
09-01 13:50:36.111880  1016  1016 I HidlServiceManagement: Registered android.hardware.biometrics.fingerprint@2.1::IBiometricsFingerprint/default
09-01 13:50:36.112015  1076  1076 W libc    : Access denied finding property "persist.vendor.aee.log.status"
09-01 13:50:36.108000  1076  1076 W aee     : type=1400 audit(0.0:42): avc: denied { read } for name="u:object_r:system_mtk_persist_aee_prop:s0" dev="tmpfs" ino=15699 scontext=u:r:mobile_log_d:s0 tcontext=u:object_r:system_mtk_persist_aee_prop:s0 tclass=file permissive=0
09-01 13:50:36.112582  1016  1016 I HidlServiceManagement: Removing namespace from process name android.hardware.biometrics.fingerprint@2.1-service to fingerprint@2.1-service.
09-01 13:50:36.112534  1076  1076 E AEE_AED : open boot mode file fail! (13, Permission denied)
09-01 13:50:36.114071  1076  1076 W libc    : Access denied finding property "persist.vendor.aee.log.status"
09-01 13:50:36.114127  1076  1076 D AEE_AED : Rtt command(type:0, string:3 arg0:906)
09-01 13:50:36.112000  1076  1076 W aee     : type=1400 audit(0.0:43): avc: denied { read } for name="u:object_r:system_mtk_persist_aee_prop:s0" dev="tmpfs" ino=15699 scontext=u:r:mobile_log_d:s0 tcontext=u:object_r:system_mtk_persist_aee_prop:s0 tclass=file permissive=0
09-01 13:50:36.112000  1076  1076 W aee     : type=1400 audit(0.0:44): avc: denied { read } for name="u:object_r:system_mtk_persist_aee_prop:s0" dev="tmpfs" ino=15699 scontext=u:r:mobile_log_d:s0 tcontext=u:object_r:system_mtk_persist_aee_prop:s0 tclass=file permissive=0
09-01 13:50:36.114233   946  1045 D TRS     : ccorr table index=0
09-01 13:50:36.114329  1076  1076 W libc    : Access denied finding property "persist.vendor.aee.log.status"
09-01 13:50:36.114361   946  1045 D TRS     : [PQ_SERVICE] setPQParamWithFilter configFlag: 2
09-01 13:50:36.114364  1076  1076 D AEE_AED : aee:rttdRtt waiting daemon finish the job...
09-01 13:50:36.114934   488   488 D AEE_AED : $===AEE===AEE===AEE===$
09-01 13:50:36.114998   488   488 D AEE_AED : p 0 poll events 1 revents 1
09-01 13:50:36.115069   488   488 D AEE_AED : requesting from: pid=1076 cmd=0
09-01 13:50:36.115101   488   488 E AEE_AED : switch AEE mode fail because of customer non-eng build
09-01 13:50:36.115394  1076  1076 W libc    : Access denied finding property "persist.vendor.aee.log.status"
09-01 13:50:36.115454  1076  1076 E AEE_AED : Rtt command read socket fail: Permission denied
09-01 13:50:36.112000  1076  1076 W aee     : type=1400 audit(0.0:45): avc: denied { read } for name="u:object_r:system_mtk_persist_aee_prop:s0" dev="tmpfs" ino=15699 scontext=u:r:mobile_log_d:s0 tcontext=u:object_r:system_mtk_persist_aee_prop:s0 tclass=file permissive=0
09-01 13:50:36.115618  1076  1076 W libc    : Access denied finding property "persist.vendor.aee.log.status"
09-01 13:50:36.115644  1076  1076 D AEE_AED : aee:rttd_64Rtt waiting 64_daemon finish the job...
09-01 13:50:36.112000  1076  1076 W aee     : type=1400 audit(0.0:46): avc: denied { read } for name="u:object_r:system_mtk_persist_aee_prop:s0" dev="tmpfs" ino=15699 scontext=u:r:mobile_log_d:s0 tcontext=u:object_r:system_mtk_persist_aee_prop:s0 tclass=file permissive=0
09-01 13:50:36.116127   489   489 D AEE_AED : $===AEE===AEE===AEE===$
09-01 13:50:36.116171   489   489 D AEE_AED : p 0 poll events 1 revents 1
09-01 13:50:36.116229   489   489 D AEE_AED : requesting from: pid=1076 cmd=0
09-01 13:50:36.116257   489   489 E AEE_AED : switch AEE mode fail because of customer non-eng build
09-01 13:50:36.112000  1076  1076 W aee     : type=1400 audit(0.0:47): avc: denied { read } for name="u:object_r:system_mtk_persist_aee_prop:s0" dev="tmpfs" ino=15699 scontext=u:r:mobile_log_d:s0 tcontext=u:object_r:system_mtk_persist_aee_prop:s0 tclass=file permissive=0
09-01 13:50:36.116461  1076  1076 W libc    : Access denied finding property "persist.vendor.aee.log.status"
09-01 13:50:36.116516  1076  1076 E AEE_AED : Rtt command read 64_socket fail: Permission denied
09-01 13:50:36.112000  1076  1076 W aee     : type=1400 audit(0.0:48): avc: denied { read } for name="u:object_r:system_mtk_persist_aee_prop:s0" dev="tmpfs" ino=15699 scontext=u:r:mobile_log_d:s0 tcontext=u:object_r:system_mtk_persist_aee_prop:s0 tclass=file permissive=0
09-01 13:50:36.116605  1076  1076 W libc    : Access denied finding property "persist.vendor.aee.log.status"
09-01 13:50:36.116626  1076  1076 D AEE_AED : switch AEE mode fail
09-01 13:50:36.122166   959   959 D hw-ProcessState: Binder ioctl to enable oneway spam detection failed: Invalid argument
09-01 13:50:36.129596   946  1045 D TRS     : ccorr table index=0
09-01 13:50:36.129764   946  1045 D TRS     : [PQ_SERVICE] setPQParamWithFilter configFlag: 2
09-01 13:50:36.141552   715   715 D ccci_mdinit: (1):md status event 9
09-01 13:50:36.142789   445   446 D VOLTE MD STATUS: volte_ims_md_status_read_looper 9 hs1 count = 48 property = hs1
09-01 13:50:36.144753   946  1045 D TRS     : ccorr table index=0
09-01 13:50:36.144904   946  1045 D TRS     : [PQ_SERVICE] setPQParamWithFilter configFlag: 2
09-01 13:50:36.162931   946  1045 D TRS     : ccorr table index=0
09-01 13:50:36.163106   946  1045 D TRS     : [PQ_SERVICE] setPQParamWithFilter configFlag: 2
09-01 13:50:36.175258   946  1045 D TRS     : ccorr table index=0
09-01 13:50:36.175427   946  1045 D TRS     : [PQ_SERVICE] setPQParamWithFilter configFlag: 2
09-01 13:50:36.191022   946  1045 D TRS     : ccorr table index=0
09-01 13:50:36.191179   946  1045 D TRS     : [PQ_SERVICE] setPQParamWithFilter configFlag: 2
09-01 13:50:36.205705   946  1045 D TRS     : ccorr table index=0
09-01 13:50:36.205882   946  1045 D TRS     : [PQ_SERVICE] setPQParamWithFilter configFlag: 2
09-01 13:50:36.226404   946  1045 D TRS     : ccorr table index=0
09-01 13:50:36.226545   946  1045 D TRS     : [PQ_SERVICE] setPQParamWithFilter configFlag: 2
09-01 13:50:36.236288   946  1045 D TRS     : ccorr table index=0
09-01 13:50:36.236443   946  1045 D TRS     : [PQ_SERVICE] setPQParamWithFilter configFlag: 2
09-01 13:50:36.245592   948   948 D agps    : [WLAN-ASSISTANT] custom nvram filename = /mnt/vendor/nvdata/APCFG/APRDEB/WIFI
09-01 13:50:36.245670   948   948 D agps    : [WLAN-ASSISTANT] nvram_path_file = /mnt/vendor/nvdata/APCFG/APRDEB/WIFI, nvrma_file = WIFI
09-01 13:50:36.245772   948   948 D agps    : [WLAN-ASSISTANT] nvram size = 2048
09-01 13:50:36.245930   948   948 D agps    : [WLAN-ASSISTANT] Unable to access mac file
09-01 13:50:36.255609   946  1045 D TRS     : ccorr table index=0
09-01 13:50:36.255777   946  1045 D TRS     : [PQ_SERVICE] setPQParamWithFilter configFlag: 2
09-01 13:50:36.266746   946  1045 D TRS     : ccorr table index=0
09-01 13:50:36.266919   946  1045 D TRS     : [PQ_SERVICE] setPQParamWithFilter configFlag: 2
09-01 13:50:36.281954   946  1045 D TRS     : ccorr table index=0
09-01 13:50:36.284770   938   938 I thermal_src: ta_catp_decide_ttj 0
09-01 13:50:36.284854   938   938 I thermal_src: u_CATM_ON == -1, get catm init val again
09-01 13:50:36.284864   938   938 I thermal_src: ta_catm_init_flow
09-01 13:50:36.284871   938   938 I thermal_src: u_CATM_ON == -1, get catm init val
09-01 13:50:36.284921   938   938 V thermal_src: TA_DAEMON_CMD_NOTIFY_DAEMON_CATMINIT cmd=0x3, len=48
09-01 13:50:36.284936   938   938 I thermal_src: TTJ_D 13500,TT_H 500,TT_L 500,TT 4000,MAX_TT 800000,MIN_TT -800000,MIN_TTJ 65000,CATM_ON 2,TTJ 55000,MAX_TARGET_TJ 85000,TRIP_TPCB 43000,STEADY_TARGET_TPCB 46000
09-01 13:50:36.284946   938   938 I thermal_src: update param 4608,55000,71500,27648,-33792
09-01 13:50:36.284965   938   938 I thermal_src: big tpcb jump! previous/current = 0/-127000
09-01 13:50:36.291699   932   932 E libMtcLoader: failed to open /proc/mtktz/mtktscharger2, errno: 2.
09-01 13:50:36.292285   932   932 I libMtcLoader: loadmtc loadmtc done
09-01 13:50:36.316535   715   729 D STORAGE_OTP: Kernel version: 4.19.191
09-01 13:50:36.316641   715   729 D STORAGE_OTP: /dev/otp is not existed, not legacy version.
09-01 13:50:36.316889   715   729 D STORAGE_OTP: read boot type = 1
09-01 13:50:36.316963   709   788 I GED     : ged_boost_gpu_freq, level 100, eOrigin 2, final_idx 2, oppidx_max 2, oppidx_min 0
09-01 13:50:36.317270   715   729 D STORAGE_OTP: [emmc] Device info: block device path: /dev/block/mmcblk0p45. sysfs start path: /sys/block/mmcblk0/mmcblk0p45/start, 4096
09-01 13:50:36.317596   715   729 D STORAGE_OTP: [emmc] wp_grp_size = 0x800000, otp_start = 0x308000, otp_size = 0x2b00000
09-01 13:50:36.317616   715   729 D STORAGE_OTP: Device support 5 group, OTP use 4 group
09-01 13:50:36.317625   715   729 D STORAGE_OTP: otp parition start(block) is 0x0, size(block) is 0x15800
09-01 13:50:36.317634   715   729 D STORAGE_OTP: user0 start(block) is 0x1840, size(block) is 0x4000
09-01 13:50:36.317643   715   729 D STORAGE_OTP: otp_get_size
09-01 13:50:36.317670   715   729 E ccci_fsd(1): FS_OTP_init:otp_get_size:8388608, status=0, type=0!
09-01 13:50:36.317685   715   729 E ccci_fsd(1): can't catch SIGKILL
09-01 13:50:36.317698   715   729 I ccci_fsd(1): fsd_main before signal  :(18 408247693)
09-01 13:50:36.334557   959   959 I update_engine: [INFO:boot_control_android.cc(68)] Loaded boot control hidl hal.
09-01 13:50:36.363326   946  1045 D TRS     : [PQ_SERVICE] setPQParamWithFilter configFlag: 2
09-01 13:50:36.363521   946  1045 D TRS     : ccorr table index=0
09-01 13:50:36.363594   946  1045 D TRS     : [PQ_SERVICE] setPQParamWithFilter configFlag: 2
09-01 13:50:36.365993  1018  1018 I bstFU   : PoseEstimate Run on CPU (2).
09-01 13:50:36.366092  1018  1018 I bstFU   : Model init cost time:  0.1310(ms)
09-01 13:50:36.369737  1016  1084 I focaltech:ta:device: [ 122]:initializing the device...
09-01 13:50:36.369783  1016  1084 I focaltech:ft93xx:afe: [ 906]:device_id_real: 0x9372 foundry: 3 chip_version: 0x0 is_9395: 0x0
09-01 13:50:36.369793  1016  1084 I focaltech:ft93xx:afe: [ 946]:chip feature, unknow
09-01 13:50:36.369805  1016  1084 I focaltech:ft93xx:core: [1523]:sn num: 0b-4552-1e141b010602
09-01 13:50:36.369813  1016  1084 I focaltech:ft93xx:core: [1308]:don't need readout extra otps, mark = 0x3
09-01 13:50:36.369825  1016  1084 I focaltech:ft93xx:fdt: [ 663]:fdt calibration->try: 1, dac:  65, average: 692
09-01 13:50:36.369834  1016  1084 I focaltech:ft93xx:fdt: [ 663]:fdt calibration->try: 2, dac:  66, average: 698
09-01 13:50:36.369844  1016  1084 I focaltech:ft93xx:fdt: [ 663]:fdt calibration->try: 3, dac:  67, average: 705
09-01 13:50:36.369857  1016  1084 I focaltech:ft93xx:fdt: [ 666]:got fdt dac success: 67, middle: 705, lastmiddle: 698
09-01 13:50:36.369870  1016  1084 I focaltech:ft93xx:fdt: [ 769]:get fdt dac [success], auto dac: 67, bad pixel repalce val: 685, sensor status: ok
09-01 13:50:36.369878  1016  1084 I focaltech:ft93xx:fdt: [ 910]:fdt raw diff[off-on]: 34 32 31 35 0 0 0 0
09-01 13:50:36.369886  1016  1084 I focaltech:ft93xx:fdt: [1042]:fdt base check result: [success]
09-01 13:50:36.369897  1016  1084 I focaltech:ft93xx:img: [1141]:******Step1: clibration-->tx close(nav), diff=tx_close-tx_close******
09-01 13:50:36.369906  1016  1084 I focaltech:ft93xx:img: [1015]:img calibration->try: 1, AVG DAC_Temp: 60, ucLastDAC: 60, usMiddleTemp: 882
09-01 13:50:36.369915  1016  1084 I focaltech:ft93xx:img: [1015]:img calibration->try: 2, AVG DAC_Temp: 59, ucLastDAC: 60, usMiddleTemp: 871
09-01 13:50:36.369923  1016  1084 I focaltech:ft93xx:img: [1015]:img calibration->try: 3, AVG DAC_Temp: 58, ucLastDAC: 59, usMiddleTemp: 860
09-01 13:50:36.369930  1016  1084 I focaltech:ft93xx:img: [ 774]:newDAC: 59, middle: 871
09-01 13:50:36.369939  1016  1084 I focaltech:ft93xx:img: [1108]:get image dac [success], auto dac: 59
09-01 13:50:36.369947  1016  1084 I focaltech:ft93xx:img: [1208]:******Step2: clibration-->tx open(nav), diff=tx_close-tx_close******
09-01 13:50:36.369956  1016  1084 I focaltech:ft93xx:img: [1015]:img calibration->try: 1, AVG DAC_Temp: 61, ucLastDAC: 61, usMiddleTemp: 846
09-01 13:50:36.369964  1016  1084 I focaltech:ft93xx:img: [1015]:img calibration->try: 2, AVG DAC_Temp: 62, ucLastDAC: 61, usMiddleTemp: 857
09-01 13:50:36.369972  1016  1084 I focaltech:ft93xx:img: [1015]:img calibration->try: 3, AVG DAC_Temp: 63, ucLastDAC: 62, usMiddleTemp: 866
09-01 13:50:36.369980  1016  1084 I focaltech:ft93xx:img: [1015]:img calibration->try: 4, AVG DAC_Temp: 64, ucLastDAC: 63, usMiddleTemp: 876
09-01 13:50:36.369988  1016  1084 I focaltech:ft93xx:img: [ 774]:newDAC: 64, middle: 876
09-01 13:50:36.369996  1016  1084 I focaltech:ft93xx:img: [1108]:get image dac [success], auto dac: 64
09-01 13:50:36.370004  1016  1084 I focaltech:ft93xx:img: [1252]:******Step3: get raw img-->tx open(img), diff=tx_close-tx_open******
09-01 13:50:36.370012  1016  1084 I focaltech:ft93xx:img: [1435]:Base update success
09-01 13:50:36.372042  1016  1084 I focaltech:hal:device: [ 683]:fingerprint device is successfully initialized.
09-01 13:50:36.372093  1016  1084 I focaltech:hal:device: [ 684]:device id = 0x9372
09-01 13:50:36.372112  1016  1084 I focaltech:hal:device: [ 685]:sensor resolution: 56 x 56
09-01 13:50:36.373520   946  1045 D TRS     : ccorr table index=0
09-01 13:50:36.373672   946  1045 D TRS     : [PQ_SERVICE] setPQParamWithFilter configFlag: 2
09-01 13:50:36.388777   946  1045 D TRS     : ccorr table index=0
09-01 13:50:36.389014   946  1045 D TRS     : [PQ_SERVICE] setPQParamWithFilter configFlag: 2
09-01 13:50:36.394337   959   959 I update_engine: [INFO:daemon_state_android.cc(44)] Booted in dev mode.
09-01 13:50:36.403978   946  1045 D TRS     : ccorr table index=0
09-01 13:50:36.404258   946  1045 D TRS     : [PQ_SERVICE] setPQParamWithFilter configFlag: 2
09-01 13:50:36.405407   715   729 I ccci_fsd(1): First Read Time: (18 495941923); begin->firstreadreq: [interval] : 87694230 ns
09-01 13:50:36.407264   715   729 D hw-ProcessState: Binder ioctl to enable oneway spam detection failed: Invalid argument
09-01 13:50:36.410390   715   729 E ccci_fsd(1): FS_IsReadOnly: [error]fail on file: /mnt/vendor/nvdata/md/FAT6E63FA35.log, error=2
09-01 13:50:36.419182   946  1045 D TRS     : ccorr table index=0
09-01 13:50:36.419364   946  1045 D TRS     : [PQ_SERVICE] setPQParamWithFilter configFlag: 2
09-01 13:50:36.434480   946  1045 D TRS     : ccorr table index=0
09-01 13:50:36.434654   946  1045 D TRS     : [PQ_SERVICE] setPQParamWithFilter configFlag: 2
09-01 13:50:36.437693  1018  1018 I bstFU   : authen_match_TH_num: 7
09-01 13:50:36.438087  1018  1018 I bstFU   : authen_match_THs: {0.6,0.4,0.32,0.2,0.34,0.25,0.2}
09-01 13:50:36.438196  1018  1018 I bstFU   : LoadParam succeed.
09-01 13:50:36.438280  1018  1018 I bstFU   : recog_threshs[7]: 0.600000,0.400000,0.320000,0.200000,0.340000,0.250000,0.200000
09-01 13:50:36.438355  1018  1018 I bstFU   : setRecogTH done.
09-01 13:50:36.438466  1018  1018 I bstFU   : nativeInit retVal = 0
09-01 13:50:36.438590  1018  1018 I bstFU   : nativeInit END
09-01 13:50:36.438662  1018  1018 D XFACE-D220509-09:00: openHal() end mInited 1 addr 0xb4000078bcc13518 this 0xb4000078bcc13510
09-01 13:50:36.438757  1018  1018 D FaceHal : _face_set_notify_
09-01 13:50:36.438823  1018  1018 D XFACE-D220509-09:00: setNotifyCallback() E
09-01 13:50:36.438877  1018  1018 D XFACE-D220509-09:00: setNotifyCallback()  mInited 1 addr 0xb4000078bcc13518 this 0xb4000078bcc13510
09-01 13:50:36.438922  1018  1018 D XFACE-D220509-09:00: setNotifyCallback() X
09-01 13:50:36.438972  1018  1018 E FaceHIDL: face HAL successfully initialized
09-01 13:50:36.440539  1018  1018 D hw-ProcessState: Binder ioctl to enable oneway spam detection failed: Invalid argument
09-01 13:50:36.441050   709   788 I GED     : ged_boost_gpu_freq, level 100, eOrigin 2, final_idx 2, oppidx_max 2, oppidx_min 0
09-01 13:50:36.447390   715   729 W ccci_fsd(1): O: X://MT00A001, flag 0x700, ret 1
09-01 13:50:36.449698   946  1045 D TRS     : ccorr table index=0
09-01 13:50:36.449918   946  1045 D TRS     : [PQ_SERVICE] setPQParamWithFilter configFlag: 2
09-01 13:50:36.450707   715   729 W ccci_fsd(1): O: X://MT00B001, flag 0x700, ret 1
09-01 13:50:36.453234  1016  1084 E focaltech:ta:device: error at ff_device_init[device.c:103]: 'Null pointer'.
09-01 13:50:36.453310  1016  1084 W focaltech:ft93xx:core: [ 815]:unknown power mode.
09-01 13:50:36.453321  1016  1084 I focaltech:ft93xx:core: [ 845]:switch to 'FF_DEVICE_MODE_GESTURE' mode.
09-01 13:50:36.453331  1016  1084 I focaltech:ft93xx:core: [ 846]:gesture last work mode: 0
09-01 13:50:36.453339  1016  1084 I focaltech:ft93xx:core: [ 858]:switch to 'FT93XX_FDT_DOWN_DETECT for gesture' mode.
09-01 13:50:36.454365  1016  1084 I focaltech:hal:core: [ 223]:version.ree_platform  : Android11-64bits
09-01 13:50:36.454404  1016  1084 I focaltech:hal:core: [ 225]:version.tee_solution  : Beanpod
09-01 13:50:36.454413  1016  1084 I focaltech:hal:core: [ 226]:version.framework     : v2.4.0-r7244-20220426093259-debug
09-01 13:50:36.454422  1016  1084 I focaltech:hal:core: [ 227]:version.trustlet      : v2.5.0-r7244-20220426093252-debug
09-01 13:50:36.454431  1016  1084 I focaltech:hal:core: [ 228]:version.algorithm_core: v2.0.0.0-r4589-beanpod_v280-20220221
09-01 13:50:36.454440  1016  1084 I focaltech:hal:core: [ 229]:version.algorithm_api : v1.5.69-r4590-beanpod_v280-20220221
09-01 13:50:36.454448  1016  1084 I focaltech:hal:core: [ 230]:version.driver        : v2.1.2-mt6765
09-01 13:50:36.454456  1016  1084 I focaltech:hal:core: [ 231]:version.firmware      : v1.1.12_release-r7244-20220401
09-01 13:50:36.455644   715   729 W ccci_fsd(1): O: X://MT00A001, flag 0x700, ret 1
09-01 13:50:36.456214   715   729 W ccci_fsd(1): O: X://MT00B001, flag 0x700, ret 1
09-01 13:50:36.456831   715   729 W ccci_fsd(1): O: X://MTFW_000, flag 0x700, ret 1
09-01 13:50:36.459866   959   959 I update_engine: [INFO:update_attempter_android.cc(1075)] Scheduling CleanupPreviousUpdateAction.
09-01 13:50:36.460980   715   729 W ccci_fsd(1): O: Y://MTFW_000, flag 0x700, ret 1
09-01 13:50:36.462343   715   729 W ccci_fsd(1): O: X://MT00A001, flag 0x700, ret 1
09-01 13:50:36.462898   715   729 W ccci_fsd(1): O: X://MT00B001, flag 0x700, ret 1
09-01 13:50:36.463419   715   729 W ccci_fsd(1): O: X://MT00A001, flag 0x700, ret 1
09-01 13:50:36.464926   946  1045 D TRS     : ccorr table index=0
09-01 13:50:36.465074   715   729 W ccci_fsd(1): O: X://MT00B001, flag 0x700, ret 1
09-01 13:50:36.465102   946  1045 D TRS     : [PQ_SERVICE] setPQParamWithFilter configFlag: 2
09-01 13:50:36.470900   673  1071 E VT HIDL : [IVT] [VT THREAD] [VT_Bind] des = volte_imsvt1 Fail to connect . retry count: 1
09-01 13:50:36.471175   673  1071 D VT HIDL : [IVT] isIMCBrun : True
09-01 13:50:36.472313  1018  1018 I HidlServiceManagement: Registered bstface.hardware.biometrics.face@1.0::IBiometricsFace/default
09-01 13:50:36.472660  1018  1018 I HidlServiceManagement: Removing namespace from process name bstface.hardware.biometrics.face@1.0-service to face@1.0-service.
09-01 13:50:36.473217  1018  1018 E bstface.hardware.biometrics.face@1.0-service: main 2
09-01 13:50:36.480169   946  1045 D TRS     : ccorr table index=0
09-01 13:50:36.480378   946  1045 D TRS     : [PQ_SERVICE] setPQParamWithFilter configFlag: 2
09-01 13:50:36.492957   864   891 W mnld    : thread_adc_capture_init: open_port: Unable to open /dev/gps_emi, retry:4
09-01 13:50:36.495430   946  1045 D TRS     : ccorr table index=0
09-01 13:50:36.495599   946  1045 D TRS     : [PQ_SERVICE] setPQParamWithFilter configFlag: 2
09-01 13:50:36.498880   650   650 D AudioParamParser-vnd: appHandleLoadDirAudioTypeInfo(), Load all audio type XML - ok
09-01 13:50:36.510708   946  1045 D TRS     : ccorr table index=0
09-01 13:50:36.511056   946  1045 D TRS     : [PQ_SERVICE] setPQParamWithFilter configFlag: 2
09-01 13:50:36.519462   650   650 W AudioParamParser-vnd: audioTypeLoadParamFieldInfoHash(), No end bit string
09-01 13:50:36.520129   650   650 W AudioParamParser-vnd: audioTypeLoadParamFieldInfoHash(), No end bit string
09-01 13:50:36.521081   650   650 W AudioParamParser-vnd: audioTypeLoadParamFieldInfoHash(), No end bit string
09-01 13:50:36.522846   650   650 W AudioParamParser-vnd: audioTypeLoadParamFieldInfoHash(), No end bit string
09-01 13:50:36.523246   650   650 W AudioParamParser-vnd: audioTypeLoadParamFieldInfoHash(), No end bit string
09-01 13:50:36.524192   650   650 W AudioParamParser-vnd: audioTypeLoadParamFieldInfoHash(), No end bit string
09-01 13:50:36.525045   650   650 W AudioParamParser-vnd: audioTypeLoadParamFieldInfoHash(), No end bit string
09-01 13:50:36.525568   650   650 W AudioParamParser-vnd: audioTypeLoadParamFieldInfoHash(), No end bit string
09-01 13:50:36.526589   650   650 W AudioParamParser-vnd: audioTypeLoadParamFieldInfoHash(), No end bit string
09-01 13:50:36.527210   650   650 W AudioParamParser-vnd: audioTypeLoadParamFieldInfoHash(), No end bit string
09-01 13:50:36.527357   650   650 W AudioParamParser-vnd: audioTypeLoadParamFieldInfoHash(), No end bit string
09-01 13:50:36.528061   650   650 W AudioParamParser-vnd: audioTypeLoadParamFieldInfoHash(), No end bit string
09-01 13:50:36.528434   959   959 I update_engine: [INFO:action_processor.cc(51)] ActionProcessor: starting CleanupPreviousUpdateAction
09-01 13:50:36.528636   650   650 W AudioParamParser-vnd: audioTypeLoadParamFieldInfoHash(), No end bit string
09-01 13:50:36.528674   650   650 W AudioParamParser-vnd: audioTypeLoadParamFieldInfoHash(), No end bit string
09-01 13:50:36.528900   946  1045 D TRS     : ccorr table index=0
09-01 13:50:36.529033   946  1045 D TRS     : [PQ_SERVICE] setPQParamWithFilter configFlag: 2
09-01 13:50:36.530699   650   650 W AudioParamParser-vnd: audioTypeLoadParamFieldInfoHash(), No end bit string
09-01 13:50:36.531392   650   650 W AudioParamParser-vnd: audioTypeLoadParamFieldInfoHash(), No end bit string
09-01 13:50:36.531825   650   650 W AudioParamParser-vnd: audioTypeLoadParamFieldInfoHash(), No end bit string
09-01 13:50:36.532655   650   650 W AudioParamParser-vnd: audioTypeLoadParamFieldInfoHash(), No end bit string
09-01 13:50:36.541166   946  1045 D TRS     : ccorr table index=0
09-01 13:50:36.541384   946  1045 D TRS     : [PQ_SERVICE] setPQParamWithFilter configFlag: 2
09-01 13:50:36.546706   959   959 I update_engine: [INFO:cleanup_previous_update_action.cc(150)] Starting/resuming CleanupPreviousUpdateAction
09-01 13:50:36.550817   959   959 I update_engine: [INFO:cleanup_previous_update_action.cc(125)] CleanupPreviousUpdateAction scheduled task ID 1 for WaitBootCompleted
09-01 13:50:36.550910   650   650 W AudioParamParser-vnd: audioTypeLoadParamFieldInfoHash(), No end bit string
09-01 13:50:36.550949   650   650 W AudioParamParser-vnd: audioTypeLoadParamFieldInfoHash(), No end bit string
09-01 13:50:36.556496   946  1045 D TRS     : ccorr table index=0
09-01 13:50:36.556687   946  1045 D TRS     : [PQ_SERVICE] setPQParamWithFilter configFlag: 2
09-01 13:50:36.558872   650   650 W AudioParamParser-vnd: audioTypeLoadParamUnitHash(), No paramUnit element found! (AudioType = Playback)
09-01 13:50:36.564991   650   650 D AudioParamParser-vnd: appHandleLoadDirAudioTypeInfo(), Load all audio Hash - ok
09-01 13:50:36.571707   946  1045 D TRS     : ccorr table index=0
09-01 13:50:36.571921   946  1045 D TRS     : [PQ_SERVICE] setPQParamWithFilter configFlag: 2
09-01 13:50:36.586982   946  1045 D TRS     : ccorr table index=0
09-01 13:50:36.587144   946  1045 D TRS     : [PQ_SERVICE] setPQParamWithFilter configFlag: 2
09-01 13:50:36.596062   709   788 I GED     : ged_boost_gpu_freq, level 100, eOrigin 2, final_idx 2, oppidx_max 2, oppidx_min 0
09-01 13:50:36.602156   946  1045 D TRS     : ccorr table index=0
09-01 13:50:36.602336   946  1045 D TRS     : [PQ_SERVICE] setPQParamWithFilter configFlag: 2
09-01 13:50:36.604137   650   650 D AudioParamParser-vnd: appHandleLoadDirAudioTypeInfo(), Release all audio XML - ok
09-01 13:50:36.604719   650   650 I AudioParamParser-vnd: unloadXmlOps(), dlclose successfully (caller = appHandleParseXml, handle = 0x0x42c5b88bd99fea77)
09-01 13:50:36.605650   650   650 D AudioParamParser-vnd: appHandleParseXml(), Create app thread successfully
09-01 13:50:36.609822   650  1085 W AudioParamParser-vnd: utilMkdir(), mkdir fail (/data/vendor/audiohal/audio_param/)
09-01 13:50:36.613624   650  1085 D AudioParamParser-vnd: loadXmlOps(), dlopen successfully!... (appHandleReloadCustXml, libxml2.so, handle = 0x0xa267ec1cb6357af3)
09-01 13:50:36.614467   650  1085 I AudioParamParser-vnd: unloadXmlOps(), dlclose successfully (caller = appHandleReloadCustXml, handle = 0x0xa267ec1cb6357af3)
09-01 13:50:36.616003   650  1085 D AudioParamParser-vnd: loadXmlOps(), dlopen successfully!... (appHandleThreadLoop, libxml2.so, handle = 0x0x819036bd2714c9b1)
09-01 13:50:36.617373   946  1045 D TRS     : ccorr table index=0
09-01 13:50:36.617566   946  1045 D TRS     : [PQ_SERVICE] setPQParamWithFilter configFlag: 2
09-01 13:50:36.621773   650  1085 I AudioParamParser-vnd: unloadXmlOps(), dlclose successfully (caller = appHandleThreadLoop, handle = 0x0x819036bd2714c9b1)
09-01 13:50:36.632748   946  1045 D TRS     : ccorr table index=0
09-01 13:50:36.632940   946  1045 D TRS     : [PQ_SERVICE] setPQParamWithFilter configFlag: 2
09-01 13:50:36.648387   946  1045 D TRS     : ccorr table index=0
09-01 13:50:36.648556   946  1045 D TRS     : [PQ_SERVICE] setPQParamWithFilter configFlag: 2
09-01 13:50:36.650911   952   952 I mediaswcodec: media swcodec service starting
09-01 13:50:36.653620   650   650 D AudioALSADeviceParser: Device 6 does not exist playback
09-01 13:50:36.655685   952   952 W mediaswcodec: libminijail[952]: failed to get path of fd 4: No such file or directory
09-01 13:50:36.655783   952   952 W mediaswcodec: libminijail[952]: allowing syscall: connect
09-01 13:50:36.655841   952   952 W mediaswcodec: libminijail[952]: allowing syscall: fcntl
09-01 13:50:36.655883   952   952 W mediaswcodec: libminijail[952]: allowing syscall: sendto
09-01 13:50:36.655934   952   952 W mediaswcodec: libminijail[952]: allowing syscall: socket
09-01 13:50:36.655973   952   952 W mediaswcodec: libminijail[952]: allowing syscall: writev
09-01 13:50:36.656553   952   952 W mediaswcodec: libminijail[952]: compile_file: <fd>(75): syscall munmap redefined here
09-01 13:50:36.656627   952   952 W mediaswcodec: libminijail[952]: compile_file: <fd>(39): previous definition here
09-01 13:50:36.661820   952   952 W mediaswcodec: libminijail[952]: logging seccomp filter failures
09-01 13:50:36.663195   946  1045 D TRS     : ccorr table index=0
09-01 13:50:36.663359   946  1045 D TRS     : [PQ_SERVICE] setPQParamWithFilter configFlag: 2
09-01 13:50:36.663957   952   952 D hw-ProcessState: Binder ioctl to enable oneway spam detection failed: Invalid argument
09-01 13:50:36.664114   952   952 I CodecServiceRegistrant: Creating software Codec2 service...
09-01 13:50:36.670510   952   952 D C2Store : Default ION heapmask = -1
09-01 13:50:36.670939   952   952 D C2Store : Default ION flags = 0
09-01 13:50:36.671077   952   952 D C2Store : Default ION align = 0
09-01 13:50:36.673131   650   650 D AudioALSADeviceParser: Device 18 does not exist playback
09-01 13:50:36.673850   650   650 D AudioALSADeviceParser: Device 18 does not exist capture
09-01 13:50:36.679474   946  1045 D TRS     : ccorr table index=0
09-01 13:50:36.679673   946  1045 D TRS     : [PQ_SERVICE] setPQParamWithFilter configFlag: 2
09-01 13:50:36.679670   952   952 I HidlServiceManagement: Registered android.hardware.media.c2@1.2::IComponentStore/software
09-01 13:50:36.681589   952   952 I CodecServiceRegistrant: Preferred Codec2 store is set to "default".
09-01 13:50:36.681783   952   952 I CodecServiceRegistrant: Software Codec2 service created and registered.
09-01 13:50:36.690265   650   650 D AudioCustParamClient: AudioCustParamClient()
09-01 13:50:36.690444   650   650 D AudioCustParamClient: init(), init AcpOps struct
09-01 13:50:36.690920   650   650 D AudioCustParam: appOpsGetInstance(), init AppOps struct, lib is libaudio_param_parser-vnd.so
09-01 13:50:36.691236   650   650 D AudioSpeechEnhanceInfo: AudioSpeechEnhanceInfo(), mAudioCustParamClient(0xb400006deb44d650)
09-01 13:50:36.691378   650   650 D AudioALSADriverUtility: AudioALSADriverUtility()
09-01 13:50:36.691862   650   650 D AudioALSADriverUtility: mMixer = 0xb400006dfb459910
09-01 13:50:36.692647   650   650 D AudioMTKGainController: AudioMTKGainController contructor
09-01 13:50:36.693646   946  1045 D TRS     : ccorr table index=0
09-01 13:50:36.693842   946  1045 D TRS     : [PQ_SERVICE] setPQParamWithFilter configFlag: 2
09-01 13:50:36.704088   650   650 D AudioALSADeviceConfigManager: ParseInitSequence()
09-01 13:50:36.704358   650   650 D AudioALSADeviceConfigManager: valname = Audio_Speaker_class_Switch  valvalue = CLASSAB  
09-01 13:50:36.705138   650   650 D android.hardware.audio.service.mediatek: appOpsGetInstance(), init AppOps struct, lib is libaudio_param_parser-vnd.so
09-01 13:50:36.705877   650   650 D AudioSmartPaController: initSmartPaAttribute(), spkType: int_lo_buf, isSmartPA: 0
09-01 13:50:36.705965   650   650 D AudioALSAHardwareResourceManager: AudioALSAHardwareResourceManager()
09-01 13:50:36.705982   650   650 D android.hardware.audio.service.mediatek: appOpsGetInstance(), init AppOps struct, lib is libaudio_param_parser-vnd.so
09-01 13:50:36.708044   650   650 D AudioALSACodecDeviceOutEarphonePMIC: AudioALSACodecDeviceOutEarphonePMIC()
09-01 13:50:36.708143   650   650 D AudioALSACodecDeviceOutEarphonePMIC: DeviceDoDcCalibrate(), ctl Dctrim_Control_Switch = 2
09-01 13:50:36.708154   650   650 D AudioALSACodecDeviceOutEarphonePMIC: DeviceDoDcCalibrate(), dc trimmed
09-01 13:50:36.708196   650   650 D AudioALSACodecDeviceOutSpeakerEarphonePMIC: AudioALSACodecDeviceOutSpeakerEarphonePMIC()
09-01 13:50:36.708204   650   650 D AudioALSACodecDeviceOutSpeakerEarphonePMIC: DeviceDoDcCalibrate()
09-01 13:50:36.708231   650   650 D AudioALSACodecDeviceOutSpeakerEarphonePMIC: DeviceDoDcCalibrate(), can't get mixer control(Audio HPL_SPK Offset)
09-01 13:50:36.708239   650   650 D AudioALSACodecDeviceOutSpeakerEarphonePMIC: DeviceDoDcCalibrate(), can't get mixer control(Audio HPR_SPK Offset)
09-01 13:50:36.708274   650   650 D AudioALSAHardwareResourceManager: setNumSpkSupport() spk number: 1
09-01 13:50:36.708293   650   650 D AudioUtility: PHONE_MIC_MODE defined!, mPhoneMicMode = 1
09-01 13:50:36.708311   650   650 D AudioUtility: HEADSET_MIC_MODE defined!, mHeadsetMicMode = 1
09-01 13:50:36.708392   650   650 D AudioALSAHardwareResourceManager: setNonSmartPAType(), nonSmartPAType: 1
09-01 13:50:36.708431   650   650 D GainTableParamParser: getInstance()
09-01 13:50:36.708443   650   650 D GainTableParamParser: GainTableParamParser()
09-01 13:50:36.708456   650   650 D android.hardware.audio.service.mediatek: appOpsGetInstance(), init AppOps struct, lib is libaudio_param_parser-vnd.so
09-01 13:50:36.708879   650   650 D GainTableParamParser: loadGainTableSpec(), mSpec.audioBufferGainPreferMaxIdx = 18, audioBufLMixerName = Headset_PGAL_GAIN, audioBufRMixerName = Headset_PGAR_GAIN
09-01 13:50:36.708913   650   650 D GainTableParamParser: loadGainTableSpec(), mSpec.voiceBufferGainPreferMaxIdx = 18, voiceBufMixerName = Handset_PGA_GAIN
09-01 13:50:36.708932   650   650 D GainTableParamParser: loadGainTableSpec(), mSpec.lineoutBufferGainPreferMaxIdx = 18
09-01 13:50:36.708957   946  1045 D TRS     : ccorr table index=0
09-01 13:50:36.708977   650   650 D GainTableParamParser: loadGainTableSpec(), mSpec.spkAnaType = 3, spkLMixerName = Lineout_PGAL_GAIN, spkRMixerName = Lineout_PGAR_GAIN
09-01 13:50:36.709016   650   650 E GainTableParamParser: error: get param fail, param_name = ul_pga_3_mixer_name
09-01 13:50:36.709023   650   650 E GainTableParamParser: error: get param fail, param_name = ul_pga_4_mixer_name
09-01 13:50:36.709030   650   650 D GainTableParamParser: loadGainTableSpec(), ulPgaMixerName = ch0:Audio_PGA1_Setting, ch1:Audio_PGA2_Setting, ch2:, ch3:
09-01 13:50:36.709116   946  1045 D TRS     : [PQ_SERVICE] setPQParamWithFilter configFlag: 2
09-01 13:50:36.709040   650   650 D GainTableParamParser: loadGainTableMapDl()
09-01 13:50:36.711501   650   650 D GainTableParamParser: loadGainTableMapUl()
09-01 13:50:36.711737   650   650 D GainTableParamParser: getGainTableParam()
09-01 13:50:36.711843   650   650 D GainTableParamParser: updatePlaybackDigitalGain()
09-01 13:50:36.715663   715   728 I ccci_fsd(1): syscalltime: [read]  [times]: 24 [timecost] 58449304 ns
09-01 13:50:36.715324  1088  1088 I MobileLogD: bsp ftrace buffer initializing...
09-01 13:50:36.715723   715   728 I ccci_fsd(1): syscalltime: [write]  [times]: 5 [timecost] 947771 ns
09-01 13:50:36.715731   715   728 I ccci_fsd(1): syscalltime: [open]  [times]: 30 [timecost] 14035768 ns
09-01 13:50:36.715738   715   728 I ccci_fsd(1): syscalltime: [close]  [times]: 29 [timecost] 468694 ns
09-01 13:50:36.715744   715   728 I ccci_fsd(1): syscalltime: [lseek]  [times]: 29 [timecost] 91232 ns
09-01 13:50:36.715751   715   728 I ccci_fsd(1): syscalltime: [fstat]  [times]: 27 [timecost] 196155 ns
09-01 13:50:36.715756   715   728 I ccci_fsd(1): syscalltime: [fsync]  [times]: 5 [timecost] 72035999 ns
09-01 13:50:36.715764   715   728 I ccci_fsd(1): syscalltime: [stat]  [times]: 20 [timecost] 180970616 ns
09-01 13:50:36.715771   715   728 I ccci_fsd(1): syscalltime: [umask]  [times]: 1 [timecost] 1846 ns
09-01 13:50:36.715787   715   728 I ccci_fsd(1): syscalltime: [signal]  [times]: 1 [timecost] 17615 ns
09-01 13:50:36.715794   715   728 I ccci_fsd(1): syscalltime: [undefined]  [times]: 1 [timecost] 37539 ns
09-01 13:50:36.715801   715   728 I ccci_fsd(1): total fs sys call(except read for wait packet): [times]: 172 [timecost]: 327252539 ns
09-01 13:50:36.715807   715   728 I ccci_fsd(1): total read sys call for wait packet: [times]: 64 [timecost]: 133110534 ns
09-01 13:50:36.715813   715   728 I ccci_fsd(1): md bootup end time  :(18 806163154)
09-01 13:50:36.716955   715   715 D ccci_mdinit: (1):md status event 10
09-01 13:50:36.717987   445   446 D VOLTE MD STATUS: volte_ims_md_status_read_looper 10 ready count = 48 property = ready
09-01 13:50:36.718048   715   715 D ccci_mdinit: (1):set md status:vendor.mtk.md1.status=ready 
09-01 13:50:36.718776   715   715 I ccci_mdinit: (1):MD1 set status: mtk.md1.status=ready 
09-01 13:50:36.718905   715   715 D ccci_mdinit: (1):s: 0x10; data: 00000003 00000000 00000000 00000000
09-01 13:50:36.718921   715   715 D ccci_mdinit: (1):system boot Mode: 0
09-01 13:50:36.719502   715   715 D ccci_mdinit: (1):start all ccci up layer services
09-01 13:50:36.719702   715   715 I ccci_mdinit: (1):start_service init.svc.emdlogger1, but returned 0, maybe has no this property
09-01 13:50:36.724144   946  1045 D TRS     : ccorr table index=0
09-01 13:50:36.724335   946  1045 D TRS     : [PQ_SERVICE] setPQParamWithFilter configFlag: 2
09-01 13:50:36.729198   709   788 I GED     : ged_boost_gpu_freq, level 100, eOrigin 2, final_idx 2, oppidx_max 2, oppidx_min 0
09-01 13:50:36.733224   715   715 I ccci_mdinit: (1):wait_for_property: is_stop_wait: 0
09-01 13:50:36.733301   715   715 I ccci_mdinit: (1):wait_for_property:success(init.svc.emdlogger1=running), loop:0
09-01 13:50:36.733314   715   715 D ccci_mdinit: (1):system boot Mode: 0
09-01 13:50:36.733327   715   715 I ccci_mdinit: (1):start_service init.svc.vendor.gsm0710muxd, but returned 0, maybe has no this property
09-01 13:50:36.734729   650   650 D GainTableParamParser: updatePlaybackAnalogGain()
09-01 13:50:36.739395   946  1045 D TRS     : ccorr table index=0
09-01 13:50:36.739573   946  1045 D TRS     : [PQ_SERVICE] setPQParamWithFilter configFlag: 2
09-01 13:50:36.748174   650   650 D GainTableParamParser: updateSpeechVol()
09-01 13:50:36.750695   650   650 D GainTableParamParser: updateRecordVol()
09-01 13:50:36.753080   709   788 I GED     : ged_boost_gpu_freq, level 100, eOrigin 2, final_idx 2, oppidx_max 2, oppidx_min 0
09-01 13:50:36.756394   946  1045 D TRS     : ccorr table index=0
09-01 13:50:36.756576   946  1045 D TRS     : [PQ_SERVICE] setPQParamWithFilter configFlag: 2
09-01 13:50:36.756628   715   715 I ccci_mdinit: (1):wait_for_property: is_stop_wait: 0
09-01 13:50:36.756672   715   715 I ccci_mdinit: (1):wait_for_property:success(init.svc.vendor.gsm0710muxd=running), loop:600
09-01 13:50:36.756687   715   715 D ccci_mdinit: (1):modem boot ready and deamon begin to run!
09-01 13:50:36.757082   715   715 D ccci_mdinit: (1):MD is release version
09-01 13:50:36.764417   650   650 D GainTableParamParser: updateVoIPVol()
09-01 13:50:36.765215   650   650 D GainTableParamParser: updateRingbackVol()
09-01 13:50:36.765650   650   650 D android.hardware.audio.service.mediatek: appOpsGetInstance(), init AppOps struct, lib is libaudio_param_parser-vnd.so
09-01 13:50:36.766126   650   650 D AudioALSAHardware: AudioALSAHardware()
09-01 13:50:36.770423   946  1045 D TRS     : ccorr table index=0
09-01 13:50:36.770644   946  1045 D TRS     : [PQ_SERVICE] setPQParamWithFilter configFlag: 2
09-01 13:50:36.775896   709   788 I GED     : ged_boost_gpu_freq, level 100, eOrigin 2, final_idx 2, oppidx_max 2, oppidx_min 0
09-01 13:50:36.776383  1090  1090 I EMDLOGGER1: 2021-1-16.1 previous mask value is 077
09-01 13:50:36.777412  1090  1090 I EMDLOGGER1: persist.vendor.em.dy.debug=0
09-01 13:50:36.777597  1090  1090 D EMDLOGGER1: customized_mode = 0
09-01 13:50:36.777646  1090  1090 D EMDLOGGER1: Titan customized_mode = ,default_start = 0
09-01 13:50:36.778533  1090  1090 I EMDLOGGER1: ro.crypto.state: encrypted
09-01 13:50:36.778844  1090  1090 I EMDLOGGER1: persist.vendor.decrypt.time_out:30,waiting:30
09-01 13:50:36.778943  1090  1090 I EMDLOGGER1: ro.crypto.type: file
09-01 13:50:36.778982  1090  1090 D EMDLOGGER1: getDumpType old: persist.sys.mdlog_dumpback=0
09-01 13:50:36.779145  1090  1090 D EMDLOGGER1: getDumpType: persist.odm.sys.mdlog_dumpback=0
09-01 13:50:36.779589  1090  1090 D EMDLOGGER1: boot mode struct:size=3,tag=1090521090,mode=0
09-01 13:50:36.779702  1090  1090 D EMDLOGGER1: PROP_ENABLE_DEBUG_LOG persist.vendor.mdlog1.logmuch = 0 
09-01 13:50:36.779939  1090  1090 E EMDLOGGER1: getCCBGearID: open device-tree node failed,err=No such file or directory
09-01 13:50:36.782909  1090  1090 D EMDLOGGER1: dllopen /system/lib64/libsysenv_system.so ok
09-01 13:50:36.783192  1090  1090 D emdlogger1: [SYSENV]sysenv_get_with_area():337 , get env name=md1_ccb_cap_gear
09-01 13:50:36.783307  1090  1090 D emdlogger1: [SYSENV]get_env_info():225 , initialize
09-01 13:50:36.785155   946  1045 D TRS     : ccorr table index=0
09-01 13:50:36.785337   946  1045 D TRS     : [PQ_SERVICE] setPQParamWithFilter configFlag: 2
09-01 13:50:36.786640  1090  1090 E emdlogger1: [SYSENV]get_partition_path():75 , failed to get device path by mount point /para
09-01 13:50:36.786859   650   650 D aurisys_config_parser: parse_aurisys_config(), "/system/vendor/etc/aurisys_config.xml"
09-01 13:50:36.786948  1090  1090 D emdlogger1: [SYSENV]get_partition_path():84 , partition path = /dev/block/platform/bootdevice/by-name/para
09-01 13:50:36.787023  1090  1090 E emdlogger1: [SYSENV]get_env_info():240 , env_buffer[0] : 0xb4000073cfa3d020
09-01 13:50:36.787578   650  1095 D audio_sw_mixer: sw_mixer_mix_thread(), thread mix1:0 idle
09-01 13:50:36.787974   650  1094 D audio_sw_mixer: sw_mixer_mix_thread(), thread mix0:1 idle
09-01 13:50:36.788714   650  1093 D audio_sw_mixer: sw_mixer_mix_thread(), thread mix0:0 idle
09-01 13:50:36.789194   650  1096 D audio_sw_mixer: sw_mixer_mix_thread(), thread mix1:1 idle
09-01 13:50:36.791301  1090  1090 D emdlogger1: [SYSENV]read_env_area():158 , read 16384 data from 0x20000 to 0xb4000073cfa3d020
