09-01 13:50:34.023401   715   715 D ccci_lib: munmap on (11) for addr=0x7251e95000, len=4096
09-01 13:50:34.030424   715   715 D ccci_lib: init user58 md0 ret=0
09-01 13:50:34.037510   715   715 D ccci_lib: ccb_info_len=20
09-01 13:50:34.037631   715   715 D ccci_lib: new ccb_ctrl mmap on /dev/ccci_ccb_ctrl(11) for addr=0x78018000, len=4096
09-01 13:50:34.037675   715   715 D ccci_lib: user 59 DL, slot 19, address=0x7251e954c0 (66560, 532480)
09-01 13:50:34.037688   715   715 D ccci_lib: user 59 UL, slot 19, address=0x7251e954e0 (64512, 516096)
09-01 13:50:34.037702   715   715 D ccci_lib: munmap on (11) for addr=0x7251e95000, len=4096
09-01 13:50:34.037754   715   715 D ccci_lib: init user59 md0 ret=0
09-01 13:50:34.037815   715   715 I ccci_mdinit: (1):MD_LOG_MEMDUMP_WAIT value: 15
09-01 13:50:34.037829   715   715 I ccci_mdinit: (1):md0: mdl_mode=f0000
09-01 13:50:34.037944   715   715 I ccci_mdinit: (1):check_nvram_ready(), property_get("vendor.service.nvram_init") = , read_nvram_ready_retry = 1
09-01 13:50:34.051414   491   491 I wmt_loader: Can't open device node(/dev/wmtdetect) count(17)
09-01 13:50:34.051569   680   718 I mtkpower@impl: [load_api] libpowerhal_SetScnCallback done
09-01 13:50:34.052885   680   718 I libPowerHal: perfservice ver:11.0
09-01 13:50:34.053193   680   718 I libPowerHal: FBE feature is open, waiting for decrypt done
09-01 13:50:34.053341   680   718 I libPowerHal: check_vendor_partition done
09-01 13:50:34.053831   680   718 I libPowerHal: checkDrvSupport - perfmgr:1/0, ppm:1, ppmAll:1, acao:1, hmp:1, sysfs:1, dvfs:1, turbo:0
09-01 13:50:34.053999   680   718 I libPowerHal: getCputopoInfo - cpuNum:8, cluster:2, cputopoCluster:2
09-01 13:50:34.054174   680   718 I libPowerHal: [cluster 0]: cpu:4, first:0, freq count:16, max_freq:2301000
09-01 13:50:34.054226   680   718 I libPowerHal:   0: 900000
09-01 13:50:34.054264   680   718 I libPowerHal:   15: 2301000
09-01 13:50:34.054357   680   718 I libPowerHal: [cluster 1]: cpu:4, first:4, freq count:16, max_freq:1800000
09-01 13:50:34.054394   680   718 I libPowerHal:   0: 400000
09-01 13:50:34.054430   680   718 I libPowerHal:   15: 1800000
09-01 13:50:34.054590   680   718 I libPowerHal: nGpuFreqCount:3
09-01 13:50:34.054633   680   718 I libPowerHal: [init] HintRscList_init
09-01 13:50:34.055478   680   718 I libPowerHal: PowerScnTbl.size: 47
09-01 13:50:34.055877   680   718 E libPowerHal: can't find app list file
09-01 13:50:34.068954   494   494 I wmt_launcher: get property(vendor.connsys.driver.ready) is no
09-01 13:50:34.070250   680   718 I libPowerHal: update_activity_whitelist_table: load powerhal CusScnTable config succeed!
09-01 13:50:34.073257   680   718 I libPowerHal: [update_activity_whitelist_table] total activity num :27
09-01 13:50:34.073442   680   718 I libPowerHal: [init] nPackNum:27
09-01 13:50:34.073539   680   718 I libPowerHal: access of (null) failed 1: No such file or directory
09-01 13:50:34.080460   650   650 I HidlServiceManagement: Registered android.hardware.audio@7.0::IDevicesFactory/default
09-01 13:50:34.080689   650   650 I HidlServiceManagement: Removing namespace from process name android.hardware.audio.service.mediatek to audio.service.mediatek.
09-01 13:50:34.081045   650   650 I LegacySupport: Registration complete for android.hardware.audio@7.0::IDevicesFactory/default.
09-01 13:50:34.084601   680   718 I libPowerHal: loadConTable: load powerhal ConTable config succeed!
09-01 13:50:34.087353   702   702 D ProcessState: Binder ioctl to enable oneway spam detection failed: Invalid argument
09-01 13:50:34.088715   680   718 E libPowerHal: PERF_RES_DRAM_CM_MGR cannot access!!!!
09-01 13:50:34.088994   680   718 E libPowerHal: PERF_RES_NET_WIFI_CAM cannot access!!!!
09-01 13:50:34.089773   680   718 E libPowerHal: Could not open '/proc/net/wlan/setCAM'
09-01 13:50:34.090093   680   718 E libPowerHal: PERF_RES_FPS_FPSGO_STOP_BOOST cannot access!!!!
09-01 13:50:34.091036   680   718 I libPowerHal: [update_default_core_min] cid:0 min:4 max:4
09-01 13:50:34.091172   680   718 I libPowerHal: [update_default_core_min] cid:1 min:2 max:4
09-01 13:50:34.092279   680   718 I libPowerHal: [init] loadRscTable:93
09-01 13:50:34.092314   680   718 I libPowerHal: [init] loadRscTable:93 memset
09-01 13:50:34.092326   680   718 I libPowerHal: [reset_thermal_policy] 
09-01 13:50:34.092333   680   718 I libPowerHal: [reset_thermal_policy] skip
09-01 13:50:34.097428   436   436 W hwservicemanager: Detected instance of android.hardware.audio@7.0::IDevicesFactory (pid: 650) registering over instance of or with base of android.hardware.audio@7.0::IDevicesFactory (pid: 650).
09-01 13:50:34.099856   436   436 I hw-BpHwBinder: onLastStrongRef automatically unlinking death recipients
09-01 13:50:34.100242   650   650 I HidlServiceManagement: Registered android.hardware.audio@7.0::IDevicesFactory/default
09-01 13:50:34.100425   650   650 I HidlServiceManagement: Removing namespace from process name android.hardware.audio.service.mediatek to audio.service.mediatek.
09-01 13:50:34.100747   650   650 I LegacySupport: Registration complete for android.hardware.audio@7.0::IDevicesFactory/default.
09-01 13:50:34.100775   650   650 I mtkaudiohalservice: register interface = android.hardware.audio@6.0::IDevicesFactory
09-01 13:50:34.101419   436   436 I hwservicemanager: getTransport: Cannot find entry android.hardware.audio@6.0::IDevicesFactory/default in either framework or device VINTF manifest.
09-01 13:50:34.110107   739   739 E mtk_plpath_utils: Valid EMMC header EMMC
09-01 13:50:34.110561   739   739 E mtk_plpath_utils: isEmmc = 1, pl_size: 4194304
09-01 13:50:34.111837   739   739 I mtk_plpath_utils: create_dm dev: /dev/block/mmcblk0boot0, name pl_a, start 4, blks 8188
09-01 13:50:34.112000     1     1 W /system/bin/init: type=1107 audit(0.0:21): uid=0 auid=4294967295 ses=4294967295 subj=u:r:init:s0 msg='avc: denied { set } for property=vendor.sys.boot.reason pid=699 uid=0 gid=1003 scontext=u:r:boot_logo_updater:s0 tcontext=u:object_r:vendor_default_prop:s0 tclass=property_service permissive=0'
09-01 13:50:34.118029   699   699 W libc    : Unable to set property "vendor.sys.boot.reason" to "0": error code: 0x18
09-01 13:50:34.116000   699   699 W boot_logo_updat: type=1400 audit(0.0:22): avc: denied { getattr } for path="/dev/kmsg" dev="tmpfs" ino=879 scontext=u:r:boot_logo_updater:s0 tcontext=u:object_r:kmsg_device:s0 tclass=chr_file permissive=0
09-01 13:50:34.131013   680   718 I libPowerHal: [fbc_touch_init] nFbcSupport:1
09-01 13:50:34.131249   680   718 I libPowerHal: [get_cpu_dma_latency_value] 0
09-01 13:50:34.134665   436   436 I hwservicemanager: getTransport: Cannot find entry android.hardware.audio@6.0::IDevicesFactory/default in either framework or device VINTF manifest.
09-01 13:50:34.132000     1     1 W /system/bin/init: type=1107 audit(0.0:23): uid=0 auid=4294967295 ses=4294967295 subj=u:r:init:s0 msg='avc: denied { set } for property=vendor.powerhal.gpu.acp.hint pid=680 uid=1000 gid=1000 scontext=u:r:mtk_hal_power:s0 tcontext=u:object_r:vendor_mtk_powerhal_gpu_prop:s0 tclass=property_service permissive=0'
09-01 13:50:34.135061   739   739 I mtk_plpath_utils: Create /dev/block/dm-24 done
09-01 13:50:34.135103   739   739 I mtk_plpath_utils: create_dm dev: /dev/block/mmcblk0boot1, name pl_b, start 4, blks 8188
09-01 13:50:34.135201   650   650 E HidlServiceManagement: Service android.hardware.audio@6.0::IDevicesFactory/default must be in VINTF manifest in order to register/get.
09-01 13:50:34.135284   650   650 E LegacySupport: Could not register service android.hardware.audio@6.0::IDevicesFactory/default (-2147483648).
09-01 13:50:34.135686   436   436 I hwservicemanager: getTransport: Cannot find entry android.hardware.audio@6.0::IDevicesFactory/default in either framework or device VINTF manifest.
09-01 13:50:34.137491   680   718 W libc    : Unable to set property "vendor.powerhal.gpu.acp.hint" to "": error code: 0x18
09-01 13:50:34.137684   680   718 I libPowerHal: [init] updateScnListfromwhitelist
09-01 13:50:34.138011   680   718 I libPowerHal: cmdSetting - unknown cmd:ffffffff, scmd:PERF_RES_FPS_FSTB_FPS_LOWER ,param_1:60
09-01 13:50:34.138051   680   718 I libPowerHal: cmdSetting - unknown cmd:ffffffff, scmd:PERF_RES_FPS_FSTB_FPS_UPPER ,param_1:60
09-01 13:50:34.138114   680   718 I libPowerHal: cmdSetting - unknown cmd:ffffffff, scmd:PERF_RES_FPS_EARA_THERMAL_ENABLE ,param_1:1
09-01 13:50:34.138150   680   718 I libPowerHal: cmdSetting - unknown cmd:ffffffff, scmd:PERF_RES_CPUFREQ_CCI_FREQ ,param_1:1
09-01 13:50:34.138173   680   718 I libPowerHal: cmdSetting - unknown cmd:ffffffff, scmd:PERF_RES_SCHED_PLUS_DOWN_THROTTLE_NS ,param_1:1000000
09-01 13:50:34.138195   680   718 I libPowerHal: cmdSetting - unknown cmd:ffffffff, scmd:PERF_RES_SCHED_PLUS_UP_THROTTLE_NS ,param_1:0
09-01 13:50:34.138266   680   718 I libPowerHal: cmdSetting - unknown cmd:ffffffff, scmd:PERF_RES_FPS_EARA_THERMAL_ENABLE ,param_1:1
09-01 13:50:34.138303   680   718 I libPowerHal: cmdSetting - unknown cmd:ffffffff, scmd:PERF_RES_CPUFREQ_CCI_FREQ ,param_1:1
09-01 13:50:34.138325   680   718 I libPowerHal: cmdSetting - unknown cmd:ffffffff, scmd:PERF_RES_SCHED_PLUS_DOWN_THROTTLE_NS ,param_1:1000000
09-01 13:50:34.138346   680   718 I libPowerHal: cmdSetting - unknown cmd:ffffffff, scmd:PERF_RES_SCHED_PLUS_UP_THROTTLE_NS ,param_1:0
09-01 13:50:34.138418   680   718 I libPowerHal: cmdSetting - unknown cmd:ffffffff, scmd:PERF_RES_FPS_EARA_THERMAL_ENABLE ,param_1:1
09-01 13:50:34.138454   680   718 I libPowerHal: cmdSetting - unknown cmd:ffffffff, scmd:PERF_RES_CPUFREQ_CCI_FREQ ,param_1:1
09-01 13:50:34.138475   680   718 I libPowerHal: cmdSetting - unknown cmd:ffffffff, scmd:PERF_RES_SCHED_PLUS_DOWN_THROTTLE_NS ,param_1:1000000
09-01 13:50:34.138496   680   718 I libPowerHal: cmdSetting - unknown cmd:ffffffff, scmd:PERF_RES_SCHED_PLUS_UP_THROTTLE_NS ,param_1:0
09-01 13:50:34.138568   680   718 I libPowerHal: cmdSetting - unknown cmd:ffffffff, scmd:PERF_RES_FPS_EARA_THERMAL_ENABLE ,param_1:1
09-01 13:50:34.138604   680   718 I libPowerHal: cmdSetting - unknown cmd:ffffffff, scmd:PERF_RES_CPUFREQ_CCI_FREQ ,param_1:1
09-01 13:50:34.138626   680   718 I libPowerHal: cmdSetting - unknown cmd:ffffffff, scmd:PERF_RES_SCHED_PLUS_DOWN_THROTTLE_NS ,param_1:1000000
09-01 13:50:34.138647   680   718 I libPowerHal: cmdSetting - unknown cmd:ffffffff, scmd:PERF_RES_SCHED_PLUS_UP_THROTTLE_NS ,param_1:0
09-01 13:50:34.138719   680   718 I libPowerHal: cmdSetting - unknown cmd:ffffffff, scmd:PERF_RES_FPS_EARA_THERMAL_ENABLE ,param_1:1
09-01 13:50:34.138754   680   718 I libPowerHal: cmdSetting - unknown cmd:ffffffff, scmd:PERF_RES_CPUFREQ_CCI_FREQ ,param_1:1
09-01 13:50:34.138776   680   718 I libPowerHal: cmdSetting - unknown cmd:ffffffff, scmd:PERF_RES_SCHED_PLUS_DOWN_THROTTLE_NS ,param_1:1000000
09-01 13:50:34.138796   680   718 I libPowerHal: cmdSetting - unknown cmd:ffffffff, scmd:PERF_RES_SCHED_PLUS_UP_THROTTLE_NS ,param_1:0
09-01 13:50:34.138868   680   718 I libPowerHal: cmdSetting - unknown cmd:ffffffff, scmd:PERF_RES_FPS_EARA_THERMAL_ENABLE ,param_1:1
09-01 13:50:34.138903   680   718 I libPowerHal: cmdSetting - unknown cmd:ffffffff, scmd:PERF_RES_CPUFREQ_CCI_FREQ ,param_1:1
09-01 13:50:34.138925   680   718 I libPowerHal: cmdSetting - unknown cmd:ffffffff, scmd:PERF_RES_SCHED_PLUS_DOWN_THROTTLE_NS ,param_1:1000000
09-01 13:50:34.138946   680   718 I libPowerHal: cmdSetting - unknown cmd:ffffffff, scmd:PERF_RES_SCHED_PLUS_UP_THROTTLE_NS ,param_1:0
09-01 13:50:34.139017   680   718 I libPowerHal: cmdSetting - unknown cmd:ffffffff, scmd:PERF_RES_FPS_EARA_THERMAL_ENABLE ,param_1:1
09-01 13:50:34.139053   680   718 I libPowerHal: cmdSetting - unknown cmd:ffffffff, scmd:PERF_RES_CPUFREQ_CCI_FREQ ,param_1:1
09-01 13:50:34.139075   680   718 I libPowerHal: cmdSetting - unknown cmd:ffffffff, scmd:PERF_RES_SCHED_PLUS_DOWN_THROTTLE_NS ,param_1:1000000
09-01 13:50:34.139095   680   718 I libPowerHal: cmdSetting - unknown cmd:ffffffff, scmd:PERF_RES_SCHED_PLUS_UP_THROTTLE_NS ,param_1:0
09-01 13:50:34.139167   680   718 I libPowerHal: cmdSetting - unknown cmd:ffffffff, scmd:PERF_RES_FPS_EARA_THERMAL_ENABLE ,param_1:1
09-01 13:50:34.139222   680   718 I libPowerHal: cmdSetting - unknown cmd:ffffffff, scmd:PERF_RES_CPUFREQ_CCI_FREQ ,param_1:1
09-01 13:50:34.139246   680   718 I libPowerHal: cmdSetting - unknown cmd:ffffffff, scmd:PERF_RES_SCHED_PLUS_DOWN_THROTTLE_NS ,param_1:1000000
09-01 13:50:34.139266   680   718 I libPowerHal: cmdSetting - unknown cmd:ffffffff, scmd:PERF_RES_SCHED_PLUS_UP_THROTTLE_NS ,param_1:0
09-01 13:50:34.139337   680   718 I libPowerHal: cmdSetting - unknown cmd:ffffffff, scmd:PERF_RES_FPS_EARA_THERMAL_ENABLE ,param_1:1
09-01 13:50:34.139373   680   718 I libPowerHal: cmdSetting - unknown cmd:ffffffff, scmd:PERF_RES_CPUFREQ_CCI_FREQ ,param_1:1
09-01 13:50:34.139394   680   718 I libPowerHal: cmdSetting - unknown cmd:ffffffff, scmd:PERF_RES_SCHED_PLUS_DOWN_THROTTLE_NS ,param_1:1000000
09-01 13:50:34.139415   680   718 I libPowerHal: cmdSetting - unknown cmd:ffffffff, scmd:PERF_RES_SCHED_PLUS_UP_THROTTLE_NS ,param_1:0
09-01 13:50:34.139462   680   718 I libPowerHal: [init] perfservice_xmlparse_freeList
09-01 13:50:34.139472   680   718 I libPowerHal: [init] nUserScnBase:0
09-01 13:50:34.140066   680   718 I libPowerHal: [init] updateCusScnTable:/vendor/etc/powerscntbl.xml
09-01 13:50:34.140208   436   436 I hwservicemanager: getTransport: Cannot find entry android.hardware.audio@6.0::IDevicesFactory/default in either framework or device VINTF manifest.
09-01 13:50:34.140495   650   650 E HidlServiceManagement: Service android.hardware.audio@6.0::IDevicesFactory/default must be in VINTF manifest in order to register/get.
09-01 13:50:34.140540   650   650 E LegacySupport: Could not register service android.hardware.audio@6.0::IDevicesFactory/default (-2147483648).
09-01 13:50:34.140563   650   650 W mtkaudiohalservice: register interface = android.hardware.audio@6.0::IDevicesFactory fail!
09-01 13:50:34.140672   650   650 I mtkaudiohalservice: register interface = android.hardware.audio.effect@7.0::IEffectsFactory
09-01 13:50:34.136000   699   699 W boot_logo_updat: type=1400 audit(0.0:24): avc: denied { read } for name="cmdline" dev="proc" ino=4026532070 scontext=u:r:boot_logo_updater:s0 tcontext=u:object_r:proc_cmdline:s0 tclass=file permissive=0
09-01 13:50:34.140000   699   699 W boot_logo_updat: type=1400 audit(0.0:25): avc: denied { search } for name="android" dev="sysfs" ino=36 scontext=u:r:boot_logo_updater:s0 tcontext=u:object_r:sysfs_dt_firmware_android:s0 tclass=dir permissive=0
09-01 13:50:34.140000   699   699 W boot_logo_updat: type=1400 audit(0.0:26): avc: denied { search } for name="android" dev="sysfs" ino=36 scontext=u:r:boot_logo_updater:s0 tcontext=u:object_r:sysfs_dt_firmware_android:s0 tclass=dir permissive=0
09-01 13:50:34.140000   699   699 W boot_logo_updat: type=1400 audit(0.0:27): avc: denied { read } for name="cmdline" dev="proc" ino=4026532070 scontext=u:r:boot_logo_updater:s0 tcontext=u:object_r:proc_cmdline:s0 tclass=file permissive=0
09-01 13:50:34.140000   699   699 W boot_logo_updat: type=1400 audit(0.0:28): avc: denied { search } for name="android" dev="sysfs" ino=36 scontext=u:r:boot_logo_updater:s0 tcontext=u:object_r:sysfs_dt_firmware_android:s0 tclass=dir permissive=0
09-01 13:50:34.140000   699   699 W boot_logo_updat: type=1400 audit(0.0:29): avc: denied { search } for name="android" dev="sysfs" ino=36 scontext=u:r:boot_logo_updater:s0 tcontext=u:object_r:sysfs_dt_firmware_android:s0 tclass=dir permissive=0
09-01 13:50:34.145966   680   718 I libPowerHal: updateCusScnTable: load powerhal CusScnTable config succeed!
09-01 13:50:34.146863   680   763 D powerd  : powerd start
09-01 13:50:34.146933   680   763 D powerd  : powerd slave start
09-01 13:50:34.147419   680   718 I libPowerHal: [load_fbc_api] load fbc successfully
09-01 13:50:34.147442   680   718 I libPowerHal: [init] isFbcSupport 1
09-01 13:50:34.147449   680   718 I libPowerHal: [init] Disable PowerHAL API during boot time.
09-01 13:50:34.147710   680   718 I mtkpower@1.0-service: mtkPowerService register IPower
09-01 13:50:34.147695   680   764 I libPowerHal_boot: [mtkPowerBootHandler] boot boost, 0x0
09-01 13:50:34.148747   435   435 I servicemanager: Found android.hardware.power.IPower/default in device VINTF manifest.
09-01 13:50:34.149110   680   718 I mtkpower@1.0-service: mtkPowerService joinRpcThreadpool
09-01 13:50:34.149408   680   717 I HidlServiceManagement: Registered vendor.mediatek.hardware.mtkpower@1.2::IMtkPower/default
09-01 13:50:34.149671   680   717 I HidlServiceManagement: Removing namespace from process name vendor.mediatek.hardware.mtkpower@1.0-service to mtkpower@1.0-service.
09-01 13:50:34.150129   680   717 I LegacySupport: Registration complete for vendor.mediatek.hardware.mtkpower@1.2::IMtkPower/default.
09-01 13:50:34.150151   680   717 I mtkpower@1.0-service: mtkPowerService register IMtkPerf
09-01 13:50:34.152732   680   717 I HidlServiceManagement: Registered vendor.mediatek.hardware.mtkpower@1.2::IMtkPerf/default
09-01 13:50:34.153022   680   717 I HidlServiceManagement: Removing namespace from process name vendor.mediatek.hardware.mtkpower@1.0-service to mtkpower@1.0-service.
09-01 13:50:34.153536   680   717 I LegacySupport: Registration complete for vendor.mediatek.hardware.mtkpower@1.2::IMtkPerf/default.
09-01 13:50:34.153619   680   717 I mtkpower@1.0-service: mtkPowerService joinRpcThreadpool
09-01 13:50:34.183595   739   739 I mtk_plpath_utils: Create /dev/block/dm-25 done
09-01 13:50:34.242540   493   493 I AEE_AEDV: aed_wait_decrypt done! file base encryption
09-01 13:50:34.260656   493   493 I AEE_AEDV: aed_wait_decrypt done! file base encryption
09-01 13:50:34.272619   650   650 I HidlServiceManagement: Registered android.hardware.audio.effect@7.0::IEffectsFactory/default
09-01 13:50:34.272883   650   650 I LegacySupport: Registration complete for android.hardware.audio.effect@7.0::IEffectsFactory/default.
09-01 13:50:34.277991   436   436 W hwservicemanager: Detected instance of android.hardware.audio.effect@7.0::IEffectsFactory (pid: 650) registering over instance of or with base of android.hardware.audio.effect@7.0::IEffectsFactory (pid: 650).
09-01 13:50:34.278350   436   436 I hw-BpHwBinder: onLastStrongRef automatically unlinking death recipients
09-01 13:50:34.279745   650   650 I HidlServiceManagement: Registered android.hardware.audio.effect@7.0::IEffectsFactory/default
09-01 13:50:34.280041   650   650 I LegacySupport: Registration complete for android.hardware.audio.effect@7.0::IEffectsFactory/default.
09-01 13:50:34.280124   650   650 I mtkaudiohalservice: register interface = android.hardware.audio.effect@6.0::IEffectsFactory
09-01 13:50:34.280533   436   436 I hwservicemanager: getTransport: Cannot find entry android.hardware.audio.effect@6.0::IEffectsFactory/default in either framework or device VINTF manifest.
09-01 13:50:34.304477   436   436 I hwservicemanager: getTransport: Cannot find entry android.hardware.audio.effect@6.0::IEffectsFactory/default in either framework or device VINTF manifest.
09-01 13:50:34.304865   650   650 E HidlServiceManagement: Service android.hardware.audio.effect@6.0::IEffectsFactory/default must be in VINTF manifest in order to register/get.
09-01 13:50:34.305885   650   650 E LegacySupport: Could not register service android.hardware.audio.effect@6.0::IEffectsFactory/default (-2147483648).
09-01 13:50:34.306509   436   436 I hwservicemanager: getTransport: Cannot find entry android.hardware.audio.effect@6.0::IEffectsFactory/default in either framework or device VINTF manifest.
09-01 13:50:34.309571   436   436 I hwservicemanager: getTransport: Cannot find entry android.hardware.audio.effect@6.0::IEffectsFactory/default in either framework or device VINTF manifest.
09-01 13:50:34.309944   650   650 E HidlServiceManagement: Service android.hardware.audio.effect@6.0::IEffectsFactory/default must be in VINTF manifest in order to register/get.
09-01 13:50:34.310118   650   650 E LegacySupport: Could not register service android.hardware.audio.effect@6.0::IEffectsFactory/default (-2147483648).
09-01 13:50:34.310179   650   650 W mtkaudiohalservice: register interface = android.hardware.audio.effect@6.0::IEffectsFactory fail!
09-01 13:50:34.310575   436   436 I hwservicemanager: getTransport: Cannot find entry android.hardware.soundtrigger@2.3::ISoundTriggerHw/default in either framework or device VINTF manifest.
09-01 13:50:34.316661   650   650 E LegacySupport: Could not get passthrough implementation for android.hardware.soundtrigger@2.3::ISoundTriggerHw/default.
09-01 13:50:34.317242   436   436 I hwservicemanager: getTransport: Cannot find entry android.hardware.soundtrigger@2.2::ISoundTriggerHw/default in either framework or device VINTF manifest.
09-01 13:50:34.318203   650   650 E LegacySupport: Could not get passthrough implementation for android.hardware.soundtrigger@2.2::ISoundTriggerHw/default.
09-01 13:50:34.318775   436   436 I hwservicemanager: getTransport: Cannot find entry android.hardware.soundtrigger@2.1::ISoundTriggerHw/default in either framework or device VINTF manifest.
09-01 13:50:34.319415   650   650 E LegacySupport: Could not get passthrough implementation for android.hardware.soundtrigger@2.1::ISoundTriggerHw/default.
09-01 13:50:34.324529   436   436 I hwservicemanager: getTransport: Cannot find entry android.hardware.soundtrigger@2.0::ISoundTriggerHw/default in either framework or device VINTF manifest.
09-01 13:50:34.325167   650   650 E LegacySupport: Could not get passthrough implementation for android.hardware.soundtrigger@2.0::ISoundTriggerHw/default.
09-01 13:50:34.325375   650   650 W mtkaudiohalservice: Could not register Soundtrigger API
09-01 13:50:34.336392   650   650 I MediatekBTAudioProviderA2dpSoftware: A2dpSoftwareAudioProvider - size of audio buffer 7168 byte(s) p = 0x6d257e9648
09-01 13:50:34.338635   650   650 I MediatekBTAudioProviderHearingAid: HearingAidAudioProvider - size of audio buffer 3584 byte(s)
09-01 13:50:34.344029   650   650 I HidlServiceManagement: Registered vendor.mediatek.hardware.bluetooth.audio@2.2::IBluetoothAudioProvidersFactory/default
09-01 13:50:34.344340   650   650 I LegacySupport: Registration complete for vendor.mediatek.hardware.bluetooth.audio@2.2::IBluetoothAudioProvidersFactory/default.
09-01 13:50:34.352855   661   661 D PQCommon: [PQ_PROT] [PQCust] libpq_cust_base.so OK, libpq_cust.so absent
09-01 13:50:34.356071   661   661 I hwcomposer: getprop [ro.vendor.mtk_ovl_bringup] 0
09-01 13:50:34.356255   661   661 D hwcomposer: getHWCMediator default use full-hwc
09-01 13:50:34.366061   661   661 E hwcomposer: [SWWatchDog] [SW_WDT] Set an anchor w/o notify. <<[DEV] ioctl(DISP_IOCTL_GET_DISPLAY_CAPS):602>>  
09-01 13:50:34.366140   661   661 E hwcomposer: [SWWatchDog] [SW_WDT] delAnchor: the anchor(0) is not in the pool  
09-01 13:50:34.366354   661   661 E hwcomposer: [SWWatchDog] [SW_WDT] Set an anchor w/o notify. <<[DEV] ioctl(DISP_IOCTL_GET_MULTI_CONFIGS):1741>>  
09-01 13:50:34.366391   661   661 E hwcomposer: [SWWatchDog] [SW_WDT] delAnchor: the anchor(0) is not in the pool  
09-01 13:50:34.366462   661   661 D RefBase : RefBase: Explicit destruction, weak count = 0 (in 0x7ffb93a730)
09-01 13:50:34.366471   661   661 W RefBase : CallStack::getCurrentInternal not linked, returning null
09-01 13:50:34.366479   661   661 W RefBase : CallStack::logStackInternal not linked
09-01 13:50:34.366833   650   650 I BTAudioProviderA2dpSoftware: A2dpSoftwareAudioProvider - size of audio buffer 7680 byte(s)
09-01 13:50:34.367097   650   650 I BTAudioProviderHearingAid: HearingAidAudioProvider - size of audio buffer 3584 byte(s)
09-01 13:50:34.369332   650   650 I HidlServiceManagement: Registered android.hardware.bluetooth.audio@2.1::IBluetoothAudioProvidersFactory/default
09-01 13:50:34.369699   494   494 I wmt_launcher: get property(vendor.connsys.driver.ready) is no
09-01 13:50:34.369774   650   650 I LegacySupport: Registration complete for android.hardware.bluetooth.audio@2.1::IBluetoothAudioProvidersFactory/default.
09-01 13:50:34.373912   709   709 D hw-ProcessState: Binder ioctl to enable oneway spam detection failed: Invalid argument
09-01 13:50:34.377646   436   436 I hwservicemanager: getTransport: Cannot find entry android.hardware.configstore@1.0::ISurfaceFlingerConfigs/default in either framework or device VINTF manifest.
09-01 13:50:34.384298   699   699 D RefBase : RefBase: Explicit destruction, weak count = 0 (in 0x6fe5baf4d0)
09-01 13:50:34.385620   709   709 D ProcessState: Binder ioctl to enable oneway spam detection failed: Invalid argument
09-01 13:50:34.394316   699   699 D RefBase : #00 pc 00000000000b8358  /apex/com.android.runtime/lib64/bionic/libc.so (__cxa_finalize+288)
09-01 13:50:34.394465   699   699 D RefBase : #01 pc 00000000000a9688  /apex/com.android.runtime/lib64/bionic/libc.so (exit+24)
09-01 13:50:34.394499   699   699 D RefBase : #02 pc 00000000000499e4  /apex/com.android.runtime/lib64/bionic/libc.so (__libc_init+100)
09-01 13:50:34.398789   709   709 I SurfaceFlinger: Using HWComposer service: default
09-01 13:50:34.399351   709   709 I SurfaceFlinger: release 4.19.191 enabled 0
09-01 13:50:34.400548   709   709 I SurfaceFlinger: SurfaceFlinger is starting
09-01 13:50:34.401598   709   709 I SurfaceFlinger: Disabling blur effects, they are not supported.
09-01 13:50:34.402440   709   709 D surfaceflinger: [setMTKProperties]
09-01 13:50:34.402440   709   709 D surfaceflinger: ========================================================================
09-01 13:50:34.402440   709   709 D surfaceflinger:     debug.sf.showupdates (mDebugRegion): 0
09-01 13:50:34.402440   709   709 D surfaceflinger:     debug.sf.ddms (mDebugDDMS): 0
09-01 13:50:34.402440   709   709 D surfaceflinger: [MediaTek SF]
09-01 13:50:34.402440   709   709 D surfaceflinger:     vendor.debug.sf.slowmotion (mDelayTime ms): 0
09-01 13:50:34.402440   709   709 D surfaceflinger:     vendor.debug.sf.log_transaction (mLogTransaction): 0
09-01 13:50:34.402440   709   709 D surfaceflinger:     vendor.debug.sf.log_repaint (mLogRepaint): 0
09-01 13:50:34.402440   709   709 D surfaceflinger:     vendor.debug.sf.line_g3d (mLineG3D): 0
09-01 13:50:34.402440   709   709 D surfaceflinger:     vendor.debug.sf.dump_ss (mDumpScreenShot): 0
09-01 13:50:34.402440   709   709 D surfaceflinger: [MediaTek GUI]
09-01 13:50:34.402440   709   709 D surfaceflinger:     vendor.debug.bq.dump: NULL
09-01 13:50:34.402440   709   709 D surfaceflinger:     vendor.debug.bq.line: 0
09-01 13:50:34.402440   709   709 D surfaceflinger:     *** dynamic modification ***
09-01 13:50:34.402440   709   709 D surfaceflinger:         vendor.debug.bq.line_p (set fixed index): 0
09-01 13:50:34.402440   709   709 D surfaceflinger:         vendor.debug.bq.line_g (set drawing grid, ex: 16:1 / 1:16): 0
09-01 13:50:34.402440   709   709 D surfaceflinger:         vendor.debug.bq.line_c (set drawing color): 0
09-01 13:50:34.402440   709   709 D surfaceflinger: ========================================================================
09-01 13:50:34.402440   709   709 D surfaceflinger: 
09-01 13:50:34.405973   491   491 I wmt_loader: chip id from property:26469
09-01 13:50:34.407304   491   491 I wmt_loader: chipid vaild check: 32 :0x6765!
09-01 13:50:34.407703   491   491 I wmt_loader: key:(persist.vendor.connsys.chipid)-value:(0x6765),chipId:0x6765,ret(6)
09-01 13:50:34.408196   709   709 I SurfaceFlinger: SurfaceFlinger's main thread ready to run. Initializing graphics H/W...
09-01 13:50:34.408424   709   709 D RenderEngine: Threaded RenderEngine with SkiaGL Backend
09-01 13:50:34.413191   661   661 I hwcomposer: [ASYNCBLTDEV] create AsyncBlitDevice  
09-01 13:50:34.413366   661   661 D hwcomposer:   
09-01 13:50:34.413388   661   661 D hwcomposer:   
09-01 13:50:34.413404   661   661 D hwcomposer:   
09-01 13:50:34.413418   661   661 D hwcomposer:   
09-01 13:50:34.413432   661   661 D hwcomposer:   
09-01 13:50:34.413445   661   661 D hwcomposer:   
09-01 13:50:34.413507   661   661 D hwcomposer:   
09-01 13:50:34.413524   661   661 D hwcomposer:   
09-01 13:50:34.413537   661   661 D hwcomposer:   
09-01 13:50:34.413550   661   661 D hwcomposer:   
09-01 13:50:34.413562   661   661 D hwcomposer:   
09-01 13:50:34.413575   661   661 D hwcomposer:   
09-01 13:50:34.413589   661   661 D hwcomposer:   
09-01 13:50:34.413603   661   661 D hwcomposer:   
09-01 13:50:34.413616   661   661 D hwcomposer:   
09-01 13:50:34.413631   661   661 D hwcomposer:   
09-01 13:50:34.413644   661   661 D hwcomposer:   
09-01 13:50:34.413656   661   661 D hwcomposer:   
09-01 13:50:34.413669   661   661 D hwcomposer:   
09-01 13:50:34.413681   661   661 D hwcomposer:   
09-01 13:50:34.413694   661   661 D hwcomposer:   
09-01 13:50:34.413707   661   661 D hwcomposer:   
09-01 13:50:34.413719   661   661 D hwcomposer:   
09-01 13:50:34.413733   661   661 D hwcomposer:   
09-01 13:50:34.413746   661   661 D hwcomposer:   
09-01 13:50:34.413759   661   661 D hwcomposer:   
09-01 13:50:34.413773   661   661 D hwcomposer:   
09-01 13:50:34.413798   661   661 D hwcomposer:   
09-01 13:50:34.413812   661   661 D hwcomposer:   
09-01 13:50:34.413826   661   661 D hwcomposer:   
09-01 13:50:34.413840   661   661 D hwcomposer:   
09-01 13:50:34.413854   661   661 D hwcomposer:   
09-01 13:50:34.413867   661   661 D hwcomposer:   
09-01 13:50:34.413880   661   661 D hwcomposer:   
09-01 13:50:34.413895   661   661 D hwcomposer:   
09-01 13:50:34.413908   661   661 D hwcomposer:   
09-01 13:50:34.413921   661   661 D hwcomposer:   
09-01 13:50:34.413934   661   661 D hwcomposer:   
09-01 13:50:34.413947   661   661 D hwcomposer:   
09-01 13:50:34.413961   661   661 D hwcomposer:   
09-01 13:50:34.413974   661   661 D hwcomposer:   
09-01 13:50:34.413987   661   661 D hwcomposer:   
09-01 13:50:34.414039   661   661 D hwcomposer:   
09-01 13:50:34.414054   661   661 D hwcomposer:   
09-01 13:50:34.414067   661   661 D hwcomposer:   
09-01 13:50:34.414080   661   661 D hwcomposer:   
09-01 13:50:34.414092   661   661 D hwcomposer:   
09-01 13:50:34.414105   661   661 D hwcomposer:   
09-01 13:50:34.414117   661   661 D hwcomposer:   
09-01 13:50:34.414146   661   661 D hwcomposer:   
09-01 13:50:34.414160   661   661 D hwcomposer:   
09-01 13:50:34.414192   661   661 D hwcomposer:   
09-01 13:50:34.414207   661   661 D hwcomposer:   
09-01 13:50:34.414220   661   661 D hwcomposer:   
09-01 13:50:34.414249   661   661 D hwcomposer:   
09-01 13:50:34.414263   661   661 D hwcomposer:   
09-01 13:50:34.414277   661   661 D hwcomposer:   
09-01 13:50:34.414291   661   661 D hwcomposer:   
09-01 13:50:34.414304   661   661 D hwcomposer:   
09-01 13:50:34.414328   661   661 D hwcomposer:   
09-01 13:50:34.414342   661   661 D hwcomposer:   
09-01 13:50:34.414429   661   661 D hwcomposer:   
09-01 13:50:34.414444   661   661 D hwcomposer:   
09-01 13:50:34.414457   661   661 D hwcomposer:   
09-01 13:50:34.414470   661   661 D hwcomposer:   
09-01 13:50:34.414484   661   661 D hwcomposer:   
09-01 13:50:34.414498   661   661 D hwcomposer:   
09-01 13:50:34.414512   661   661 D hwcomposer:   
09-01 13:50:34.414526   661   661 D hwcomposer:   
09-01 13:50:34.414556   661   661 D hwcomposer:   
09-01 13:50:34.414571   661   661 D hwcomposer:   
09-01 13:50:34.414584   661   661 D hwcomposer:   
09-01 13:50:34.414597   661   661 D hwcomposer:   
09-01 13:50:34.414611   661   661 D hwcomposer:   
09-01 13:50:34.414624   661   661 D hwcomposer:   
09-01 13:50:34.414638   661   661 D hwcomposer:   
09-01 13:50:34.414651   661   661 D hwcomposer:   
09-01 13:50:34.414664   661   661 D hwcomposer:   
09-01 13:50:34.414679   661   661 D hwcomposer:   
09-01 13:50:34.414693   661   661 D hwcomposer:   
09-01 13:50:34.414707   661   661 D hwcomposer:   
09-01 13:50:34.430097   491   491 I wmt_loader: do kernel module init succeed: 0
09-01 13:50:34.430199   491   491 I wmt_loader: adie chip id = 0x0
09-01 13:50:34.431152   491   491 I wmt_loader: set property(vendor.connsys.adie.chipid) to 0x0000 succeed.
09-01 13:50:34.431462   491   491 E wmt_loader: chown wmt_dbg or wmt_aee fail:Operation not permitted
09-01 13:50:34.432067   491   491 I wmt_loader: set property(vendor.connsys.driver.ready) to yes succeed
09-01 13:50:34.433331   709   788 D libMEOW : constructor: load_file ...
09-01 13:50:34.433424   709   788 D libMEOW : meow thread key: -2147483644
09-01 13:50:34.433927   709   788 D libMEOW : meow new tls: 0xb4000073e0bba010
09-01 13:50:34.440308   661   661 I hwcomposer: [PqXmlParser] init: failed to open file: /vendor/etc/cust_pq.xml  
09-01 13:50:34.441398   709   788 D libMEOW : meow [updated] data loaded
09-01 13:50:34.441855   709   788 D libMEOW : meow reload base cfg path: na
09-01 13:50:34.441893   709   788 D libMEOW : meow reload overlay cfg path: na
09-01 13:50:34.442050   709   788 D libMEOW : rebuild call chain: 0xb4000073e0bda030
09-01 13:50:34.444027   436   436 I hwservicemanager: Since vendor.mediatek.hardware.pq@2.14::IPictureQuality/default is not registered, trying to start it as a lazy HAL.
09-01 13:50:34.444444   661   661 E hwcomposer: [IPqDevice] Can't get PQ service tried (0) times  
09-01 13:50:34.451625   436   795 W libc    : Unable to set property "ctl.interface_start" to "vendor.mediatek.hardware.pq@2.14::IPictureQuality/default": error code: 0x20
09-01 13:50:34.456073   436   795 I hwservicemanager: Tried to start vendor.mediatek.hardware.pq@2.14::IPictureQuality/default as a lazy service, but was unable to. Usually this happens when a service is not installed, but if the service is intended to be used as a lazy service, then it may be configured incorrectly.
09-01 13:50:34.465306   661   661 I HidlServiceManagement: Registered vendor.mediatek.hardware.composer_ext@1.0::IComposerExt/default
09-01 13:50:34.465691   661   661 I hwcomposer: [HWC] IComposerExt service registration completed.  
09-01 13:50:34.468875   661   661 I HidlServiceManagement: Registered android.hardware.graphics.composer@2.1::IComposer/default
09-01 13:50:34.469086   661   661 I HidlServiceManagement: Removing namespace from process name android.hardware.graphics.composer@2.1-service to composer@2.1-service.
09-01 13:50:34.468973   695   695 I FastMixerState: sMaxFastTracks = 8
09-01 13:50:34.473761   709   788 D libMEOW : load [updated] driver: libEGL_mtk.so
09-01 13:50:34.476672   695   695 V MediaUtils: physMem: 2903592960
09-01 13:50:34.476757   695   695 V MediaUtils: requested limit: 536870912
09-01 13:50:34.476894   695   695 I libc    : malloc_limit: Allocation limit enabled, max size 536870912 bytes
09-01 13:50:34.482377   695   695 D hw-ProcessState: Binder ioctl to enable oneway spam detection failed: Invalid argument
09-01 13:50:34.484000   695   695 W audioserver: type=1400 audit(0.0:30): avc: denied { read } for name="u:object_r:vendor_default_prop:s0" dev="tmpfs" ino=15755 scontext=u:r:audioserver:s0 tcontext=u:object_r:vendor_default_prop:s0 tclass=file permissive=0
09-01 13:50:34.484934   695   695 D ProcessState: Binder ioctl to enable oneway spam detection failed: Invalid argument
09-01 13:50:34.485564   695   695 I audioserver: ServiceManager: 0xb400006fb7913dc0
09-01 13:50:34.485889   695   695 W libc    : Access denied finding property "vendor.af.audioflinger.patchpanel.log"
09-01 13:50:34.486778   695   695 W BatteryNotifier: batterystats service unavailable!
09-01 13:50:34.514438   725   725 D NVRAM   : wait connsys.driver.ready retry = 5
09-01 13:50:34.514540   725   725 D NVRAM   : chipId=0x6765, adieId=0x0
09-01 13:50:34.514572   725   725 ? cust_nvram: chipId[0x6765], adieId[0x0000]
09-01 13:50:34.514586   725   725 D NVRAM   : get_nvram_bt_default_value return ret=1, [2]=46
09-01 13:50:34.514596   725   725 D NVRAM   : libfile nvram_platform_log_block =2,nvram_platform_resv_block=2,nvram_platform_DM_block=1 nvram_platform_layout_version##=0,nvram_platform_header_offset=0,g_i4CFG_File_Count=51
09-01 13:50:34.514605   725   725 D NVRAM   : NVM_Init Max Lid: 80
09-01 13:50:34.514617   725   725 D NVRAM   : [NVRAM]: info nvram_gpt_flag =1
09-01 13:50:34.514626   725   725 D NVRAM   : Total nvram Lid number is 80
09-01 13:50:34.514635   725   725 D NVRAM   : Check if upgrade status
09-01 13:50:34.521984   725   725 D NVRAM   : Check FILE_VER in first boot
09-01 13:50:34.522530   725   805 D NVRAM   : fail to open /sys/class/BOOT/BOOT/boot/boot_mode: 
09-01 13:50:34.522619   725   805 D NVRAM   : NVM_GetFileDesc: Open /mnt/vendor/nvdata/APCFG/APRDEB/BT_Addr,LID:1
09-01 13:50:34.522675   725   805 D NVRAM   : NVM_CmpFileVerNo 1  
09-01 13:50:34.522964   725   806 D NVRAM   : NVRAM_WIFI hcustlib: 0x27464135407da355
09-01 13:50:34.523052   725   806 D NVRAM   : not support stWifiCfgDefault_6631
09-01 13:50:34.523077   725   806 D NVRAM   : not support wifi_nvram_get_base
09-01 13:50:34.523092   725   806 D NVRAM   : not support wifi_nvram_apply_patch
09-01 13:50:34.523116   725   806 D NVRAM   : [NVRAM Daemon]wifi lid 55 ++  multiNvram = 0  nvramPatch = 0
09-01 13:50:34.523174   725   806 D NVRAM   : fail to open /sys/class/BOOT/BOOT/boot/boot_mode: 
09-01 13:50:34.523199   725   806 D NVRAM   : NVM_GetFileDesc: Open /mnt/vendor/nvdata/APCFG/APRDEB/WIFI,LID:55
09-01 13:50:34.523327   725   806 D NVRAM   : NVM_CmpFileVerNo 55  
09-01 13:50:34.523768   725   804 D NVRAM   : NVRAM AP_CFG_RDCL_FILE_AUXADC_LID:2 
09-01 13:50:34.523850   725   804 D NVRAM   : fail to open /sys/class/BOOT/BOOT/boot/boot_mode: 
09-01 13:50:34.523876   725   804 D NVRAM   : NVM_GetFileDesc: Open /mnt/vendor/nvdata/APCFG/APRDCL/AUXADC,LID:2
09-01 13:50:34.525717   725   807 D HWMLIB  : [WD]    0.0000    0.0000    0.0000 =>     0     0     0
09-01 13:50:34.525768   725   807 D NVRAM   : write calibration done
09-01 13:50:34.525874   725   808 E HWMLIB  : gyroscope_open: Couldn't find or open file sensor (No such file or directory)
09-01 13:50:34.525892   725   808 D NVRAM   : null gyroscope file handle pointer: -1!
09-01 13:50:34.525901   725   808 D NVRAM   : stop due to err
09-01 13:50:34.526273   725   809 D HWMLIB  : threshold won't set
09-01 13:50:34.526304   725   809 D NVRAM   : write calibration done
09-01 13:50:34.526601   725   810 D NVRAM   : [NVRAM Daemon]product info lid 61 ++
09-01 13:50:34.526724   725   810 D NVRAM   : fail to open /sys/class/BOOT/BOOT/boot/boot_mode: 
09-01 13:50:34.526752   725   810 D NVRAM   : 61 is in new nvram partition!!!
09-01 13:50:34.526762   725   810 D NVRAM   : New NVRAM partition name is /dev/block/platform/bootdevice/by-name/proinfo.
09-01 13:50:34.526787   725   804 D NVRAM   : NVM_CmpFileVerNo 2  
09-01 13:50:34.526907   725   810 D NVRAM   : [NVRAM Daemon] product info FID 5 rec_size 1024 rec_num 1
09-01 13:50:34.526918   725   810 D NVRAM   : 61 is in new nvram partition!!!
09-01 13:50:34.527939   725   804 D NVRAM   : Load File Version: 000, NvRam File Version: 000
09-01 13:50:34.527938   725   805 D NVRAM   : Load File Version: 005, NvRam File Version: 005
09-01 13:50:34.527997   725   805 D NVRAM   : NVM_ProtectDataFile : 1 ++
09-01 13:50:34.528089   725   804 D NVRAM   : NVM_ProtectDataFile : 2 ++
09-01 13:50:34.528156   725   806 D NVRAM   : Load File Version: 000, NvRam File Version: 000
09-01 13:50:34.528172   725   806 D NVRAM   : NVM_ProtectDataFile : 55 ++
09-01 13:50:34.533968   725   805 D NVRAM   : NVM_ProtectUserData:Check Success
09-01 13:50:34.534032   725   805 D NVRAM   : NVM_GetFileDesc ProtectDataFile Check Success!!
09-01 13:50:34.534054   725   805 D NVRAM   : NVM_GetFileDesc --
09-01 13:50:34.534068   725   805 D NVRAM   : FD 4 rec_size 438 rec_num 1
09-01 13:50:34.534086   725   805 D NVRAM   : [Voice] 0x60 0x00 
09-01 13:50:34.534098   725   805 D NVRAM   : [Codec] 0x23 0x10 0x00 0x00 
09-01 13:50:34.534109   725   805 D NVRAM   : [Radio] 0x07 0x00 0x00 0x00 0x05 0x07 
09-01 13:50:34.534121   725   805 D NVRAM   : [Sleep] 0x03 0x04 0x00 0x00 0x00 0x00 0x00 
09-01 13:50:34.534130   725   805 D NVRAM   : [BtFTR] 0x80 0x00 
09-01 13:50:34.534140   725   805 D NVRAM   : [TxPWOffset] 0xFF 0xFF 0xFF 
09-01 13:50:34.534151   725   805 D NVRAM   : [CoexAdjust] 0x00 0x00 0x00 0x00 0x00 0x00 
09-01 13:50:34.534159   725   805 D NVRAM   : [RadioExt] 0x00 0x00 
09-01 13:50:34.534169   725   805 D NVRAM   : [TxPWOffsetExt1] 0xFF 0xFF 0xFF 
09-01 13:50:34.534181   725   805 D NVRAM   : [TxPWOffsetExt2] 0xFF 0xFF 0xFF 0xFF 0xFF 0xFF 0xFF 0xFF 0xFF 0xFF 
09-01 13:50:34.534189   725   805 D NVRAM   : [PIP] 0x00 0x00 
09-01 13:50:34.534221   725   805 D NVRAM   : [TxPwrChComp_MainAnt] 0x00 0x00 0x00 0x00 0x00 0x00 0x00 0x00 0x00 0x00 0x00 0x00 0x00 0x00 0x00 0x00 0x00 0x00 0x00 0x00 0x00 0x00 0x00 0x00 0x00 0x00 0x00 0x00 0x00 0x00 0x00 0x00 0x00 0x00 0x00 0x00 0x00 0x00 0x00 0x00 0x00 0x00 0x00 0x00 0x00 0x00 0x00 0x00 
09-01 13:50:34.534254   725   805 D NVRAM   : [TxPwrChComp_AuxAnt] 0x00 0x00 0x00 0x00 0x00 0x00 0x00 0x00 0x00 0x00 0x00 0x00 0x00 0x00 0x00 0x00 0x00 0x00 0x00 0x00 0x00 0x00 0x00 0x00 0x00 0x00 0x00 0x00 0x00 0x00 0x00 0x00 0x00 0x00 0x00 0x00 0x00 0x00 0x00 0x00 0x00 0x00 0x00 0x00 0x00 0x00 0x00 0x00 
09-01 13:50:34.534388   725   805 D NVRAM   : [RadioTotal] 0xFF 0x00 0x00 0x00 0x00 0x00 0x00 0x00 0x00 0x00 0x00 0x00 0x00 0x00 0x00 0x00 0x00 0x00 0x00 0x00 0x00 0x00 0x00 0x00 0x00 0x00 0x00 0x00 0x00 0x00 0x00 0x00 0x00 0x00 0x00 0x00 0x00 0x00 0x00 0x00 0x00 0x00 0x00 0x00 0x00 0x00 0x00 0x00 0x00 0x00 0x00 0x00 0x00 0x00 0x00 0x00 0x00 0x00 0x00 0x00 0x00 0x00 0x00 0x00 0x00 0x00 0x00 0x00 0x00 0x00 0x00 0x00 0x00 0x00 0x00 0x00 0x00 0x00 0x00 0x00 0x00 0x00 0x00 0x00 0x00 0x00 0x00 0x00 0x00 0x00 0x00 0x00 0x00 0x00 0x00 0x00 0x00 0x00 0x00 0x00 0x00 0x00 0x00 0x00 0x00 0x00 0x00 0x00 0x00 0x00 0x00 0x00 0x00 0x00 0x00 0x00 0x00 0x00 0x00 0x00 0x00 0x00 0x00 0x00 0x00 0x00 0x00 0x00 0x00 0x00 0x00 0x00 0x00 0x00 0x00 0x00 0x00 0x00 0x00 0x00 0x00 0x00 0x00 0x00 0x00 0x00 0x00 0x00 0x00 0x00 0x00 0x00 0x00 0x00 0x00 0x00 0x00 0x00 0x00 0x00 0x00 0x00 0x00 0x00 0x00 0x00 0x00 0x00 0x00 0x00 0x00 0x00 0x00 0x00 0x00 0x00 0x00 0x00 0x00 0x00 0x00 0x00 0x00 0x00 0x00 0x00 0x00 0x00 0x00 0x00 0x00 0x00 0x00 0x00 0x00 0x00 0x00 0x00 0x00 0x00 0x00 0x00 
09-01 13:50:34.535466   725   804 D NVRAM   : NVM_ProtectUserData:Check Success
09-01 13:50:34.535588   725   804 D NVRAM   : NVM_GetFileDesc ProtectDataFile Check Success!!
09-01 13:50:34.535646   725   804 D NVRAM   : NVM_GetFileDesc --
09-01 13:50:34.535827   725   806 D NVRAM   : NVM_ProtectUserData:Check Success
09-01 13:50:34.535885   725   806 D NVRAM   : NVM_GetFileDesc ProtectDataFile Check Success!!
09-01 13:50:34.535928   725   806 D NVRAM   : NVM_GetFileDesc --
09-01 13:50:34.535964   725   806 D NVRAM   : [wifi] wifi FD 5 rec_size 2048 rec_num 1
09-01 13:50:34.538119   715   715 I ccci_mdinit: (1):check_nvram_ready(), property_get("vendor.service.nvram_init") = , read_nvram_ready_retry = 2
09-01 13:50:34.538216   709   788 D PQCommon: [PQ_PROT] [PQCust] libpq_cust_base.so OK, libpq_cust.so absent
09-01 13:50:34.538394   725   805 D NVRAM   : NVM_ProtectDataFile : 1 ++
09-01 13:50:34.539048   725   805 D NVRAM   : NVM_SetCheckNo: CheckNo:cb
09-01 13:50:34.539064   725   805 D NVRAM   : NVM_SetCheckNo: CheckFlag:0
09-01 13:50:34.553382   725   806 D NVRAM   : NVM_ProtectDataFile : 55 ++
09-01 13:50:34.553507   725   804 D NVRAM   : NVM_ProtectDataFile : 2 ++
09-01 13:50:34.553641   725   804 D NVRAM   : NVM_SetCheckNo: CheckNo:2b
09-01 13:50:34.553651   725   804 D NVRAM   : NVM_SetCheckNo: CheckFlag:0
09-01 13:50:34.555871   725   806 D NVRAM   : NVM_SetCheckNo: CheckNo:1f
09-01 13:50:34.555936   725   806 D NVRAM   : NVM_SetCheckNo: CheckFlag:0
09-01 13:50:34.567042   725   805 D NVRAM   : NVM_ProtectUserData:Set Check Num Success
09-01 13:50:34.567101   725   805 D NVRAM   : NVM_CloseFileDesc ProtectDataFile Success!!
09-01 13:50:34.572195   725   806 D NVRAM   : NVM_ProtectUserData:Set Check Num Success
09-01 13:50:34.572261   725   806 D NVRAM   : NVM_CloseFileDesc ProtectDataFile Success!!
09-01 13:50:34.572276   725   806 D NVRAM   : [NVRAM Daemon]wifi custom lid 56 ++
09-01 13:50:34.572324   725   806 D NVRAM   : fail to open /sys/class/BOOT/BOOT/boot/boot_mode: 
09-01 13:50:34.572370   725   806 D NVRAM   : NVM_GetFileDesc: Open /mnt/vendor/nvdata/APCFG/APRDEB/WIFI_CUSTOM,LID:56
09-01 13:50:34.572491   725   806 D NVRAM   : NVM_CmpFileVerNo 56  
09-01 13:50:34.572557   725   806 D NVRAM   : Load File Version: 000, NvRam File Version: 000
09-01 13:50:34.572567   725   806 D NVRAM   : NVM_ProtectDataFile : 56 ++
09-01 13:50:34.572722   725   804 D NVRAM   : NVM_ProtectUserData:Set Check Num Success
09-01 13:50:34.572754   725   804 D NVRAM   : NVM_CloseFileDesc ProtectDataFile Success!!
09-01 13:50:34.573289   725   806 D NVRAM   : NVM_ProtectUserData:Check Success
09-01 13:50:34.573341   725   806 D NVRAM   : NVM_GetFileDesc ProtectDataFile Check Success!!
09-01 13:50:34.573360   725   806 D NVRAM   : NVM_GetFileDesc --
09-01 13:50:34.573372   725   806 D NVRAM   : [wifi] wifi custom FD 4 rec_size 4 rec_num 1
09-01 13:50:34.574205   725   806 D NVRAM   : NVM_CloseFileDesc: Open by Readonly, no need to check when close
09-01 13:50:34.575309   725   725 D NVRAM   : Set Ready property success
09-01 13:50:34.575577   725   725 D NVRAM   : NVRAM daemon sleep !
09-01 13:50:34.612000     1     1 W /system/bin/init: type=1107 audit(0.0:31): uid=0 auid=4294967295 ses=4294967295 subj=u:r:init:s0 msg='avc: denied { set } for property=persist.vendor.atm.mdmode pid=388 uid=0 gid=0 scontext=u:r:vendor_init:s0 tcontext=u:object_r:vendor_mtk_atm_mdmode_prop:s0 tclass=property_service permissive=0'
09-01 13:50:34.576551   709   788 D libMEOW : load [updated] driver: libGLESv1_CM_mtk.so
09-01 13:50:34.594275   709   788 D libMEOW : load [updated] driver: libGLESv2_mtk.so
09-01 13:50:34.619474   643   643 I OemIptablesHook: OEM iptable hook installed.
09-01 13:50:34.619590   643   643 I netd    : Setting up OEM hooks: 1050836us
09-01 13:50:34.619685   643   643 I netd    : Setting up FirewallController hooks: 116us
09-01 13:50:34.619608   665   665 D PQCommon: [PQ_PROT] [PQCust] libpq_cust_base.so OK, libpq_cust.so absent
09-01 13:50:34.623305   643   643 I netd    : Setting up TetherController hooks: 3599us
09-01 13:50:34.624397   388   388 W libc    : Unable to set property "persist.vendor.atm.mdmode" to "normal": error code: 0x18
09-01 13:50:34.625944   643   643 I netd    : Setting up BandwidthController hooks: 2625us
09-01 13:50:34.626045   643   643 I netd    : Setting up IdletimerController hooks: 132us
09-01 13:50:34.631039   643   643 I netd    : Setting up StrictController hooks: 4972us
09-01 13:50:34.631358   643   643 I netd    : Initializing ClatdController: 217us
09-01 13:50:34.633534   643   643 I netd    : Initializing traffic control: 2154us
09-01 13:50:34.638532   665   665 W android.hardware.media.c2@1.2-mediatek: libminijail[665]: failed to get path of fd 4: No such file or directory
09-01 13:50:34.639307   665   665 W android.hardware.media.c2@1.2-mediatek: libminijail[665]: allowing syscall: clock_gettime
09-01 13:50:34.639421   665   665 W android.hardware.media.c2@1.2-mediatek: libminijail[665]: allowing syscall: connect
09-01 13:50:34.639462   665   665 W android.hardware.media.c2@1.2-mediatek: libminijail[665]: allowing syscall: fcntl64
09-01 13:50:34.639497   665   665 W android.hardware.media.c2@1.2-mediatek: libminijail[665]: allowing syscall: socket
09-01 13:50:34.639533   665   665 W android.hardware.media.c2@1.2-mediatek: libminijail[665]: allowing syscall: writev
09-01 13:50:34.640038   665   665 W android.hardware.media.c2@1.2-mediatek: libminijail[665]: compile_file: <fd>(76): syscall futex redefined here
09-01 13:50:34.640103   665   665 W android.hardware.media.c2@1.2-mediatek: libminijail[665]: compile_file: <fd>(15): previous definition here
09-01 13:50:34.640580   665   665 W android.hardware.media.c2@1.2-mediatek: libminijail[665]: compile_file: <fd>(96): syscall writev redefined here
09-01 13:50:34.640642   665   665 W android.hardware.media.c2@1.2-mediatek: libminijail[665]: compile_file: <fd>(38): previous definition here
09-01 13:50:34.640704   665   665 W android.hardware.media.c2@1.2-mediatek: libminijail[665]: compile_file: <fd>(99): syscall sched_getparam redefined here
09-01 13:50:34.640738   665   665 W android.hardware.media.c2@1.2-mediatek: libminijail[665]: compile_file: <fd>(69): previous definition here
09-01 13:50:34.640776   665   665 W android.hardware.media.c2@1.2-mediatek: libminijail[665]: compile_file: <fd>(100): syscall sched_getscheduler redefined here
09-01 13:50:34.640816   665   665 W android.hardware.media.c2@1.2-mediatek: libminijail[665]: compile_file: <fd>(70): previous definition here
09-01 13:50:34.640987   665   665 W android.hardware.media.c2@1.2-mediatek: libminijail[665]: compile_file: <fd>(107): syscall ftruncate64 redefined here
09-01 13:50:34.641026   665   665 W android.hardware.media.c2@1.2-mediatek: libminijail[665]: compile_file: <fd>(26): previous definition here
09-01 13:50:34.641065   665   665 W android.hardware.media.c2@1.2-mediatek: libminijail[665]: compile_file: <fd>(108): syscall getuid32 redefined here
09-01 13:50:34.641139   665   665 W android.hardware.media.c2@1.2-mediatek: libminijail[665]: compile_file: <fd>(37): previous definition here
09-01 13:50:34.641178   665   665 W android.hardware.media.c2@1.2-mediatek: libminijail[665]: compile_file: <fd>(109): syscall open redefined here
09-01 13:50:34.641211   665   665 W android.hardware.media.c2@1.2-mediatek: libminijail[665]: compile_file: <fd>(45): previous definition here
09-01 13:50:34.641248   665   665 W android.hardware.media.c2@1.2-mediatek: libminijail[665]: compile_file: <fd>(110): syscall fstat64 redefined here
