09-01 13:50:39.021388  1209  1230 E RmcCommSimReq: [0] Fail to get PIN and PUK retry count!
09-01 13:50:39.021496  1209  1230 I AT      : [0] AT> AT+EXCGLA? (RIL_CMD_READER_3 tid:520219778304)
09-01 13:50:39.021995  1209  1239 I AT      : [0] AT< +ES3G: 1 (RIL_CMD_RADIO_9, tid:520210451712)
09-01 13:50:39.021982  1209  1216 D EccNumberPreference: [0][update] for PLMN:  GSM only: , GSM prefer: , CDMA prefer: 
09-01 13:50:39.022180  1209  1216 I RtcEccNumberController: [0] [updateEmergencyNumber] mIsFwkReady: 0, mIsPendingUpdate: 0, ecc list: 112,911,000,08,110,118,119,999
09-01 13:50:39.022208  1209  1239 I AT      : [0] AT< OK (RIL_CMD_RADIO_9, tid:520210451712)
09-01 13:50:39.024074  1209  1229 I AT      : [0] AT< +EXCGLA: 0 (RIL_CMD_READER_3, tid:520220814592)
09-01 13:50:39.024144  1209  1229 I AT      : [0] AT< OK (RIL_CMD_READER_3, tid:520220814592)
09-01 13:50:39.028667  1209  1230 I RmcCommSimReq: [0] querySimExtendedFormat temp_cap: 0, vendor.gsm.sim.extended.format1: 0
09-01 13:50:39.028664  1209  1240 I AT      : [0] AT> AT+ESBP=7,"SBP_T_PLUS_W" (RIL_CMD_RADIO_9 tid:520209415424)
09-01 13:50:39.034391  1209  1216 I RtcEccNumberController: [0] [updateEmergencyNumber] mIsFwkReady: 0, mIsPendingUpdate: 1, ecc list: 112,911,000,08,110,118,119,999
09-01 13:50:39.036232  1209  1216 D RtcCarrier: [0] [onCardTypeChanged]oldValue: -1, newValue: 0
09-01 13:50:39.036400  1209  1216 D VT RIL RTC: [0] [onCardTypeChanged]oldValue: -1, newValue: 0
09-01 13:50:39.036455  1209  1216 D VT RIL RTC: [0] [updateOpId] m_slot_id: 0, operatorId: 8
09-01 13:50:39.036641  1209  1216 D RtcPhbSimIo: [0] SIM plug out, clear store PBR file
09-01 13:50:39.037068  1209  1216 I RfxRoot : Reject message [type=URC, source=GSM, dest=GSM, pId=RFX_MSG_URC_SIM_INIT_STATUS(51074), pToken=0, id=RFX_MSG_URC_SIM_INIT_STATUS(51074), token=0, slotId=0,             clientId = -1, error = 0, isSentOnCdmaCapabilitySlot = 2, sendToMainProtocol = 0,            m_priority = 1, pTimeStamp = 0]
09-01 13:50:39.037378  1209  1216 D RtcSuppServController: [0] onSimIccidChanged: ICCID is not valid, return directly
09-01 13:50:39.037405  1209  1246 I VT RIL RMC: [Handle REQ] request = 59522
09-01 13:50:39.037422  1209  1246 I VT RIL RMC: set mSimOpIdTable[0] = 8
09-01 13:50:39.037542  1209  1239 I AT      : [0] AT< +ESBP: 1 (RIL_CMD_RADIO_9, tid:520210451712)
09-01 13:50:39.037572  1209  1239 I AT      : [0] AT< OK (RIL_CMD_RADIO_9, tid:520210451712)
09-01 13:50:39.038420  1209  1240 I AT      : [0] AT> AT+ESBP=7,"SBP_GEMINI_LG_WG_MODE" (RIL_CMD_RADIO_9 tid:520209415424)
09-01 13:50:39.040148  1209  1216 I RtcRadioCont: [0] radio State: 1 -> 0, using google native API for urc
09-01 13:50:39.040439  1209  1216 I RIL-Fusion: getRadioState(): radioState=0
09-01 13:50:39.040497  1209  1216 E RILC    : radioStateChangedInd: radioService[0]->mRadioIndication == NULL
09-01 13:50:39.040542  1209  1216 E RILC    : radioStateChangedInd: radioService[4]->mRadioIndication == NULL
09-01 13:50:39.040584  1209  1216 I RILC    : Request UNSOL_RESPONSE_RADIO_STATE_CHANGED(0) already append into IMS pending ind list
09-01 13:50:39.040619  1209  1216 E RILC    : radioStateChangedInd: radioService[8]->mRadioIndication == NULL
09-01 13:50:39.040660  1209  1216 E RILC    : radioStateChangedInd: radioService[12]->mRadioIndication == NULL
09-01 13:50:39.040729  1209  1216 I RtcEccNumberController: [0] [onRadioStateChanged] radio off, clear network ECC list
09-01 13:50:39.042124  1209  1216 I RtcEccNumberController: [0] [updateEmergencyNumber] mIsFwkReady: 0, mIsPendingUpdate: 1, ecc list: 112,911,000,08,110,118,119,999
09-01 13:50:39.043604  1209  1216 I RtcImsConfigController: [0] onRadioStateChanged, state = 0
09-01 13:50:39.044041  1209  1216 D RTC_EMBMS_CON_PROXY: [0] radioState 0
09-01 13:50:39.046269  1209  1239 I AT      : [0] AT< +ESBP: 0 (RIL_CMD_RADIO_9, tid:520210451712)
09-01 13:50:39.046360  1209  1239 I AT      : [0] AT< OK (RIL_CMD_RADIO_9, tid:520210451712)
09-01 13:50:39.047870  1209  1240 I AT      : [0] AT> AT+EPSB? (RIL_CMD_RADIO_9 tid:520209415424)
09-01 13:50:39.055428  1209  1239 I AT      : [0] AT< +EPSB: 1023 (RIL_CMD_RADIO_9, tid:520210451712)
09-01 13:50:39.055544  1209  1239 I AT      : [0] AT< OK (RIL_CMD_RADIO_9, tid:520210451712)
09-01 13:50:39.056098  1209  1240 I RmcCapa : [0] sendEGRAT: raf=249358, rat=6
09-01 13:50:39.056268  1209  1240 I AT      : [0] AT> AT+EGRAT=6 (RIL_CMD_RADIO_9 tid:520209415424)
09-01 13:50:39.056290  1209  1232 I AT      : [0] AT> AT+EFD=? (RIL_CMD_READER_4 tid:520217705728)
09-01 13:50:39.064052  1209  1239 I AT      : [0] AT< OK (RIL_CMD_RADIO_9, tid:520210451712)
09-01 13:50:39.064107  1209  1231 I AT      : [0] AT< +EFD: (0-3) (RIL_CMD_READER_4, tid:520218742016)
09-01 13:50:39.064605  1209  1231 I AT      : [0] AT< OK (RIL_CMD_READER_4, tid:520218742016)
09-01 13:50:39.065636  1209  1230 D RmcHdcHdr: [0] onHandleEvent: 52512
09-01 13:50:39.065713  1209  1230 D RmcHdcHdr: [0] sendHardwareConfigUrc: m_slot_id:0
09-01 13:50:39.066424  1209  1240 I RmcRadioReq: [0] bootupSetRadioPower, origin mode = 0
09-01 13:50:39.066554  1209  1240 I RmcRadioReq: [0] bootupSetRadioPower, target mode = 0
09-01 13:50:39.086288  1209  1232 I AT      : [0] AT> AT+EFD=2,0,50 (RIL_CMD_READER_4 tid:520217705728)
09-01 13:50:39.086758  1209  1216 I RtcCapa : [-1] updateRadioCapability, no c2k, session=-1, capability[0] = 81930
09-01 13:50:39.086967  1209  1216 D RtcRatSwCtrl: [0] [calculateDefaultNetworkType] card_type: 0, card_state: 3, rat_mode: -1, isCt3GDualMode: false, ct3gStatus: 0.  slotCap: 81930, slotNwtype: 9, defaultRaf: 81930, defNwType: 9.
09-01 13:50:39.088320  1209  1216 D RtcRatSwCtrl: [0] [setPreferredNetworkType] rafFromRiljNetworkType: 642574, targetRaf: 642574, targetNetworkType: 9, mNwsMode: 1, mInRestrictedMode: 0
09-01 13:50:39.088507  1209  1216 D RtcRatSwCtrl: [0] [switchNwRat] ratSwitchCaller: INIT, mCurPreferedNetWorkType: -1, mDefaultNetworkType: -1, prefNwTypeFromRilj: 9, targetPrefNwType: 9, GsmOnlySim: 0
09-01 13:50:39.088644  1209  1216 I RtcCapa : getRafFromNetworkType, type=-1, raf=1
09-01 13:50:39.088805  1209  1216 D RtcCC   : [0] [onCsPhoneChanged], preCsPhone:0, newCsPhone:0
09-01 13:50:39.089038  1209  1240 I AT      : [0] AT> AT+ERAT=6,4 (RIL_CMD_RADIO_9 tid:520209415424)
09-01 13:50:39.089221  1209  1216 D RtcCarrier: [0] [onNwsModeChanged] oldValue: -1, newValue: 1
09-01 13:50:39.089288  1209  1216 D RtcCarrier: [0] [onNwsModeChanged] mccmnc is empty
09-01 13:50:39.089682  1209  1216 E RILC    : RIL_onRequestComplete: invalid RIL_Token
09-01 13:50:39.094265  1209  1231 I AT      : [0] AT< OK (RIL_CMD_READER_4, tid:520218742016)
09-01 13:50:39.094315  1209  1222 I AT      : [0] AT< +EIND: 32 (RIL_URC_READER, tid:520382172416)
09-01 13:50:39.094460  1209  1232 I AT      : [0] AT> AT+EFD=2,2,50 (RIL_CMD_READER_4 tid:520217705728)
09-01 13:50:39.094494  1209  1239 I AT      : [0] AT< OK (RIL_CMD_RADIO_9, tid:520210451712)
09-01 13:50:39.094859  1209  1223 I RmcPhbUrc: [0] onPhbStateChanged slot=0, isPhbReady=0, isTelephonyAddOnPolicy=1
09-01 13:50:39.095650  1209  1216 I RfxRoot : Reject message [type=URC, source=GSM, dest=GSM, pId=RFX_MSG_URC_PHB_READY_NOTIFICATION(58540), pToken=0, id=RFX_MSG_URC_PHB_READY_NOTIFICATION(58540), token=0, slotId=0,             clientId = -1, error = 0, isSentOnCdmaCapabilitySlot = 2, sendToMainProtocol = 0,            m_priority = 1, pTimeStamp = 0]
09-01 13:50:39.098219  1209  1216 D RtcRatSwCtrl: [0] [updatePhoneMode] mPhoneMode: 1
09-01 13:50:39.101783  1209  1231 I AT      : [0] AT< OK (RIL_CMD_READER_4, tid:520218742016)
09-01 13:50:39.102014  1209  1232 I AT      : [0] AT> AT+EFD=2,1,150 (RIL_CMD_READER_4 tid:520217705728)
09-01 13:50:39.109443  1209  1231 I AT      : [0] AT< OK (RIL_CMD_READER_4, tid:520218742016)
09-01 13:50:39.109703  1209  1232 I AT      : [0] AT> AT+EFD=2,3,150 (RIL_CMD_READER_4 tid:520217705728)
09-01 13:50:39.117050  1209  1231 I AT      : [0] AT< OK (RIL_CMD_READER_4, tid:520218742016)
09-01 13:50:39.117246  1209  1232 I AT      : [0] AT> AT+EFD=1 (RIL_CMD_READER_4 tid:520217705728)
09-01 13:50:39.124505  1209  1231 I AT      : [0] AT< OK (RIL_CMD_READER_4, tid:520218742016)
09-01 13:50:39.124699  1209  1232 I AT      : [0] AT> AT+EEPDG=1 (RIL_CMD_READER_4 tid:520217705728)
09-01 13:50:39.135526  1209  1231 I AT      : [0] AT< OK (RIL_CMD_READER_4, tid:520218742016)
09-01 13:50:39.135747  1209  1232 I AT      : [0] AT> AT+EIWLPLEN =1 (RIL_CMD_READER_4 tid:520217705728)
09-01 13:50:39.137746  1209  1228 I VT RIL CMN RMC: [Handle REQ] request = 59527
09-01 13:50:39.137831  1209  1228 I VT RIL CMN RMC: [Handle REQ] RFX_MSG_REQUEST_ENABLE_ANBR
09-01 13:50:39.137849  1209  1228 I VT RIL CMN RMC: [handleEnableANBR] enable = 1
09-01 13:50:39.137906  1209  1228 I AT      : [0] AT> AT+EANBR=1 (RIL_CMD_READER_2 tid:520221850880)
09-01 13:50:39.146984  1209  1231 I AT      : [0] AT< OK (RIL_CMD_READER_4, tid:520218742016)
09-01 13:50:39.147144  1209  1227 I AT      : [0] AT< +CME ERROR: 100 (RIL_CMD_READER_2, tid:520222887168)
09-01 13:50:39.147186  1209  1232 D RmcDcMiscImpl: [syncIwlanOperationModeToMd] enable IWLAN Priority List update
09-01 13:50:39.147234  1209  1228 I VT RIL CMN RMC: [handleEnableANBR] response error
09-01 13:50:39.154974  1209  1222 I AT      : [0] AT< +EIND: 2 (RIL_URC_READER, tid:520382172416)
09-01 13:50:39.155491  1209  1223 I RmcPhbUrc: [0] onPhbStateChanged slot=0, isPhbReady=1, isTelephonyAddOnPolicy=1
09-01 13:50:39.155884  1209  1216 I RfxRoot : Reject message [type=URC, source=GSM, dest=GSM, pId=RFX_MSG_URC_PHB_READY_NOTIFICATION(58540), pToken=0, id=RFX_MSG_URC_PHB_READY_NOTIFICATION(58540), token=0, slotId=0,             clientId = -1, error = 0, isSentOnCdmaCapabilitySlot = 2, sendToMainProtocol = 0,            m_priority = 1, pTimeStamp = 0]
09-01 13:50:39.296827  1209  1222 I AT      : [0] AT< +EIND: 1 (RIL_URC_READER, tid:520382172416)
09-01 13:50:39.297636  1209  1230 D RmcCommSmsReq: [0] notifySmsReady
09-01 13:50:39.297777  1209  1230 I AT      : [0] AT> AT+CMGF=0 (RIL_CMD_READER_3 tid:520219778304)
09-01 13:50:39.297916  1209  1216 D RtcGsmSmsCtrl: [0] SMS framework isn't ready yet. queue RFX_MSG_URC_SMS_READY_NOTIFICATION
09-01 13:50:39.305331  1209  1229 I AT      : [0] AT< OK (RIL_CMD_READER_3, tid:520220814592)
09-01 13:50:39.305705  1209  1230 I AT      : [0] AT> AT+CSMS=1 (RIL_CMD_READER_3 tid:520219778304)
09-01 13:50:39.313006  1209  1229 I AT      : [0] AT< +CME ERROR: 10 (RIL_CMD_READER_3, tid:520220814592)
09-01 13:50:39.313284  1209  1230 I AT      : [0] AT> AT+CNMI=1,2,2,1,1 (RIL_CMD_READER_3 tid:520219778304)
09-01 13:50:39.320776  1209  1229 I AT      : [0] AT< OK (RIL_CMD_READER_3, tid:520220814592)
09-01 13:50:39.321048  1209  1230 I AT      : [0] AT> AT+CPMS="SM", "SM", "SM" (RIL_CMD_READER_3 tid:520219778304)
09-01 13:50:39.328337  1209  1229 I AT      : [0] AT< ERROR (RIL_CMD_READER_3, tid:520220814592)
09-01 13:50:39.328604  1209  1230 I AT      : [0] AT> AT+EC2KCPMS="SM", "SM", "SM" (RIL_CMD_READER_3 tid:520219778304)
09-01 13:50:39.335775  1209  1229 I AT      : [0] AT< +CME ERROR: 65535 (RIL_CMD_READER_3, tid:520220814592)
09-01 13:50:39.336070  1209  1230 I AT      : [0] AT> AT+EWAC=1 (RIL_CMD_READER_3 tid:520219778304)
09-01 13:50:39.343331  1209  1229 I AT      : [0] AT< OK (RIL_CMD_READER_3, tid:520220814592)
09-01 13:50:39.344228  1209  1230 D RmcCommSmsReq: [0] SIM card was removed!
09-01 13:50:40.221207   644   644 D MtkSubscriptionInfoUpdater: initIccidStringForNoSim
09-01 13:50:41.236481  1209  1216 E RILC    : networkStateChangedInd: radioService[0]->mRadioIndication == NULL
09-01 13:50:44.238678  1209  1216 E RILC    : networkStateChangedInd: radioService[0]->mRadioIndication == NULL
09-01 13:50:47.241978  1209  1216 E RILC    : networkStateChangedInd: radioService[0]->mRadioIndication == NULL
09-01 13:50:50.242472  1209  1216 E RILC    : networkStateChangedInd: radioService[0]->mRadioIndication == NULL
09-01 13:50:53.245921  1209  1216 E RILC    : networkStateChangedInd: radioService[0]->mRadioIndication == NULL
09-01 13:50:56.246604  1209  1216 E RILC    : networkStateChangedInd: radioService[0]->mRadioIndication == NULL
09-01 13:50:59.250076  1209  1216 E RILC    : networkStateChangedInd: radioService[0]->mRadioIndication == NULL
09-01 13:51:02.250543  1209  1216 E RILC    : networkStateChangedInd: radioService[0]->mRadioIndication == NULL
09-01 13:51:05.254783  1209  1216 E RILC    : networkStateChangedInd: radioService[0]->mRadioIndication == NULL
09-01 13:51:05.550228   645   645 D MtkSubscriptionInfoUpdater: initIccidStringForNoSim
09-01 13:51:08.229403  1274  1274 D SubscriptionManager: register OnSubscriptionsChangedListener pkgName=android listener=com.android.server.wifi.WifiCarrierInfoManager$SubscriptionChangeListener@2557429
09-01 13:51:08.230577  1274  1274 D TelephonyRegistry: listen oscl: mHasNotifySubscriptionInfoChangedOccurred==false no callback
09-01 13:51:08.258200  1209  1216 E RILC    : networkStateChangedInd: radioService[0]->mRadioIndication == NULL
09-01 13:51:09.265124  1274  1274 D SubscriptionManager: register OnSubscriptionsChangedListener pkgName=android listener=com.mediatek.net.networkstats.MtkTestSimHandler$1@97bc248
09-01 13:51:09.265402  1274  1274 D TelephonyRegistry: listen oscl: mHasNotifySubscriptionInfoChangedOccurred==false no callback
09-01 13:51:10.700115  1274  1500 D SubscriptionManager: register OnSubscriptionsChangedListener pkgName=android listener=com.android.server.net.NetworkStatsSubscriptionsMonitor@623f14d
09-01 13:51:10.700415  1274  1500 D TelephonyRegistry: listen oscl: mHasNotifySubscriptionInfoChangedOccurred==false no callback
09-01 13:51:10.821200  1274  1274 D SubscriptionManager: register OnSubscriptionsChangedListener pkgName=android listener=com.android.server.vcn.TelephonySubscriptionTracker$1@1b490ac
09-01 13:51:10.821600  1274  1274 D TelephonyRegistry: listen oscl: mHasNotifySubscriptionInfoChangedOccurred==false no callback
09-01 13:51:11.078901  1274  1501 D SubscriptionManager: register OnSubscriptionsChangedListener pkgName=android listener=com.android.server.net.NetworkPolicyManagerService$3@2aad72a
09-01 13:51:11.079283  1274  1501 D TelephonyRegistry: listen oscl: mHasNotifySubscriptionInfoChangedOccurred==false no callback
09-01 13:51:11.186384  1274  1274 D SubscriptionManager: register OnSubscriptionsChangedListener pkgName=android listener=com.android.server.location.gnss.GnssNetworkConnectivityHandler$1@d71d8a1
09-01 13:51:11.186729  1274  1274 D TelephonyRegistry: listen oscl: mHasNotifySubscriptionInfoChangedOccurred==false no callback
09-01 13:51:11.196478  1567  1567 D SubscriptionManager: register OnSubscriptionsChangedListener pkgName=com.android.systemui listener=com.android.keyguard.KeyguardUpdateMonitor$5@d0ac442
09-01 13:51:11.198249  1274  1351 D TelephonyRegistry: listen oscl: mHasNotifySubscriptionInfoChangedOccurred==false no callback
09-01 13:51:11.237551  1274  1291 W CarrierConfigManager: Error getting config for subId -1 ICarrierConfigLoader is null
09-01 13:51:11.262771  1209  1216 E RILC    : networkStateChangedInd: radioService[0]->mRadioIndication == NULL
09-01 13:51:11.300539  1274  1274 D SubscriptionManager: register OnSubscriptionsChangedListener pkgName=android listener=com.android.server.emergency.EmergencyAffordanceService$2@9514419
09-01 13:51:11.300900  1274  1274 D TelephonyRegistry: listen oscl: mHasNotifySubscriptionInfoChangedOccurred==false no callback
09-01 13:51:11.373590  1274  1274 D TelephonyRegistry: systemRunning register for intents
09-01 13:51:11.600968  1274  1302 D SubscriptionManager: register OnSubscriptionsChangedListener pkgName=android listener=com.android.server.stats.pull.StatsPullAtomService$StatsSubscriptionsListener@a6b877d
09-01 13:51:11.601605  1274  1302 D TelephonyRegistry: listen oscl: mHasNotifySubscriptionInfoChangedOccurred==false no callback
09-01 13:51:12.024262  1736  1736 I MtkIccProvider: MtkIccProvider URL_MATCHER android.content.UriMatcher@b28ce9f
09-01 13:51:12.195159  1736  1736 D SubscriptionManager: register OnSubscriptionsChangedListener pkgName=com.android.phone listener=com.android.phone.SimPhonebookProvider$1@efc90a2
09-01 13:51:12.196919  1274  1726 D TelephonyRegistry: listen oscl: mHasNotifySubscriptionInfoChangedOccurred==false no callback
09-01 13:51:12.286638  1736  1736 E TelephonyComponentFactory: getValidatedPaths: com.mediatek.internal.telephony.MtkTelephonyComponentFactory ,/system/framework/mediatek-telephony-common.jar
09-01 13:51:12.287575  1736  1736 E TelephonyComponentFactory: StructStatVfs: 4097 ,1
09-01 13:51:12.287663  1736  1736 D TelephonyComponentFactory: validated paths: /system/framework/mediatek-telephony-common.jar
09-01 13:51:12.327253  1567  1567 W CarrierConfigManager: Error getting config for subId -1 ICarrierConfigLoader is null
09-01 13:51:12.343893  1736  1736 E TelephonyComponentFactory: getValidatedPaths: com.mediatek.internal.telephony.MtkTelephonyComponentFactory ,/system/framework/mediatek-telephony-common.jar
09-01 13:51:12.344064  1736  1736 E TelephonyComponentFactory: StructStatVfs: 4097 ,1
09-01 13:51:12.344104  1736  1736 D TelephonyComponentFactory: Total components injected: 21
09-01 13:51:12.344301  1736  1736 D TDC     : class = class com.mediatek.internal.telephony.MtkTelephonyDevController
09-01 13:51:12.344379  1736  1736 D TDC     : constructor function = public com.mediatek.internal.telephony.MtkTelephonyDevController()
09-01 13:51:12.344542  1736  1736 D TDC     : updateOrInsert: inserting: Modem { uuid=modem, state=0, rilModel=0, rat={}, maxActiveVoiceCall=1, maxActiveDataCall=1, maxStandby=1 }
09-01 13:51:12.344576  1736  1736 D TDC     : updateOrInsert: inserting: Sim { uuid=sim, modemUuid=modem, state=0 }
09-01 13:51:12.344589  1736  1736 D TDC     : MtkTelephonyDevController constructor
09-01 13:51:12.361346  1567  1655 D SubscriptionManager: register OnSubscriptionsChangedListener pkgName=com.android.systemui listener=com.android.systemui.statusbar.policy.NetworkControllerImpl$SubListener@6203749
09-01 13:51:12.365335  1274  1816 D TelephonyRegistry: listen oscl: mHasNotifySubscriptionInfoChangedOccurred==false no callback
09-01 13:51:12.391278  1736  1736 D MetricsCollector: registered
09-01 13:51:12.392760  1736  1736 D TelephonyComponentFactory: makeDefaultPhoneNotifier mtk
09-01 13:51:12.392944  1736  1736 D MtkTelephonyRegistryEx: publish: com.mediatek.internal.telephony.MtkTelephonyRegistryEx@c0e6652
09-01 13:51:12.394694  1736  1736 D CdmaSSM : subscriptionSource from settings: 0
09-01 13:51:12.394946  1736  1736 I PhoneFactory: Cdma Subscription set to 0
09-01 13:51:12.395676  1736  1736 I PhoneFactory: Network Mode set to 9
09-01 13:51:12.396231  1736  1736 D RILJ    : RIL: init allowedNetworkTypes=9 cdmaSubscription=0) [PHONEnull]
09-01 13:51:12.405889  1736  1736 I MtkRILJ : getRadioProxy wait for MtkRIL
09-01 13:51:12.406163  1736  1736 I MtkRILJ : getRadioProxy wait for MtkRIL
09-01 13:51:12.406229  1736  1736 D RILJ    : Radio HAL version: -1.-1 [PHONE0]
09-01 13:51:12.406298  1736  1736 D MtkRILJ : constructor: sub = 0
09-01 13:51:12.470464  1736  1736 E RILJ    : getRadioProxy: mRadioVersion 1.6 [PHONE0]
09-01 13:51:12.471973  1736  1736 D MtkRILJ : override response functions [SUB0]
09-01 13:51:12.475751  1209  1209 I RILC    : setResponseFunctions, slotId = 0
09-01 13:51:12.494873  1209  1209 I RIL-Fusion: getRadioState(): radioState=0
09-01 13:51:12.495099  1209  1209 E RILC    : radioStateChangedInd: radioService[4]->mRadioIndication == NULL
09-01 13:51:12.495144  1209  1209 E RILC    : radioStateChangedInd: radioService[8]->mRadioIndication == NULL
09-01 13:51:12.495159  1209  1209 E RILC    : radioStateChangedInd: radioService[12]->mRadioIndication == NULL
09-01 13:51:12.497095  1209  1216 D RtcCC   : [0] No call, ignore hangup all: slot = 0
09-01 13:51:12.497093  1209  1209 I RILC    : RIL Daemon version: android reference-ril 1.0
09-01 13:51:12.499087  1209  1209 I RILC    : onNewCommandConnect, slot 0, client 0
09-01 13:51:12.499320  1209  1211 I RILC    : sendPendedUrcCallback 0 0 0
09-01 13:51:12.499345  1209  1211 I RILC    : sendPendedUrcs RIL_SOCKET_1, UNSOL_RESPONSE_SIM_STATUS_CHANGED, client 0
09-01 13:51:12.499459  1209  1211 E RILC    : simStatusChangedInd: radioService[8]->mRadioIndication == NULL
09-01 13:51:12.499476  1209  1211 I RILC    : sendPendedUrcs RIL_SOCKET_1, UNSOL_RESPONSE_SIM_STATUS_CHANGED, client 0
09-01 13:51:12.499513  1209  1211 E RILC    : simStatusChangedInd: radioService[8]->mRadioIndication == NULL
09-01 13:51:12.499526  1209  1211 I RILC    : sendPendedUrcs RIL_SOCKET_1, UNSOL_RADIO_CAPABILITY, client 0
09-01 13:51:12.499594  1209  1211 I RILC    : sendPendedUrcs RIL_SOCKET_1, UNSOL_HARDWARE_CONFIG_CHANGED, client 0
09-01 13:51:12.499679  1209  1211 I RILC    : sendPendedUrcs RIL_SOCKET_1, UNSOL_VOICE_RADIO_TECH_CHANGED, client 0
09-01 13:51:12.499721  1209  1211 I RILC    : sendPendedUrcs RIL_SOCKET_1, UNSOL_RESPONSE_SIM_STATUS_CHANGED, client 0
09-01 13:51:12.499756  1209  1211 E RILC    : simStatusChangedInd: radioService[8]->mRadioIndication == NULL
09-01 13:51:12.500399  1736  1883 D RILJ    : Unsol response received; Sending ack to ril.cpp [PHONE0]
09-01 13:51:12.500714  1736  1883 D RILJ    : [UNSL]< UNSOL_RIL_CONNECTED [PHONE0]
09-01 13:51:12.502195  1209  1216 D RtcEccNumberController: [0] [onConnectionStateChanged] status: 1, mIsFwkReady: 0, mIsPendingUpdate: 1
09-01 13:51:12.502260  1209  1216 I RtcMwi  : [0] [0]onConnectionStateChanged: oldState = 0, newState = 1
09-01 13:51:12.502292  1209  1216 D RtcGsmSmsCtrl: [0] onHidlStateChanged (false, true, false) (slot 0)
09-01 13:51:12.502717  1209  1242 D RmcDcImsDc2ReqHandler: [0][handleResetImsConnection] imsConnState: 0, eimsConnState: 0
09-01 13:51:12.513271  1736  1736 D RILJ    : [0001]> GET_HARDWARE_CONFIG [PHONE0]
09-01 13:51:12.514509  1736  1883 D RILJ    : [0002]> CDMA_SET_SUBSCRIPTION_SOURCE cdmaSubscription = 0 [PHONE0]
09-01 13:51:12.514967  1209  1230 D RmcHdcHdr: [0] onHandleRequest: 55517
09-01 13:51:12.515023  1209  1230 D RmcHdcHdr: [0] handleHardwareConfigRequest: m_slot_id:0
09-01 13:51:12.515182  1209  1230 D RmcHdcHdr: [0] sendHardwareConfigUrc: m_slot_id:0
09-01 13:51:12.516827  1736  1883 D RILJ    : Unsol response received; Sending ack to ril.cpp [PHONE0]
09-01 13:51:12.517072  1736  1883 D RILJ    : [UNSL]< UNSOL_RESPONSE_RADIO_STATE_CHANGED radioStateChanged: 0 [PHONE0]
09-01 13:51:12.517327  1209  1216 E RfxRoot : no RfxBaseData, send error to RILJ
09-01 13:51:12.520234  1736  1883 D RILJ    : Broadcast for RadioStateChanged: state=0 [PHONE0]
09-01 13:51:12.522446  1736  1883 D RILJ    : [0001]< GET_HARDWARE_CONFIG  [Modem { uuid=modem_sys1_ps0, state=0, rilModel=0, rat={0, 2, 13, 15}, maxActiveVoiceCall=1, maxActiveDataCall=1, maxStandby=1 }] [Sim { uuid=modem_sys1_ps0, modemUuid=modem_sys1_ps0, state=0 }]  [PHONE0]
09-01 13:51:12.525639  1736  1883 D RILJ    : Unsol response received; Sending ack to ril.cpp [PHONE0]
09-01 13:51:12.525781  1736  1883 D RILJ    : [UNSL]< UNSOL_RESPONSE_SIM_STATUS_CHANGED [PHONE0]
09-01 13:51:12.526312  1736  1883 D RILJ    : [0002]< CDMA_SET_SUBSCRIPTION_SOURCE error 6 [PHONE0]
09-01 13:51:12.526802  1736  1883 D RilRequest: [0002]< CDMA_SET_SUBSCRIPTION_SOURCE error: com.android.internal.telephony.CommandException: REQUEST_NOT_SUPPORTED ret= result=null
09-01 13:51:12.528682  1209  1209 I RILC    : setResponseFunctionsMtk, slotId = 0
09-01 13:51:12.528791  1209  1209 I RILC    : onNewCommandConnect, slot 0, client 1
09-01 13:51:12.529551  1209  1211 I RILC    : sendPendedUrcCallback 0 0 1
09-01 13:51:12.529605  1209  1211 I RILC    : sendPendedUrcs RIL_SOCKET_1, UNSOL_RESPONSE_PS_NETWORK_STATE_CHANGED, client 1
09-01 13:51:12.530534  1736  1883 D RILJ    : Unsol response received; Sending ack to ril.cpp [PHONE0]
09-01 13:51:12.530613  1736  1883 D RILJ    : [UNSL]< UNSOL_RESPONSE_SIM_STATUS_CHANGED [PHONE0]
09-01 13:51:12.531610  1736  1736 D MtkRILJ : queue size  0
09-01 13:51:12.531692  1736  1736 D MtkRILJ : getRilOp
09-01 13:51:12.532071  1736  1883 D RILJ    : Unsol response received; Sending ack to ril.cpp [PHONE0]
09-01 13:51:12.532402  1736  1883 D RILJ    : convertHalRadioCapability: session=-1, phase=3, rat=36869, logicModemUuid=modem_sys1_ps0, status=1, rcRil.raf=81930 [PHONE0]
09-01 13:51:12.532440  1736  1736 D MtkRILJ : mMtkRilOp init fail, because OM load
09-01 13:51:12.532932  1736  1736 D RadioConfig: class = class com.mediatek.internal.telephony.MtkRadioConfig
09-01 13:51:12.533002  1736  1883 D RILJ    : [UNSL]< UNSOL_RADIO_CAPABILITY {mPhoneId = 0 mVersion=1 mSession=-1 mPhase=3 mRadioAccessFamily=36869 mLogicModemId=modem_sys1_ps0 mStatus=1} [PHONE0]
09-01 13:51:12.533138  1736  1736 D RadioConfig: constructor function = public com.mediatek.internal.telephony.MtkRadioConfig(android.content.Context,com.android.internal.telephony.HalVersion)
09-01 13:51:12.534816  1736  1883 D RILJ    : Unsol response received; Sending ack to ril.cpp [PHONE0]
09-01 13:51:12.535235  1736  1883 D RILJ    : [UNSL]< UNSOL_HARDWARE_CONFIG_CHANGED [Modem { uuid=modem_sys1_ps0, state=0, rilModel=0, rat={0, 2, 13, 15}, maxActiveVoiceCall=1, maxActiveDataCall=1, maxStandby=1 }, Sim { uuid=modem_sys1_ps0, modemUuid=modem_sys1_ps0, state=0 }] [PHONE0]
09-01 13:51:12.536289  1209  1211 I RILC    : sendPendedUrcs RIL_SOCKET_1, RIL_UNSOL_PLMN_DATA, client 1
09-01 13:51:12.536455  1209  1211 I RILC    : sendPendedUrcs RIL_SOCKET_1, RIL_UNSOL_ICCID_CHANGED, client 1
09-01 13:51:12.536528  1209  1211 I RILC    : sendPendedUrcs RIL_SOCKET_1, RIL_UNSOL_ICCID_CHANGED, client 1
09-01 13:51:12.536579  1209  1211 I RILC    : sendPendedUrcs RIL_SOCKET_1, RIL_UNSOL_PHB_READY_NOTIFICATION, client 1
09-01 13:51:12.536623  1736  1883 D RILJ    : Unsol response received; Sending ack to ril.cpp [PHONE0]
09-01 13:51:12.536636  1209  1211 I RILC    : sendPendedUrcs RIL_SOCKET_1, RIL_UNSOL_PHB_READY_NOTIFICATION, client 1
09-01 13:51:12.536675  1209  1211 I RILC    : sendPendedUrcs RIL_SOCKET_1, RIL_UNSOL_ICCID_CHANGED, client 1
09-01 13:51:12.536727  1736  1883 D RILJ    : [UNSL]< UNSOL_VOICE_RADIO_TECH_CHANGED {1} [PHONE0]
09-01 13:51:12.538668  1736  1883 D RILJ    : Unsol response received; Sending ack to ril.cpp [PHONE0]
09-01 13:51:12.539231  1736  1883 D RILJ    : [UNSL]< UNSOL_RESPONSE_PS_NETWORK_STATE_CHANGED [PHONE0]
09-01 13:51:12.540513  1209  1216 D RtcEccNumberController: [0] [onConnectionStateChanged] status: 1, mIsFwkReady: 0, mIsPendingUpdate: 1
09-01 13:51:12.540790  1209  1216 I RtcMwi  : [0] [0]onConnectionStateChanged: oldState = 1, newState = 1
09-01 13:51:12.540793  1736  1883 D RILJ    : Unsol response received; Sending ack to ril.cpp [PHONE0]
09-01 13:51:12.540865  1736  1883 D RILJ    : [UNSL]< UNSOL_RESPONSE_SIM_STATUS_CHANGED [PHONE0]
09-01 13:51:12.542120  1209  1216 D RtcGsmSmsCtrl: [0] onHidlStateChanged (true, true, false) (slot 0)
09-01 13:51:12.542510  1736  1736 D MtkImsManager [-1]: createMtkImsService binder is null
09-01 13:51:12.544157  1736  1883 D RILJ    : Unsol response received; Sending ack to ril.cpp [PHONE0]
09-01 13:51:12.544870  1736  1736 D FeatureConnector: [InstanceManager, -1] imsFeatureRemoved: reason=3
09-01 13:51:12.547027  1736  1736 D SubscriptionManager: [getSubId]- fail
09-01 13:51:12.547909  1736  1736 W CarrierConfigManager: Error getting config for subId -1 ICarrierConfigLoader is null
09-01 13:51:12.548589  1736  1736 D SubscriptionManager: [getSubId]- fail
09-01 13:51:12.551472  1736  1736 D SubscriptionManager: [getSubId]- fail
09-01 13:51:12.552076  1736  1736 W CarrierConfigManager: Error getting config for subId -1 ICarrierConfigLoader is null
09-01 13:51:12.552353  1736  1736 D ImsManagerIM [-1]: getWfcMode - setting=2
09-01 13:51:12.553100  1736  1883 D RILJ    : [UNSL]< MTK: RIL_UNSOL_PLMN_DATA PlmnMvnoData(xxx) [PHONE0]
09-01 13:51:12.553363  1736  1736 D MtkImsManager [0]: createMtkImsService binder is null
09-01 13:51:12.554045  1736  1736 D FeatureConnector: [InstanceManager, 0] imsFeatureRemoved: reason=3
09-01 13:51:12.554827  1736  1883 D RILJ    : Unsol response received; Sending ack to ril.cpp [PHONE0]
09-01 13:51:12.555228  1736  1883 D RILJ    : [UNSL]< UNSOL_HARDWARE_CONFIG_CHANGED [Modem { uuid=modem_sys1_ps0, state=0, rilModel=0, rat={0, 2, 13, 15}, maxActiveVoiceCall=1, maxActiveDataCall=1, maxStandby=1 }, Sim { uuid=modem_sys1_ps0, modemUuid=modem_sys1_ps0, state=0 }] [PHONE0]
09-01 13:51:12.556621  1736  1883 D RILJ    : Unsol response received; Sending ack to ril.cpp [PHONE0]
09-01 13:51:12.558393  1736  1883 D RILJ    : [UNSL]< MTK: RIL_UNSOL_ICCID_CHANGED N/A [PHONE0]
09-01 13:51:12.559902  1736  1883 D RILJ    : Unsol response received; Sending ack to ril.cpp [PHONE0]
09-01 13:51:12.561310  1736  1883 D RILJ    : [UNSL]< MTK: RIL_UNSOL_ICCID_CHANGED N/A [PHONE0]
09-01 13:51:12.561352  1209  1209 D RadioConfig_service: radioConfig::setResponseFunctions
09-01 13:51:12.561694  1736  1736 D ImsSwitchController: Initialize ImsSwitchController
09-01 13:51:12.562624  1736  1883 D RILJ    : Unsol response received; Sending ack to ril.cpp [PHONE0]
09-01 13:51:12.564521  1736  1883 D RILJ    : [UNSL]< MTK: UNSOL_PHB_READY_NOTIFICATION phbReadyNotification: 0 [PHONE0]
09-01 13:51:12.565830  1736  1883 D RILJ    : Unsol response received; Sending ack to ril.cpp [PHONE0]
09-01 13:51:12.567179  1736  1883 D RILJ    : [UNSL]< MTK: UNSOL_PHB_READY_NOTIFICATION phbReadyNotification: 1 [PHONE0]
09-01 13:51:12.567404  1736  1890 D RadioConfig: [0018]> GET_HAL_DEVICE_CAPABILITIES
09-01 13:51:12.567687  1736  1890 E RadioInterfaceCapabilityController: getRadioInterfaceCapabilities: Radio Capabilities not loaded in time
09-01 13:51:12.568622  1736  1883 D RILJ    : Unsol response received; Sending ack to ril.cpp [PHONE0]
09-01 13:51:12.570167  1736  1883 D RILJ    : [UNSL]< MTK: RIL_UNSOL_ICCID_CHANGED N/A [PHONE0]
09-01 13:51:12.570676  1736  1883 D RadioConfigResponse: Radio Hal Version = 1.6
09-01 13:51:12.570895  1736  1883 D RadioConfigResponse: CAPABILITY_USES_ALLOWED_NETWORK_TYPES_BITMASK
09-01 13:51:12.570931  1736  1883 D RadioConfigResponse: CAPABILITY_SECONDARY_LINK_BANDWIDTH_VISIBLE
09-01 13:51:12.570968  1736  1883 D RadioConfigResponse: CAPABILITY_NR_DUAL_CONNECTIVITY_CONFIGURATION_AVAILABLE
09-01 13:51:12.570993  1736  1883 D RadioConfigResponse: CAPABILITY_THERMAL_MITIGATION_DATA_THROTTLING
09-01 13:51:12.571042  1736  1883 D RadioConfigResponse: CAPABILITY_SLICING_CONFIG_SUPPORTED
09-01 13:51:12.571070  1736  1883 D RadioConfigResponse: CAPABILITY_PHYSICAL_CHANNEL_CONFIG_1_6_SUPPORTED
09-01 13:51:12.571169  1736  1883 D RadioConfigResponse: [0018]< GET_HAL_DEVICE_CAPABILITIES
09-01 13:51:12.571294  1736  1890 D RadioInterfaceCapabilityController: setupRadioInterfaceCapabilities: mRadioInterfaceCapabilities now setup
09-01 13:51:12.572323  1736  1883 D RILJ    : Unsol response received; Sending ack to ril.cpp [PHONE0]
09-01 13:51:12.572905  1736  1736 D MtkRILJ : [0016]> MTK: RIL_REQUEST_SET_VENDOR_SETTING [SUB0]
09-01 13:51:12.574007  1736  1883 D RILJ    : [UNSL]< MTK: RIL_UNSOL_ICCID_CHANGED N/A [PHONE0]
09-01 13:51:12.577639  1736  1736 D RatConfig: getMaxRat: initial Lf/W/G 21
09-01 13:51:12.578468  1736  1736 D RatConfig: getActiveRatConfig: Lf/W/G
09-01 13:51:12.578714  1736  1883 D RILJ    : [0016]< MTK: RIL_REQUEST_SET_VENDOR_SETTING  [PHONE0]
09-01 13:51:12.581340  1736  1896 I RadioManager: PowerIdleState: enter
09-01 13:51:12.585193  1736  1736 D TelephonyComponentFactory: makeUiccController mtk
09-01 13:51:12.621019  1736  1736 D PinStorage: KeyStore: alias PinStorage_longTerm_always_key exists
09-01 13:51:12.621322  1736  1736 D PinStorage: onDeviceReady
09-01 13:51:12.628634  1736  1736 D PinStorage: KeyStore: alias PinStorage_shortTerm_key does not exist - Nothing to do
09-01 13:51:12.634387  1736  1736 I RsuSml  : [RSU-SIMLOCK] initialize RsuSml: [Lcom.android.internal.telephony.RIL;@7f59350
09-01 13:51:12.635144  1736  1736 I PhoneFactory: Creating SubscriptionController
09-01 13:51:12.657637  1736  1736 D MtkSubscriptionControllerEx: [MtkSubscriptionControllerEx] init by Context, this = com.mediatek.internal.telephony.MtkSubscriptionControllerEx@9ed3105
09-01 13:51:12.657783  1736  1736 D MtkSubscriptionControllerEx: [MtkSubscriptionControllerEx] init by Context
09-01 13:51:12.657844  1736  1736 D MtkSubscriptionControllerEx: [MtkSubscriptionControllerEx] sInstance = com.mediatek.internal.telephony.MtkSubscriptionControllerEx@9ed3105
09-01 13:51:12.657930  1736  1736 D TelephonyComponentFactory: makeMultiSimSettingController mtk
09-01 13:51:12.670416  1736  1736 D MtkTelephonyManagerEx: simSwitchMode result = 3
09-01 13:51:12.671309  1736  1736 I PhoneFactory: Creating Phone with type = 1 phoneId = 0
09-01 13:51:12.673771  1736  1736 D TelephonyTester: register for intent action=com.mediatek.internal.telephony.action_detached
09-01 13:51:12.673854  1736  1736 D TelephonyTester: register for intent action=com.mediatek.internal.telephony.action_attached
09-01 13:51:12.673879  1736  1736 D TelephonyTester: register for intent action=com.android.internal.telephony.TestServiceState
09-01 13:51:12.673900  1736  1736 D TelephonyTester: register for intent action=com.android.internal.telephony.TestChangeNumber
09-01 13:51:12.695637  1736  1736 D GsmCdmaCallTkr: Reset mWaitForHoldToRedialRequest variables
09-01 13:51:12.695699  1736  1736 D GsmCdmaCallTkr: Reset mWaitForHoldToHangupRequest variables
09-01 13:51:12.695782  1736  1736 D TelephonyComponentFactory: makeIccPhoneBookInterfaceManager mtk
09-01 13:51:12.696763  1736  1736 D SmsDispatchersController: SmsDispatchersController created
09-01 13:51:12.699649  1736  1736 D SMSDispatcher: SMSDispatcher: ctor mSmsCapable=true format=unknown mSmsSendDisabled=false
09-01 13:51:12.707789  1736  1736 D MtkImsSmsDispacher: Created!
09-01 13:51:12.711252  1736  1736 D SMSDispatcher: SMSDispatcher: ctor mSmsCapable=true format=3gpp2 mSmsSendDisabled=false
09-01 13:51:12.711369  1736  1736 D CdmaSMSDispatcher: CdmaSMSDispatcher created
09-01 13:51:12.711403  1736  1736 D MtkCdmaSMSDispatcher: MtkCdmaSMSDispatcher created
09-01 13:51:12.713927  1736  1736 E WAP PUSH: bindService() for wappush manager failed
09-01 13:51:12.715902  1736  1736 D m.android.phon: created InboundSmsHandler
09-01 13:51:12.728309  1736  1736 D MtkGsmInboundSmsHandler-0: created InboundSmsHandler from MtkGsmInboundSmsHandler
09-01 13:51:12.728514  1736  1914 D MtkGsmInboundSmsHandler-0: StartupState.enter: entering StartupState
09-01 13:51:12.731711  1736  1736 E WAP PUSH: bindService() for wappush manager failed
09-01 13:51:12.734723  1736  1736 D m.android.phon: created InboundSmsHandler
09-01 13:51:12.737031  1274  1274 D TelephonyRegistry: notifyCellLocationForSubscriber: subId=2147483647 cellIdentity=null
09-01 13:51:12.740171  1736  1915 D MtkCdmaInboundSmsHandler-0: StartupState.enter: entering StartupState
09-01 13:51:12.741981  1736  1736 D SMSDispatcher: SMSDispatcher: ctor mSmsCapable=true format=3gpp mSmsSendDisabled=false
09-01 13:51:12.742118  1736  1736 D GsmSMSDispatcher: GsmSMSDispatcher created
09-01 13:51:12.742163  1736  1736 D MtkGsmSMSDispatcher: MtkGsmSMSDispatcher created
09-01 13:51:12.742184  1736  1736 D MtkSmsBroadcastUndelivered:  call initialize
09-01 13:51:12.744828  1736  1915 D MtkCdmaInboundSmsHandler-0: StartupState.processMessage: processing EVENT_START_ACCEPTING_SMS
09-01 13:51:12.744891  1736  1914 D MtkGsmInboundSmsHandler-0: StartupState.processMessage: processing EVENT_START_ACCEPTING_SMS
09-01 13:51:12.744915  1736  1915 D MtkCdmaInboundSmsHandler-0: IdleState.enter: entering IdleState
09-01 13:51:12.744940  1736  1914 D MtkGsmInboundSmsHandler-0: IdleState.enter: entering IdleState
09-01 13:51:12.745008  1736  1915 D MtkCdmaInboundSmsHandler-0: IdleState.processMessage: processing EVENT_RELEASE_WAKELOCK
09-01 13:51:12.745643  1736  1914 D MtkGsmInboundSmsHandler-0: IdleState.processMessage: processing EVENT_RELEASE_WAKELOCK
09-01 13:51:12.745939  1736  1915 D MtkCdmaInboundSmsHandler-0: IdleState.processMessage: EVENT_RELEASE_WAKELOCK: mWakeLock released
09-01 13:51:12.746759  1736  1914 D MtkGsmInboundSmsHandler-0: IdleState.processMessage: EVENT_RELEASE_WAKELOCK: mWakeLock released
09-01 13:51:12.747253  1736  1736 D MtkSmsDispatchersController: MtkSmsDispatchersController created
09-01 13:51:12.749166  1736  1736 D CdmaSSM : subscriptionSource from settings: 0
09-01 13:51:12.749368  1736  1736 D CdmaSSM : cdmaSSM constructor: 0
09-01 13:51:12.752703  1736  1736 D RILJ    : setPhoneType=1 old value=0 [PHONE0]
09-01 13:51:12.756374  1736  1736 D CarrierActionAgent: [0]Creating CarrierActionAgent
09-01 13:51:12.757829  1736  1736 W CarrierConfigManager: Error getting config for subId -1 ICarrierConfigLoader is null
09-01 13:51:12.761123  1736  1736 D TransportManager-0: operates in AP-assisted mode.
09-01 13:51:12.769693  1736  1736 W CarrierConfigManager: Error getting config for subId -1 ICarrierConfigLoader is null
09-01 13:51:12.770119  1736  1736 D SubscriptionManager: register OnSubscriptionsChangedListener pkgName=com.android.phone listener=com.android.internal.telephony.ServiceStateTracker$SstSubscriptionsChangedListener@1aa2ee0
09-01 13:51:12.771586  1274  1351 D TelephonyRegistry: listen oscl: mHasNotifySubscriptionInfoChangedOccurred==false no callback
09-01 13:51:12.773775  1736  1736 D NRM-C-0 : registerForNetworkRegistrationInfoChanged
09-01 13:51:12.775806  1736  1736 D NRM-I-0 : registerForNetworkRegistrationInfoChanged
09-01 13:51:12.784166  1736  1736 D NewNitzStateMachineImpl: handleNetworkUnavailable(): mLatestNitzSignal was already null. Nothing to do.
09-01 13:51:12.788801  1736  1736 D RILJ    : [0021]> SIGNAL_STRENGTH [PHONE0]
09-01 13:51:12.789210  1736  1736 D MTKSST  : [GsmSST0] notifyVoiceRegStateRilRadioTechnologyChanged: vrs=1 rat=0
09-01 13:51:12.790708  1736  1736 D SubscriptionManager: register OnSubscriptionsChangedListener pkgName=com.android.phone listener=com.android.internal.telephony.CarrierServiceStateTracker$1@a42f9f8
09-01 13:51:12.791478  1274  1351 D TelephonyRegistry: listen oscl: mHasNotifySubscriptionInfoChangedOccurred==false no callback
09-01 13:51:12.793653  1736  1883 D RILJ    : [0021]< SIGNAL_STRENGTH SignalStrength:{mCdma=CellSignalStrengthCdma: cdmaDbm=2147483647 cdmaEcio=2147483647 evdoDbm=2147483647 evdoEcio=2147483647 evdoSnr=2147483647 level=0,mGsm=CellSignalStrengthGsm: rssi=2147483647 ber=2147483647 mTa=2147483647 mLevel=0,mWcdma=CellSignalStrengthWcdma: ss=2147483647 ber=2147483647 rscp=2147483647 ecno=2147483647 level=0,mTdscdma=CellSignalStrengthTdscdma: rssi=2147483647 ber=2147483647 rscp=2147483647 level=0,mLte=CellSignalStrengthLte: rssi=2147483647 rsrp=2147483647 rsrq=2147483647 rssnr=2147483647 cqiTableIndex=2147483647 cqi=2147483647 ta=2147483647 level=0 parametersUseForLevel=1,mNr=CellSignalStrengthNr:{ csiRsrp = 2147483647 csiRsrq = 2147483647 csiCqiTableIndex = 2147483647 csiCqiReport = [] ssRsrp = 2147483647 ssRsrq = 2147483647 ssSinr = 2147483647 level = 0 parametersUseForLevel = 1 },primary=CellSignalStrengthLte} [PHONE0]
09-01 13:51:12.796327  1736  1736 D PlusCodeProcessor: makePlusCodeUtis Exception, return default DefaultPlusCodeUtilsjava.lang.ClassNotFoundException: Didn't find class "com.mediatek.internal.telephony.cdma.pluscode.CdmaPlusCodeUtils" on path: DexPathList[[],nativeLibraryDirectories=[/system/lib64, /system/system_ext/lib64]]
09-01 13:51:12.796566  1736  1736 D PlusCodeProcessor: getPlusCodeUtils sPlusCodeUtilsInstance=com.mediatek.internal.telephony.cdma.pluscode.DefaultPlusCodeUtils@47e2ed1
09-01 13:51:12.798174  1686  1818 W CarrierConfigManager: Error getting config for subId -1 ICarrierConfigLoader is null
09-01 13:51:12.799391  1686  1818 W CarrierConfigManager: Error getting config for subId -1 ICarrierConfigLoader is null
09-01 13:51:12.799901  1736  1921 D MTKSST  : [GsmSST0] MtkHandler: EVENT_RIL_READY
09-01 13:51:12.800209  1736  1921 D MTKSST  : [GsmSST0] MtkHandler: EVENT_NETWORK_STATE_CHANGED
09-01 13:51:12.802128  1736  1921 D RILJ    : [0022]> OPERATOR [PHONE0]
09-01 13:51:12.802809  1736  1736 D NrMap-0 : SIM not ready, use default carrier config.
09-01 13:51:12.803263  1209  1236 I AT      : [0] AT> AT+EOPS? (RIL_CMD_RT_7 tid:520213560576)
09-01 13:51:12.803330  1736  1736 D NrMap-0 : gps.nfw_proxy_apps: com.mediatek.gnss.nonframeworklbs
09-01 13:51:12.803470  1736  1736 D NrMap-0 : mGnssProxyPackageName from carrierConfig: com.mediatek.gnss.nonframeworklbs
09-01 13:51:12.803543  1736  1921 D RILJ    : [0023]> DATA_REGISTRATION_STATE [PHONE0]
09-01 13:51:12.803605  1736  1736 D NrMap-0 : swtichNrMap=false listening=false
09-01 13:51:12.803656  1736  1921 D RILJ    : getDataRegistrationState: overrideHalVersion=null [PHONE0]
09-01 13:51:12.804940  1736  1921 D RILJ    : [0024]> VOICE_REGISTRATION_STATE [PHONE0]
09-01 13:51:12.805065  1736  1921 D RILJ    : getVoiceRegistrationState: overrideHalVersion=null [PHONE0]
09-01 13:51:12.806316  1736  1921 D RILJ    : [0025]> SIGNAL_STRENGTH [PHONE0]
09-01 13:51:12.808302  1736  1883 D RILJ    : [0025]< SIGNAL_STRENGTH SignalStrength:{mCdma=CellSignalStrengthCdma: cdmaDbm=2147483647 cdmaEcio=2147483647 evdoDbm=2147483647 evdoEcio=2147483647 evdoSnr=2147483647 level=0,mGsm=CellSignalStrengthGsm: rssi=2147483647 ber=2147483647 mTa=2147483647 mLevel=0,mWcdma=CellSignalStrengthWcdma: ss=2147483647 ber=2147483647 rscp=2147483647 ecno=2147483647 level=0,mTdscdma=CellSignalStrengthTdscdma: rssi=2147483647 ber=2147483647 rscp=2147483647 level=0,mLte=CellSignalStrengthLte: rssi=2147483647 rsrp=2147483647 rsrq=2147483647 rssnr=2147483647 cqiTableIndex=2147483647 cqi=2147483647 ta=2147483647 level=0 parametersUseForLevel=1,mNr=CellSignalStrengthNr:{ csiRsrp = 2147483647 csiRsrq = 2147483647 csiCqiTableIndex = 2147483647 csiCqiReport = [] ssRsrp = 2147483647 ssRsrq = 2147483647 ssSinr = 2147483647 level = 0 parametersUseForLevel = 1 },primary=CellSignalStrengthLte} [PHONE0]
09-01 13:51:12.809181  1736  1921 W CarrierConfigManager: Error getting config for subId -1 ICarrierConfigLoader is null
09-01 13:51:12.810729  1736  1921 D MTKSST  : [GsmSST0] notifyMtkSignalStrength level:0 raw:SignalStrength:{mCdma=CellSignalStrengthCdma: cdmaDbm=2147483647 cdmaEcio=2147483647 evdoDbm=2147483647 evdoEcio=2147483647 evdoSnr=2147483647 level=0,mGsm=CellSignalStrengthGsm: rssi=2147483647 ber=2147483647 mTa=2147483647 mLevel=0,mWcdma=CellSignalStrengthWcdma: ss=2147483647 ber=2147483647 rscp=2147483647 ecno=2147483647 level=0,mTdscdma=CellSignalStrengthTdscdma: rssi=2147483647 ber=2147483647 rscp=2147483647 level=0,mLte=CellSignalStrengthLte: rssi=2147483647 rsrp=2147483647 rsrq=2147483647 rssnr=2147483647 cqiTableIndex=2147483647 cqi=2147483647 ta=2147483647 level=0 parametersUseForLevel=1,mNr=CellSignalStrengthNr:{ csiRsrp = 2147483647 csiRsrq = 2147483647 csiCqiTableIndex = 2147483647 csiCqiReport = [] ssRsrp = 2147483647 ssRsrq = 2147483647 ssSinr = 2147483647 level = 0 parametersUseForLevel = 1 },primary=CellSignalStrengthLte}, phoneId=0, mMtkLevel=0, mMtkRsrpOnly=true, mMtkLteRsrpThreshold=null, mMtkLteRssnrThreshold=null
09-01 13:51:12.812509  1209  1235 I AT      : [0] AT< +EOPS: 0,2,"",1 (RIL_CMD_RT_7, tid:520214596864)
09-01 13:51:12.812570  1209  1235 I AT      : [0] AT< OK (RIL_CMD_RT_7, tid:520214596864)
09-01 13:51:12.814329  1274  1289 D MtkTelephonyRegistryEx: idMatchEx: rSubId=2147483647, subId=2147483646, dSubId=-1, rPhoneId=-1, phoneId=0
09-01 13:51:12.815932  1209  1236 I AT      : [0] AT> AT+E5GOPT? (RIL_CMD_RT_7 tid:520213560576)
09-01 13:51:12.816865  1736  1883 D RILJ    : [0022]< OPERATOR {, , } [PHONE0]
09-01 13:51:12.823662  1736  1736 D NrMap-0 : loadCityFromXml.onPreExecute: system_ext/etc/nr-city.xml
09-01 13:51:12.823930  1209  1235 I AT      : [0] AT< +CME ERROR: 100 (RIL_CMD_RT_7, tid:520214596864)
09-01 13:51:12.824246  1736  1736 D NrMap-0 : notify MD about NR city 2
09-01 13:51:12.824484  1209  1226 D RmcNwReqHdlr: [0] [currentPhysicalChannelConfigs] needNotifyEmpty and has notified empty list, return
09-01 13:51:12.826011  1736  1736 D MtkRILJ : [0026]> OEM_HOOK_RAW[41542B45474D433D312C2235675F617661696C61626C65222C32] [SUB0]
09-01 13:51:12.826261  1736  1883 D RILJ    : [0023]< DATA_REGISTRATION_STATE {.regState = NOT_REG_MT_NOT_SEARCHING_OP, .rat = UNKNOWN, .reasonForDenial = NONE, .cellIdentity = {.noinit = {}}, .registeredPlmn = , .accessTechnologySpecificInfo = {.noinit = {}}} [PHONE0]
09-01 13:51:12.827012  1209  1216 D RpOemCtlr: onHandleOemHookRaw, data = AT+EGMC=1,"5g_available",2
09-01 13:51:12.827444  1209  1226 I AT      : [0] AT> AT+EGMC=1,"5g_available",2 (RIL_CMD_READER_1 tid:520223923456)
09-01 13:51:12.828015  1736  1883 D RILJ    : [0024]< VOICE_REGISTRATION_STATE {.regState = NOT_REG_MT_NOT_SEARCHING_OP, .rat = UNKNOWN, .reasonForDenial = NONE, .cellIdentity = {.noinit = {}}, .registeredPlmn = , .accessTechnologySpecificInfo = {.noinit = {}}} [PHONE0]
09-01 13:51:12.829914  1736  1736 D NrMap-0 : proxyApp = com.mediatek.gnss.nonframeworklbs proxyAppLocationGranted = false
09-01 13:51:12.830048  1736  1736 D NrMap-0 : NrMap set=0 permission=false
09-01 13:51:12.830605  1736  1736 W CarrierConfigManager: Error getting config for subId -1 ICarrierConfigLoader is null
09-01 13:51:12.831003  1736  1923 D NrMap-0 : [0]Record(/Beijing/cn)
09-01 13:51:12.832312  1736  1923 D NrMap-0 : findByCityName Record[0] _id=1, mccmnc=, iso=cn, country_name=beijing
09-01 13:51:12.833033  1736  1736 D EmergencyNumberTracker:  asset emergency database is loaded. Ver: 2 Phone Id: 0
09-01 13:51:12.834976  1209  1225 I AT      : [0] AT< +CME ERROR: 100 (RIL_CMD_READER_1, tid:520224959744)
09-01 13:51:12.835162  1209  1226 E RmcOemHandler: [0] OEM_HOOK_RAW fail
09-01 13:51:12.835206  1736  1736 E EmergencyNumberTracker: Cache ota emergency database IOException: java.io.FileNotFoundException: /data/misc/emergencynumberdb/emergency_number_db: open failed: ENOENT (No such file or directory)
09-01 13:51:12.835249  1736  1736 D EmergencyNumberTracker: Using Asset Emergency database. Version: 2
09-01 13:51:12.835710  1736  1736 D SubscriptionManager: register OnSubscriptionsChangedListener pkgName=com.android.phone listener=com.android.internal.telephony.dataconnection.DataEnabledSettings$1@596e709
09-01 13:51:12.836502  1274  1601 D TelephonyRegistry: listen oscl: mHasNotifySubscriptionInfoChangedOccurred==false no callback
09-01 13:51:12.837119  1736  1883 D RILJ    : [0026]< OEM_HOOK_RAW error 2 [PHONE0]
09-01 13:51:12.837364  1736  1883 D RilRequest: [0026]< OEM_HOOK_RAW error: com.android.internal.telephony.CommandException: GENERIC_FAILURE ret= result={ when=-54s927ms what=101 target=com.mediatek.internal.telephony.NrMap$MtkHandler }
09-01 13:51:12.837923  1686  1818 W CarrierConfigManager: Error getting config for subId -1 ICarrierConfigLoader is null
09-01 13:51:12.839281  1686  1818 W CarrierConfigManager: Error getting config for subId -1 ICarrierConfigLoader is null
09-01 13:51:12.849836  1736  1736 D SubscriptionController: [getActiveSubscriptionInfo]- subId=-1 subList=[] subInfo=null
09-01 13:51:12.865415  1736  1736 D MtkDeviceStateMonitor: [phoneId0]Initialize MtkDeviceStateMonitor
09-01 13:51:12.865724  1736  1736 D MtkDeviceStateMonitor: [phoneId0]isLowDataExpected mIsScreenOn = true mIsCharging = true mIsTetheringOn = false
09-01 13:51:12.879429  1736  1736 D DcTesterDeacativateAll: register for intent action=com.android.internal.telephony.dataconnection.action_deactivate_all
09-01 13:51:12.879628  1736  1736 D DcTesterDeacativateAll: register for intent action=com.mediatek.internal.telephony.action_detached
09-01 13:51:12.881107  1736  1736 D DcTesterFailBrinupAll: register for intent action=com.android.internal.telephony.dataconnection.action_fail_bringup
09-01 13:51:12.881329  1736  1736 D DcTesterFailBrinupAll: register for intent action=com.mediatek.internal.telephony.action_detached
09-01 13:51:12.881437  1736  1736 D DcTesterFailBrinupAll: register for intent action=com.mediatek.internal.telephony.action_attached
09-01 13:51:12.886011  1736  1736 W CarrierConfigManager: Error getting config for subId -1 ICarrierConfigLoader is null
09-01 13:51:12.886514  1736  1736 W ApnConfigTypeRepository: carrier config is null
09-01 13:51:12.890498  1274  1289 D TelephonyRegistry: notifyDataConnectionForSubscriber: phoneId=0 subId=-1  state: DISCONNECTED, transport: WWAN, id: -1, network type: UNKNOWN, APN Setting: [ApnSettingV7] null, 0, null, null, null, null, null, null, null, 0, xcap, null, null, false, 0, false, 0, 0, 0, 0, null, null, false, 0, 0, -1, -1, link properties: null, fail cause: NONE
09-01 13:51:12.893297  1274  1289 D TelephonyRegistry: notifyDataConnectionForSubscriber: phoneId=0 subId=-1  state: DISCONNECTED, transport: WWAN, id: -1, network type: UNKNOWN, APN Setting: [ApnSettingV7] null, 0, null, null, null, null, null, null, null, 0, ia, null, null, false, 0, false, 0, 0, 0, 0, null, null, false, 0, 0, -1, -1, link properties: null, fail cause: NONE
09-01 13:51:12.896013  1274  1289 D TelephonyRegistry: notifyDataConnectionForSubscriber: phoneId=0 subId=-1  state: DISCONNECTED, transport: WWAN, id: -1, network type: UNKNOWN, APN Setting: [ApnSettingV7] null, 0, null, null, null, null, null, null, null, 0, cbs, null, null, false, 0, false, 0, 0, 0, 0, null, null, false, 0, 0, -1, -1, link properties: null, fail cause: NONE
09-01 13:51:12.898752  1274  1289 D TelephonyRegistry: notifyDataConnectionForSubscriber: phoneId=0 subId=-1  state: DISCONNECTED, transport: WWAN, id: -1, network type: UNKNOWN, APN Setting: [ApnSettingV7] null, 0, null, null, null, null, null, null, null, 0, mcx, null, null, false, 0, false, 0, 0, 0, 0, null, null, false, 0, 0, -1, -1, link properties: null, fail cause: NONE
