09-01 13:51:13.586968  1209  1240 I AT      : [0] AT> AT+EFUN=1 (RIL_CMD_RADIO_9 tid:520209415424)
09-01 13:51:13.587335  1209  1230 I AT      : [0] AT> AT+EIMSRCS=0,0 (RIL_CMD_READER_3 tid:520219778304)
09-01 13:51:13.587400  1209  1232 I AT      : [0] AT> AT+EXLCE=2,3000,50,50,14,100,500,1000,5000,10000,20000,50000,75000,100000,200000,500000,1000000,1500000,2000000,11,100,500,1000,5000,10000,20000,50000,75000,100000,200000,500000,4 (RIL_CMD_READER_4 tid:520217705728)
09-01 13:51:13.587457  1209  1225 I AT      : [0] AT< +CME ERROR: 65535 (RIL_CMD_READER_1, tid:520224959744)
09-01 13:51:13.587933  1209  1226 W RmcNwReqHdlr: [0] There is something wrong with the exectution of AT+EDEFROAM=1
09-01 13:51:13.588030  1209  1226 I AT      : [0] AT> AT+CSCON=3 (RIL_CMD_READER_1 tid:520223923456)
09-01 13:51:13.589236  1209  1235 I AT      : [0] AT< +EOPS: 0,2,"000000",1 (RIL_CMD_RT_7, tid:520214596864)
09-01 13:51:13.589327  1209  1235 I AT      : [0] AT< OK (RIL_CMD_RT_7, tid:520214596864)
09-01 13:51:13.591321  1209  1239 I AT      : [0] AT< OK (RIL_CMD_RADIO_9, tid:520210451712)
09-01 13:51:13.591786  1209  1231 I AT      : [0] AT< +CME ERROR: 100 (RIL_CMD_READER_4, tid:520218742016)
09-01 13:51:13.592184  1209  1232 I AT      : [0] AT> AT+EXLCE=2,3000,50,50,14,100,500,1000,5000,10000,20000,50000,75000,100000,200000,500000,1000000,1500000,2000000,11,100,500,1000,5000,10000,20000,50000,75000,100000,200000,500000,6 (RIL_CMD_READER_4 tid:520217705728)
09-01 13:51:13.593580  1736  1921 D RILJ    : [0064]> DATA_REGISTRATION_STATE [PHONE0]
09-01 13:51:13.593732  1736  1921 D RILJ    : getDataRegistrationState: overrideHalVersion=null [PHONE0]
09-01 13:51:13.594661  1736  1736 D RILJ    : [0065]> SEND_DEVICE_STATE 2:true [PHONE0]
09-01 13:51:13.596016  1209  1236 I AT      : [0] AT> AT+E5GOPT? (RIL_CMD_RT_7 tid:520213560576)
09-01 13:51:13.596202  1736  1736 D RILJ    : [0067]> SEND_DEVICE_STATE 0:false [PHONE0]
09-01 13:51:13.596847  1736  1921 D RILJ    : [0066]> VOICE_REGISTRATION_STATE [PHONE0]
09-01 13:51:13.596926  1736  1921 D RILJ    : getVoiceRegistrationState: overrideHalVersion=null [PHONE0]
09-01 13:51:13.597604  1209  1225 I AT      : [0] AT< OK (RIL_CMD_READER_1, tid:520224959744)
09-01 13:51:13.597755  1209  1226 I AT      : [0] AT> AT+CSCON? (RIL_CMD_READER_1 tid:520223923456)
09-01 13:51:13.598393  1736  1883 D RILJ    : Unsol response received; Sending ack to ril.cpp [PHONE0]
09-01 13:51:13.598499  1736  1921 D RILJ    : [0070]> SIGNAL_STRENGTH [PHONE0]
09-01 13:51:13.598560  1736  1883 D RILJ    : [UNSL]< UNSOL_RESPONSE_RADIO_STATE_CHANGED radioStateChanged: 1 [PHONE0]
09-01 13:51:13.599005  1209  1229 I AT      : [0] AT< OK (RIL_CMD_READER_3, tid:520220814592)
09-01 13:51:13.599220  1736  1736 D RILJ    : [0069]> SET_UNSOLICITED_RESPONSE_FILTER -1 [PHONE0]
09-01 13:51:13.599591  1209  1231 I AT      : [0] AT< +CME ERROR: 3 (RIL_CMD_READER_4, tid:520218742016)
09-01 13:51:13.600059  1209  1230 I AT      : [0] AT> AT+EIMSCFG=1,0,0,0,1,1 (RIL_CMD_READER_3 tid:520219778304)
09-01 13:51:13.600677  1209  1232 D RmcDcMiscHandler: [0][handleSendDeviceStateRequest]: state: 1
09-01 13:51:13.600758  1209  1232 I AT      : [0] AT> AT+EFD=1 (RIL_CMD_READER_4 tid:520217705728)
09-01 13:51:13.600839  1736  1883 D RILJ    : Broadcast for RadioStateChanged: state=1 [PHONE0]
09-01 13:51:13.601002  1209  1235 I AT      : [0] AT< +CME ERROR: 100 (RIL_CMD_RT_7, tid:520214596864)
09-01 13:51:13.602635  1209  1225 I AT      : [0] AT< +CSCON: 3,0,,0 (RIL_CMD_READER_1, tid:520224959744)
09-01 13:51:13.602725  1209  1225 I AT      : [0] AT< OK (RIL_CMD_READER_1, tid:520224959744)
09-01 13:51:13.602828  1209  1226 E RmcNwReqHdlr: [0] There is something wrong with the updateConnectionStateReport URC
09-01 13:51:13.602855  1209  1216 E RtcDC   : [0][onServiceStateChanged] old or new data reg state is not InService
09-01 13:51:13.602876  1209  1226 I AT      : [0] AT> AT+ECAMPUI=1 (RIL_CMD_READER_1 tid:520223923456)
09-01 13:51:13.601158  1736  1736 D RILJ    : [0071]> SET_SIGNAL_STRENGTH_REPORTING_CRITERIA [PHONE0]
09-01 13:51:13.603131  1736  1883 D RILJ    : Unsol response received; Sending ack to ril.cpp [PHONE0]
09-01 13:51:13.603202  1736  1883 D RILJ    : [UNSL]< UNSOL_RESPONSE_CS_NETWORK_STATE_CHANGED [PHONE0]
09-01 13:51:13.602939  1209  1216 D RtcCC   : [0] updateImsCallRat dataRegState 0 dataRadioTech 0 wfcRegState 0
09-01 13:51:13.603641  1736  1883 D RILJ    : [0053]< SET_SIGNAL_STRENGTH_REPORTING_CRITERIA error 1 [PHONE0]
09-01 13:51:13.603687  1209  1231 I AT      : [0] AT< OK (RIL_CMD_READER_4, tid:520218742016)
09-01 13:51:13.603781  1736  1883 D RilRequest: [0053]< SET_SIGNAL_STRENGTH_REPORTING_CRITERIA error: com.android.internal.telephony.CommandException: RADIO_NOT_AVAILABLE ret= result=null
09-01 13:51:13.604622  1209  1229 I AT      : [0] AT< OK (RIL_CMD_READER_3, tid:520220814592)
09-01 13:51:13.604752  1209  1222 I AT      : [0] AT< +EIMS: 1 (RIL_URC_READER, tid:520382172416)
09-01 13:51:13.606534  1736  1736 D RILJ    : [0073]> SET_SIGNAL_STRENGTH_REPORTING_CRITERIA [PHONE0]
09-01 13:51:13.607137  1209  1225 I AT      : [0] AT< +CME ERROR: 100 (RIL_CMD_READER_1, tid:520224959744)
09-01 13:51:13.607337  1209  1226 W RmcNwReqHdlr: [0] There is something wrong with the exectution of AT+ECAMPUI=1
09-01 13:51:13.607399  1209  1226 I AT      : [0] AT> AT+ECAPABILITY=1 (RIL_CMD_READER_1 tid:520223923456)
09-01 13:51:13.608259  1736  1736 D RILJ    : [0075]> SET_SIGNAL_STRENGTH_REPORTING_CRITERIA [PHONE0]
09-01 13:51:13.608769  1736  1883 D RILJ    : Unsol response received; Sending ack to ril.cpp [PHONE0]
09-01 13:51:13.610055  1209  1225 I AT      : [0] AT< +CME ERROR: 100 (RIL_CMD_READER_1, tid:520224959744)
09-01 13:51:13.610225  1209  1226 W RmcNwReqHdlr: [0] There is something wrong with the exectution of AT+ECAPABILITY=1
09-01 13:51:13.610287  1209  1226 I AT      : [0] AT> AT+ECAPABILITY? (RIL_CMD_READER_1 tid:520223923456)
09-01 13:51:13.610275  1736  1736 D RILJ    : [0076]> SET_SIGNAL_STRENGTH_REPORTING_CRITERIA [PHONE0]
09-01 13:51:13.611938  1736  1883 D RILJ    : [UNSL]< MTK: RIL_UNSOL_QUALIFIED_NETWORK_TYPES_CHANGED {1, 2178, 1} [PHONE0]
09-01 13:51:13.612650  1736  1736 D RILJ    : [0077]> SET_SIGNAL_STRENGTH_REPORTING_CRITERIA [PHONE0]
09-01 13:51:13.613122  1209  1225 I AT      : [0] AT< +CME ERROR: 100 (RIL_CMD_READER_1, tid:520224959744)
09-01 13:51:13.613318  1209  1226 E RmcNwReqHdlr: [0] There is something wrong with AT+ECAPABILITY
09-01 13:51:13.613392  1209  1226 I AT      : [0] AT> AT+EXLCE=1 (RIL_CMD_READER_1 tid:520223923456)
09-01 13:51:13.612989  1736  1883 D RILJ    : [0055]< SET_SIGNAL_STRENGTH_REPORTING_CRITERIA error 1 [PHONE0]
09-01 13:51:13.614271  1736  1883 D RilRequest: [0055]< SET_SIGNAL_STRENGTH_REPORTING_CRITERIA error: com.android.internal.telephony.CommandException: RADIO_NOT_AVAILABLE ret= result=null
09-01 13:51:13.614828  1736  1736 D RILJ    : [0078]> SET_SIGNAL_STRENGTH_REPORTING_CRITERIA [PHONE0]
09-01 13:51:13.615287  1736  1883 D RILJ    : [0038]< RADIO_POWER  [PHONE0]
09-01 13:51:13.615924  1736  1883 D RILJ    : [0056]< SET_LINK_CAPACITY_REPORTING_CRITERIA  [PHONE0]
09-01 13:51:13.616686  1736  1736 D RILJ    : [0079]> SET_SIGNAL_STRENGTH_REPORTING_CRITERIA [PHONE0]
09-01 13:51:13.617094  1736  1883 D RILJ    : [0057]< SET_LINK_CAPACITY_REPORTING_CRITERIA  [PHONE0]
09-01 13:51:13.617245  1209  1225 I AT      : [0] AT< OK (RIL_CMD_READER_1, tid:520224959744)
09-01 13:51:13.618069  1736  1883 D RILJ    : [0059]< SET_LINK_CAPACITY_REPORTING_CRITERIA  [PHONE0]
09-01 13:51:13.618487  1209  1226 I AT      : [0] AT> AT+EBARRING=1 (RIL_CMD_READER_1 tid:520223923456)
09-01 13:51:13.619264  1736  1736 D RILJ    : [0080]> SET_SIGNAL_STRENGTH_REPORTING_CRITERIA [PHONE0]
09-01 13:51:13.619692  1736  1883 D RILJ    : [0062]< OPERATOR {, , } [PHONE0]
09-01 13:51:13.620189  1736  1883 D RILJ    : [0040]< RADIO_POWER  [PHONE0]
09-01 13:51:13.620986  1736  1736 D RILJ    : [0081]> SET_SIGNAL_STRENGTH_REPORTING_CRITERIA [PHONE0]
09-01 13:51:13.621429  1736  1883 D RILJ    : [0060]< SET_LINK_CAPACITY_REPORTING_CRITERIA error 40 [PHONE0]
09-01 13:51:13.621809  1736  1883 D RilRequest: [0060]< SET_LINK_CAPACITY_REPORTING_CRITERIA error: com.android.internal.telephony.CommandException: MODEM_ERR ret= result=null
09-01 13:51:13.622893  1736  1736 D RILJ    : [0082]> SET_LINK_CAPACITY_REPORTING_CRITERIA [PHONE0]
09-01 13:51:13.623223  1736  1883 D RILJ    : [0061]< SET_LINK_CAPACITY_REPORTING_CRITERIA error 40 [PHONE0]
09-01 13:51:13.623450  1736  1883 D RilRequest: [0061]< SET_LINK_CAPACITY_REPORTING_CRITERIA error: com.android.internal.telephony.CommandException: MODEM_ERR ret= result=null
09-01 13:51:13.623970  1209  1232 I AT      : [0] AT> AT+EXLCE=2,3000,50,50,14,100,500,1000,5000,10000,20000,50000,75000,100000,200000,500000,1000000,1500000,2000000,11,100,500,1000,5000,10000,20000,50000,75000,100000,200000,500000,1 (RIL_CMD_READER_4 tid:520217705728)
09-01 13:51:13.624105  1209  1225 I AT      : [0] AT< OK (RIL_CMD_READER_1, tid:520224959744)
09-01 13:51:13.624366  1736  1736 D RILJ    : [0083]> SET_LINK_CAPACITY_REPORTING_CRITERIA [PHONE0]
09-01 13:51:13.624583  1209  1226 I AT      : [0] AT> AT+EOPS? (RIL_CMD_READER_1 tid:520223923456)
09-01 13:51:13.624714  1736  1883 D RILJ    : [0063]< SEND_DEVICE_STATE error 6 [PHONE0]
09-01 13:51:13.625118  1736  1883 D RilRequest: [0063]< SEND_DEVICE_STATE error: com.android.internal.telephony.CommandException: REQUEST_NOT_SUPPORTED ret= result=null
09-01 13:51:13.625855  1736  1736 D RILJ    : [0084]> SET_LINK_CAPACITY_REPORTING_CRITERIA [PHONE0]
09-01 13:51:13.626748  1209  1231 I AT      : [0] AT< OK (RIL_CMD_READER_4, tid:520218742016)
09-01 13:51:13.627026  1736  1883 D RILJ    : [0064]< DATA_REGISTRATION_STATE {.regState = NOT_REG_MT_NOT_SEARCHING_OP, .rat = UNKNOWN, .reasonForDenial = NONE, .cellIdentity = {.noinit = {}}, .registeredPlmn = , .accessTechnologySpecificInfo = {.noinit = {}}} [PHONE0]
09-01 13:51:13.627120  1209  1232 I AT      : [0] AT> AT+EXLCE=2,3000,50,50,14,100,500,1000,5000,10000,20000,50000,75000,100000,200000,500000,1000000,1500000,2000000,11,100,500,1000,5000,10000,20000,50000,75000,100000,200000,500000,2 (RIL_CMD_READER_4 tid:520217705728)
09-01 13:51:13.628052  1209  1225 I AT      : [0] AT< +EOPS: 0,2,"000000",1 (RIL_CMD_READER_1, tid:520224959744)
09-01 13:51:13.628136  1209  1225 I AT      : [0] AT< OK (RIL_CMD_READER_1, tid:520224959744)
09-01 13:51:13.628263  1736  1736 D RILJ    : [0085]> SET_LINK_CAPACITY_REPORTING_CRITERIA [PHONE0]
09-01 13:51:13.628532  1209  1226 I AT      : [0] AT> AT+ECSQ (RIL_CMD_READER_1 tid:520223923456)
09-01 13:51:13.628950  1736  1883 D RILJ    : [0066]< VOICE_REGISTRATION_STATE {.regState = NOT_REG_MT_SEARCHING_OP, .rat = UNKNOWN, .reasonForDenial = NONE, .cellIdentity = {.noinit = {}}, .registeredPlmn = , .accessTechnologySpecificInfo = {.noinit = {}}} [PHONE0]
09-01 13:51:13.629828  1209  1231 I AT      : [0] AT< OK (RIL_CMD_READER_4, tid:520218742016)
09-01 13:51:13.629884  1736  1736 D RILJ    : [0086]> SET_LINK_CAPACITY_REPORTING_CRITERIA [PHONE0]
09-01 13:51:13.630223  1209  1232 I AT      : [0] AT> AT+EXLCE=2,3000,50,50,14,100,500,1000,5000,10000,20000,50000,75000,100000,200000,500000,1000000,1500000,2000000,11,100,500,1000,5000,10000,20000,50000,75000,100000,200000,500000,3 (RIL_CMD_READER_4 tid:520217705728)
09-01 13:51:13.630520  1736  1736 D NetworkTypeController: [0] DefaultState: process EVENT_INITIALIZE
09-01 13:51:13.631498  1736  1883 D RILJ    : Unsol response received; Sending ack to ril.cpp [PHONE0]
09-01 13:51:13.631582  1736  1883 D RILJ    : [UNSL]< UNSOL_RESPONSE_PS_NETWORK_STATE_CHANGED [PHONE0]
09-01 13:51:13.632416  1736  1736 D MtkNetworkTypeController: registerForAllEvents: register rat changed for TRANSPORT_TYPE_WLAN
09-01 13:51:13.633560  1209  1225 I AT      : [0] AT< +ECSQ: 0,0,0,0,0,0,0,0,0,0 (RIL_CMD_READER_1, tid:520224959744)
09-01 13:51:13.633615  1209  1225 I AT      : [0] AT< +ECSQ: 0,0,0,0,0,0,0,0,0,0 (RIL_CMD_READER_1, tid:520224959744)
09-01 13:51:13.633633  1209  1225 I AT      : [0] AT< +ECSQ: 0,0,0,0,0,0,0,0,0,0 (RIL_CMD_READER_1, tid:520224959744)
09-01 13:51:13.633650  1209  1225 I AT      : [0] AT< OK (RIL_CMD_READER_1, tid:520224959744)
09-01 13:51:13.633735  1209  1231 I AT      : [0] AT< OK (RIL_CMD_READER_4, tid:520218742016)
09-01 13:51:13.633822  1209  1226 D RmcNwReqHdlr: [0] requestSignalStrength:sigRegisted[0000], sigUpdated[0000]
09-01 13:51:13.633826  1736  1883 D RILJ    : [0065]< SEND_DEVICE_STATE  [PHONE0]
09-01 13:51:13.633861  1209  1226 D RmcNwHdlr: [0] requestSignalStrength, gsm_signal_strength: 99, gsm_bit_error_rate: 99, gsm_timing_advance: 2147483647, cdma_dbm: 2147483647, cdma_ecio: 2147483647, evdo_dbm: 2147483647, evdo_ecio: 2147483647, evdo_snr: 2147483647, lte_signal_strength: 99, lte_rsrp: 2147483647, lte_rsrq: 2147483647, lte_rssnr: 2147483647, lte_cqi: 2147483647, lte_timing_advance: 2147483647, tdscdma_signal_strength: 99, tdscdma_bit_error_rate: 99, tdscdma_rscp: 255, wcdma_signal_strength: 99, wcdma_bit_error_rate: 99, wcdma_scdma_rscp: 255, wcdma_ecno: 255, ssRsrp: 2147483647, ssRsrq: 2147483647, ssSinr: 2147483647, csiRsrp: 2147483647, csiRsrq: 2147483647, csiSinr: 2147483647
09-01 13:51:13.634067  1209  1226 I AT      : [0] AT> AT+ECSQ=1 (RIL_CMD_READER_1 tid:520223923456)
09-01 13:51:13.634214  1736  1883 D RILJ    : [0067]< SEND_DEVICE_STATE error 6 [PHONE0]
09-01 13:51:13.634346  1736  1883 D RilRequest: [0067]< SEND_DEVICE_STATE error: com.android.internal.telephony.CommandException: REQUEST_NOT_SUPPORTED ret= result=null
09-01 13:51:13.634775  1209  1232 I AT      : [0] AT> AT+EXLCE=2,3000,50,50,14,100,500,1000,5000,10000,20000,50000,75000,100000,200000,500000,1000000,1500000,2000000,11,100,500,1000,5000,10000,20000,50000,75000,100000,200000,500000,4 (RIL_CMD_READER_4 tid:520217705728)
09-01 13:51:13.634819  1736  1736 D NetworkTypeController: [0] mOverrideTimerRules: {connected={mState=connected, mOverrideType=NR_NSA, mPrimaryTimers={}, mSecondaryTimers={}}, not_restricted_rrc_con={mState=not_restricted_rrc_con, mOverrideType=NR_NSA, mPrimaryTimers={}, mSecondaryTimers={}}, legacy={mState=legacy, mOverrideType=NONE, mPrimaryTimers={}, mSecondaryTimers={}}, not_restricted_rrc_idle={mState=not_restricted_rrc_idle, mOverrideType=NR_NSA, mPrimaryTimers={}, mSecondaryTimers={}}, restricted={mState=restricted, mOverrideType=NONE, mPrimaryTimers={}, mSecondaryTimers={}}, connected_mmwave={mState=connected_mmwave, mOverrideType=NR_NSA, mPrimaryTimers={}, mSecondaryTimers={}}}
09-01 13:51:13.634867  1736  1883 D RILJ    : [0045]< SET_UNSOLICITED_RESPONSE_FILTER  [PHONE0]
09-01 13:51:13.635002  1736  1736 D NetworkTypeController: [0] DefaultState: process EVENT_UPDATE
09-01 13:51:13.635076  1736  1736 D NetworkTypeController: [0] Remove all timers
09-01 13:51:13.635198  1736  1883 D RILJ    : [0082]< SET_LINK_CAPACITY_REPORTING_CRITERIA  [PHONE0]
09-01 13:51:13.635450  1736  1883 D RILJ    : [0083]< SET_LINK_CAPACITY_REPORTING_CRITERIA  [PHONE0]
09-01 13:51:13.635619  1736  1736 D NetworkTypeController: [0] Entering LegacyState
09-01 13:51:13.635807  1736  1736 D NetworkTypeController: [0] Remove all timers
09-01 13:51:13.636021  1736  1736 D MtkNetworkTypeController: [Override]getCurrentOverrideNetworkType: 0
09-01 13:51:13.636321  1736  1736 D MtkDisplayInfoController: TelephonyDisplayInfo[0] changed from null to TelephonyDisplayInfo {network=UNKNOWN, override=NONE}, turboSS alive:true
09-01 13:51:13.636354  1736  1883 D RILJ    : [0070]< SIGNAL_STRENGTH SignalStrength:{mCdma=CellSignalStrengthCdma: cdmaDbm=2147483647 cdmaEcio=2147483647 evdoDbm=2147483647 evdoEcio=2147483647 evdoSnr=2147483647 level=0,mGsm=CellSignalStrengthGsm: rssi=2147483647 ber=2147483647 mTa=2147483647 mLevel=0,mWcdma=CellSignalStrengthWcdma: ss=2147483647 ber=2147483647 rscp=2147483647 ecno=2147483647 level=0,mTdscdma=CellSignalStrengthTdscdma: rssi=2147483647 ber=2147483647 rscp=2147483647 level=0,mLte=CellSignalStrengthLte: rssi=2147483647 rsrp=2147483647 rsrq=2147483647 rssnr=2147483647 cqiTableIndex=2147483647 cqi=2147483647 ta=2147483647 level=0 parametersUseForLevel=1,mNr=CellSignalStrengthNr:{ csiRsrp = 2147483647 csiRsrq = 2147483647 csiCqiTableIndex = 2147483647 csiCqiReport = [] ssRsrp = 2147483647 ssRsrq = 2147483647 ssSinr = 2147483647 level = 0 parametersUseForLevel = 1 },primary=CellSignalStrengthLte} [PHONE0]
09-01 13:51:13.636755  1736  1883 D RILJ    : [0084]< SET_LINK_CAPACITY_REPORTING_CRITERIA  [PHONE0]
09-01 13:51:13.637725  1736  1921 D MTKSST  : [GsmSST0] notifyMtkSignalStrength level:0 raw:SignalStrength:{mCdma=CellSignalStrengthCdma: cdmaDbm=2147483647 cdmaEcio=2147483647 evdoDbm=2147483647 evdoEcio=2147483647 evdoSnr=2147483647 level=0,mGsm=CellSignalStrengthGsm: rssi=2147483647 ber=2147483647 mTa=2147483647 mLevel=0,mWcdma=CellSignalStrengthWcdma: ss=2147483647 ber=2147483647 rscp=2147483647 ecno=2147483647 level=0,mTdscdma=CellSignalStrengthTdscdma: rssi=2147483647 ber=2147483647 rscp=2147483647 level=0,mLte=CellSignalStrengthLte: rssi=2147483647 rsrp=2147483647 rsrq=2147483647 rssnr=2147483647 cqiTableIndex=2147483647 cqi=2147483647 ta=2147483647 level=0 parametersUseForLevel=1,mNr=CellSignalStrengthNr:{ csiRsrp = 2147483647 csiRsrq = 2147483647 csiCqiTableIndex = 2147483647 csiCqiReport = [] ssRsrp = 2147483647 ssRsrq = 2147483647 ssSinr = 2147483647 level = 0 parametersUseForLevel = 1 },primary=CellSignalStrengthLte}, phoneId=0, mMtkLevel=0, mMtkRsrpOnly=true, mMtkLteRsrpThreshold=null, mMtkLteRssnrThreshold=null
09-01 13:51:13.638539  1209  1225 I AT      : [0] AT< OK (RIL_CMD_READER_1, tid:520224959744)
09-01 13:51:13.638725  1209  1226 I AT      : [0] AT> AT+ECSQ (RIL_CMD_READER_1 tid:520223923456)
09-01 13:51:13.638980  1209  1231 I AT      : [0] AT< +CME ERROR: 100 (RIL_CMD_READER_4, tid:520218742016)
09-01 13:51:13.638966  1274  1601 D MtkTelephonyRegistryEx: idMatchEx: rSubId=2147483647, subId=2147483646, dSubId=-1, rPhoneId=-1, phoneId=0
09-01 13:51:13.639045  1274  1601 D MtkTelephonyRegistryEx: idMatchEx: rSubId=2147483647, subId=2147483646, dSubId=-1, rPhoneId=-1, phoneId=0
09-01 13:51:13.639354  1209  1232 I AT      : [0] AT> AT+EXLCE=2,3000,50,50,14,100,500,1000,5000,10000,20000,50000,75000,100000,200000,500000,1000000,1500000,2000000,11,100,500,1000,5000,10000,20000,50000,75000,100000,200000,500000,6 (RIL_CMD_READER_4 tid:520217705728)
09-01 13:51:13.639896  1736  1883 D RILJ    : [0085]< SET_LINK_CAPACITY_REPORTING_CRITERIA error 40 [PHONE0]
09-01 13:51:13.640243  1736  1883 D RilRequest: [0085]< SET_LINK_CAPACITY_REPORTING_CRITERIA error: com.android.internal.telephony.CommandException: MODEM_ERR ret= result=null
09-01 13:51:13.641096  1209  1225 I AT      : [0] AT< +ECSQ: 0,0,0,0,0,0,0,0,0,0 (RIL_CMD_READER_1, tid:520224959744)
09-01 13:51:13.641197  1209  1225 I AT      : [0] AT< +ECSQ: 0,0,0,0,0,0,0,0,0,0 (RIL_CMD_READER_1, tid:520224959744)
09-01 13:51:13.641217  1209  1225 I AT      : [0] AT< +ECSQ: 0,0,0,0,0,0,0,0,0,0 (RIL_CMD_READER_1, tid:520224959744)
09-01 13:51:13.641232  1209  1225 I AT      : [0] AT< OK (RIL_CMD_READER_1, tid:520224959744)
09-01 13:51:13.641366  1209  1226 D RmcNwReqHdlr: [0] requestSignalStrength:sigRegisted[0000], sigUpdated[0000]
09-01 13:51:13.641439  1209  1226 D RmcNwHdlr: [0] requestSignalStrength, gsm_signal_strength: 99, gsm_bit_error_rate: 99, gsm_timing_advance: 2147483647, cdma_dbm: 2147483647, cdma_ecio: 2147483647, evdo_dbm: 2147483647, evdo_ecio: 2147483647, evdo_snr: 2147483647, lte_signal_strength: 99, lte_rsrp: 2147483647, lte_rsrq: 2147483647, lte_rssnr: 2147483647, lte_cqi: 2147483647, lte_timing_advance: 2147483647, tdscdma_signal_strength: 99, tdscdma_bit_error_rate: 99, tdscdma_rscp: 255, wcdma_signal_strength: 99, wcdma_bit_error_rate: 99, wcdma_scdma_rscp: 255, wcdma_ecno: 255, ssRsrp: 2147483647, ssRsrq: 2147483647, ssSinr: 2147483647, csiRsrp: 2147483647, csiRsrq: 2147483647, csiSinr: 2147483647
09-01 13:51:13.641520  1209  1226 E RmcNwReqHdlr: [0] requestSignalStrength must never return an error when radio is on
09-01 13:51:13.641613  1209  1226 I AT      : [0] AT> AT+EREG=3 (RIL_CMD_READER_1 tid:520223923456)
09-01 13:51:13.643291  1209  1231 I AT      : [0] AT< +CME ERROR: 3 (RIL_CMD_READER_4, tid:520218742016)
09-01 13:51:13.643885  1209  1222 I AT      : [0] AT< +EREG=*** (RIL_URC_READER, tid:520382172416)
09-01 13:51:13.643905  1209  1225 I AT      : [0] AT< OK (RIL_CMD_READER_1, tid:520224959744)
09-01 13:51:13.644055  1209  1226 I AT      : [0] AT> AT+EGREG=3 (RIL_CMD_READER_1 tid:520223923456)
09-01 13:51:13.644152  1736  1883 D RILJ    : [0086]< SET_LINK_CAPACITY_REPORTING_CRITERIA error 40 [PHONE0]
09-01 13:51:13.644300  1736  1883 D RilRequest: [0086]< SET_LINK_CAPACITY_REPORTING_CRITERIA error: com.android.internal.telephony.CommandException: MODEM_ERR ret= result=null
09-01 13:51:13.644355  1209  1223 D RmcNwHdlr: [0] [handleCsNetworkStateChanged] mMdEreg n=0, stat=2, lac=**FF, ci=***FFFF, eAct=0, nwk_existence=0, roam_indicator=0, cause_type=0, reject_cause=0 mMdEcell act=0, cid=*, mcc=0, mnc=0, lacTac=*, pscPci=*, sig1=0, sig2=0, rsrp=0, rsrq=0, timingAdvance=0, rssnr=0, cqi=0, bsic=0, arfcn=0
09-01 13:51:13.646432  1209  1225 I AT      : [0] AT< OK (RIL_CMD_READER_1, tid:520224959744)
09-01 13:51:13.646432  1209  1222 I AT      : [0] AT< +EGREG=*** (RIL_URC_READER, tid:520382172416)
09-01 13:51:13.646616  1209  1226 I AT      : [0] AT> AT+PSBEARER=1 (RIL_CMD_READER_1 tid:520223923456)
09-01 13:51:13.646824  1736  1883 D RILJ    : Unsol response received; Sending ack to ril.cpp [PHONE0]
09-01 13:51:13.647074  1209  1223 D RmcNwHdlr: [0] [handlePsNetworkStateChanged] mMdEgreg n=0, stat=0, lac=**FF, ci=***FFFF, eAct=0, rac=255, nwk_existence=0, roam_indicator=0, cause_type=0, reject_cause=0, dcnr_restricted=0, endc_sib=0, endc_available=0.   mMdEcell act=0, cid=*, mcc=0, mnc=0, lacTac=*, pscPci=*, sig1=0, sig2=0, rsrp=0, rsrq=0, timingAdvance=0, rssnr=0, cqi=0, bsic=0, arfcn=0
09-01 13:51:13.647108  1209  1223 D RmcNwHdlr: [0] handleScgConnectionChange old=0, new=0
09-01 13:51:13.647347  1209  1234 I AT      : [0] AT> AT+EOPS? (RIL_ATCI_READER tid:520215633152)
09-01 13:51:13.648326  1736  1883 D RILJ    : [UNSL]< UNSOL_RESPONSE_CS_NETWORK_STATE_CHANGED [PHONE0]
09-01 13:51:13.650537  1209  1225 I AT      : [0] AT< OK (RIL_CMD_READER_1, tid:520224959744)
09-01 13:51:13.650992  1209  1226 I AT      : [0] AT> AT+EREGINFO=1 (RIL_CMD_READER_1 tid:520223923456)
09-01 13:51:13.651417  1209  1233 I AT      : [0] AT< +EOPS: 0,2,"000000",1 (RIL_ATCI_READER, tid:520216669440)
09-01 13:51:13.651503  1209  1233 I AT      : [0] AT< OK (RIL_ATCI_READER, tid:520216669440)
09-01 13:51:13.651560  1736  1883 D RILJ    : Unsol response received; Sending ack to ril.cpp [PHONE0]
09-01 13:51:13.651616  1736  1883 D RILJ    : [UNSL]< UNSOL_RESPONSE_NETWORK_STATE_CHANGED [PHONE0]
09-01 13:51:13.651650  1209  1234 E RmcEmbmsReq: [0] Error due to cell_id = ***FFFF
09-01 13:51:13.651903  1736  1921 D MTKSST  : [GsmSST0] MtkHandler: EVENT_NETWORK_STATE_CHANGED
09-01 13:51:13.653125  1736  1921 D RILJ    : [0090]> OPERATOR [PHONE0]
09-01 13:51:13.654070  1209  1236 I AT      : [0] AT> AT+EOPS? (RIL_CMD_RT_7 tid:520213560576)
09-01 13:51:13.654486  1209  1225 I AT      : [0] AT< OK (RIL_CMD_READER_1, tid:520224959744)
09-01 13:51:13.654563  1736  1921 D RILJ    : [0091]> DATA_REGISTRATION_STATE [PHONE0]
09-01 13:51:13.654670  1736  1921 D RILJ    : getDataRegistrationState: overrideHalVersion=null [PHONE0]
09-01 13:51:13.656085  1736  1921 D RILJ    : [0092]> VOICE_REGISTRATION_STATE [PHONE0]
09-01 13:51:13.656322  1736  1921 D RILJ    : getVoiceRegistrationState: overrideHalVersion=null [PHONE0]
09-01 13:51:13.656693  1209  1235 I AT      : [0] AT< +EOPS: 0,2,"000000",1 (RIL_CMD_RT_7, tid:520214596864)
09-01 13:51:13.656774  1209  1235 I AT      : [0] AT< OK (RIL_CMD_RT_7, tid:520214596864)
09-01 13:51:13.657190  1209  1236 I AT      : [0] AT> AT+E5GOPT? (RIL_CMD_RT_7 tid:520213560576)
09-01 13:51:13.657675  1209  1225 I AT      : [0] AT< +CME ERROR: 65535 (RIL_CMD_READER_1, tid:520224959744)
09-01 13:51:13.657970  1736  1883 D RILJ    : [0090]< OPERATOR {, , } [PHONE0]
09-01 13:51:13.658440  1736  1921 D RILJ    : [0093]> SIGNAL_STRENGTH [PHONE0]
09-01 13:51:13.659023  1736  1736 D SubscriptionController: [getActiveSubscriptionInfo]- subId=-1 subList=[] subInfo=null
09-01 13:51:13.660100  1209  1235 I AT      : [0] AT< +CME ERROR: 100 (RIL_CMD_RT_7, tid:520214596864)
09-01 13:51:13.660365  1209  1225 I AT      : [0] AT< +CME ERROR: 65535 (RIL_CMD_READER_1, tid:520224959744)
09-01 13:51:13.660889  1209  1226 W RmcNwReqHdlr: [0] There is something wrong with the exectution of AT+EDEFROAM=1
09-01 13:51:13.660991  1209  1226 I AT      : [0] AT> AT+CSCON=3 (RIL_CMD_READER_1 tid:520223923456)
09-01 13:51:13.661669  1736  1883 D RILJ    : [0091]< DATA_REGISTRATION_STATE {.regState = NOT_REG_MT_NOT_SEARCHING_OP, .rat = UNKNOWN, .reasonForDenial = NONE, .cellIdentity = {.noinit = {}}, .registeredPlmn = , .accessTechnologySpecificInfo = {.noinit = {}}} [PHONE0]
09-01 13:51:13.662272  1736  1883 D RILJ    : [0092]< VOICE_REGISTRATION_STATE {.regState = NOT_REG_MT_SEARCHING_OP, .rat = UNKNOWN, .reasonForDenial = NONE, .cellIdentity = {.noinit = {}}, .registeredPlmn = , .accessTechnologySpecificInfo = {.noinit = {}}} [PHONE0]
09-01 13:51:13.663262  1209  1225 I AT      : [0] AT< OK (RIL_CMD_READER_1, tid:520224959744)
09-01 13:51:13.663456  1209  1226 I AT      : [0] AT> AT+CSCON? (RIL_CMD_READER_1 tid:520223923456)
09-01 13:51:13.663747  1736  1736 D SubscriptionController: [getActiveSubscriptionInfo]- subId=-1 subList=[] subInfo=null
09-01 13:51:13.666126  1209  1225 I AT      : [0] AT< +CSCON: 3,0,,0 (RIL_CMD_READER_1, tid:520224959744)
09-01 13:51:13.666228  1209  1225 I AT      : [0] AT< OK (RIL_CMD_READER_1, tid:520224959744)
09-01 13:51:13.666348  1209  1226 E RmcNwReqHdlr: [0] There is something wrong with the updateConnectionStateReport URC
09-01 13:51:13.666432  1209  1226 I AT      : [0] AT> AT+ECAMPUI=1 (RIL_CMD_READER_1 tid:520223923456)
09-01 13:51:13.666979  1736  1736 D SubscriptionController: [getActiveSubscriptionInfo]- subId=-1 subList=[] subInfo=null
09-01 13:51:13.668507  1209  1225 I AT      : [0] AT< +CME ERROR: 100 (RIL_CMD_READER_1, tid:520224959744)
09-01 13:51:13.668676  1209  1226 W RmcNwReqHdlr: [0] There is something wrong with the exectution of AT+ECAMPUI=1
09-01 13:51:13.668722  1209  1226 I AT      : [0] AT> AT+ECAPABILITY=1 (RIL_CMD_READER_1 tid:520223923456)
09-01 13:51:13.669733  1736  1736 D SubscriptionController: [getActiveSubscriptionInfo]- subId=-1 subList=[] subInfo=null
09-01 13:51:13.670809  1209  1225 I AT      : [0] AT< +CME ERROR: 100 (RIL_CMD_READER_1, tid:520224959744)
09-01 13:51:13.671071  1209  1226 W RmcNwReqHdlr: [0] There is something wrong with the exectution of AT+ECAPABILITY=1
09-01 13:51:13.671132  1209  1226 I AT      : [0] AT> AT+ECAPABILITY? (RIL_CMD_READER_1 tid:520223923456)
09-01 13:51:13.672528  1736  1736 D SubscriptionController: [getActiveSubscriptionInfo]- subId=-1 subList=[] subInfo=null
09-01 13:51:13.673745  1209  1225 I AT      : [0] AT< +CME ERROR: 100 (RIL_CMD_READER_1, tid:520224959744)
09-01 13:51:13.673930  1209  1226 E RmcNwReqHdlr: [0] There is something wrong with AT+ECAPABILITY
09-01 13:51:13.673997  1209  1226 I AT      : [0] AT> AT+EXLCE=1 (RIL_CMD_READER_1 tid:520223923456)
09-01 13:51:13.675261  1736  1736 D SubscriptionController: [getActiveSubscriptionInfo]- subId=-1 subList=[] subInfo=null
09-01 13:51:13.676353  1209  1225 I AT      : [0] AT< OK (RIL_CMD_READER_1, tid:520224959744)
09-01 13:51:13.676638  1209  1226 I AT      : [0] AT> AT+EBARRING=1 (RIL_CMD_READER_1 tid:520223923456)
09-01 13:51:13.677932  1736  1736 D SubscriptionController: [getActiveSubscriptionInfo]- subId=-1 subList=[] subInfo=null
09-01 13:51:13.679130  1209  1225 I AT      : [0] AT< OK (RIL_CMD_READER_1, tid:520224959744)
09-01 13:51:13.679591  1209  1226 D RmcNwReqHdlr: [0] [currentPhysicalChannelConfigs] needNotifyEmpty and has notified empty list, return
09-01 13:51:13.679726  1209  1226 I AT      : [0] AT> AT+ECSQ=4, 1, 1, 0, 3000, 2, 4, -109, -103, -97, -89 (RIL_CMD_READER_1 tid:520223923456)
09-01 13:51:13.680455  1736  1883 D RILJ    : [0069]< SET_UNSOLICITED_RESPONSE_FILTER  [PHONE0]
09-01 13:51:13.681383  1736  1736 D SubscriptionController: [getActiveSubscriptionInfo]- subId=-1 subList=[] subInfo=null
09-01 13:51:13.683845  1209  1225 I AT      : [0] AT< +CME ERROR: 100 (RIL_CMD_READER_1, tid:520224959744)
09-01 13:51:13.684516  1209  1226 I AT      : [0] AT> AT+ECSQ=4, 1, 2, 0, 3000, 2, 4, -114, -104, -94, -84 (RIL_CMD_READER_1 tid:520223923456)
09-01 13:51:13.685125  1736  1883 D RILJ    : [0071]< SET_SIGNAL_STRENGTH_REPORTING_CRITERIA  [PHONE0]
09-01 13:51:13.685292  1736  1736 D SubscriptionController: [getActiveSubscriptionInfo]- subId=-1 subList=[] subInfo=null
09-01 13:51:13.686967  1209  1225 I AT      : [0] AT< +CME ERROR: 100 (RIL_CMD_READER_1, tid:520224959744)
09-01 13:51:13.687315  1209  1226 I AT      : [0] AT> AT+ECSQ=4, 1, 4, 0, 3000, 2, 4, -128, -118, -108, -98 (RIL_CMD_READER_1 tid:520223923456)
09-01 13:51:13.687816  1736  1883 D RILJ    : [0073]< SET_SIGNAL_STRENGTH_REPORTING_CRITERIA  [PHONE0]
09-01 13:51:13.688372  1736  1736 D SubscriptionController: [getActiveSubscriptionInfo]- subId=-1 subList=[] subInfo=null
09-01 13:51:13.690160  1209  1225 I AT      : [0] AT< +CME ERROR: 100 (RIL_CMD_READER_1, tid:520224959744)
09-01 13:51:13.690531  1209  1226 I AT      : [0] AT> AT+ECSQ=4, 1, 16, 0, 3000, 2, 4, -105, -90, -75, -65 (RIL_CMD_READER_1 tid:520223923456)
09-01 13:51:13.691053  1736  1883 D RILJ    : [0075]< SET_SIGNAL_STRENGTH_REPORTING_CRITERIA  [PHONE0]
09-01 13:51:13.691791  1736  1736 D SubscriptionController: [getActiveSubscriptionInfo]- subId=-1 subList=[] subInfo=null
09-01 13:51:13.692994  1209  1225 I AT      : [0] AT< +CME ERROR: 100 (RIL_CMD_READER_1, tid:520224959744)
09-01 13:51:13.693348  1209  1226 I AT      : [0] AT> AT+ECSQ=4, 0, 4, 1, 3000, 2, 4, 0, 0, 0, 0 (RIL_CMD_READER_1 tid:520223923456)
09-01 13:51:13.694055  1736  1883 D RILJ    : [0076]< SET_SIGNAL_STRENGTH_REPORTING_CRITERIA  [PHONE0]
09-01 13:51:13.695223  1736  1736 D SubscriptionController: [getActiveSubscriptionInfo]- subId=-1 subList=[] subInfo=null
09-01 13:51:13.695876  1209  1225 I AT      : [0] AT< +CME ERROR: 100 (RIL_CMD_READER_1, tid:520224959744)
09-01 13:51:13.696430  1209  1226 I AT      : [0] AT> AT+ECSQ=4, 1, 4, 2, 3000, 2, 4, -3, 1, 5, 13 (RIL_CMD_READER_1 tid:520223923456)
09-01 13:51:13.697070  1736  1883 D RILJ    : [0077]< SET_SIGNAL_STRENGTH_REPORTING_CRITERIA  [PHONE0]
09-01 13:51:13.698320  1736  1736 D SubscriptionController: [getActiveSubscriptionInfo]- subId=-1 subList=[] subInfo=null
09-01 13:51:13.699177  1209  1225 I AT      : [0] AT< +CME ERROR: 100 (RIL_CMD_READER_1, tid:520224959744)
09-01 13:51:13.699572  1209  1226 I AT      : [0] AT> AT+ECSQ=4, 1, 128, 0, 3000, 2, 4, -110, -90, -80, -65 (RIL_CMD_READER_1 tid:520223923456)
09-01 13:51:13.700126  1736  1883 D RILJ    : [0078]< SET_SIGNAL_STRENGTH_REPORTING_CRITERIA  [PHONE0]
09-01 13:51:13.701024  1736  1736 D SubscriptionController: [getActiveSubscriptionInfo]- subId=-1 subList=[] subInfo=null
09-01 13:51:13.702264  1209  1225 I AT      : [0] AT< +CME ERROR: 100 (RIL_CMD_READER_1, tid:520224959744)
09-01 13:51:13.703009  1209  1226 I AT      : [0] AT> AT+ECSQ=4, 0, 128, 1, 3000, 2, 4, 0, 0, 0, 0 (RIL_CMD_READER_1 tid:520223923456)
09-01 13:51:13.703082  1736  1883 D RILJ    : [0079]< SET_SIGNAL_STRENGTH_REPORTING_CRITERIA  [PHONE0]
09-01 13:51:13.704573  1736  1736 D SubscriptionController: [getActiveSubscriptionInfo]- subId=-1 subList=[] subInfo=null
09-01 13:51:13.705445  1209  1225 I AT      : [0] AT< +CME ERROR: 100 (RIL_CMD_READER_1, tid:520224959744)
09-01 13:51:13.706234  1209  1226 I AT      : [0] AT> AT+ECSQ=4, 0, 128, 2, 3000, 2, 4, 0, 0, 0, 0 (RIL_CMD_READER_1 tid:520223923456)
09-01 13:51:13.706308  1736  1883 D RILJ    : [0080]< SET_SIGNAL_STRENGTH_REPORTING_CRITERIA  [PHONE0]
09-01 13:51:13.708133  1736  1736 D SubscriptionController: [getActiveSubscriptionInfo]- subId=-1 subList=[] subInfo=null
09-01 13:51:13.708567  1209  1225 I AT      : [0] AT< +CME ERROR: 100 (RIL_CMD_READER_1, tid:520224959744)
09-01 13:51:13.708971  1209  1226 I AT      : [0] AT> AT+EOPS? (RIL_CMD_READER_1 tid:520223923456)
09-01 13:51:13.709368  1736  1883 D RILJ    : [0081]< SET_SIGNAL_STRENGTH_REPORTING_CRITERIA  [PHONE0]
09-01 13:51:13.711103  1209  1225 I AT      : [0] AT< +EOPS: 0,2,"000000",1 (RIL_CMD_READER_1, tid:520224959744)
09-01 13:51:13.711172  1209  1225 I AT      : [0] AT< OK (RIL_CMD_READER_1, tid:520224959744)
09-01 13:51:13.712273  1209  1226 I AT      : [0] AT> AT+ECSQ (RIL_CMD_READER_1 tid:520223923456)
09-01 13:51:13.713515  1736  1883 D RILJ    : Unsol response received; Sending ack to ril.cpp [PHONE0]
09-01 13:51:13.713591  1736  1883 D RILJ    : [UNSL]< UNSOL_RESPONSE_PS_NETWORK_STATE_CHANGED [PHONE0]
09-01 13:51:13.714359  1209  1225 I AT      : [0] AT< +ECSQ: 0,0,0,0,0,0,0,0,0,0 (RIL_CMD_READER_1, tid:520224959744)
09-01 13:51:13.714441  1209  1225 I AT      : [0] AT< +ECSQ: 0,0,0,0,0,0,0,0,0,0 (RIL_CMD_READER_1, tid:520224959744)
09-01 13:51:13.714814  1209  1225 I AT      : [0] AT< +ECSQ: 0,0,0,0,0,0,0,0,0,0 (RIL_CMD_READER_1, tid:520224959744)
09-01 13:51:13.714861  1209  1225 I AT      : [0] AT< OK (RIL_CMD_READER_1, tid:520224959744)
09-01 13:51:13.714987  1209  1226 D RmcNwReqHdlr: [0] requestSignalStrength:sigRegisted[0000], sigUpdated[0000]
09-01 13:51:13.715111  1209  1226 D RmcNwHdlr: [0] requestSignalStrength, gsm_signal_strength: 99, gsm_bit_error_rate: 99, gsm_timing_advance: 2147483647, cdma_dbm: 2147483647, cdma_ecio: 2147483647, evdo_dbm: 2147483647, evdo_ecio: 2147483647, evdo_snr: 2147483647, lte_signal_strength: 99, lte_rsrp: 2147483647, lte_rsrq: 2147483647, lte_rssnr: 2147483647, lte_cqi: 2147483647, lte_timing_advance: 2147483647, tdscdma_signal_strength: 99, tdscdma_bit_error_rate: 99, tdscdma_rscp: 255, wcdma_signal_strength: 99, wcdma_bit_error_rate: 99, wcdma_scdma_rscp: 255, wcdma_ecno: 255, ssRsrp: 2147483647, ssRsrq: 2147483647, ssSinr: 2147483647, csiRsrp: 2147483647, csiRsrq: 2147483647, csiSinr: 2147483647
09-01 13:51:13.715210  1736  1736 D SubscriptionController: [getActiveSubscriptionInfo]- subId=-1 subList=[] subInfo=null
09-01 13:51:13.715340  1209  1226 D RmcNwReqHdlr: [0] [currentPhysicalChannelConfigs] needNotifyEmpty and has notified empty list, return
09-01 13:51:13.716289  1736  1736 D TDC     : getModemCount: 2
09-01 13:51:13.716462  1736  1736 D TDC     : getModem: 0
09-01 13:51:13.716552  1736  1736 D TDC     : getModemCount: 2
09-01 13:51:13.716609  1736  1736 D TDC     : getModem: 0
09-01 13:51:13.716712  1736  1883 D RILJ    : [0093]< SIGNAL_STRENGTH SignalStrength:{mCdma=CellSignalStrengthCdma: cdmaDbm=2147483647 cdmaEcio=2147483647 evdoDbm=2147483647 evdoEcio=2147483647 evdoSnr=2147483647 level=0,mGsm=CellSignalStrengthGsm: rssi=2147483647 ber=2147483647 mTa=2147483647 mLevel=0,mWcdma=CellSignalStrengthWcdma: ss=2147483647 ber=2147483647 rscp=2147483647 ecno=2147483647 level=0,mTdscdma=CellSignalStrengthTdscdma: rssi=2147483647 ber=2147483647 rscp=2147483647 level=0,mLte=CellSignalStrengthLte: rssi=2147483647 rsrp=2147483647 rsrq=2147483647 rssnr=2147483647 cqiTableIndex=2147483647 cqi=2147483647 ta=2147483647 level=0 parametersUseForLevel=1,mNr=CellSignalStrengthNr:{ csiRsrp = 2147483647 csiRsrq = 2147483647 csiCqiTableIndex = 2147483647 csiCqiReport = [] ssRsrp = 2147483647 ssRsrq = 2147483647 ssSinr = 2147483647 level = 0 parametersUseForLevel = 1 },primary=CellSignalStrengthLte} [PHONE0]
09-01 13:51:13.717355  1736  1921 D MTKSST  : [GsmSST0] notifyMtkSignalStrength level:0 raw:SignalStrength:{mCdma=CellSignalStrengthCdma: cdmaDbm=2147483647 cdmaEcio=2147483647 evdoDbm=2147483647 evdoEcio=2147483647 evdoSnr=2147483647 level=0,mGsm=CellSignalStrengthGsm: rssi=2147483647 ber=2147483647 mTa=2147483647 mLevel=0,mWcdma=CellSignalStrengthWcdma: ss=2147483647 ber=2147483647 rscp=2147483647 ecno=2147483647 level=0,mTdscdma=CellSignalStrengthTdscdma: rssi=2147483647 ber=2147483647 rscp=2147483647 level=0,mLte=CellSignalStrengthLte: rssi=2147483647 rsrp=2147483647 rsrq=2147483647 rssnr=2147483647 cqiTableIndex=2147483647 cqi=2147483647 ta=2147483647 level=0 parametersUseForLevel=1,mNr=CellSignalStrengthNr:{ csiRsrp = 2147483647 csiRsrq = 2147483647 csiCqiTableIndex = 2147483647 csiCqiReport = [] ssRsrp = 2147483647 ssRsrq = 2147483647 ssSinr = 2147483647 level = 0 parametersUseForLevel = 1 },primary=CellSignalStrengthLte}, phoneId=0, mMtkLevel=0, mMtkRsrpOnly=true, mMtkLteRsrpThreshold=null, mMtkLteRssnrThreshold=null
09-01 13:51:13.718966  1274  1497 D MtkTelephonyRegistryEx: idMatchEx: rSubId=2147483647, subId=2147483646, dSubId=-1, rPhoneId=-1, phoneId=0
09-01 13:51:13.719130  1274  1497 D MtkTelephonyRegistryEx: idMatchEx: rSubId=2147483647, subId=2147483646, dSubId=-1, rPhoneId=-1, phoneId=0
09-01 13:51:13.731973  1736  1736 D SubscriptionController: [getActiveSubscriptionInfo]- subId=-1 subList=[] subInfo=null
09-01 13:51:13.734562  1736  1736 D SubscriptionController: [getActiveSubscriptionInfo]- subId=-1 subList=[] subInfo=null
09-01 13:51:13.736879  1736  1736 D SubscriptionController: [getActiveSubscriptionInfo]- subId=-1 subList=[] subInfo=null
09-01 13:51:13.739640  1736  1736 D SubscriptionController: [getActiveSubscriptionInfo]- subId=-1 subList=[] subInfo=null
09-01 13:51:13.742220  1736  1736 D SubscriptionController: [getActiveSubscriptionInfo]- subId=-1 subList=[] subInfo=null
09-01 13:51:13.744990  1736  1736 D SubscriptionController: [getActiveSubscriptionInfo]- subId=-1 subList=[] subInfo=null
09-01 13:51:13.747449  1736  1736 D SubscriptionController: [getActiveSubscriptionInfo]- subId=-1 subList=[] subInfo=null
09-01 13:51:13.750908  1736  1736 D SubscriptionController: [getActiveSubscriptionInfo]- subId=-1 subList=[] subInfo=null
09-01 13:51:13.755448  1736  1736 D SubscriptionController: [getActiveSubscriptionInfo]- subId=-1 subList=[] subInfo=null
09-01 13:51:13.759058  1736  1736 D SubscriptionController: [getActiveSubscriptionInfo]- subId=-1 subList=[] subInfo=null
09-01 13:51:13.761689  1736  1736 D SubscriptionController: [getActiveSubscriptionInfo]- subId=-1 subList=[] subInfo=null
09-01 13:51:13.767703  1736  1736 D SubscriptionController: [getActiveSubscriptionInfo]- subId=-1 subList=[] subInfo=null
09-01 13:51:13.770209  1736  1736 D SubscriptionController: [getActiveSubscriptionInfo]- subId=-1 subList=[] subInfo=null
09-01 13:51:13.772946  1736  1736 D SubscriptionController: [getActiveSubscriptionInfo]- subId=-1 subList=[] subInfo=null
09-01 13:51:13.775747  1736  1736 D SubscriptionController: [getActiveSubscriptionInfo]- subId=-1 subList=[] subInfo=null
09-01 13:51:13.779343  1736  1736 D SubscriptionController: [getActiveSubscriptionInfo]- subId=-1 subList=[] subInfo=null
09-01 13:51:13.782374  1736  1736 D SubscriptionController: [getActiveSubscriptionInfo]- subId=-1 subList=[] subInfo=null
09-01 13:51:13.786228  1736  1736 D SubscriptionController: [getActiveSubscriptionInfo]- subId=-1 subList=[] subInfo=null
09-01 13:51:13.790098  1736  1736 D SubscriptionController: [getActiveSubscriptionInfo]- subId=-1 subList=[] subInfo=null
09-01 13:51:13.792739  1736  1736 D SubscriptionController: [getActiveSubscriptionInfo]- subId=-1 subList=[] subInfo=null
09-01 13:51:13.795780  1736  1736 D SubscriptionController: [getActiveSubscriptionInfo]- subId=-1 subList=[] subInfo=null
09-01 13:51:13.800957  1736  1736 D SubscriptionController: [getActiveSubscriptionInfo]- subId=-1 subList=[] subInfo=null
09-01 13:51:13.806884  1736  1736 D SubscriptionController: [getActiveSubscriptionInfo]- subId=-1 subList=[] subInfo=null
09-01 13:51:13.810857  1736  1736 D SubscriptionController: [getActiveSubscriptionInfo]- subId=-1 subList=[] subInfo=null
09-01 13:51:13.814111  1736  1736 D SubscriptionController: [getActiveSubscriptionInfo]- subId=-1 subList=[] subInfo=null
09-01 13:51:13.819175  1736  1736 D SubscriptionController: [getActiveSubscriptionInfo]- subId=-1 subList=[] subInfo=null
09-01 13:51:13.822188  1736  1736 D SubscriptionController: [getActiveSubscriptionInfo]- subId=-1 subList=[] subInfo=null
09-01 13:51:13.825635  1736  1736 D SubscriptionController: [getActiveSubscriptionInfo]- subId=-1 subList=[] subInfo=null
09-01 13:51:13.831187  1736  1736 D SubscriptionController: [getActiveSubscriptionInfo]- subId=-1 subList=[] subInfo=null
09-01 13:51:13.833814  1736  1736 D SubscriptionController: [getActiveSubscriptionInfo]- subId=-1 subList=[] subInfo=null
09-01 13:51:13.836122  1736  1736 D SubscriptionController: [getActiveSubscriptionInfo]- subId=-1 subList=[] subInfo=null
09-01 13:51:13.838840  1736  1736 D SubscriptionController: [getActiveSubscriptionInfo]- subId=-1 subList=[] subInfo=null
09-01 13:51:13.844803  1736  1736 D SubscriptionController: [getActiveSubscriptionInfo]- subId=-1 subList=[] subInfo=null
09-01 13:51:13.846297  1736  1736 D TDC     : getModemCount: 2
09-01 13:51:13.846372  1736  1736 D TDC     : getModem: 0
09-01 13:51:13.846387  1736  1736 D TDC     : getModemCount: 2
09-01 13:51:13.846397  1736  1736 D TDC     : getModem: 0
09-01 13:51:13.847235  1736  1736 D CarrierResolver: handleMessage: 2
09-01 13:51:13.848900  1736  1736 D MtkGsmCdmaPhone: correctPhoneTypeForCdma: change:false newVoiceRadioTech=1 mActivePhone=GSM
09-01 13:51:13.849312  1736  1736 D MtkSubscriptionInfoUpdater: handleMessage : <EVENT_RADIO_AVAILABLE> SIM1
09-01 13:51:13.849610  1736  1736 D MtkSubscriptionInfoUpdater: checkIsAvailable result = true
09-01 13:51:13.849945  1736  1736 D MtkSubscriptionInfoUpdater: checkAllIccIdReady +, retry_count = 0
09-01 13:51:13.850681  1736  1736 D MtkSubscriptionInfoUpdater: No SIM insert :0
09-01 13:51:13.850937  1736  1736 D MtkSubscriptionInfoUpdater: iccId[0] = N/A
09-01 13:51:13.851212  1736  1736 D MtkSubscriptionInfoUpdater: [updateSubscriptionInfoIfNeed] before update sIccId[0]: null
09-01 13:51:13.852443  1736  1736 D MtkSubscriptionInfoUpdater: [needUpdateSubscriptionInfo] sIccId[0]: N/A needUpdate: true  !TextUtils.isEmpty(sIccId[0]): true
09-01 13:51:13.852697  1736  1736 D MtkSubscriptionInfoUpdater: updateSubscriptionInfoByIccId:+ Start - phoneId: 0
09-01 13:51:13.852973  1736  1736 D SubscriptionController: [getSubInfoUsingSlotIndexPrivileged]+ slotIndex:0
09-01 13:51:13.860024  1736  1736 D SubscriptionController: [getSubInfoUsingSlotIndex]- null info return
09-01 13:51:13.860305  1736  1736 D MtkSubscriptionInfoUpdater: updateSubscriptionInfoByIccId: removing subscription info record: phoneId:0 oldIccId:N/A
09-01 13:51:13.866169  1736  1736 D SubscriptionController: activeSubscriptionInfoList is null.
09-01 13:51:13.872266  1736  1736 D SubscriptionController: [getSubInfoUsingSlotIndexPrivileged]+ slotIndex:0
09-01 13:51:13.877359  1736  1736 D SubscriptionController: [getSubInfoUsingSlotIndex]- null info return
09-01 13:51:13.879076  1736  1736 D MtkSubscriptionInfoUpdater: All IccIds query complete
09-01 13:51:13.881042  1736  1736 D MtkSubscriptionInfoUpdater: bypass reset default data sub if inactive
09-01 13:51:13.881280  1736  1736 D MtkSubscriptionInfoUpdater: SubInfo Initialized
09-01 13:51:13.883380  1736  1736 D MtkSubscriptionInfoUpdater: isNewSim newSim = false
09-01 13:51:13.884799  1736  1736 D MtkSubscriptionInfoUpdater: updateSubscriptionInfoByIccId: SubscriptionInfo update complete
09-01 13:51:13.886270  1274  1497 D TelephonyRegistry: notifySubscriptionInfoChanged: first invocation mRecords.size=38
09-01 13:51:13.895863  1736  1736 D MtkSubscriptionInfoUpdater: updateSubscriptionInfoByIccId: SubscriptionInfo update complete: phoneId0 detectedType = 4 subCount = 0
09-01 13:51:13.895947  1736  1736 D MtkSubscriptionInfoUpdater: All IccIds query complete
09-01 13:51:13.895998  1736  1736 D MtkSubscriptionInfoUpdater: Notify Subscription all Loaded.
09-01 13:51:13.896253  1736  1736 D MtkSuppServHelper: [0]handleMessage: EVENT_DATA_CONNECTION_DETACHED(3)
09-01 13:51:13.896342  1736  1736 D MtkSuppServHelper: [0]handleMessage: EVENT_ICC_CHANGED(13)
09-01 13:51:13.896364  1736  1736 D MtkSuppServHelper: [0]Bypass msg: 13
09-01 13:51:13.896768  1736  1736 D ImsPhoneCallTracker: [0] handleMessage what=23
09-01 13:51:13.896814  1736  1736 D ImsPhoneCallTracker: [0] handleMessage what=23
09-01 13:51:13.896829  1736  1736 D ImsPhoneCallTracker: [0] onDataEnabledChanged: enabled=true, reason=0
09-01 13:51:13.896841  1736  1736 D ImsPhoneCallTracker: [0] Ignore data enabled - carrier policy indicates that data is not metered for ViLTE calls.
09-01 13:51:13.897719  1736  1736 D MtkImsManager [0]: createMtkImsService binder is null
09-01 13:51:13.899070  1736  1736 D ImsPhoneCallTracker: [0] handleMessage what=102
09-01 13:51:13.899113  1736  1736 D ImsPhoneCallTracker: [0] onDataRoamingOff
09-01 13:51:13.899129  1736  1736 D ImsPhoneCallTracker: [0] onDataRoamingOff: device already not roaming. ignored the update.
09-01 13:51:13.899709  1736  1736 D MTKSST  : [GsmSST0] EVENT_IMS_SERVICE_STATE_CHANGED
09-01 13:51:13.899940  1736  1736 D PhoneCfgMgr: Received EVENT_RADIO_AVAILABLE/EVENT_RADIO_ON
09-01 13:51:13.902523  1736  1736 D RILJ    : [0095]> GET_MODEM_STATUS [PHONE0]
09-01 13:51:13.903039  1736  1736 D PhoneCfgMgr: getStaticPhoneCapability: sending the request for getting PhoneCapability
09-01 13:51:13.903158  1209  1209 I RIL-Fusion: getRadioState(): radioState=10
09-01 13:51:13.903246  1736  1736 D RadioConfig: [0096]> GET_PHONE_CAPABILITY
09-01 13:51:13.903721  1736  1736 D PhoneCfgMgr: getStaticPhoneCapability: mStaticCapability mMaxActiveVoiceSubscriptions=1 mMaxActiveDataSubscriptions=1 mNetworkValidationBeforeSwitchSupported=false mDeviceNrCapability []
09-01 13:51:13.903867  1209  1209 D RadioConfig_service: radioConfig::getPhoneCapability serial=96
09-01 13:51:13.904127  1736  1736 D ImsPhoneCallTracker: [0] handleMessage what=23
09-01 13:51:13.904178  1736  1736 D ImsPhoneCallTracker: [0] handleMessage what=23
09-01 13:51:13.904196  1736  1736 D ImsPhoneCallTracker: [0] onDataEnabledChanged: enabled=true, reason=0
09-01 13:51:13.904209  1736  1736 D ImsPhoneCallTracker: [0] Ignore data enabled - carrier policy indicates that data is not metered for ViLTE calls.
09-01 13:51:13.904620  1736  1736 D PhoneSwitcher: No active subscriptions: resetting preferred phone to 0 for emergency
09-01 13:51:13.904968  1736  1736 D PhoneSwitcher: evaluating due to EVENT_DATA_ENABLED_CHANGED phone[0] 0->-1
09-01 13:51:13.905098  1736  1883 D RILJ    : [0095]< GET_MODEM_STATUS true [PHONE0]
09-01 13:51:13.905239  1736  1736 D PhoneSwitcher: sendRilCommands: setPreferredDataModem - phoneId: 0
09-01 13:51:13.905422  1736  1736 D RadioConfig: [0097]> SET_PREFERRED_DATA_MODEM
09-01 13:51:13.905721  1736  1736 D PhoneSwitcher: logDataSwitchEvent subId -1 state 1 reason 2
09-01 13:51:13.906244  1209  1209 D RadioConfig_service: radioConfig::setPreferredDataModem serial=97
09-01 13:51:13.908133  1736  1883 D RadioConfigResponse: [0096]< GET_PHONE_CAPABILITY mMaxActiveVoiceSubscriptions=0 mMaxActiveDataSubscriptions=1 mNetworkValidationBeforeSwitchSupported=false mDeviceNrCapability []
09-01 13:51:13.909113  1209  1216 I RTC_DAC : [-1] getAllowDataSlot slot prop = 0
09-01 13:51:13.909310  1736  1883 D RadioConfigResponse: [0097]< SET_PREFERRED_DATA_MODEM
09-01 13:51:13.932985  1736  1736 D DebugService: DebugService DebugService:
09-01 13:51:13.938618  1736  1736 D UiccSlot: Creating
09-01 13:51:13.938864  1736  1736 D MtkUiccSlot: Creating
09-01 13:51:13.939035  1736  1736 D UiccSlot: cardStatus[0] update: IccCardState {CARDSTATE_ABSENT,PINSTATE_UNKNOWN,num_apps=0,gsm_id=-1,cdma_id=-1,ims_id=-1,physical_slot_id=0,atr=,iccid=,eid=}
09-01 13:51:13.939204  1736  1736 E AnswerToReset: Valid ATR string must at least contains TS and T0.
09-01 13:51:13.939473  1736  1736 D UiccSlot: update: radioState=1 mLastRadioState=2
09-01 13:51:13.941730  1736  1736 D SubscriptionInfoUpdater: updateInternalIccState to simStatus ABSENT reason null phoneId 0
09-01 13:51:13.942231  1736  1935 D SuppServConf: [0]handleMessage msg: EVENT_ICC_CHANGED
09-01 13:51:13.942934  1736  1736 D UiccSlot: cardStatus[0] update: IccCardState {CARDSTATE_ABSENT,PINSTATE_UNKNOWN,num_apps=0,gsm_id=-1,cdma_id=-1,ims_id=-1,physical_slot_id=0,atr=,iccid=,eid=}
09-01 13:51:13.942994  1736  1736 E AnswerToReset: Valid ATR string must at least contains TS and T0.
09-01 13:51:13.943046  1736  1736 D UiccSlot: update: radioState=1 mLastRadioState=1
09-01 13:51:13.943185  1736  1935 D SuppServConf: [0]handleMessage msg: EVENT_ICC_CHANGED
09-01 13:51:13.947072  1736  1736 D QualifiedNetworksService: Qualified networks service created
09-01 13:51:13.962168  1736  1736 D NetworkService: network service created
09-01 13:51:13.966430  1736  1736 D NetworkService: network service created
09-01 13:51:13.967445  1736  1736 D IWlanNetworkService: IWlanNetworkService init.
09-01 13:51:13.968631  1736  1968 D IWlanNetworkService: No MwiService exist
09-01 13:51:13.969369  1736  1968 D IWlanNetworkService: checkAndBindWifiOffloadService: sWifiOffloadService = null
09-01 13:51:13.969910  1736  1968 E IWlanNetworkService: can't get WifiOffloadService, retry after 1s.
