09-01 13:51:12.901598  1274  1601 D TelephonyRegistry: notifyDataConnectionForSubscriber: phoneId=0 subId=-1  state: DISCONNECTED, transport: WWAN, id: -1, network type: UNKNOWN, APN Setting: [ApnSettingV7] null, 0, null, null, null, null, null, null, null, 0, enterprise, null, null, false, 0, false, 0, 0, 0, 0, null, null, false, 0, 0, -1, -1, link properties: null, fail cause: NONE
09-01 13:51:12.905764  1274  1601 D TelephonyRegistry: notifyDataConnectionForSubscriber: phoneId=0 subId=-1  state: DISCONNECTED, transport: WWAN, id: -1, network type: UNKNOWN, APN Setting: [ApnSettingV7] null, 0, null, null, null, null, null, null, null, 0, ims, null, null, false, 0, false, 0, 0, 0, 0, null, null, false, 0, 0, -1, -1, link properties: null, fail cause: NONE
09-01 13:51:12.908417  1274  1601 D TelephonyRegistry: notifyDataConnectionForSubscriber: phoneId=0 subId=-1  state: DISCONNECTED, transport: WWAN, id: -1, network type: UNKNOWN, APN Setting: [ApnSettingV7] null, 0, null, null, null, null, null, null, null, 0, emergency, null, null, false, 0, false, 0, 0, 0, 0, null, null, false, 0, 0, -1, -1, link properties: null, fail cause: NONE
09-01 13:51:12.911856  1274  1601 D TelephonyRegistry: notifyDataConnectionForSubscriber: phoneId=0 subId=-1  state: DISCONNECTED, transport: WWAN, id: -1, network type: UNKNOWN, APN Setting: [ApnSettingV7] null, 0, null, null, null, null, null, null, null, 0, rcs, null, null, false, 0, false, 0, 0, 0, 0, null, null, false, 0, 0, -1, -1, link properties: null, fail cause: NONE
09-01 13:51:12.917343  1274  1289 D TelephonyRegistry: notifyDataConnectionForSubscriber: phoneId=0 subId=-1  state: DISCONNECTED, transport: WWAN, id: -1, network type: UNKNOWN, APN Setting: [ApnSettingV7] null, 0, null, null, null, null, null, null, null, 0, bip, null, null, false, 0, false, 0, 0, 0, 0, null, null, false, 0, 0, -1, -1, link properties: null, fail cause: NONE
09-01 13:51:12.920559  1274  1601 D TelephonyRegistry: notifyDataConnectionForSubscriber: phoneId=0 subId=-1  state: DISCONNECTED, transport: WWAN, id: -1, network type: UNKNOWN, APN Setting: [ApnSettingV7] null, 0, null, null, null, null, null, null, null, 0, vsim, null, null, false, 0, false, 0, 0, 0, 0, null, null, false, 0, 0, -1, -1, link properties: null, fail cause: NONE
09-01 13:51:12.923217  1274  1289 D TelephonyRegistry: notifyDataConnectionForSubscriber: phoneId=0 subId=-1  state: DISCONNECTED, transport: WWAN, id: -1, network type: UNKNOWN, APN Setting: [ApnSettingV7] null, 0, null, null, null, null, null, null, null, 0, mms, null, null, false, 0, false, 0, 0, 0, 0, null, null, false, 0, 0, -1, -1, link properties: null, fail cause: NONE
09-01 13:51:12.926163  1274  1289 D TelephonyRegistry: notifyDataConnectionForSubscriber: phoneId=0 subId=-1  state: DISCONNECTED, transport: WWAN, id: -1, network type: UNKNOWN, APN Setting: [ApnSettingV7] null, 0, null, null, null, null, null, null, null, 0, supl, null, null, false, 0, false, 0, 0, 0, 0, null, null, false, 0, 0, -1, -1, link properties: null, fail cause: NONE
09-01 13:51:12.928915  1274  1601 D TelephonyRegistry: notifyDataConnectionForSubscriber: phoneId=0 subId=-1  state: DISCONNECTED, transport: WWAN, id: -1, network type: UNKNOWN, APN Setting: [ApnSettingV7] null, 0, null, null, null, null, null, null, null, 0, dun, null, null, false, 0, false, 0, 0, 0, 0, null, null, false, 0, 0, -1, -1, link properties: null, fail cause: NONE
09-01 13:51:12.930207  1274  1601 D TelephonyRegistry: onDataConnectionStateChanged(DISCONNECTED, UNKNOWN) subId=-1, phoneId=0
09-01 13:51:12.930439  1274  1601 D MtkTelephonyRegistryEx: idMatchEx: rSubId=2147483647, subId=-1, dSubId=-1, rPhoneId=-1, phoneId=0
09-01 13:51:12.930480  1274  1601 D MtkTelephonyRegistryEx: idMatchEx: rSubId=2147483647, subId=-1, dSubId=-1, rPhoneId=-1, phoneId=0
09-01 13:51:12.930521  1274  1601 D MtkTelephonyRegistryEx: idMatchEx: rSubId=2147483647, subId=-1, dSubId=-1, rPhoneId=-1, phoneId=0
09-01 13:51:12.931901  1274  1601 D TelephonyRegistry: notifyDataConnectionForSubscriber: phoneId=0 subId=-1  state: DISCONNECTED, transport: WWAN, id: -1, network type: UNKNOWN, APN Setting: [ApnSettingV7] null, 0, null, null, null, null, null, null, null, 0, hipri, null, null, false, 0, false, 0, 0, 0, 0, null, null, false, 0, 0, -1, -1, link properties: null, fail cause: NONE
09-01 13:51:12.935365  1274  1601 D TelephonyRegistry: notifyDataConnectionForSubscriber: phoneId=0 subId=-1  state: DISCONNECTED, transport: WWAN, id: -1, network type: UNKNOWN, APN Setting: [ApnSettingV7] null, 0, null, null, null, null, null, null, null, 0, hipri | default, null, null, false, 0, false, 0, 0, 0, 0, null, null, false, 0, 0, -1, -1, link properties: null, fail cause: NONE
09-01 13:51:12.937727  1274  1289 D TelephonyRegistry: notifyDataConnectionForSubscriber: phoneId=0 subId=-1  state: DISCONNECTED, transport: WWAN, id: -1, network type: UNKNOWN, APN Setting: [ApnSettingV7] null, 0, null, null, null, null, null, null, null, 0, fota, null, null, false, 0, false, 0, 0, 0, 0, null, null, false, 0, 0, -1, -1, link properties: null, fail cause: NONE
09-01 13:51:12.944054  1736  1736 D SubscriptionManager: register OnSubscriptionsChangedListener pkgName=com.android.phone listener=com.mediatek.internal.telephony.dataconnection.MtkDcTracker$DctOnSubscriptionsChangedListener@a6bd670
09-01 13:51:12.945896  1274  1289 D TelephonyRegistry: listen oscl: mHasNotifySubscriptionInfoChangedOccurred==false no callback
09-01 13:51:12.954827  1736  1736 D DcTesterDeacativateAll: register for intent action=com.android.internal.telephony.dataconnection.action_deactivate_all
09-01 13:51:12.955801  1736  1736 D DcTesterDeacativateAll: register for intent action=com.mediatek.internal.telephony.action_detached
09-01 13:51:12.957184  1736  1736 D DcTesterFailBrinupAll: register for intent action=com.android.internal.telephony.dataconnection.action_fail_bringup
09-01 13:51:12.957404  1736  1736 D DcTesterFailBrinupAll: register for intent action=com.mediatek.internal.telephony.action_detached
09-01 13:51:12.957663  1736  1736 D DcTesterFailBrinupAll: register for intent action=com.mediatek.internal.telephony.action_attached
09-01 13:51:12.960707  1736  1736 W CarrierConfigManager: Error getting config for subId -1 ICarrierConfigLoader is null
09-01 13:51:12.961085  1736  1736 W ApnConfigTypeRepository: carrier config is null
09-01 13:51:12.963469  1274  1289 D TelephonyRegistry: notifyDataConnectionForSubscriber: phoneId=0 subId=-1  state: DISCONNECTED, transport: WLAN, id: -1, network type: UNKNOWN, APN Setting: [ApnSettingV7] null, 0, null, null, null, null, null, null, null, 0, xcap, null, null, false, 0, false, 0, 0, 0, 0, null, null, false, 0, 0, -1, -1, link properties: null, fail cause: NONE
09-01 13:51:12.965990  1274  1289 D TelephonyRegistry: notifyDataConnectionForSubscriber: phoneId=0 subId=-1  state: DISCONNECTED, transport: WLAN, id: -1, network type: UNKNOWN, APN Setting: [ApnSettingV7] null, 0, null, null, null, null, null, null, null, 0, ia, null, null, false, 0, false, 0, 0, 0, 0, null, null, false, 0, 0, -1, -1, link properties: null, fail cause: NONE
09-01 13:51:12.968745  1274  1289 D TelephonyRegistry: notifyDataConnectionForSubscriber: phoneId=0 subId=-1  state: DISCONNECTED, transport: WLAN, id: -1, network type: UNKNOWN, APN Setting: [ApnSettingV7] null, 0, null, null, null, null, null, null, null, 0, cbs, null, null, false, 0, false, 0, 0, 0, 0, null, null, false, 0, 0, -1, -1, link properties: null, fail cause: NONE
09-01 13:51:12.971432  1274  1289 D TelephonyRegistry: notifyDataConnectionForSubscriber: phoneId=0 subId=-1  state: DISCONNECTED, transport: WLAN, id: -1, network type: UNKNOWN, APN Setting: [ApnSettingV7] null, 0, null, null, null, null, null, null, null, 0, mcx, null, null, false, 0, false, 0, 0, 0, 0, null, null, false, 0, 0, -1, -1, link properties: null, fail cause: NONE
09-01 13:51:12.974144  1274  1601 D TelephonyRegistry: notifyDataConnectionForSubscriber: phoneId=0 subId=-1  state: DISCONNECTED, transport: WLAN, id: -1, network type: UNKNOWN, APN Setting: [ApnSettingV7] null, 0, null, null, null, null, null, null, null, 0, enterprise, null, null, false, 0, false, 0, 0, 0, 0, null, null, false, 0, 0, -1, -1, link properties: null, fail cause: NONE
09-01 13:51:12.977968  1274  1601 D TelephonyRegistry: notifyDataConnectionForSubscriber: phoneId=0 subId=-1  state: DISCONNECTED, transport: WLAN, id: -1, network type: UNKNOWN, APN Setting: [ApnSettingV7] null, 0, null, null, null, null, null, null, null, 0, ims, null, null, false, 0, false, 0, 0, 0, 0, null, null, false, 0, 0, -1, -1, link properties: null, fail cause: NONE
09-01 13:51:12.981071  1274  1351 D TelephonyRegistry: notifyDataConnectionForSubscriber: phoneId=0 subId=-1  state: DISCONNECTED, transport: WLAN, id: -1, network type: UNKNOWN, APN Setting: [ApnSettingV7] null, 0, null, null, null, null, null, null, null, 0, emergency, null, null, false, 0, false, 0, 0, 0, 0, null, null, false, 0, 0, -1, -1, link properties: null, fail cause: NONE
09-01 13:51:12.983621  1274  1289 D TelephonyRegistry: notifyDataConnectionForSubscriber: phoneId=0 subId=-1  state: DISCONNECTED, transport: WLAN, id: -1, network type: UNKNOWN, APN Setting: [ApnSettingV7] null, 0, null, null, null, null, null, null, null, 0, rcs, null, null, false, 0, false, 0, 0, 0, 0, null, null, false, 0, 0, -1, -1, link properties: null, fail cause: NONE
09-01 13:51:12.987110  1274  1351 D TelephonyRegistry: notifyDataConnectionForSubscriber: phoneId=0 subId=-1  state: DISCONNECTED, transport: WLAN, id: -1, network type: UNKNOWN, APN Setting: [ApnSettingV7] null, 0, null, null, null, null, null, null, null, 0, bip, null, null, false, 0, false, 0, 0, 0, 0, null, null, false, 0, 0, -1, -1, link properties: null, fail cause: NONE
09-01 13:51:12.989562  1274  1351 D TelephonyRegistry: notifyDataConnectionForSubscriber: phoneId=0 subId=-1  state: DISCONNECTED, transport: WLAN, id: -1, network type: UNKNOWN, APN Setting: [ApnSettingV7] null, 0, null, null, null, null, null, null, null, 0, vsim, null, null, false, 0, false, 0, 0, 0, 0, null, null, false, 0, 0, -1, -1, link properties: null, fail cause: NONE
09-01 13:51:12.992060  1274  1351 D TelephonyRegistry: notifyDataConnectionForSubscriber: phoneId=0 subId=-1  state: DISCONNECTED, transport: WLAN, id: -1, network type: UNKNOWN, APN Setting: [ApnSettingV7] null, 0, null, null, null, null, null, null, null, 0, mms, null, null, false, 0, false, 0, 0, 0, 0, null, null, false, 0, 0, -1, -1, link properties: null, fail cause: NONE
09-01 13:51:12.994566  1274  1289 D TelephonyRegistry: notifyDataConnectionForSubscriber: phoneId=0 subId=-1  state: DISCONNECTED, transport: WLAN, id: -1, network type: UNKNOWN, APN Setting: [ApnSettingV7] null, 0, null, null, null, null, null, null, null, 0, supl, null, null, false, 0, false, 0, 0, 0, 0, null, null, false, 0, 0, -1, -1, link properties: null, fail cause: NONE
09-01 13:51:12.997321  1274  1351 D TelephonyRegistry: notifyDataConnectionForSubscriber: phoneId=0 subId=-1  state: DISCONNECTED, transport: WLAN, id: -1, network type: UNKNOWN, APN Setting: [ApnSettingV7] null, 0, null, null, null, null, null, null, null, 0, dun, null, null, false, 0, false, 0, 0, 0, 0, null, null, false, 0, 0, -1, -1, link properties: null, fail cause: NONE
09-01 13:51:13.000061  1274  1289 D TelephonyRegistry: notifyDataConnectionForSubscriber: phoneId=0 subId=-1  state: DISCONNECTED, transport: WLAN, id: -1, network type: UNKNOWN, APN Setting: [ApnSettingV7] null, 0, null, null, null, null, null, null, null, 0, hipri, null, null, false, 0, false, 0, 0, 0, 0, null, null, false, 0, 0, -1, -1, link properties: null, fail cause: NONE
09-01 13:51:13.004080  1274  1289 D TelephonyRegistry: notifyDataConnectionForSubscriber: phoneId=0 subId=-1  state: DISCONNECTED, transport: WLAN, id: -1, network type: UNKNOWN, APN Setting: [ApnSettingV7] null, 0, null, null, null, null, null, null, null, 0, hipri | default, null, null, false, 0, false, 0, 0, 0, 0, null, null, false, 0, 0, -1, -1, link properties: null, fail cause: NONE
09-01 13:51:13.006888  1274  1289 D TelephonyRegistry: notifyDataConnectionForSubscriber: phoneId=0 subId=-1  state: DISCONNECTED, transport: WLAN, id: -1, network type: UNKNOWN, APN Setting: [ApnSettingV7] null, 0, null, null, null, null, null, null, null, 0, fota, null, null, false, 0, false, 0, 0, 0, 0, null, null, false, 0, 0, -1, -1, link properties: null, fail cause: NONE
09-01 13:51:13.012448  1736  1736 D SubscriptionManager: register OnSubscriptionsChangedListener pkgName=com.android.phone listener=com.mediatek.internal.telephony.dataconnection.MtkDcTracker$DctOnSubscriptionsChangedListener@c868707
09-01 13:51:13.013380  1274  1601 D TelephonyRegistry: listen oscl: mHasNotifySubscriptionInfoChangedOccurred==false no callback
09-01 13:51:13.013966  1736  1736 D CarrierResolver: Creating CarrierResolver[0]
09-01 13:51:13.017220  1736  1736 D MTKSST  : [GsmSST0] notifyVoiceRegStateRilRadioTechnologyChanged: vrs=1 rat=0
09-01 13:51:13.039092  1736  1736 I GsmCdmaPhone: [0] updateTtyMode ttyMode=0
09-01 13:51:13.041305  1736  1736 D RILJ    : [0027]> SET_TTY_MODE ttyMode = 0 [PHONE0]
09-01 13:51:13.042165  1209  1216 D RtcCC   : [0] updateRQ() : RQ   = 0
09-01 13:51:13.043404  1736  1736 I GsmCdmaPhone: [0] updateUiTtyMode ttyMode=0
09-01 13:51:13.043657  1736  1736 D CallManager: registerPhone(GSM Handler (com.mediatek.internal.telephony.MtkGsmCdmaPhone) {5fcde04})
09-01 13:51:13.044037  1736  1736 D MtkGsmCdmaPhone: constructor: sub = 0
09-01 13:51:13.044852  1736  1736 D FeatureConnector: [InstanceManager, 0] imsFeatureRemoved: reason=3
09-01 13:51:13.045185  1209  1228 D RmcCCReqHandler: [0] onHandleRequest: RFX_MSG_REQUEST_SET_TTY_MODE
09-01 13:51:13.045344  1209  1228 I AT      : [0] AT> AT+CTMCALL=0 (RIL_CMD_READER_2 tid:520221850880)
09-01 13:51:13.046676  1736  1883 D RILJ    : Unsol response received; Sending ack to ril.cpp [PHONE0]
09-01 13:51:13.047119  1736  1736 D SelfActivationDefault: init
09-01 13:51:13.048905  1736  1736 D CpaDct  : [CpaDct]makeCpaDcTracker: X sCpaDcTracker=Handler (com.mediatek.internal.telephony.dataconnection.CpaDcTracker) {47a8ca3}
09-01 13:51:13.049638  1736  1883 D RILJ    : [UNSL]< MTK: UNSOL_CALL_ADDITIONAL_INFO  [PHONE0]
09-01 13:51:13.050112  1736  1736 D RILJ    : [0029]> VOICE_RADIO_TECH [PHONE0]
09-01 13:51:13.051347  1736  1883 D RILJ    : [0029]< VOICE_RADIO_TECH {1} [PHONE0]
09-01 13:51:13.052882  1209  1227 I AT      : [0] AT< OK (RIL_CMD_READER_2, tid:520222887168)
09-01 13:51:13.053871  1736  1883 D RILJ    : [0027]< SET_TTY_MODE  [PHONE0]
09-01 13:51:13.076424  1736  1736 I PhoneFactory: defaultSmsApplication: com.google.android.apps.messaging
09-01 13:51:13.084497  1736  1736 I PhoneFactory: Creating SubInfoRecordUpdater 
09-01 13:51:13.085355  1736  1736 D SubscriptionInfoUpdater: Constructor invoked
09-01 13:51:13.095943  1736  1736 D MtkSubscriptionInfoUpdater: MtkSubscriptionInfoUpdater created
09-01 13:51:13.097754  1736  1736 D SuppServManager: Create MtkSuppServManager singleton instance, phones.length = 1
09-01 13:51:13.097827  1736  1736 D SuppServManager: Initialize MtkSuppServManager!
09-01 13:51:13.099995  1736  1736 D MtkImsManager [0]: createMtkImsService binder is null
09-01 13:51:13.100586  1736  1736 D FeatureConnector: [MtkSuppServHelper, 0] imsFeatureRemoved: reason=3
09-01 13:51:13.101215  1736  1736 D MtkRILJ : call registerForCallForwardingInfo, Handler : Handler (com.mediatek.internal.telephony.MtkSuppServHelper) {4e79491}
09-01 13:51:13.101330  1736  1935 D MtkSuppServHelper: [0]unSetImsCallback
09-01 13:51:13.103378  1736  1736 D MtkSuppServHelper: [0]MtkSuppServHelper init done.
09-01 13:51:13.103507  1736  1736 I SuppServConf: [0]MtkSuppServConf constructor.
09-01 13:51:13.103520  1736  1736 I SuppServConf: [0]MtkSuppServConf init.
09-01 13:51:13.103532  1736  1736 I SuppServConf: [0]initConfig start.
09-01 13:51:13.103586  1736  1736 I SuppServConf: [0]initConfig end.
09-01 13:51:13.104638  1736  1935 D SuppServConf: [0]handleMessage msg: EVENT_ICC_CHANGED
09-01 13:51:13.104778  1736  1935 D SuppServConf: [0]handleMessage msg: EVENT_INIT
09-01 13:51:13.104876  1736  1935 I SuppServConf: [0]resetConfig start.
09-01 13:51:13.104945  1736  1935 I SuppServConf: [0]resetConfig end.
09-01 13:51:13.105499  1736  1935 W CarrierConfigManager: Error getting config for subId -1 ICarrierConfigLoader is null
09-01 13:51:13.105573  1736  1935 D SuppServConf: [0]Config is null.
09-01 13:51:13.105609  1736  1935 I SuppServConf: [0]NOT_SUPPORT_XCAP -> bValue: false, sValue: , iValue: -1
09-01 13:51:13.105655  1736  1935 I SuppServConf: [0]ENABLE_XCAP_HTTP_RESPONSE_409 -> bValue: false, sValue: , iValue: -1
09-01 13:51:13.105752  1736  1736 D SmartDataSwitch:  is created
09-01 13:51:13.105885  1736  1935 I SuppServConf: [0]QUERY_CFU_AGAIN_AFTER_SET -> bValue: false, sValue: , iValue: -1
09-01 13:51:13.105982  1736  1935 I SuppServConf: [0]NEED_CHECK_IMS_WHEN_ROAMING -> bValue: false, sValue: , iValue: -1
09-01 13:51:13.106042  1736  1935 I SuppServConf: [0]RE_REGISTER_FOR_CF -> bValue: false, sValue: , iValue: -1
09-01 13:51:13.106096  1736  1935 I SuppServConf: [0]NOT_SUPPORT_CALL_IDENTITY -> bValue: false, sValue: , iValue: -1
09-01 13:51:13.106167  1736  1935 I SuppServConf: [0]NEED_CHECK_DATA_ROAMING -> bValue: false, sValue: , iValue: -1
09-01 13:51:13.106222  1736  1935 I SuppServConf: [0]GSM_UT_SUPPORT -> bValue: false, sValue: , iValue: -1
09-01 13:51:13.106275  1736  1935 I SuppServConf: [0]IMS_NW_CW -> bValue: false, sValue: , iValue: -1
09-01 13:51:13.106326  1736  1935 I SuppServConf: [0]TBCLIR -> bValue: false, sValue: , iValue: -1
09-01 13:51:13.106378  1736  1935 I SuppServConf: [0]TRANSFER_XCAP_404 -> bValue: false, sValue: , iValue: -1
09-01 13:51:13.106508  1736  1736 D SmartDataSwitch: registerEvents
09-01 13:51:13.106823  1736  1736 D SmartDataSwitchOpExt: init()
09-01 13:51:13.106928  1736  1736 D SmartDataSwitch: init done
09-01 13:51:13.106997  1736  1736 D SmartDataSwitch: makeSDSA: X sSDSA =Handler (com.mediatek.internal.telephony.datasub.SmartDataSwitchAssistant) {6c414e7}
09-01 13:51:13.107207  1736  1736 D DcHelper: makeMtkDcHelper: phones.length=1
09-01 13:51:13.107294  1736  1935 I SuppServConf: [0]NOT_SUPPORT_WFC_UT -> bValue: false, sValue: , iValue: -1
09-01 13:51:13.107357  1736  1935 I SuppServConf: [0]NOT_SUPPORT_OCB -> bValue: false, sValue: , iValue: -1
09-01 13:51:13.107385  1736  1935 I SuppServConf: [0]SUPPORT_SAVE_CF_NUMBER -> bValue: false, sValue: , iValue: -1
09-01 13:51:13.107399  1736  1935 I SuppServConf: [0]NEED_CHECK_DATA_ENABLE -> bValue: false, sValue: , iValue: -1
09-01 13:51:13.107491  1736  1736 D DcHelper: registerEvents
09-01 13:51:13.108739  1736  1736 D DcHelper: registered phone change event.
09-01 13:51:13.108901  1736  1736 D DcHelper: makesMtkDcHelper: X sMtkDcHelper =com.mediatek.internal.telephony.dataconnection.MtkDcHelper@f331883
09-01 13:51:13.110378  1736  1736 D TelephonyComponentFactory: not found VoData library
09-01 13:51:13.111377  1736  1736 D TelephonyTester: register for intent action=com.mediatek.internal.telephony.imsphone.action_detached
09-01 13:51:13.111643  1736  1736 D TelephonyTester: register for intent action=com.mediatek.internal.telephony.imsphone.action_attached
09-01 13:51:13.111776  1736  1736 D TelephonyTester: register for intent action=com.android.internal.telephony.TestConferenceEventPackage
09-01 13:51:13.111955  1736  1736 D TelephonyTester: register for intent action=com.android.internal.telephony.TestServiceState
09-01 13:51:13.112024  1736  1736 D TelephonyTester: register for intent action=com.android.internal.telephony.TestChangeNumber
09-01 13:51:13.133251  1736  1736 E ImsPhoneCallTracker: [0] cacheCarrierConfiguration: No carrier config service found or not active subId = -1
09-01 13:51:13.134779  1736  1736 W CarrierConfigManager: Error getting config for subId -1 ICarrierConfigLoader is null
09-01 13:51:13.134921  1736  1736 E ImsPhoneCallTracker: [0] updateCarrierConfiguration: Empty carrier config.
09-01 13:51:13.137775  1736  1736 D ImsPhoneCallTracker: [0] registerIndicationReceiver
09-01 13:51:13.142548  1736  1736 D SubscriptionManager: register OnSubscriptionsChangedListener pkgName=com.android.phone listener=com.mediatek.internal.telephony.imsphone.MtkImsPhoneCallTracker$1@fbe568a
09-01 13:51:13.143187  1274  1351 D TelephonyRegistry: listen oscl: mHasNotifySubscriptionInfoChangedOccurred==false no callback
09-01 13:51:13.143509  1736  1736 D RttEmcGuardTimerUtil: initRttEmcGuardTimer
09-01 13:51:13.145281  1736  1736 W CarrierConfigManager: Error getting config for subId -1 ICarrierConfigLoader is null
09-01 13:51:13.149151  1736  1736 D CallManager: registerPhone(MtkImsPhone Handler (com.mediatek.internal.telephony.imsphone.MtkImsPhone) {575f239})
09-01 13:51:13.149588  1736  1736 D DcHelper: registerImsEvents, phoneId = 0
09-01 13:51:13.151296  1736  1736 D MtkPhoneSwitcher: MtkPhoneSwitcher mtkMake
09-01 13:51:13.154270  1736  1736 D FeatureConnector: [InstanceManager, 0] imsFeatureRemoved: reason=3
09-01 13:51:13.156164  1274  1601 D TelephonyRegistry: listen oscl: mHasNotifySubscriptionInfoChangedOccurred==false no callback
09-01 13:51:13.162821  1736  1736 D MtkPhoneSwitcher: updateHalCommandToUse
09-01 13:51:13.162864  1736  1736 D PhoneSwitcher: PhoneSwitcher started
09-01 13:51:13.163022  1736  1736 D MtkPhoneSwitcher: getSimLockPolicy:0
09-01 13:51:13.168204  1736  1736 D MtkProxyController: Constructor - Enter, rild mode = 2
09-01 13:51:13.172712  1736  1736 D MtkProxyController: Constructor - Exit
09-01 13:51:13.180960  1736  1736 D SubscriptionManager: register OnSubscriptionsChangedListener pkgName=com.android.phone listener=com.android.internal.telephony.dataconnection.TelephonyNetworkFactory$1@c05d1ad
09-01 13:51:13.181841  1274  1351 D TelephonyRegistry: listen oscl: mHasNotifySubscriptionInfoChangedOccurred==false no callback
09-01 13:51:13.182228  1736  1736 D TelephonyNetworkFactory[0]: Registering NetworkFactory
09-01 13:51:13.183928  1736  1736 D TelephonyComponentFactory: Creating CarrierExpress
09-01 13:51:13.193846  1736  1736 W CarrierConfigManager: Error getting config for subId -1 ICarrierConfigLoader is null
09-01 13:51:13.194414  1736  1736 D RcsProvisioningMonitor: RcsProvisioningMonitor created.
09-01 13:51:13.196289  1736  1736 D RcsProvisioningMonitor: init.
09-01 13:51:13.198553  1274  1351 D TelephonyRegistry: listen oscl: mHasNotifySubscriptionInfoChangedOccurred==false no callback
09-01 13:51:13.219390  1736  1736 D SubscriptionManager: register OnSubscriptionsChangedListener pkgName=com.android.phone listener=com.android.phone.CallNotifier$1@8d45de
09-01 13:51:13.220255  1274  1351 D TelephonyRegistry: listen oscl: mHasNotifySubscriptionInfoChangedOccurred==false no callback
09-01 13:51:13.220824  1736  1736 D CallManager: registerForMmiComplete
09-01 13:51:13.221930  1736  1736 D NewNitzStateMachineImpl: handleAirplaneModeChanged(false): mLatestNitzSignal was already null. Nothing to do.
09-01 13:51:13.225903  1736  1736 D NewNitzStateMachineImpl: handleAirplaneModeChanged(false): mLatestNitzSignal was already null. Nothing to do.
09-01 13:51:13.240131  1736  1736 D SubscriptionManager: register OnSubscriptionsChangedListener pkgName=com.android.phone listener=com.android.services.telephony.TelecomAccountRegistry$1@cba51
09-01 13:51:13.240918  1274  1601 D TelephonyRegistry: listen oscl: mHasNotifySubscriptionInfoChangedOccurred==false no callback
09-01 13:51:13.250935  1736  1736 D TDC     : handleMessage: received EVENT_HARDWARE_CONFIG_CHANGED
09-01 13:51:13.251301  1736  1736 D TDC     : updateOrInsert: inserting: Modem { uuid=modem_sys1_ps0, state=0, rilModel=0, rat={}, maxActiveVoiceCall=1, maxActiveDataCall=1, maxStandby=1 }
09-01 13:51:13.251391  1736  1736 D TDC     : updateOrInsert: inserting: Sim { uuid=modem_sys1_ps0, modemUuid=modem_sys1_ps0, state=0 }
09-01 13:51:13.251489  1736  1736 D TDC     : handleMessage: received EVENT_HARDWARE_CONFIG_CHANGED
09-01 13:51:13.251563  1736  1736 D TDC     : updateOrInsert: removing: Modem { uuid=modem_sys1_ps0, state=0, rilModel=0, rat={}, maxActiveVoiceCall=1, maxActiveDataCall=1, maxStandby=1 }
09-01 13:51:13.251589  1736  1736 D TDC     : updateOrInsert: inserting: Modem { uuid=modem_sys1_ps0, state=0, rilModel=0, rat={}, maxActiveVoiceCall=1, maxActiveDataCall=1, maxStandby=1 }
09-01 13:51:13.251617  1736  1736 D TDC     : updateOrInsert: removing: Sim { uuid=modem_sys1_ps0, modemUuid=modem_sys1_ps0, state=0 }
09-01 13:51:13.251638  1736  1736 D TDC     : updateOrInsert: inserting: Sim { uuid=modem_sys1_ps0, modemUuid=modem_sys1_ps0, state=0 }
09-01 13:51:13.252421  1736  1736 I RadioManager: sendEvent: EVENT_RADIO_AVAILABLE
09-01 13:51:13.252856  1736  1896 I RadioManager: processMessage: EVENT_RADIO_AVAILABLE
09-01 13:51:13.255857  1736  1736 D RILJ    : [0030]> GET_SIM_STATUS [PHONE0]
09-01 13:51:13.256259  1736  1736 D RadioConfig: [0031]> GET_SLOT_STATUS
09-01 13:51:13.256738  1209  1209 D RadioConfig_service: radioConfig::getSimSlotsStatus 
09-01 13:51:13.257038  1209  1216 D RtcRadioConfig: [-1] onHandleRequest, slot id = 0
09-01 13:51:13.257514  1209  1236 I AT      : [0] AT> AT+CPIN? (RIL_CMD_RT_7 tid:520213560576)
09-01 13:51:13.258500  1736  1736 D RILJ    : [0032]> GET_SIM_STATUS [PHONE0]
09-01 13:51:13.258779  1736  1736 D RadioConfig: [0033]> GET_SLOT_STATUS
09-01 13:51:13.259254  1736  1736 D MtkGsmCdmaPhone: EVENT_ICC_CHANGED, phone id = 0, result = null
09-01 13:51:13.259625  1736  1736 E GsmCdmaPhone: [0] reapplyUiccAppsEnablementIfNeeded(), slot is null ,mUiccApplicationsEnabled = null
09-01 13:51:13.260375  1209  1209 D RadioConfig_service: radioConfig::getSimSlotsStatus 
09-01 13:51:13.260377  1736  1736 D MtkGsmCdmaPhone: isPhoneTypeCdmaLte:false, phoneId: 0 isCdmaWithoutLteCard: false mNewVoiceTech: -1
09-01 13:51:13.260951  1209  1216 D RtcRadioConfig: [-1] onHandleRequest, slot id = 0
09-01 13:51:13.264952  1209  1235 I AT      : [0] AT< +CME ERROR: 10 (RIL_CMD_RT_7, tid:520214596864)
09-01 13:51:13.265213  1209  1236 I AT      : [0] AT> AT+ESLOTSINFO? (RIL_CMD_RT_7 tid:520213560576)
09-01 13:51:13.272567  1209  1235 I AT      : [0] AT< +CME ERROR: 100 (RIL_CMD_RT_7, tid:520214596864)
09-01 13:51:13.288213  1209  1236 I AT      : [0] AT> AT+ESLOTSINFO? (RIL_CMD_RT_7 tid:520213560576)
09-01 13:51:13.289026  1209  1216 I RtcImsConfigController: [0] onSimStateChanged, simState = 1
09-01 13:51:13.289412  1209  1216 I RtcImsConfigController: [0] DIMS setImsResourceCapability, volte:1, vilte:1, wfc:0, vonr:0, vinr:0
09-01 13:51:13.290006  1209  1216 E RILC    : imsCfgDynamicImsSwitchCompleteInd: mtkRadioExService[4]->mRadioIndicationIms == NULL
09-01 13:51:13.294181  1736  1883 D RILJ    : responseIccCardStatus: from HIDL: IccCardState {CARDSTATE_ABSENT,PINSTATE_UNKNOWN,num_apps=0,gsm_id=-1,cdma_id=-1,ims_id=-1,physical_slot_id=0,atr=,iccid=,eid=} [PHONE0]
09-01 13:51:13.294337  1736  1883 D RILJ    : [0030]< GET_SIM_STATUS IccCardState {CARDSTATE_ABSENT,PINSTATE_UNKNOWN,num_apps=0,gsm_id=-1,cdma_id=-1,ims_id=-1,physical_slot_id=0,atr=,iccid=,eid=} [PHONE0]
09-01 13:51:13.296199  1209  1235 I AT      : [0] AT< +CME ERROR: 100 (RIL_CMD_RT_7, tid:520214596864)
09-01 13:51:13.296446  1209  1236 E RmcCommSimReq: [0] handleGetSlotStatus error!, pp_slot_status = 0x0
09-01 13:51:13.296604  1209  1216 D RadioConfig_service: getSimSlotsStatusResponse: response
09-01 13:51:13.296708  1209  1216 D RadioConfig_service: radioConfigService ->mRadioConfigResponseV1_2 != NULL
09-01 13:51:13.296748  1209  1216 E RadioConfig_service: getSimSlotsStatusResponse: Invalid response
09-01 13:51:13.297066  1209  1236 I AT      : [0] AT> AT+CPIN? (RIL_CMD_RT_7 tid:520213560576)
09-01 13:51:13.297530  1736  1883 D RilRequest: [0031]< GET_SLOT_STATUS error: com.android.internal.telephony.CommandException: REQUEST_NOT_SUPPORTED ret=[] result={ when=-55s387ms what=4 obj=0 target=com.mediatek.internal.telephony.uicc.MtkUiccController }
09-01 13:51:13.297673  1736  1883 E RadioConfigResponse: [0031]< GET_SLOT_STATUS error 6
09-01 13:51:13.304617  1209  1235 I AT      : [0] AT< +CME ERROR: 10 (RIL_CMD_RT_7, tid:520214596864)
09-01 13:51:13.304812  1209  1236 I AT      : [0] AT> AT+ESLOTSINFO? (RIL_CMD_RT_7 tid:520213560576)
09-01 13:51:13.312192  1209  1235 I AT      : [0] AT< +CME ERROR: 100 (RIL_CMD_RT_7, tid:520214596864)
09-01 13:51:13.332240  1209  1236 I AT      : [0] AT> AT+ESLOTSINFO? (RIL_CMD_RT_7 tid:520213560576)
09-01 13:51:13.332819  1736  1883 D RILJ    : responseIccCardStatus: from HIDL: IccCardState {CARDSTATE_ABSENT,PINSTATE_UNKNOWN,num_apps=0,gsm_id=-1,cdma_id=-1,ims_id=-1,physical_slot_id=0,atr=,iccid=,eid=} [PHONE0]
09-01 13:51:13.332985  1736  1883 D RILJ    : [0032]< GET_SIM_STATUS IccCardState {CARDSTATE_ABSENT,PINSTATE_UNKNOWN,num_apps=0,gsm_id=-1,cdma_id=-1,ims_id=-1,physical_slot_id=0,atr=,iccid=,eid=} [PHONE0]
09-01 13:51:13.339705  1209  1235 I AT      : [0] AT< +CME ERROR: 100 (RIL_CMD_RT_7, tid:520214596864)
09-01 13:51:13.339946  1209  1236 E RmcCommSimReq: [0] handleGetSlotStatus error!, pp_slot_status = 0x0
09-01 13:51:13.340137  1209  1216 D RadioConfig_service: getSimSlotsStatusResponse: response
09-01 13:51:13.340170  1209  1216 D RadioConfig_service: radioConfigService ->mRadioConfigResponseV1_2 != NULL
09-01 13:51:13.340180  1209  1216 E RadioConfig_service: getSimSlotsStatusResponse: Invalid response
09-01 13:51:13.340694  1736  1883 D RilRequest: [0033]< GET_SLOT_STATUS error: com.android.internal.telephony.CommandException: REQUEST_NOT_SUPPORTED ret=[] result={ when=-55s431ms what=4 obj=0 target=com.mediatek.internal.telephony.uicc.MtkUiccController }
09-01 13:51:13.340812  1736  1883 E RadioConfigResponse: [0033]< GET_SLOT_STATUS error 6
09-01 13:51:13.433249  1736  1736 D GsmCdmaCallTkr: Receives EVENT_RADIO_OFF_OR_NOT_AVAILABLE
09-01 13:51:13.433633  1736  1736 D GsmCdmaCallTracker: [0] update phone state, old=IDLE new=IDLE
09-01 13:51:13.434653  1736  1736 D MtkImsManager [0]: createMtkImsService binder is null
09-01 13:51:13.438969  1736  1736 D MtkGsmSMSDispatcher: Wrong phone id event coming, PhoneId: -1
09-01 13:51:13.439217  1736  1736 D MtkGsmSMSDispatcher: Wrong phone id event coming, PhoneId: -1
09-01 13:51:13.441562  1736  1736 D RILJ    : [0034]> BASEBAND_VERSION [PHONE0]
09-01 13:51:13.443218  1736  1736 D RILJ    : [0035]> DEVICE_IDENTITY [PHONE0]
09-01 13:51:13.443973  1209  1226 I AT      : [0] AT> AT+CGMR (RIL_CMD_READER_1 tid:520223923456)
09-01 13:51:13.444716  1736  1736 D RILJ    : [0036]> GET_RADIO_CAPABILITY [PHONE0]
09-01 13:51:13.446176  1736  1736 D RILJ    : [0037]> GET_UICC_APPLICATIONS_ENABLEMENT [PHONE0]
09-01 13:51:13.446912  1736  1736 D MtkGsmCdmaPhone: EVENT_RADIO_OFF_OR_NOT_AVAILABLEreceived.
09-01 13:51:13.447592  1736  1883 D RILJ    : convertHalRadioCapability: session=-1, phase=3, rat=36869, logicModemUuid=modem_sys1_ps0, status=1, rcRil.raf=81930 [PHONE0]
09-01 13:51:13.447687  1209  1230 I AT      : [0] AT> AT+ESIMPOWER? (RIL_CMD_READER_3 tid:520219778304)
09-01 13:51:13.447825  1736  1883 D RILJ    : [0036]< GET_RADIO_CAPABILITY {mPhoneId = 0 mVersion=1 mSession=-1 mPhase=3 mRadioAccessFamily=36869 mLogicModemId=modem_sys1_ps0 mStatus=1} [PHONE0]
09-01 13:51:13.448911  1736  1736 D GsmCdmaCallTkr: onRilConnected 0
09-01 13:51:13.451655  1209  1225 I AT      : [0] AT< +CGMR: MOLY.LR12A.R3.MP.V220.P6, 2022/08/24 11:16 (RIL_CMD_READER_1, tid:520224959744)
09-01 13:51:13.451748  1209  1229 I AT      : [0] AT< +CME ERROR: 10 (RIL_CMD_READER_3, tid:520220814592)
09-01 13:51:13.451768  1209  1225 I AT      : [0] AT< OK (RIL_CMD_READER_1, tid:520224959744)
09-01 13:51:13.452061  1209  1226 I AT      : [0] AT> AT+CGSN (RIL_CMD_READER_1 tid:520223923456)
09-01 13:51:13.452056  1736  1736 D ANM-0   : bind to com.android.phone
09-01 13:51:13.454024  1736  1883 D RILJ    : [0034]< BASEBAND_VERSION MOLY.LR12A.R3.MP.V220.P6 [PHONE0]
09-01 13:51:13.454485  1736  1883 D RILJ    : [0037]< GET_UICC_APPLICATIONS_ENABLEMENT error 11 [PHONE0]
09-01 13:51:13.454651  1736  1883 D RilRequest: [0037]< GET_UICC_APPLICATIONS_ENABLEMENT error: com.android.internal.telephony.CommandException: SIM_ABSENT ret=true result={ when=-55s545ms what=55 target=com.mediatek.internal.telephony.MtkGsmCdmaPhone }
09-01 13:51:13.459517  1736  1736 D MTKSST  : [GsmSST0] EVENT_ICC_CHANGED: SIM absent
09-01 13:51:13.459588  1736  1736 D MTKSST  : [GsmSST0] cancelAllNotifications: mPrevSubId=-1
09-01 13:51:13.466077  1736  1736 D MTKSST  : [GsmSST0] updateSpnDisplay: radio is on but out of service, set plmn='No service'
09-01 13:51:13.467090  1736  1736 D MTKSST  : [GsmSST0] updateSpnDisplay: rawSpn = 
09-01 13:51:13.467620  1209  1225 I AT      : [0] AT< *** (RIL_CMD_READER_1, tid:520224959744)
09-01 13:51:13.468110  1209  1225 I AT      : [0] AT< OK (RIL_CMD_READER_1, tid:520224959744)
09-01 13:51:13.470002  1736  1736 D MTKSST  : [GsmSST0] updateSpnDisplay: updateSpnDisplay: changed sending intent, rule=2, showPlmn='true', plmn='No service', showSpn='false', spn='null', dataSpn='', subId='-1'
09-01 13:51:13.470245  1736  1883 D RILJ    : [0035]< DEVICE_IDENTITY {[k74WwoAf3dgzpvhFdRiujzcCOh0], 02, , } [PHONE0]
09-01 13:51:13.470384  1736  1736 D SubscriptionManager: putPhoneIdAndSubIdExtra: no valid subs
09-01 13:51:13.475424  1736  1736 D NRM-C-0 : Trying to bind com.android.phone for transport WWAN
09-01 13:51:13.482664  1736  1736 D NRM-I-0 : Trying to bind com.android.phone for transport WLAN
09-01 13:51:13.487643  1736  1736 D MTKSST  : [GsmSST0] handle EVENT_RADIO_STATE_CHANGED
09-01 13:51:13.488455  1736  1736 D RatConfig: getActiveRatConfig: Lf/W/G
09-01 13:51:13.492131  1736  1736 D MtkTelephonyManagerEx: simSwitchMode result = 3
09-01 13:51:13.492803  1736  1736 D MTKSST  : [GsmSST0] setRadioPowerForReason power:true, mDesiredPowerState:true, forEmergencyCall:false, isSelectedPhoneForEmergencyCall:false, forceApply:false, radioState:0, reason:0
09-01 13:51:13.493624  1736  1736 D MTKSST  : [GsmSST0] setPowerStateToDesired: mDeviceShuttingDown=false, mDesiredPowerState=true, getRadioState=0, mRadioDisabledByCarrier=false, IMS reg state=false, pending radio off=false
09-01 13:51:13.494548  1736  1736 D ImsSwitchController: notifyRadioPowerChange, power:true phoneId:0
09-01 13:51:13.494868  1736  1736 D ImsSwitchController: [0] Modem auto registration so that we don't triggerImsService updateRadioState
09-01 13:51:13.497770  1736  1736 D RILJ    : [0038]> RADIO_POWER on = true forEmergencyCall= false preferredForEmergencyCall=false [PHONE0]
09-01 13:51:13.499755  1209  1214 I RfxMclMessenger: RFX_MSG_REQUEST_RADIO_POWER(56515) dispatchs to main protocol: 0
09-01 13:51:13.500059  1209  1240 I RmcRadioReq: [0] requestRadioPower, power = 1, mode = 1, forEcc 0, preEcc 0, caller: -1
09-01 13:51:13.501419  1736  1736 D MtkRILJ : [0039]> MTK: RIL_REQUEST_SET_VENDOR_SETTING [SUB0]
09-01 13:51:13.503436  1736  1736 D MTKSST  : [GsmSST0] pollState: modemTriggered=true, mPollingContext=0, RadioState=0, connected=false, support_ap_iwlan=1
09-01 13:51:13.503652  1736  1736 D NewNitzStateMachineImpl: handleNetworkUnavailable(): mLatestNitzSignal was already null. Nothing to do.
09-01 13:51:13.503715  1736  1736 D MTKSST  : [GsmSST0] Skip pollState due to disconnection of service
09-01 13:51:13.503890  1736  1736 D MTKSST  : [GsmSST0] handle EVENT_RADIO_STATE_CHANGED
09-01 13:51:13.504501  1736  1736 D RatConfig: getActiveRatConfig: Lf/W/G
09-01 13:51:13.505858  1736  1883 D RILJ    : [0039]< MTK: RIL_REQUEST_SET_VENDOR_SETTING  [PHONE0]
09-01 13:51:13.506489  1736  1736 D MtkTelephonyManagerEx: simSwitchMode result = 3
09-01 13:51:13.506787  1736  1736 D MTKSST  : [GsmSST0] setRadioPowerForReason power:true, mDesiredPowerState:true, forEmergencyCall:false, isSelectedPhoneForEmergencyCall:false, forceApply:false, radioState:0, reason:0
09-01 13:51:13.507173  1736  1736 D MTKSST  : [GsmSST0] setPowerStateToDesired: mDeviceShuttingDown=false, mDesiredPowerState=true, getRadioState=0, mRadioDisabledByCarrier=false, IMS reg state=false, pending radio off=false
09-01 13:51:13.508066  1209  1240 I AT      : [0] AT> AT+EFUN=1 (RIL_CMD_RADIO_9 tid:520209415424)
09-01 13:51:13.508523  1736  1736 D ImsSwitchController: notifyRadioPowerChange, power:true phoneId:0
09-01 13:51:13.508614  1736  1736 D ImsSwitchController: [0] Modem auto registration so that we don't triggerImsService updateRadioState
09-01 13:51:13.509980  1736  1736 D RILJ    : [0040]> RADIO_POWER on = true forEmergencyCall= false preferredForEmergencyCall=false [PHONE0]
09-01 13:51:13.512781  1736  1736 D MtkRILJ : [0041]> MTK: RIL_REQUEST_SET_VENDOR_SETTING [SUB0]
09-01 13:51:13.514271  1736  1736 D MTKSST  : [GsmSST0] pollState: modemTriggered=true, mPollingContext=0, RadioState=0, connected=false, support_ap_iwlan=1
09-01 13:51:13.514660  1736  1736 D NewNitzStateMachineImpl: handleNetworkUnavailable(): mLatestNitzSignal was already null. Nothing to do.
09-01 13:51:13.514815  1736  1736 D MTKSST  : [GsmSST0] Skip pollState due to disconnection of service
09-01 13:51:13.520052  1736  1883 D RILJ    : [0041]< MTK: RIL_REQUEST_SET_VENDOR_SETTING  [PHONE0]
09-01 13:51:13.522989  1736  1736 D SubscriptionController: [getSlotIndex]- subId invalid
09-01 13:51:13.524779  1736  1736 I CSST    : isNrSupported:  carrierConfigEnabled: true, AccessFamilySupported: false, isNrNetworkTypeAllowed: false
09-01 13:51:13.524835  1736  1736 I CSST    : PrefNetworkNotification: sendMessage() w/values: ,false,-1,false,false
09-01 13:51:13.526068  1736  1736 I CSST    : canceling notifications: 1000
09-01 13:51:13.526157  1736  1736 D CSST    : isPhoneRegisteredForWifiCalling: false
09-01 13:51:13.526188  1736  1736 I CSST    : EmergencyNetworkNotification: sendMessage() w/values: ,-1,false,false
09-01 13:51:13.526935  1736  1736 I CSST    : canceling notifications: 1001
09-01 13:51:13.531805  1209  1222 I AT      : [0] AT< +CSCON: 0,,0 (RIL_URC_READER, tid:520382172416)
09-01 13:51:13.532362  1209  1223 E RmcNwHdlr: [0] There is something wrong with the handleConnectionStateReport URC
09-01 13:51:13.534288  1736  1736 I CSST    : isNrSupported:  carrierConfigEnabled: true, AccessFamilySupported: false, isNrNetworkTypeAllowed: false
09-01 13:51:13.534352  1736  1736 I CSST    : PrefNetworkNotification: sendMessage() w/values: ,false,-1,false,false
09-01 13:51:13.535196  1736  1736 I CSST    : canceling notifications: 1000
09-01 13:51:13.535282  1736  1736 D CSST    : isPhoneRegisteredForWifiCalling: false
09-01 13:51:13.535310  1736  1736 I CSST    : EmergencyNetworkNotification: sendMessage() w/values: ,-1,false,false
09-01 13:51:13.536057  1736  1736 I CSST    : canceling notifications: 1001
09-01 13:51:13.536421  1736  1736 D NrMap-0 : loadCityFromXml.done: system_ext/etc/nr-city.xml
09-01 13:51:13.536606  1736  1736 D EmergencyNumberTracker: updateRadioEmergencyNumberListAndNotify(): receiving []
09-01 13:51:13.538417  1736  1736 D RILJ    : [0042]> SEND_DEVICE_STATE 1:true [PHONE0]
09-01 13:51:13.540123  1736  1736 D RILJ    : [0043]> SEND_DEVICE_STATE 2:true [PHONE0]
09-01 13:51:13.541749  1736  1883 D RILJ    : [0042]< SEND_DEVICE_STATE error 6 [PHONE0]
09-01 13:51:13.541832  1736  1736 D RILJ    : [0044]> SEND_DEVICE_STATE 0:false [PHONE0]
09-01 13:51:13.541968  1209  1232 D RmcDcMiscHandler: [0][handleSendDeviceStateRequest]: state: 1
09-01 13:51:13.542085  1209  1232 I AT      : [0] AT> AT+EFD=1 (RIL_CMD_READER_4 tid:520217705728)
09-01 13:51:13.542255  1736  1883 D RilRequest: [0042]< SEND_DEVICE_STATE error: com.android.internal.telephony.CommandException: REQUEST_NOT_SUPPORTED ret= result=null
09-01 13:51:13.543413  1736  1736 D RILJ    : [0045]> SET_UNSOLICITED_RESPONSE_FILTER -1 [PHONE0]
09-01 13:51:13.544516  1209  1226 I AT      : [0] AT> AT+ECSQ=1 (RIL_CMD_READER_1 tid:520223923456)
09-01 13:51:13.545419  1736  1736 D RILJ    : [0046]> SET_SIGNAL_STRENGTH_REPORTING_CRITERIA [PHONE0]
09-01 13:51:13.546866  1736  1883 D RILJ    : [0046]< SET_SIGNAL_STRENGTH_REPORTING_CRITERIA error 1 [PHONE0]
09-01 13:51:13.547317  1736  1883 D RilRequest: [0046]< SET_SIGNAL_STRENGTH_REPORTING_CRITERIA error: com.android.internal.telephony.CommandException: RADIO_NOT_AVAILABLE ret= result=null
09-01 13:51:13.550200  1209  1231 I AT      : [0] AT< OK (RIL_CMD_READER_4, tid:520218742016)
09-01 13:51:13.551329  1209  1225 I AT      : [0] AT< OK (RIL_CMD_READER_1, tid:520224959744)
09-01 13:51:13.551739  1209  1226 I AT      : [0] AT> AT+EREG=3 (RIL_CMD_READER_1 tid:520223923456)
09-01 13:51:13.552425  1736  1736 D RILJ    : [0047]> SET_SIGNAL_STRENGTH_REPORTING_CRITERIA [PHONE0]
09-01 13:51:13.553298  1736  1883 D RILJ    : [0043]< SEND_DEVICE_STATE  [PHONE0]
09-01 13:51:13.554038  1736  1736 D RILJ    : [0048]> SET_SIGNAL_STRENGTH_REPORTING_CRITERIA [PHONE0]
09-01 13:51:13.554296  1736  1883 D RILJ    : [0044]< SEND_DEVICE_STATE error 6 [PHONE0]
09-01 13:51:13.554456  1736  1883 D RilRequest: [0044]< SEND_DEVICE_STATE error: com.android.internal.telephony.CommandException: REQUEST_NOT_SUPPORTED ret= result=null
09-01 13:51:13.554763  1736  1883 D RILJ    : [0047]< SET_SIGNAL_STRENGTH_REPORTING_CRITERIA error 1 [PHONE0]
09-01 13:51:13.554887  1736  1883 D RilRequest: [0047]< SET_SIGNAL_STRENGTH_REPORTING_CRITERIA error: com.android.internal.telephony.CommandException: RADIO_NOT_AVAILABLE ret= result=null
09-01 13:51:13.555690  1736  1736 D RILJ    : [0049]> SET_SIGNAL_STRENGTH_REPORTING_CRITERIA [PHONE0]
09-01 13:51:13.555999  1736  1883 D RILJ    : [0048]< SET_SIGNAL_STRENGTH_REPORTING_CRITERIA error 1 [PHONE0]
09-01 13:51:13.556114  1736  1883 D RilRequest: [0048]< SET_SIGNAL_STRENGTH_REPORTING_CRITERIA error: com.android.internal.telephony.CommandException: RADIO_NOT_AVAILABLE ret= result=null
09-01 13:51:13.557953  1736  1883 D RILJ    : [0049]< SET_SIGNAL_STRENGTH_REPORTING_CRITERIA error 1 [PHONE0]
09-01 13:51:13.558211  1736  1736 D RILJ    : [0050]> SET_SIGNAL_STRENGTH_REPORTING_CRITERIA [PHONE0]
09-01 13:51:13.558649  1736  1883 D RilRequest: [0049]< SET_SIGNAL_STRENGTH_REPORTING_CRITERIA error: com.android.internal.telephony.CommandException: RADIO_NOT_AVAILABLE ret= result=null
09-01 13:51:13.559496  1209  1222 I AT      : [0] AT< +EREG=*** (RIL_URC_READER, tid:520382172416)
09-01 13:51:13.559759  1209  1225 I AT      : [0] AT< OK (RIL_CMD_READER_1, tid:520224959744)
09-01 13:51:13.559747  1736  1736 D RILJ    : [0051]> SET_SIGNAL_STRENGTH_REPORTING_CRITERIA [PHONE0]
09-01 13:51:13.560017  1209  1226 I AT      : [0] AT> AT+EGREG=3 (RIL_CMD_READER_1 tid:520223923456)
09-01 13:51:13.560406  1209  1223 D RmcNwHdlr: [0] [handleCsNetworkStateChanged] mMdEreg n=0, stat=0, lac=**FF, ci=***FFFF, eAct=0, nwk_existence=0, roam_indicator=0, cause_type=0, reject_cause=0 mMdEcell act=0, cid=*, mcc=0, mnc=0, lacTac=*, pscPci=*, sig1=0, sig2=0, rsrp=0, rsrq=0, timingAdvance=0, rssnr=0, cqi=0, bsic=0, arfcn=0
09-01 13:51:13.560933  1736  1883 D RILJ    : [0050]< SET_SIGNAL_STRENGTH_REPORTING_CRITERIA error 1 [PHONE0]
09-01 13:51:13.561099  1736  1883 D RilRequest: [0050]< SET_SIGNAL_STRENGTH_REPORTING_CRITERIA error: com.android.internal.telephony.CommandException: RADIO_NOT_AVAILABLE ret= result=null
09-01 13:51:13.561758  1736  1736 D RILJ    : [0052]> SET_SIGNAL_STRENGTH_REPORTING_CRITERIA [PHONE0]
09-01 13:51:13.563410  1736  1736 D RILJ    : [0053]> SET_SIGNAL_STRENGTH_REPORTING_CRITERIA [PHONE0]
09-01 13:51:13.563665  1209  1225 I AT      : [0] AT< OK (RIL_CMD_READER_1, tid:520224959744)
09-01 13:51:13.563666  1209  1222 I AT      : [0] AT< +EGREG=*** (RIL_URC_READER, tid:520382172416)
09-01 13:51:13.563832  1209  1226 I AT      : [0] AT> AT+PSBEARER=1 (RIL_CMD_READER_1 tid:520223923456)
09-01 13:51:13.564600  1736  1883 D RILJ    : Unsol response received; Sending ack to ril.cpp [PHONE0]
09-01 13:51:13.564813  1736  1883 D RILJ    : [UNSL]< UNSOL_RESPONSE_CS_NETWORK_STATE_CHANGED [PHONE0]
09-01 13:51:13.565078  1736  1736 D RILJ    : [0055]> SET_SIGNAL_STRENGTH_REPORTING_CRITERIA [PHONE0]
09-01 13:51:13.565252  1209  1223 D RmcNwHdlr: [0] [handlePsNetworkStateChanged] mMdEgreg n=0, stat=0, lac=**FF, ci=***FFFF, eAct=0, rac=255, nwk_existence=0, roam_indicator=0, cause_type=0, reject_cause=0, dcnr_restricted=0, endc_sib=0, endc_available=0.   mMdEcell act=0, cid=*, mcc=0, mnc=0, lacTac=*, pscPci=*, sig1=0, sig2=0, rsrp=0, rsrq=0, timingAdvance=0, rssnr=0, cqi=0, bsic=0, arfcn=0
09-01 13:51:13.565299  1209  1223 D RmcNwHdlr: [0] handleScgConnectionChange old=0, new=0
09-01 13:51:13.565523  1736  1883 D RILJ    : [0051]< SET_SIGNAL_STRENGTH_REPORTING_CRITERIA error 1 [PHONE0]
09-01 13:51:13.565690  1736  1883 D RilRequest: [0051]< SET_SIGNAL_STRENGTH_REPORTING_CRITERIA error: com.android.internal.telephony.CommandException: RADIO_NOT_AVAILABLE ret= result=null
09-01 13:51:13.565786  1209  1234 I AT      : [0] AT> AT+EOPS? (RIL_ATCI_READER tid:520215633152)
09-01 13:51:13.566693  1736  1736 D RILJ    : [0056]> SET_LINK_CAPACITY_REPORTING_CRITERIA [PHONE0]
09-01 13:51:13.568027  1209  1232 I AT      : [0] AT> AT+EXLCE=2,3000,50,50,14,100,500,1000,5000,10000,20000,50000,75000,100000,200000,500000,1000000,1500000,2000000,11,100,500,1000,5000,10000,20000,50000,75000,100000,200000,500000,1 (RIL_CMD_READER_4 tid:520217705728)
09-01 13:51:13.568471  1736  1736 D RILJ    : [0057]> SET_LINK_CAPACITY_REPORTING_CRITERIA [PHONE0]
09-01 13:51:13.569740  1209  1225 I AT      : [0] AT< OK (RIL_CMD_READER_1, tid:520224959744)
09-01 13:51:13.569740  1209  1233 I AT      : [0] AT< +EOPS: 0,2,"",1 (RIL_ATCI_READER, tid:520216669440)
09-01 13:51:13.569820  1209  1233 I AT      : [0] AT< OK (RIL_ATCI_READER, tid:520216669440)
09-01 13:51:13.569998  1209  1226 I AT      : [0] AT> AT+EREGINFO=1 (RIL_CMD_READER_1 tid:520223923456)
09-01 13:51:13.570020  1209  1234 E RmcEmbmsReq: [0] Error due to cell_id = ***FFFF
09-01 13:51:13.570770  1736  1736 D RILJ    : [0059]> SET_LINK_CAPACITY_REPORTING_CRITERIA [PHONE0]
09-01 13:51:13.571479  1736  1883 D RILJ    : Unsol response received; Sending ack to ril.cpp [PHONE0]
09-01 13:51:13.572475  1736  1736 D RILJ    : [0060]> SET_LINK_CAPACITY_REPORTING_CRITERIA [PHONE0]
09-01 13:51:13.572518  1209  1222 I AT      : [0] AT< +ECEMODE: 1 (RIL_URC_READER, tid:520382172416)
09-01 13:51:13.573005  1736  1883 D RILJ    : [UNSL]< UNSOL_RESPONSE_NETWORK_STATE_CHANGED [PHONE0]
09-01 13:51:13.573412  1209  1239 I AT      : [0] AT< OK (RIL_CMD_RADIO_9, tid:520210451712)
09-01 13:51:13.573874  1209  1222 I AT      : [0] AT< +ECEVDP: 3 (RIL_URC_READER, tid:520382172416)
09-01 13:51:13.574229  1209  1222 I AT      : [0] AT< +EREG=*** (RIL_URC_READER, tid:520382172416)
09-01 13:51:13.574459  1209  1231 I AT      : [0] AT< OK (RIL_CMD_READER_4, tid:520218742016)
09-01 13:51:13.574733  1209  1232 I AT      : [0] AT> AT+EXLCE=2,3000,50,50,14,100,500,1000,5000,10000,20000,50000,75000,100000,200000,500000,1000000,1500000,2000000,11,100,500,1000,5000,10000,20000,50000,75000,100000,200000,500000,2 (RIL_CMD_READER_4 tid:520217705728)
09-01 13:51:13.574986  1209  1223 D RmcNwHdlr: [0] [handleCsNetworkStateChanged] mMdEreg n=0, stat=2, lac=**FF, ci=***FFFF, eAct=0, nwk_existence=0, roam_indicator=0, cause_type=0, reject_cause=0 mMdEcell act=0, cid=*, mcc=0, mnc=0, lacTac=*, pscPci=*, sig1=0, sig2=0, rsrp=0, rsrq=0, timingAdvance=0, rssnr=0, cqi=0, bsic=0, arfcn=0
09-01 13:51:13.575063  1209  1216 I RtcRadioCont: [0] radio State: 0 -> 10, using google native API for urc
09-01 13:51:13.575255  1209  1214 I RfxMclMessenger: RFX_MSG_REQUEST_RADIO_POWER(56515) dispatchs to main protocol: 0
09-01 13:51:13.575473  1209  1240 I RmcRadioReq: [0] requestRadioPower, power = 1, mode = 1, forEcc 0, preEcc 0, caller: -1
09-01 13:51:13.575871  1209  1216 I RIL-Fusion: getRadioState(): radioState=10
09-01 13:51:13.575883  1736  1921 D MTKSST  : [GsmSST0] MtkHandler: EVENT_NETWORK_STATE_CHANGED
09-01 13:51:13.575965  1209  1216 E RILC    : radioStateChangedInd: radioService[4]->mRadioIndication == NULL
09-01 13:51:13.575979  1209  1216 E RILC    : radioStateChangedInd: radioService[8]->mRadioIndication == NULL
09-01 13:51:13.575987  1209  1216 E RILC    : radioStateChangedInd: radioService[12]->mRadioIndication == NULL
09-01 13:51:13.576057  1209  1216 I RtcImsConfigController: [0] onRadioStateChanged, state = 10
09-01 13:51:13.576717  1736  1736 D RILJ    : [0061]> SET_LINK_CAPACITY_REPORTING_CRITERIA [PHONE0]
09-01 13:51:13.577355  1736  1921 D RILJ    : [0062]> OPERATOR [PHONE0]
09-01 13:51:13.578152  1209  1225 I AT      : [0] AT< OK (RIL_CMD_READER_1, tid:520224959744)
09-01 13:51:13.578412  1209  1231 I AT      : [0] AT< OK (RIL_CMD_READER_4, tid:520218742016)
09-01 13:51:13.578739  1736  1883 D RILJ    : [0052]< SET_SIGNAL_STRENGTH_REPORTING_CRITERIA error 1 [PHONE0]
09-01 13:51:13.579040  1736  1883 D RilRequest: [0052]< SET_SIGNAL_STRENGTH_REPORTING_CRITERIA error: com.android.internal.telephony.CommandException: RADIO_NOT_AVAILABLE ret= result=null
09-01 13:51:13.581280  1209  1232 I AT      : [0] AT> AT+EXLCE=2,3000,50,50,14,100,500,1000,5000,10000,20000,50000,75000,100000,200000,500000,1000000,1500000,2000000,11,100,500,1000,5000,10000,20000,50000,75000,100000,200000,500000,3 (RIL_CMD_READER_4 tid:520217705728)
09-01 13:51:13.581369  1736  1736 D RILJ    : [0063]> SEND_DEVICE_STATE 1:true [PHONE0]
09-01 13:51:13.582074  1209  1216 I RtcImsConfigController: [0] onRadioStateChanged, mECCAllowSendCmd = true
09-01 13:51:13.582158  1209  1216 D RTC_EMBMS_CON_PROXY: [0] radioState 10
09-01 13:51:13.584198  1209  1225 I AT      : [0] AT< +CME ERROR: 65535 (RIL_CMD_READER_1, tid:520224959744)
09-01 13:51:13.585192  1209  1236 I AT      : [0] AT> AT+EOPS? (RIL_CMD_RT_7 tid:520213560576)
09-01 13:51:13.587022  1209  1231 I AT      : [0] AT< OK (RIL_CMD_READER_4, tid:520218742016)
