09-01 13:51:22.372701  1991  2024 D SmsManager: disableCellBroadcastRange: failed at calling disableCellBroadcastRangeForSubscriber. subId = -1
09-01 13:51:22.374342  1736  1776 D MtkIccSmsInterfaceManager: Failed to remove GSM cell broadcast channels range 4395 to 4395
09-01 13:51:22.374989  1991  2024 D SmsManager: disableCellBroadcastRange: failed at calling disableCellBroadcastRangeForSubscriber. subId = -1
09-01 13:51:22.378793  1736  1776 D MtkIccSmsInterfaceManager: Calling setGsmBroadcastConfig with 3 configurations
09-01 13:51:22.382353  1736  1776 D RILJ    : [0173]> GSM_SET_BROADCAST_CONFIG with 3 configs :  [PHONE0]
09-01 13:51:22.384321  1736  1776 D RILJ    : SmsBroadcastConfigInfo: Id [4370,4379] Code [0,255] ENABLED [PHONE0]
09-01 13:51:22.384433  1736  1776 D RILJ    : SmsBroadcastConfigInfo: Id [4383,4392] Code [0,255] ENABLED [PHONE0]
09-01 13:51:22.384458  1736  1776 D RILJ    : SmsBroadcastConfigInfo: Id [4352,4354] Code [0,255] ENABLED [PHONE0]
09-01 13:51:22.386112  1209  1230 D RmcGsmSmsRequest: [0] Set CB channel array num 3
09-01 13:51:22.386321  1209  1230 D RmcGsmSmsRequest: [0] Set CB channels 4370-4379,4383-4392,4352-4354
09-01 13:51:22.386386  1209  1230 I AT      : [0] AT> AT+ECSCBCFG="4370-4379,4383-4392,4352-4354","--" (RIL_CMD_READER_3 tid:520219778304)
09-01 13:51:22.434321  1209  1229 I AT      : [0] AT< OK (RIL_CMD_READER_3, tid:520220814592)
09-01 13:51:22.436011  1736  1883 D RILJ    : [0173]< GSM_SET_BROADCAST_CONFIG  [PHONE0]
09-01 13:51:22.436660  1736  1776 D MtkIccSmsInterfaceManager: Added GSM cell broadcast channels range 4352 to 4354
09-01 13:51:22.436885  1736  1776 D MtkIccSmsInterfaceManager: Calling proprietary setCellBroadcastActivation(true)
09-01 13:51:22.437293  1991  2024 D SmsManager: enableCellBroadcastRange: succeeded at calling enableCellBroadcastRangeForSubscriber. subId = -1
09-01 13:51:22.439188  1736  1776 D MtkIccSmsInterfaceManager: Calling setGsmBroadcastConfig with 4 configurations
09-01 13:51:22.445255  1736  1776 D RILJ    : [0174]> GSM_SET_BROADCAST_CONFIG with 4 configs :  [PHONE0]
09-01 13:51:22.447620  1736  1776 D RILJ    : SmsBroadcastConfigInfo: Id [4352,4354] Code [0,255] ENABLED [PHONE0]
09-01 13:51:22.448160  1736  1776 D RILJ    : SmsBroadcastConfigInfo: Id [4370,4379] Code [0,255] ENABLED [PHONE0]
09-01 13:51:22.448651  1736  1776 D RILJ    : SmsBroadcastConfigInfo: Id [4383,4392] Code [0,255] ENABLED [PHONE0]
09-01 13:51:22.449827  1736  1776 D RILJ    : SmsBroadcastConfigInfo: Id [4356,4356] Code [0,255] ENABLED [PHONE0]
09-01 13:51:22.451827  1209  1230 D RmcGsmSmsRequest: [0] Set CB channel array num 4
09-01 13:51:22.451915  1209  1230 D RmcGsmSmsRequest: [0] Set CB channels 4352-4354,4370-4379,4383-4392,4356
09-01 13:51:22.451978  1209  1230 I AT      : [0] AT> AT+ECSCBCFG="4352-4354,4370-4379,4383-4392,4356","--" (RIL_CMD_READER_3 tid:520219778304)
09-01 13:51:22.472041  1736  1762 D SubscriptionController: [getSlotIndex]- subId invalid
09-01 13:51:22.507846  1209  1229 I AT      : [0] AT< OK (RIL_CMD_READER_3, tid:520220814592)
09-01 13:51:22.509095  1736  1883 D RILJ    : [0174]< GSM_SET_BROADCAST_CONFIG  [PHONE0]
09-01 13:51:22.510127  1736  1776 D MtkIccSmsInterfaceManager: Added GSM cell broadcast channels range 4356 to 4356
09-01 13:51:22.510322  1736  1776 D MtkIccSmsInterfaceManager: Calling proprietary setCellBroadcastActivation(true)
09-01 13:51:22.510656  1991  2024 D SmsManager: enableCellBroadcastRange: succeeded at calling enableCellBroadcastRangeForSubscriber. subId = -1
09-01 13:51:22.512324  1736  1776 D MtkIccSmsInterfaceManager: Failed to remove GSM cell broadcast channels range 4355 to 4355
09-01 13:51:22.513017  1991  2024 D SmsManager: disableCellBroadcastRange: failed at calling disableCellBroadcastRangeForSubscriber. subId = -1
09-01 13:51:22.522275  1736  1776 D MtkIccSmsInterfaceManager: Cell broadcast ranges reset.
09-01 13:51:22.527167  1736  1776 D MtkIccSmsInterfaceManager: Calling setGsmBroadcastConfig with 1 configurations
09-01 13:51:22.530104  1736  1776 D RILJ    : [0175]> GSM_SET_BROADCAST_CONFIG with 1 configs :  [PHONE0]
09-01 13:51:22.530186  1736  1776 D RILJ    : SmsBroadcastConfigInfo: Id [4370,4370] Code [0,255] ENABLED [PHONE0]
09-01 13:51:22.537745  1209  1230 D RmcGsmSmsRequest: [0] Set CB channel array num 1
09-01 13:51:22.537848  1209  1230 D RmcGsmSmsRequest: [0] Set CB channels 4370
09-01 13:51:22.537917  1209  1230 I AT      : [0] AT> AT+ECSCBCFG="4370","--" (RIL_CMD_READER_3 tid:520219778304)
09-01 13:51:22.598934  1209  1229 I AT      : [0] AT< OK (RIL_CMD_READER_3, tid:520220814592)
09-01 13:51:22.600228  1736  1883 D RILJ    : [0175]< GSM_SET_BROADCAST_CONFIG  [PHONE0]
09-01 13:51:22.600890  1736  1776 D MtkIccSmsInterfaceManager: Added GSM cell broadcast channels range 4370 to 4370
09-01 13:51:22.601094  1736  1776 D MtkIccSmsInterfaceManager: Calling proprietary setCellBroadcastActivation(true)
09-01 13:51:22.601557  1991  2024 D SmsManager: enableCellBroadcastRange: succeeded at calling enableCellBroadcastRangeForSubscriber. subId = -1
09-01 13:51:22.603288  1736  1776 D MtkIccSmsInterfaceManager: Calling setCdmaBroadcastConfig with 1 configurations
09-01 13:51:22.606228  1736  1776 D RILJ    : [0176]> CDMA_SET_BROADCAST_CONFIG with 1 configs :  [PHONE0]
09-01 13:51:22.606501  1736  1776 D RILJ    : {.serviceCategory = 4096, .language = 1, .selected = true} [PHONE0]
09-01 13:51:22.608868  1209  1230 I AT      : [0] AT> AT+ECSCBCHA? (RIL_CMD_READER_3 tid:520219778304)
09-01 13:51:22.616321  1209  1229 I AT      : [0] AT< +CME ERROR: 65535 (RIL_CMD_READER_3, tid:520220814592)
09-01 13:51:22.617752  1736  1883 D RILJ    : [0176]< CDMA_SET_BROADCAST_CONFIG error 6 [PHONE0]
09-01 13:51:22.618011  1736  1883 D RilRequest: [0176]< CDMA_SET_BROADCAST_CONFIG error: com.android.internal.telephony.CommandException: REQUEST_NOT_SUPPORTED ret= result={ when=-1m4s708ms what=4 obj=com.android.internal.telephony.IccSmsInterfaceManager$Request@ee4e3d5 target=com.android.internal.telephony.IccSmsInterfaceManager$1 }
09-01 13:51:22.618462  1736  1776 D MtkIccSmsInterfaceManager: Failed to add cdma broadcast channels range 4096 to 4096
09-01 13:51:22.619383  1991  2024 D SmsManager: enableCellBroadcastRange: failed at calling enableCellBroadcastRangeForSubscriber. subId = -1
09-01 13:51:22.622185  1736  1776 D MtkIccSmsInterfaceManager: Calling setGsmBroadcastConfig with 2 configurations
09-01 13:51:22.625893  1736  1776 D RILJ    : [0177]> GSM_SET_BROADCAST_CONFIG with 2 configs :  [PHONE0]
09-01 13:51:22.626403  1736  1776 D RILJ    : SmsBroadcastConfigInfo: Id [4370,4370] Code [0,255] ENABLED [PHONE0]
09-01 13:51:22.626790  1736  1776 D RILJ    : SmsBroadcastConfigInfo: Id [4383,4383] Code [0,255] ENABLED [PHONE0]
09-01 13:51:22.629574  1209  1230 D RmcGsmSmsRequest: [0] Set CB channel array num 2
09-01 13:51:22.629665  1209  1230 D RmcGsmSmsRequest: [0] Set CB channels 4370,4383
09-01 13:51:22.629732  1209  1230 I AT      : [0] AT> AT+ECSCBCFG="4370,4383","--" (RIL_CMD_READER_3 tid:520219778304)
09-01 13:51:22.675124  1209  1229 I AT      : [0] AT< OK (RIL_CMD_READER_3, tid:520220814592)
09-01 13:51:22.677439  1736  1883 D RILJ    : [0177]< GSM_SET_BROADCAST_CONFIG  [PHONE0]
09-01 13:51:22.678144  1736  1776 D MtkIccSmsInterfaceManager: Added GSM cell broadcast channels range 4383 to 4383
09-01 13:51:22.678347  1736  1776 D MtkIccSmsInterfaceManager: Calling proprietary setCellBroadcastActivation(true)
09-01 13:51:22.678624  1991  2024 D SmsManager: enableCellBroadcastRange: succeeded at calling enableCellBroadcastRangeForSubscriber. subId = -1
09-01 13:51:22.681854  1736  1776 D MtkIccSmsInterfaceManager: Calling setGsmBroadcastConfig with 3 configurations
09-01 13:51:22.687732  1736  1776 D RILJ    : [0178]> GSM_SET_BROADCAST_CONFIG with 3 configs :  [PHONE0]
09-01 13:51:22.687837  1736  1776 D RILJ    : SmsBroadcastConfigInfo: Id [4370,4370] Code [0,255] ENABLED [PHONE0]
09-01 13:51:22.687859  1736  1776 D RILJ    : SmsBroadcastConfigInfo: Id [4383,4383] Code [0,255] ENABLED [PHONE0]
09-01 13:51:22.687877  1736  1776 D RILJ    : SmsBroadcastConfigInfo: Id [4371,4372] Code [0,255] ENABLED [PHONE0]
09-01 13:51:22.690918  1209  1230 D RmcGsmSmsRequest: [0] Set CB channel array num 3
09-01 13:51:22.691026  1209  1230 D RmcGsmSmsRequest: [0] Set CB channels 4370,4383,4371-4372
09-01 13:51:22.691094  1209  1230 I AT      : [0] AT> AT+ECSCBCFG="4370,4383,4371-4372","--" (RIL_CMD_READER_3 tid:520219778304)
09-01 13:51:22.745535  1209  1229 I AT      : [0] AT< OK (RIL_CMD_READER_3, tid:520220814592)
09-01 13:51:22.750524  1736  1883 D RILJ    : [0178]< GSM_SET_BROADCAST_CONFIG  [PHONE0]
09-01 13:51:22.751403  1736  1776 D MtkIccSmsInterfaceManager: Added GSM cell broadcast channels range 4371 to 4372
09-01 13:51:22.751593  1736  1776 D MtkIccSmsInterfaceManager: Calling proprietary setCellBroadcastActivation(true)
09-01 13:51:22.751883  1991  2024 D SmsManager: enableCellBroadcastRange: succeeded at calling enableCellBroadcastRangeForSubscriber. subId = -1
09-01 13:51:22.754392  1736  1776 D MtkIccSmsInterfaceManager: Calling setCdmaBroadcastConfig with 1 configurations
09-01 13:51:22.762738  1736  1776 D RILJ    : [0179]> CDMA_SET_BROADCAST_CONFIG with 1 configs :  [PHONE0]
09-01 13:51:22.762879  1736  1776 D RILJ    : {.serviceCategory = 4097, .language = 1, .selected = true} [PHONE0]
09-01 13:51:22.766187  1209  1230 I AT      : [0] AT> AT+ECSCBCHA? (RIL_CMD_READER_3 tid:520219778304)
09-01 13:51:22.783434  1209  1229 I AT      : [0] AT< +CME ERROR: 65535 (RIL_CMD_READER_3, tid:520220814592)
09-01 13:51:22.785138  1736  1883 D RILJ    : [0179]< CDMA_SET_BROADCAST_CONFIG error 6 [PHONE0]
09-01 13:51:22.785406  1736  1883 D RilRequest: [0179]< CDMA_SET_BROADCAST_CONFIG error: com.android.internal.telephony.CommandException: REQUEST_NOT_SUPPORTED ret= result={ when=-1m4s875ms what=4 obj=com.android.internal.telephony.IccSmsInterfaceManager$Request@9e17ea target=com.android.internal.telephony.IccSmsInterfaceManager$1 }
09-01 13:51:22.785867  1736  1776 D MtkIccSmsInterfaceManager: Failed to add cdma broadcast channels range 4097 to 4097
09-01 13:51:22.786344  1991  2024 D SmsManager: enableCellBroadcastRange: failed at calling enableCellBroadcastRangeForSubscriber. subId = -1
09-01 13:51:22.789066  1736  1776 D MtkIccSmsInterfaceManager: Calling setGsmBroadcastConfig with 3 configurations
09-01 13:51:22.794200  1736  1776 D RILJ    : [0180]> GSM_SET_BROADCAST_CONFIG with 3 configs :  [PHONE0]
09-01 13:51:22.794499  1736  1776 D RILJ    : SmsBroadcastConfigInfo: Id [4370,4372] Code [0,255] ENABLED [PHONE0]
09-01 13:51:22.794667  1736  1776 D RILJ    : SmsBroadcastConfigInfo: Id [4383,4383] Code [0,255] ENABLED [PHONE0]
09-01 13:51:22.794759  1736  1776 D RILJ    : SmsBroadcastConfigInfo: Id [4384,4385] Code [0,255] ENABLED [PHONE0]
09-01 13:51:22.803505  1209  1230 D RmcGsmSmsRequest: [0] Set CB channel array num 3
09-01 13:51:22.803622  1209  1230 D RmcGsmSmsRequest: [0] Set CB channels 4370-4372,4383,4384-4385
09-01 13:51:22.803691  1209  1230 I AT      : [0] AT> AT+ECSCBCFG="4370-4372,4383,4384-4385","--" (RIL_CMD_READER_3 tid:520219778304)
09-01 13:51:22.855952  1209  1229 I AT      : [0] AT< OK (RIL_CMD_READER_3, tid:520220814592)
09-01 13:51:22.858829  1736  1883 D RILJ    : [0180]< GSM_SET_BROADCAST_CONFIG  [PHONE0]
09-01 13:51:22.858995  1736  1776 D MtkIccSmsInterfaceManager: Added GSM cell broadcast channels range 4384 to 4385
09-01 13:51:22.859183  1736  1776 D MtkIccSmsInterfaceManager: Calling proprietary setCellBroadcastActivation(true)
09-01 13:51:22.859672  1991  2024 D SmsManager: enableCellBroadcastRange: succeeded at calling enableCellBroadcastRangeForSubscriber. subId = -1
09-01 13:51:22.861214  1736  1776 D MtkIccSmsInterfaceManager: Calling setGsmBroadcastConfig with 3 configurations
09-01 13:51:22.865108  1736  1776 D RILJ    : [0181]> GSM_SET_BROADCAST_CONFIG with 3 configs :  [PHONE0]
09-01 13:51:22.865369  1736  1776 D RILJ    : SmsBroadcastConfigInfo: Id [4370,4372] Code [0,255] ENABLED [PHONE0]
09-01 13:51:22.865510  1736  1776 D RILJ    : SmsBroadcastConfigInfo: Id [4383,4385] Code [0,255] ENABLED [PHONE0]
09-01 13:51:22.865567  1736  1776 D RILJ    : SmsBroadcastConfigInfo: Id [4373,4378] Code [0,255] ENABLED [PHONE0]
09-01 13:51:22.866593  1209  1230 D RmcGsmSmsRequest: [0] Set CB channel array num 3
09-01 13:51:22.866677  1209  1230 D RmcGsmSmsRequest: [0] Set CB channels 4370-4372,4383-4385,4373-4378
09-01 13:51:22.866737  1209  1230 I AT      : [0] AT> AT+ECSCBCFG="4370-4372,4383-4385,4373-4378","--" (RIL_CMD_READER_3 tid:520219778304)
09-01 13:51:22.916906  1209  1229 I AT      : [0] AT< OK (RIL_CMD_READER_3, tid:520220814592)
09-01 13:51:22.918031  1736  1883 D RILJ    : [0181]< GSM_SET_BROADCAST_CONFIG  [PHONE0]
09-01 13:51:22.918277  1736  1776 D MtkIccSmsInterfaceManager: Added GSM cell broadcast channels range 4373 to 4378
09-01 13:51:22.918447  1736  1776 D MtkIccSmsInterfaceManager: Calling proprietary setCellBroadcastActivation(true)
09-01 13:51:22.918763  1991  2024 D SmsManager: enableCellBroadcastRange: succeeded at calling enableCellBroadcastRangeForSubscriber. subId = -1
09-01 13:51:22.920145  1736  1776 D MtkIccSmsInterfaceManager: Calling setCdmaBroadcastConfig with 1 configurations
09-01 13:51:22.923542  1736  1776 D RILJ    : [0182]> CDMA_SET_BROADCAST_CONFIG with 1 configs :  [PHONE0]
09-01 13:51:22.923817  1736  1776 D RILJ    : {.serviceCategory = 4098, .language = 1, .selected = true} [PHONE0]
09-01 13:51:22.925214  1209  1230 I AT      : [0] AT> AT+ECSCBCHA? (RIL_CMD_READER_3 tid:520219778304)
09-01 13:51:22.932657  1209  1229 I AT      : [0] AT< +CME ERROR: 65535 (RIL_CMD_READER_3, tid:520220814592)
09-01 13:51:22.933951  1736  1883 D RILJ    : [0182]< CDMA_SET_BROADCAST_CONFIG error 6 [PHONE0]
09-01 13:51:22.934210  1736  1883 D RilRequest: [0182]< CDMA_SET_BROADCAST_CONFIG error: com.android.internal.telephony.CommandException: REQUEST_NOT_SUPPORTED ret= result={ when=-1m5s24ms what=4 obj=com.android.internal.telephony.IccSmsInterfaceManager$Request@795aadb target=com.android.internal.telephony.IccSmsInterfaceManager$1 }
09-01 13:51:22.936270  1736  1776 D MtkIccSmsInterfaceManager: Failed to add cdma broadcast channels range 4098 to 4098
09-01 13:51:22.936827  1991  2024 D SmsManager: enableCellBroadcastRange: failed at calling enableCellBroadcastRangeForSubscriber. subId = -1
09-01 13:51:22.938594  1736  1776 D MtkIccSmsInterfaceManager: Calling setGsmBroadcastConfig with 3 configurations
09-01 13:51:22.952703  1736  1776 D RILJ    : [0183]> GSM_SET_BROADCAST_CONFIG with 3 configs :  [PHONE0]
09-01 13:51:22.953007  1736  1776 D RILJ    : SmsBroadcastConfigInfo: Id [4370,4378] Code [0,255] ENABLED [PHONE0]
09-01 13:51:22.953164  1736  1776 D RILJ    : SmsBroadcastConfigInfo: Id [4383,4385] Code [0,255] ENABLED [PHONE0]
09-01 13:51:22.953232  1736  1776 D RILJ    : SmsBroadcastConfigInfo: Id [4386,4391] Code [0,255] ENABLED [PHONE0]
09-01 13:51:22.954653  1209  1230 D RmcGsmSmsRequest: [0] Set CB channel array num 3
09-01 13:51:22.954740  1209  1230 D RmcGsmSmsRequest: [0] Set CB channels 4370-4378,4383-4385,4386-4391
09-01 13:51:22.954805  1209  1230 I AT      : [0] AT> AT+ECSCBCFG="4370-4378,4383-4385,4386-4391","--" (RIL_CMD_READER_3 tid:520219778304)
09-01 13:51:23.001599  1209  1229 I AT      : [0] AT< OK (RIL_CMD_READER_3, tid:520220814592)
09-01 13:51:23.005161  1736  1883 D RILJ    : [0183]< GSM_SET_BROADCAST_CONFIG  [PHONE0]
09-01 13:51:23.006728  1736  1776 D MtkIccSmsInterfaceManager: Added GSM cell broadcast channels range 4386 to 4391
09-01 13:51:23.006979  1736  1776 D MtkIccSmsInterfaceManager: Calling proprietary setCellBroadcastActivation(true)
09-01 13:51:23.008079  1991  2024 D SmsManager: enableCellBroadcastRange: succeeded at calling enableCellBroadcastRangeForSubscriber. subId = -1
09-01 13:51:23.014489  1736  1776 D MtkIccSmsInterfaceManager: Calling setGsmBroadcastConfig with 3 configurations
09-01 13:51:23.021034  1736  1776 D RILJ    : [0184]> GSM_SET_BROADCAST_CONFIG with 3 configs :  [PHONE0]
09-01 13:51:23.021547  1736  1776 D RILJ    : SmsBroadcastConfigInfo: Id [4370,4378] Code [0,255] ENABLED [PHONE0]
09-01 13:51:23.021676  1736  1776 D RILJ    : SmsBroadcastConfigInfo: Id [4383,4391] Code [0,255] ENABLED [PHONE0]
09-01 13:51:23.021755  1736  1776 D RILJ    : SmsBroadcastConfigInfo: Id [4379,4379] Code [0,255] ENABLED [PHONE0]
09-01 13:51:23.022978  1209  1230 D RmcGsmSmsRequest: [0] Set CB channel array num 3
09-01 13:51:23.023082  1209  1230 D RmcGsmSmsRequest: [0] Set CB channels 4370-4378,4383-4391,4379
09-01 13:51:23.023168  1209  1230 I AT      : [0] AT> AT+ECSCBCFG="4370-4378,4383-4391,4379","--" (RIL_CMD_READER_3 tid:520219778304)
09-01 13:51:23.100673  1209  1229 I AT      : [0] AT< OK (RIL_CMD_READER_3, tid:520220814592)
09-01 13:51:23.101977  1736  1883 D RILJ    : [0184]< GSM_SET_BROADCAST_CONFIG  [PHONE0]
09-01 13:51:23.102752  1736  1776 D MtkIccSmsInterfaceManager: Added GSM cell broadcast channels range 4379 to 4379
09-01 13:51:23.102970  1736  1776 D MtkIccSmsInterfaceManager: Calling proprietary setCellBroadcastActivation(true)
09-01 13:51:23.103641  1991  2024 D SmsManager: enableCellBroadcastRange: succeeded at calling enableCellBroadcastRangeForSubscriber. subId = -1
09-01 13:51:23.107455  1736  1776 D MtkIccSmsInterfaceManager: Calling setCdmaBroadcastConfig with 1 configurations
09-01 13:51:23.110374  1736  1776 D RILJ    : [0185]> CDMA_SET_BROADCAST_CONFIG with 1 configs :  [PHONE0]
09-01 13:51:23.110872  1736  1776 D RILJ    : {.serviceCategory = 4099, .language = 1, .selected = true} [PHONE0]
09-01 13:51:23.112246  1209  1230 I AT      : [0] AT> AT+ECSCBCHA? (RIL_CMD_READER_3 tid:520219778304)
09-01 13:51:23.116361  1209  1229 I AT      : [0] AT< +CME ERROR: 65535 (RIL_CMD_READER_3, tid:520220814592)
09-01 13:51:23.118135  1736  1883 D RILJ    : [0185]< CDMA_SET_BROADCAST_CONFIG error 6 [PHONE0]
09-01 13:51:23.118428  1736  1883 D RilRequest: [0185]< CDMA_SET_BROADCAST_CONFIG error: com.android.internal.telephony.CommandException: REQUEST_NOT_SUPPORTED ret= result={ when=-1m5s208ms what=4 obj=com.android.internal.telephony.IccSmsInterfaceManager$Request@52aa978 target=com.android.internal.telephony.IccSmsInterfaceManager$1 }
09-01 13:51:23.122758  1736  1776 D MtkIccSmsInterfaceManager: Failed to add cdma broadcast channels range 4099 to 4099
09-01 13:51:23.123405  1991  2024 D SmsManager: enableCellBroadcastRange: failed at calling enableCellBroadcastRangeForSubscriber. subId = -1
09-01 13:51:23.124879  1736  1762 D MtkIccSmsInterfaceManager: Calling setGsmBroadcastConfig with 3 configurations
09-01 13:51:23.128245  1736  1762 D RILJ    : [0186]> GSM_SET_BROADCAST_CONFIG with 3 configs :  [PHONE0]
09-01 13:51:23.128505  1736  1762 D RILJ    : SmsBroadcastConfigInfo: Id [4370,4379] Code [0,255] ENABLED [PHONE0]
09-01 13:51:23.128638  1736  1762 D RILJ    : SmsBroadcastConfigInfo: Id [4383,4391] Code [0,255] ENABLED [PHONE0]
09-01 13:51:23.128761  1736  1762 D RILJ    : SmsBroadcastConfigInfo: Id [4392,4392] Code [0,255] ENABLED [PHONE0]
09-01 13:51:23.131566  1209  1230 D RmcGsmSmsRequest: [0] Set CB channel array num 3
09-01 13:51:23.131668  1209  1230 D RmcGsmSmsRequest: [0] Set CB channels 4370-4379,4383-4391,4392
09-01 13:51:23.131731  1209  1230 I AT      : [0] AT> AT+ECSCBCFG="4370-4379,4383-4391,4392","--" (RIL_CMD_READER_3 tid:520219778304)
09-01 13:51:23.178579  1209  1229 I AT      : [0] AT< OK (RIL_CMD_READER_3, tid:520220814592)
09-01 13:51:23.179741  1736  1883 D RILJ    : [0186]< GSM_SET_BROADCAST_CONFIG  [PHONE0]
09-01 13:51:23.179969  1736  1762 D MtkIccSmsInterfaceManager: Added GSM cell broadcast channels range 4392 to 4392
09-01 13:51:23.180131  1736  1762 D MtkIccSmsInterfaceManager: Calling proprietary setCellBroadcastActivation(true)
09-01 13:51:23.180736  1991  2024 D SmsManager: enableCellBroadcastRange: succeeded at calling enableCellBroadcastRangeForSubscriber. subId = -1
09-01 13:51:23.182442  1736  1762 D MtkIccSmsInterfaceManager: Failed to remove GSM cell broadcast channels range 4380 to 4380
09-01 13:51:23.183056  1991  2024 D SmsManager: disableCellBroadcastRange: failed at calling disableCellBroadcastRangeForSubscriber. subId = -1
09-01 13:51:23.185009  1736  1762 D MtkIccSmsInterfaceManager: Failed to remove cdma broadcast channels range 4100 to 4100
09-01 13:51:23.187118  1991  2024 D SmsManager: disableCellBroadcastRange: failed at calling disableCellBroadcastRangeForSubscriber. subId = -1
09-01 13:51:23.197091  1736  1762 D MtkIccSmsInterfaceManager: Failed to remove GSM cell broadcast channels range 4393 to 4393
09-01 13:51:23.197853  1991  2024 D SmsManager: disableCellBroadcastRange: failed at calling disableCellBroadcastRangeForSubscriber. subId = -1
09-01 13:51:23.202445  1736  1776 D MtkIccSmsInterfaceManager: Failed to remove GSM cell broadcast channels range 4381 to 4381
09-01 13:51:23.203199  1991  2024 D SmsManager: disableCellBroadcastRange: failed at calling disableCellBroadcastRangeForSubscriber. subId = -1
09-01 13:51:23.204851  1736  1776 D MtkIccSmsInterfaceManager: Failed to remove GSM cell broadcast channels range 4394 to 4394
09-01 13:51:23.205686  1991  2024 D SmsManager: disableCellBroadcastRange: failed at calling disableCellBroadcastRangeForSubscriber. subId = -1
09-01 13:51:23.209927  1736  1776 D MtkIccSmsInterfaceManager: Failed to remove GSM cell broadcast channels range 4382 to 4382
09-01 13:51:23.210621  1991  2024 D SmsManager: disableCellBroadcastRange: failed at calling disableCellBroadcastRangeForSubscriber. subId = -1
09-01 13:51:23.212244  1736  1776 D MtkIccSmsInterfaceManager: Failed to remove GSM cell broadcast channels range 4395 to 4395
09-01 13:51:23.212819  1991  2024 D SmsManager: disableCellBroadcastRange: failed at calling disableCellBroadcastRangeForSubscriber. subId = -1
09-01 13:51:23.215440  1736  1762 D MtkIccSmsInterfaceManager: Calling setGsmBroadcastConfig with 3 configurations
09-01 13:51:23.219899  1736  1762 D RILJ    : [0187]> GSM_SET_BROADCAST_CONFIG with 3 configs :  [PHONE0]
09-01 13:51:23.220526  1736  1762 D RILJ    : SmsBroadcastConfigInfo: Id [4370,4379] Code [0,255] ENABLED [PHONE0]
09-01 13:51:23.224420  1736  1762 D RILJ    : SmsBroadcastConfigInfo: Id [4383,4392] Code [0,255] ENABLED [PHONE0]
09-01 13:51:23.224712  1736  1762 D RILJ    : SmsBroadcastConfigInfo: Id [4352,4354] Code [0,255] ENABLED [PHONE0]
09-01 13:51:23.226575  1209  1230 D RmcGsmSmsRequest: [0] Set CB channel array num 3
09-01 13:51:23.226678  1209  1230 D RmcGsmSmsRequest: [0] Set CB channels 4370-4379,4383-4392,4352-4354
09-01 13:51:23.226742  1209  1230 I AT      : [0] AT> AT+ECSCBCFG="4370-4379,4383-4392,4352-4354","--" (RIL_CMD_READER_3 tid:520219778304)
09-01 13:51:23.279798  1209  1229 I AT      : [0] AT< OK (RIL_CMD_READER_3, tid:520220814592)
09-01 13:51:23.283395  1736  1883 D RILJ    : [0187]< GSM_SET_BROADCAST_CONFIG  [PHONE0]
09-01 13:51:23.283711  1736  1762 D MtkIccSmsInterfaceManager: Added GSM cell broadcast channels range 4352 to 4354
09-01 13:51:23.283954  1736  1762 D MtkIccSmsInterfaceManager: Calling proprietary setCellBroadcastActivation(true)
09-01 13:51:23.284323  1991  2024 D SmsManager: enableCellBroadcastRange: succeeded at calling enableCellBroadcastRangeForSubscriber. subId = -1
09-01 13:51:23.287112  1736  1762 D MtkIccSmsInterfaceManager: Calling setGsmBroadcastConfig with 4 configurations
09-01 13:51:23.302966  1736  1762 D RILJ    : [0188]> GSM_SET_BROADCAST_CONFIG with 4 configs :  [PHONE0]
09-01 13:51:23.303137  1736  1762 D RILJ    : SmsBroadcastConfigInfo: Id [4352,4354] Code [0,255] ENABLED [PHONE0]
09-01 13:51:23.303173  1736  1762 D RILJ    : SmsBroadcastConfigInfo: Id [4370,4379] Code [0,255] ENABLED [PHONE0]
09-01 13:51:23.303191  1736  1762 D RILJ    : SmsBroadcastConfigInfo: Id [4383,4392] Code [0,255] ENABLED [PHONE0]
09-01 13:51:23.303208  1736  1762 D RILJ    : SmsBroadcastConfigInfo: Id [4356,4356] Code [0,255] ENABLED [PHONE0]
09-01 13:51:23.304795  1209  1230 D RmcGsmSmsRequest: [0] Set CB channel array num 4
09-01 13:51:23.304876  1209  1230 D RmcGsmSmsRequest: [0] Set CB channels 4352-4354,4370-4379,4383-4392,4356
09-01 13:51:23.304936  1209  1230 I AT      : [0] AT> AT+ECSCBCFG="4352-4354,4370-4379,4383-4392,4356","--" (RIL_CMD_READER_3 tid:520219778304)
09-01 13:51:23.346993  1209  1229 I AT      : [0] AT< OK (RIL_CMD_READER_3, tid:520220814592)
09-01 13:51:23.348730  1736  1883 D RILJ    : [0188]< GSM_SET_BROADCAST_CONFIG  [PHONE0]
09-01 13:51:23.349782  1736  1762 D MtkIccSmsInterfaceManager: Added GSM cell broadcast channels range 4356 to 4356
09-01 13:51:23.350034  1736  1762 D MtkIccSmsInterfaceManager: Calling proprietary setCellBroadcastActivation(true)
09-01 13:51:23.351598  1991  2024 D SmsManager: enableCellBroadcastRange: succeeded at calling enableCellBroadcastRangeForSubscriber. subId = -1
09-01 13:51:23.356414  1736  1762 D MtkIccSmsInterfaceManager: Failed to remove GSM cell broadcast channels range 4355 to 4355
09-01 13:51:23.357065  1991  2024 D SmsManager: disableCellBroadcastRange: failed at calling disableCellBroadcastRangeForSubscriber. subId = -1
09-01 13:51:23.686140  1965  1965 I WfcLocationHandler: LocationManager.PROVIDERS_CHANGED_ACTION isNlpEnabled: true, location timeout = false
09-01 13:51:25.296520  1736  1736 D RILJ    : [0189]> GET_CELL_INFO_LIST [PHONE0]
09-01 13:51:25.298101  1209  1226 I AT      : [0] AT> AT+ECELL (RIL_CMD_READER_1 tid:520223923456)
09-01 13:51:25.313650  1209  1225 I AT      : [0] AT< +ECELL=*** (RIL_CMD_READER_1, tid:520224959744)
09-01 13:51:25.313756  1209  1225 I AT      : [0] AT< OK (RIL_CMD_READER_1, tid:520224959744)
09-01 13:51:25.313907  1209  1226 D RmcNwHdlr: [0] act=2,cid=***8CE9,mcc=460,mnc=1,mnc_len=2,lacTac=**B4,pscPci=*2,sig1=65,sig2=42,rsrp=-224,rsrq=-14,ta=2147483647,rssnr=2147483647,cqi=2147483647,bsic=0,arfcn=10763
09-01 13:51:25.319333  1209  1226 E RmcNwHdlr: [0] rscp=65, ecno=42
09-01 13:51:25.319442  1209  1226 D RmcNwHdlr: [0] act=2,cid=***8CE9,mcc=460,mnc=1,mnc_len=2,lacTac=**B4,pscPci=*2,sig1=60,sig2=42,rsrp=-244,rsrq=-14,ta=2147483647,rssnr=2147483647,cqi=2147483647,bsic=0,arfcn=10763
09-01 13:51:25.319462  1209  1226 E RmcNwHdlr: [0] rscp=60, ecno=42
09-01 13:51:25.336625  1736  1883 D RILJ    : [0189]< GET_CELL_INFO_LIST [CellInfoWcdma:{mRegistered=NO mTimeStamp=67420976619ns mCellConnectionStatus=0 CellIdentityWcdma:{ mLac=61876 mCid=176786665 mPsc=18 mUarfcn=10763 mMcc=460 mMnc=01 mAlphaLong=CHN-UNICOM mAlphaShort=UNICOM mAdditionalPlmns={} mCsgInfo=null} CellSignalStrengthWcdma: ss=-55 ber=99 rscp=-55 ecno=-3 level=4}, CellInfoWcdma:{mRegistered=NO mTimeStamp=67420976619ns mCellConnectionStatus=0 CellIdentityWcdma:{ mLac=61876 mCid=176786665 mPsc=18 mUarfcn=10763 mMcc=460 mMnc=01 mAlphaLong=CHN-UNICOM mAlphaShort=UNICOM mAdditionalPlmns={} mCsgInfo=null} CellSignalStrengthWcdma: ss=-61 ber=99 rscp=-60 ecno=-3 level=4}] [PHONE0]
09-01 13:51:25.345426  1736  1736 D LocaleTracker-0: processCellInfo: cell info=[CellInfoWcdma:{mRegistered=NO mTimeStamp=67420976619ns mCellConnectionStatus=0 CellIdentityWcdma:{ mLac=61876 mCid=176786665 mPsc=18 mUarfcn=10763 mMcc=460 mMnc=01 mAlphaLong=CHN-UNICOM mAlphaShort=UNICOM mAdditionalPlmns={} mCsgInfo=null} CellSignalStrengthWcdma: ss=-55 ber=99 rscp=-55 ecno=-3 level=4}, CellInfoWcdma:{mRegistered=NO mTimeStamp=67420976619ns mCellConnectionStatus=0 CellIdentityWcdma:{ mLac=61876 mCid=176786665 mPsc=18 mUarfcn=10763 mMcc=460 mMnc=01 mAlphaLong=CHN-UNICOM mAlphaShort=UNICOM mAdditionalPlmns={} mCsgInfo=null} CellSignalStrengthWcdma: ss=-61 ber=99 rscp=-60 ecno=-3 level=4}]
09-01 13:51:25.345988  1736  1736 D LocaleTracker-0: updateLocale: countryIso = cn, countryIsoDebugInfo = CellInfo: MccTable.countryCodeForMcc("460")
09-01 13:51:25.346110  1736  1736 D LocaleTracker-0: updateLocale: timeZoneCountryIso = cn, timeZoneCountryIsoDebugInfo = CellInfo: MccTable.geoCountryCodeForMccMnc(MccMnc{mcc='460', mnc='01'})
09-01 13:51:25.346170  1736  1736 D NewNitzStateMachineImpl: handleCountryDetected: countryIsoCode=cn, mLatestNitzSignal=null
09-01 13:51:25.678843  1209  1222 I AT      : [0] AT< +ECSQ: 64,40,1,-227,-17,1,1,4,32767,1 (RIL_URC_READER, tid:520382172416)
09-01 13:51:25.684110  1209  1223 D RmcNwHdlr: [0] requestSignalStrength:sigRegisted[0000], sigUpdated[0X04]
09-01 13:51:25.684210  1209  1223 D RmcNwHdlr: [0] handleSignalStrength, gsm_signal_strength: 99, gsm_bit_error_rate: 99, gsm_timing_advance: 2147483647, cdma_dbm: 2147483647, cdma_ecio: 2147483647, evdo_dbm: 2147483647, evdo_ecio: 2147483647, evdo_snr: 2147483647, lte_signal_strength: 99, lte_rsrp: 2147483647, lte_rsrq: 2147483647, lte_rssnr: 2147483647, lte_cqi: 2147483647, lte_timing_advance: 2147483647, tdscdma_signal_strength: 99, tdscdma_bit_error_rate: 99, tdscdma_rscp: 255, wcdma_signal_strength: 28, wcdma_bit_error_rate: 99, wcdma_scdma_rscp: 64, wcdma_ecno: 40, ssRsrp: 2147483647, ssRsrq: 2147483647, ssSinr: 2147483647, csiRsrp: 2147483647, csiRsrq: 2147483647, csiSinr: 2147483647
09-01 13:51:25.690887  1736  1736 D MTKSST  : [GsmSST0] new:{level:4, raw:SignalStrength:{mCdma=CellSignalStrengthCdma: cdmaDbm=2147483647 cdmaEcio=2147483647 evdoDbm=2147483647 evdoEcio=2147483647 evdoSnr=2147483647 level=0,mGsm=CellSignalStrengthGsm: rssi=2147483647 ber=2147483647 mTa=2147483647 mLevel=0,mWcdma=CellSignalStrengthWcdma: ss=-57 ber=99 rscp=-56 ecno=-4 level=4,mTdscdma=CellSignalStrengthTdscdma: rssi=2147483647 ber=2147483647 rscp=2147483647 level=0,mLte=CellSignalStrengthLte: rssi=2147483647 rsrp=2147483647 rsrq=2147483647 rssnr=2147483647 cqiTableIndex=2147483647 cqi=2147483647 ta=2147483647 level=0 parametersUseForLevel=1,mNr=CellSignalStrengthNr:{ csiRsrp = 2147483647 csiRsrq = 2147483647 csiCqiTableIndex = 2147483647 csiCqiReport = [] ssRsrp = 2147483647 ssRsrq = 2147483647 ssSinr = 2147483647 level = 0 parametersUseForLevel = 1 },primary=CellSignalStrengthWcdma}, phoneId=0, mMtkLevel=0, mMtkRsrpOnly=true, mMtkLteRsrpThreshold=null, mMtkLteRssnrThreshold=null}, old:{level:4, raw:SignalStrength:{mCdma=CellSignalStrengthCdma: cdmaDbm=2147483647 cdmaEcio=2147483647 evdoDbm=2147483647 evdoEcio=2147483647 evdoSnr=2147483647 level=0,mGsm=CellSignalStrengthGsm: rssi=2147483647 ber=2147483647 mTa=2147483647 mLevel=0,mWcdma=CellSignalStrengthWcdma: ss=-57 ber=99 rscp=-55 ecno=-3 level=4,mTdscdma=CellSignalStrengthTdscdma: rssi=2147483647 ber=2147483647 rscp=2147483647 level=0,mLte=CellSignalStrengthLte: rssi=2147483647 rsrp=2147483647 rsrq=2147483647 rssnr=2147483647 cqiTableIndex=2147483647 cqi=2147483647 ta=2147483647 level=0 parametersUseForLevel=1,mNr=CellSignalStrengthNr:{ csiRsrp = 2147483647 csiRsrq = 2147483647 csiCqiTableIndex = 2147483647 csiCqiReport = [] ssRsrp = 2147483647 ssRsrq = 2147483647 ssSinr = 2147483647 level = 0 parametersUseForLevel = 1 },primary=CellSignalStrengthWcdma}, phoneId=0, mMtkLevel=0, mMtkRsrpOnly=true, mMtkLteRsrpThreshold=null, mMtkLteRssnrThreshold=null}
09-01 13:51:25.692573  1274  1816 D MtkTelephonyRegistryEx: idMatchEx: rSubId=2147483647, subId=-1, dSubId=-1, rPhoneId=-1, phoneId=0
09-01 13:51:25.692750  1274  1816 D MtkTelephonyRegistryEx: idMatchEx: rSubId=2147483647, subId=-1, dSubId=-1, rPhoneId=-1, phoneId=0
09-01 13:51:25.698968  1274  1289 D MtkTelephonyRegistryEx: idMatchEx: rSubId=2147483647, subId=2147483646, dSubId=-1, rPhoneId=-1, phoneId=0
09-01 13:51:25.699288  1274  1289 D MtkTelephonyRegistryEx: idMatchEx: rSubId=2147483647, subId=2147483646, dSubId=-1, rPhoneId=-1, phoneId=0
09-01 13:51:25.866894  1736  1736 D MTKCAT  : BootCompletedReceiver: [onReceive] action = android.intent.action.SIM_STATE_CHANGED
09-01 13:51:25.867043  1736  1736 D MTKCAT  : BootCompletedReceiver: ACTION_SIM_STATE_CHANGED, simStatus: ABSENT
09-01 13:51:25.950637  1736  1736 D MTKSST  : [GsmSST0] SST.requestAllCellInfo(): return last, back to back calls
09-01 13:51:27.065673  1736  1776 D SubscriptionController: [getSlotIndex]- subId invalid
09-01 13:51:27.511798  2930  2930 D SubscriptionManager: register OnSubscriptionsChangedListener pkgName=com.android.vending listener=hib@6dee12f
09-01 13:51:29.912343  1736  1736 D MtkDeviceStateMonitor: [phoneId0]isLowDataExpected mIsScreenOn = false mIsCharging = true mIsTetheringOn = false
09-01 13:51:29.934761  1209  1232 I AT      : [0] AT> AT+EFD=3,0 (RIL_CMD_READER_4 tid:520217705728)
09-01 13:51:29.942988  1209  1231 I AT      : [0] AT< OK (RIL_CMD_READER_4, tid:520218742016)
09-01 13:51:30.392956  1209  1216 D RtcMwi  : [0] onHandleRequest: request id 60533 is RFX_MSG_REQUEST_NOTIFY_EPDG_SCREEN_STATE
09-01 13:51:30.393571  1209  1230 D RmcMwi  : [0] notifyEPDGScreenState: state:1
09-01 13:51:30.393682  1209  1230 I AT      : [0] AT> AT+ESCREENSTATE = 1 (RIL_CMD_READER_3 tid:520219778304)
09-01 13:51:30.407940  1209  1229 I AT      : [0] AT< OK (RIL_CMD_READER_3, tid:520220814592)
09-01 13:51:30.408945  1209  1216 D RtcMwi  : [0] onHandleResponse, handle RFX_MSG_REQUEST_NOTIFY_EPDG_SCREEN_STATE
09-01 13:51:30.799710  1209  1222 I AT      : [0] AT< +ECSQ: 63,40,1,-230,-17,1,1,4,32767,1 (RIL_URC_READER, tid:520382172416)
09-01 13:51:30.800727  1209  1223 D RmcNwHdlr: [0] requestSignalStrength:sigRegisted[0000], sigUpdated[0X04]
09-01 13:51:30.800802  1209  1223 D RmcNwHdlr: [0] handleSignalStrength, gsm_signal_strength: 99, gsm_bit_error_rate: 99, gsm_timing_advance: 2147483647, cdma_dbm: 2147483647, cdma_ecio: 2147483647, evdo_dbm: 2147483647, evdo_ecio: 2147483647, evdo_snr: 2147483647, lte_signal_strength: 99, lte_rsrp: 2147483647, lte_rsrq: 2147483647, lte_rssnr: 2147483647, lte_cqi: 2147483647, lte_timing_advance: 2147483647, tdscdma_signal_strength: 99, tdscdma_bit_error_rate: 99, tdscdma_rscp: 255, wcdma_signal_strength: 27, wcdma_bit_error_rate: 99, wcdma_scdma_rscp: 63, wcdma_ecno: 40, ssRsrp: 2147483647, ssRsrq: 2147483647, ssSinr: 2147483647, csiRsrp: 2147483647, csiRsrq: 2147483647, csiSinr: 2147483647
09-01 13:51:30.806672  1736  1736 D MTKSST  : [GsmSST0] new:{level:4, raw:SignalStrength:{mCdma=CellSignalStrengthCdma: cdmaDbm=2147483647 cdmaEcio=2147483647 evdoDbm=2147483647 evdoEcio=2147483647 evdoSnr=2147483647 level=0,mGsm=CellSignalStrengthGsm: rssi=2147483647 ber=2147483647 mTa=2147483647 mLevel=0,mWcdma=CellSignalStrengthWcdma: ss=-59 ber=99 rscp=-57 ecno=-4 level=4,mTdscdma=CellSignalStrengthTdscdma: rssi=2147483647 ber=2147483647 rscp=2147483647 level=0,mLte=CellSignalStrengthLte: rssi=2147483647 rsrp=2147483647 rsrq=2147483647 rssnr=2147483647 cqiTableIndex=2147483647 cqi=2147483647 ta=2147483647 level=0 parametersUseForLevel=1,mNr=CellSignalStrengthNr:{ csiRsrp = 2147483647 csiRsrq = 2147483647 csiCqiTableIndex = 2147483647 csiCqiReport = [] ssRsrp = 2147483647 ssRsrq = 2147483647 ssSinr = 2147483647 level = 0 parametersUseForLevel = 1 },primary=CellSignalStrengthWcdma}, phoneId=0, mMtkLevel=0, mMtkRsrpOnly=true, mMtkLteRsrpThreshold=null, mMtkLteRssnrThreshold=null}, old:{level:4, raw:SignalStrength:{mCdma=CellSignalStrengthCdma: cdmaDbm=2147483647 cdmaEcio=2147483647 evdoDbm=2147483647 evdoEcio=2147483647 evdoSnr=2147483647 level=0,mGsm=CellSignalStrengthGsm: rssi=2147483647 ber=2147483647 mTa=2147483647 mLevel=0,mWcdma=CellSignalStrengthWcdma: ss=-57 ber=99 rscp=-56 ecno=-4 level=4,mTdscdma=CellSignalStrengthTdscdma: rssi=2147483647 ber=2147483647 rscp=2147483647 level=0,mLte=CellSignalStrengthLte: rssi=2147483647 rsrp=2147483647 rsrq=2147483647 rssnr=2147483647 cqiTableIndex=2147483647 cqi=2147483647 ta=2147483647 level=0 parametersUseForLevel=1,mNr=CellSignalStrengthNr:{ csiRsrp = 2147483647 csiRsrq = 2147483647 csiCqiTableIndex = 2147483647 csiCqiReport = [] ssRsrp = 2147483647 ssRsrq = 2147483647 ssSinr = 2147483647 level = 0 parametersUseForLevel = 1 },primary=CellSignalStrengthWcdma}, phoneId=0, mMtkLevel=0, mMtkRsrpOnly=true, mMtkLteRsrpThreshold=null, mMtkLteRssnrThreshold=null}
09-01 13:51:30.831406  1274  1352 D MtkTelephonyRegistryEx: idMatchEx: rSubId=2147483647, subId=-1, dSubId=-1, rPhoneId=-1, phoneId=0
09-01 13:51:30.831525  1274  1352 D MtkTelephonyRegistryEx: idMatchEx: rSubId=2147483647, subId=-1, dSubId=-1, rPhoneId=-1, phoneId=0
09-01 13:51:30.834553  1274  1352 D MtkTelephonyRegistryEx: idMatchEx: rSubId=2147483647, subId=2147483646, dSubId=-1, rPhoneId=-1, phoneId=0
09-01 13:51:30.834818  1274  1352 D MtkTelephonyRegistryEx: idMatchEx: rSubId=2147483647, subId=2147483646, dSubId=-1, rPhoneId=-1, phoneId=0
09-01 13:51:31.062957  1736  1997 D SubscriptionController: [getSlotIndex]- subId invalid
09-01 13:51:34.661212  1736  1776 D SubscriptionController: [getSlotIndex]- subId invalid
09-01 13:51:34.663113  1736  1776 D SubscriptionController: [getSlotIndex]- subId invalid
09-01 13:51:34.675935  1736  1776 E PhoneSubInfoController: getGroupIdLevel1 phone is null for Subscription:-1
09-01 13:51:34.734581  1736  1776 D SubscriptionController: [getSlotIndex]- subId invalid
09-01 13:51:34.956877  1274  1274 D MtkImsManager [0]: mMtkImsService = com.mediatek.ims.internal.IMtkImsService$Stub$Proxy@ecefe8a
09-01 13:51:34.965513  1274  1601 D FeatureConnector: [LPPeService, 0] imsFeatureCreated: FeatureContainer{imsFeature=android.os.BinderProxy@5d119ad, imsConfig=android.telephony.ims.aidl.IImsConfig$Stub$Proxy@8a8d4e2, imsRegistration=android.telephony.ims.aidl.IImsRegistration$Stub$Proxy@98bb073, sipTransport=null, state=READY, capabilities = capabilities={ EMERGENCY_OVER_MMTEL }}
09-01 13:51:34.965917  1274  1601 D FeatureConnector: [LPPeService, 0] imsStatusChanged: status=READY
09-01 13:51:35.027066  1274  1274 D ImsManager [0]: Registration Callback registered.
09-01 13:51:35.084506  1736  1776 D SubscriptionController: [getSlotIndex]- subId invalid
09-01 13:51:35.247938  1209  1254 I RilClient: initialize: commandFd is 36
09-01 13:51:35.251143  1209  1254 I RilClient: start listen on fd: 30, socket name: rild-oem
09-01 13:51:35.251686  1209  1226 I RmcOemHandler: requestQueryThermal Enter: 0,0,0
09-01 13:51:35.251784  1209  1226 I AT      : [0] AT> AT+ETHERMAL=0,0,0 (RIL_CMD_READER_1 tid:520223923456)
09-01 13:51:35.259503  1209  1225 I AT      : [0] AT< +CME ERROR: 100 (RIL_CMD_READER_1, tid:520224959744)
09-01 13:51:35.259708  1209  1226 I RmcOemHandler: requestQueryThermal error
09-01 13:51:35.260960  1209  1216 D RtcRilClientController: client 1001 handle requestComplete
09-01 13:51:35.261780  1209  1254 I RilClient: initialize: commandFd is 59
09-01 13:51:35.262011  1209  1254 I RilClient: start listen on fd: 30, socket name: rild-oem
09-01 13:51:35.262461  1209  1226 I RmcOemHandler: requestQueryThermal Enter: 0,1,0
09-01 13:51:35.262555  1209  1226 I AT      : [0] AT> AT+ETHERMAL=0,1,0 (RIL_CMD_READER_1 tid:520223923456)
09-01 13:51:35.269990  1209  1225 I AT      : [0] AT< +CME ERROR: 100 (RIL_CMD_READER_1, tid:520224959744)
09-01 13:51:35.270152  1209  1226 I RmcOemHandler: requestQueryThermal error
09-01 13:51:35.270425  1209  1216 D RtcRilClientController: client 1001 handle requestComplete
09-01 13:51:35.270835  1209  1254 I RilClient: initialize: commandFd is 36
09-01 13:51:35.271084  1209  1254 I RilClient: start listen on fd: 30, socket name: rild-oem
09-01 13:51:35.271504  1209  1226 I RmcOemHandler: requestQueryThermal Enter: 0,2,0
09-01 13:51:35.271583  1209  1226 I AT      : [0] AT> AT+ETHERMAL=0,2,0 (RIL_CMD_READER_1 tid:520223923456)
09-01 13:51:35.278930  1209  1225 I AT      : [0] AT< +CME ERROR: 100 (RIL_CMD_READER_1, tid:520224959744)
09-01 13:51:35.279126  1209  1226 I RmcOemHandler: requestQueryThermal error
09-01 13:51:35.279366  1209  1216 D RtcRilClientController: client 1001 handle requestComplete
09-01 13:51:35.279777  1209  1254 I RilClient: initialize: commandFd is 59
09-01 13:51:35.280040  1209  1254 I RilClient: start listen on fd: 30, socket name: rild-oem
09-01 13:51:35.280996  1209  1226 I RmcOemHandler: requestQueryThermal Enter: -1
09-01 13:51:35.281120  1209  1226 I AT      : [0] AT> AT+ETHERMAL (RIL_CMD_READER_1 tid:520223923456)
09-01 13:51:35.289161  1209  1225 I AT      : [0] AT< +ETHERMAL: 2, 32767, -127, 111, 32767, 4046 (RIL_CMD_READER_1, tid:520224959744)
09-01 13:51:35.289247  1209  1225 I AT      : [0] AT< OK (RIL_CMD_READER_1, tid:520224959744)
09-01 13:51:35.289512  1209  1226 I RmcOemHandler: requestQueryThermal success
09-01 13:51:35.289964  1209  1216 D RtcRilClientController: client 1001 handle requestComplete
09-01 13:51:35.920609  1209  1222 I AT      : [0] AT< +ECSQ: 62,39,1,-234,-19,1,1,4,32767,1 (RIL_URC_READER, tid:520382172416)
09-01 13:51:35.921353  1209  1223 D RmcNwHdlr: [0] requestSignalStrength:sigRegisted[0000], sigUpdated[0X04]
09-01 13:51:35.921425  1209  1223 D RmcNwHdlr: [0] handleSignalStrength, gsm_signal_strength: 99, gsm_bit_error_rate: 99, gsm_timing_advance: 2147483647, cdma_dbm: 2147483647, cdma_ecio: 2147483647, evdo_dbm: 2147483647, evdo_ecio: 2147483647, evdo_snr: 2147483647, lte_signal_strength: 99, lte_rsrp: 2147483647, lte_rsrq: 2147483647, lte_rssnr: 2147483647, lte_cqi: 2147483647, lte_timing_advance: 2147483647, tdscdma_signal_strength: 99, tdscdma_bit_error_rate: 99, tdscdma_rscp: 255, wcdma_signal_strength: 27, wcdma_bit_error_rate: 99, wcdma_scdma_rscp: 62, wcdma_ecno: 39, ssRsrp: 2147483647, ssRsrq: 2147483647, ssSinr: 2147483647, csiRsrp: 2147483647, csiRsrq: 2147483647, csiSinr: 2147483647
09-01 13:51:35.934205  1736  1736 D MTKSST  : [GsmSST0] new:{level:4, raw:SignalStrength:{mCdma=CellSignalStrengthCdma: cdmaDbm=2147483647 cdmaEcio=2147483647 evdoDbm=2147483647 evdoEcio=2147483647 evdoSnr=2147483647 level=0,mGsm=CellSignalStrengthGsm: rssi=2147483647 ber=2147483647 mTa=2147483647 mLevel=0,mWcdma=CellSignalStrengthWcdma: ss=-59 ber=99 rscp=-58 ecno=-5 level=4,mTdscdma=CellSignalStrengthTdscdma: rssi=2147483647 ber=2147483647 rscp=2147483647 level=0,mLte=CellSignalStrengthLte: rssi=2147483647 rsrp=2147483647 rsrq=2147483647 rssnr=2147483647 cqiTableIndex=2147483647 cqi=2147483647 ta=2147483647 level=0 parametersUseForLevel=1,mNr=CellSignalStrengthNr:{ csiRsrp = 2147483647 csiRsrq = 2147483647 csiCqiTableIndex = 2147483647 csiCqiReport = [] ssRsrp = 2147483647 ssRsrq = 2147483647 ssSinr = 2147483647 level = 0 parametersUseForLevel = 1 },primary=CellSignalStrengthWcdma}, phoneId=0, mMtkLevel=0, mMtkRsrpOnly=true, mMtkLteRsrpThreshold=null, mMtkLteRssnrThreshold=null}, old:{level:4, raw:SignalStrength:{mCdma=CellSignalStrengthCdma: cdmaDbm=2147483647 cdmaEcio=2147483647 evdoDbm=2147483647 evdoEcio=2147483647 evdoSnr=2147483647 level=0,mGsm=CellSignalStrengthGsm: rssi=2147483647 ber=2147483647 mTa=2147483647 mLevel=0,mWcdma=CellSignalStrengthWcdma: ss=-59 ber=99 rscp=-57 ecno=-4 level=4,mTdscdma=CellSignalStrengthTdscdma: rssi=2147483647 ber=2147483647 rscp=2147483647 level=0,mLte=CellSignalStrengthLte: rssi=2147483647 rsrp=2147483647 rsrq=2147483647 rssnr=2147483647 cqiTableIndex=2147483647 cqi=2147483647 ta=2147483647 level=0 parametersUseForLevel=1,mNr=CellSignalStrengthNr:{ csiRsrp = 2147483647 csiRsrq = 2147483647 csiCqiTableIndex = 2147483647 csiCqiReport = [] ssRsrp = 2147483647 ssRsrq = 2147483647 ssSinr = 2147483647 level = 0 parametersUseForLevel = 1 },primary=CellSignalStrengthWcdma}, phoneId=0, mMtkLevel=0, mMtkRsrpOnly=true, mMtkLteRsrpThreshold=null, mMtkLteRssnrThreshold=null}
09-01 13:51:35.937209  1274  2849 D MtkTelephonyRegistryEx: idMatchEx: rSubId=2147483647, subId=-1, dSubId=-1, rPhoneId=-1, phoneId=0
09-01 13:51:35.937340  1274  2849 D MtkTelephonyRegistryEx: idMatchEx: rSubId=2147483647, subId=-1, dSubId=-1, rPhoneId=-1, phoneId=0
09-01 13:51:35.941684  1274  2849 D MtkTelephonyRegistryEx: idMatchEx: rSubId=2147483647, subId=2147483646, dSubId=-1, rPhoneId=-1, phoneId=0
09-01 13:51:35.942090  1274  2849 D MtkTelephonyRegistryEx: idMatchEx: rSubId=2147483647, subId=2147483646, dSubId=-1, rPhoneId=-1, phoneId=0
