09-01 13:51:08.018306  1274  1274 D SystemServerTiming: StartNetworkPolicyManagerService took to complete: 6ms
09-01 13:51:08.018552  1274  1274 I SystemServerTiming: StartWifi
09-01 13:51:08.048739  1274  1274 I SystemServiceManager: Starting com.android.server.wifi.WifiService
09-01 13:51:08.293995   917   917 I wificond: New wificond event callback registered
09-01 13:51:08.306280  1274  1274 V HistoricalRegistry: Interaction before persistence initialized
09-01 13:51:08.314997  1274  1274 D SystemServerTiming: StartWifi took to complete: 296ms
09-01 13:51:08.315069  1274  1274 I SystemServerTiming: StartWifiScanning
09-01 13:51:08.315429  1274  1274 I SystemServiceManager: Starting com.android.server.wifi.scanner.WifiScanningService
09-01 13:51:08.322563  1274  1274 D SystemServerTiming: StartWifiScanning took to complete: 8ms
09-01 13:51:08.322848  1274  1274 I SystemServerTiming: StartWifiP2P
09-01 13:51:08.323259  1274  1274 I SystemServiceManager: Starting com.android.server.wifi.p2p.WifiP2pService
09-01 13:51:08.339718  1274  1274 D SystemServerTiming: StartWifiP2P took to complete: 17ms
09-01 13:51:08.339972  1274  1274 I SystemServerTiming: StartEthernet
09-01 13:51:08.556463  1274  1274 I SystemServiceManager: Starting com.android.server.ethernet.EthernetService
09-01 13:51:08.558700  1274  1274 D SystemServerTiming: StartEthernet took to complete: 219ms
09-01 13:51:08.558920  1274  1274 I SystemServerTiming: StartPacProxyService
09-01 13:51:08.563427  1274  1274 D SystemServerTiming: StartPacProxyService took to complete: 4ms
09-01 13:51:08.563608  1274  1274 I SystemServerTiming: StartConnectivityService
09-01 13:51:08.582091  1274  1274 I SystemServiceManager: Starting com.android.server.ConnectivityServiceInitializer
09-01 13:51:08.682768  1274  1274 D CompatibilityChangeReporter: Compat change id reported: 182478738; UID 1000; state: ENABLED
09-01 13:51:08.695581  1274  1274 D SystemServerTiming: StartConnectivityService took to complete: 132ms
09-01 13:51:08.695863  1274  1274 I SystemServerTiming: StartVpnManagerService
09-01 13:51:08.702163  1274  1274 D SystemServerTiming: StartVpnManagerService took to complete: 6ms
09-01 13:51:08.702371  1274  1274 I SystemServerTiming: StartVcnManagementService
09-01 13:51:08.707584  1274  1274 D SystemServerTiming: StartVcnManagementService took to complete: 6ms
09-01 13:51:08.707763  1274  1274 I SystemServerTiming: StartNsdService
09-01 13:51:08.709181  1274  1274 D NsdService: Network service discovery is enabled
09-01 13:51:08.712361  1274  1274 D SystemServerTiming: StartNsdService took to complete: 4ms
09-01 13:51:08.712443  1274  1274 I SystemServerTiming: StartSystemUpdateManagerService
09-01 13:51:08.713672  1274  1274 I SystemUpdateManagerService: No existing info file /data/system/system-update-info.xml
09-01 13:51:08.714844  1274  1274 D SystemServerTiming: StartSystemUpdateManagerService took to complete: 2ms
09-01 13:51:08.714991  1274  1274 I SystemServerTiming: StartUpdateLockService
09-01 13:51:08.716621  1274  1274 D SystemServerTiming: StartUpdateLockService took to complete: 2ms
09-01 13:51:08.716784  1274  1274 I SystemServerTiming: StartNotificationManager
09-01 13:51:08.716865  1274  1274 I SystemServiceManager: Starting com.android.server.notification.NotificationManagerService
09-01 13:51:08.752089  1274  1274 D ConditionProviders.SCP: new ScheduleConditionProvider()
09-01 13:51:08.773583  1274  1274 I NotificationListeners: Read notification listener permissions from xml
09-01 13:51:08.773968  1274  1274 I NotificationAssistants: Read notification assistant permissions from xml
09-01 13:51:08.774337  1274  1274 I ConditionProviders: Read condition provider permissions from xml
09-01 13:51:08.774485  1274  1274 I ConditionProviders: Read condition provider permissions from xml
09-01 13:51:08.776334  1274  1274 D NotificationAssistants: Approving default notification assistant for user 0
09-01 13:51:08.777997  1274  1274 I ConditionProviders:  Allowing condition provider com.google.android.ext.services/android.ext.services.notification.Assistant (userSet: true)
09-01 13:51:08.780336  1274  1274 V ConditionProviders: enabling condition provider for 0: ComponentInfo{com.google.android.apps.wellbeing/com.google.android.apps.wellbeing.dnd.impl.DndConditionProviderService}
09-01 13:51:08.781055  1274  1274 V ConditionProviders: binding: Intent { act=android.service.notification.ConditionProviderService cmp=com.google.android.apps.wellbeing/.dnd.impl.DndConditionProviderService (has extras) }
09-01 13:51:08.795480  1274  1274 W SystemServiceManager: Service com.android.server.notification.NotificationManagerService took 76 ms in onStart
09-01 13:51:08.798739  1274  1274 D SystemServerTiming: StartNotificationManager took to complete: 82ms
09-01 13:51:08.799006  1274  1274 I SystemServerTiming: StartDeviceMonitor
09-01 13:51:08.799178  1274  1274 I SystemServiceManager: Starting com.android.server.storage.DeviceStorageMonitorService
09-01 13:51:08.802894  1274  1274 D SystemServerTiming: StartDeviceMonitor took to complete: 4ms
09-01 13:51:08.802976  1274  1274 I SystemServerTiming: StartLocationManagerService
09-01 13:51:08.803028  1274  1274 I SystemServiceManager: Starting com.android.server.location.LocationManagerService$Lifecycle
09-01 13:51:08.814908  1274  1274 D SystemServerTiming: StartLocationManagerService took to complete: 12ms
09-01 13:51:08.815084  1274  1274 I SystemServerTiming: StartCountryDetectorService
09-01 13:51:08.816490  1274  1274 D SystemServerTiming: StartCountryDetectorService took to complete: 2ms
09-01 13:51:08.816686  1274  1274 I SystemServerTiming: StartTimeDetectorService
09-01 13:51:08.816814  1274  1274 I SystemServiceManager: Starting com.android.server.timedetector.TimeDetectorService$Lifecycle
09-01 13:51:08.819768  1274  1274 D SystemServerTiming: StartTimeDetectorService took to complete: 3ms
09-01 13:51:08.819968  1274  1274 I SystemServerTiming: StartTimeZoneDetectorService
09-01 13:51:08.820075  1274  1274 I SystemServiceManager: Starting com.android.server.timezonedetector.TimeZoneDetectorService$Lifecycle
09-01 13:51:08.823468  1274  1274 D SystemServerTiming: StartTimeZoneDetectorService took to complete: 3ms
09-01 13:51:08.823673  1274  1274 I SystemServerTiming: StartLocationTimeZoneManagerService
09-01 13:51:08.823851  1274  1274 I SystemServiceManager: Starting com.android.server.timezonedetector.location.LocationTimeZoneManagerService$Lifecycle
09-01 13:51:08.825280  1274  1274 D SystemServerTiming: StartLocationTimeZoneManagerService took to complete: 1ms
09-01 13:51:08.825592  1274  1274 I SystemServerTiming: StartSearchManagerService
09-01 13:51:08.825743  1274  1274 I SystemServiceManager: Starting com.android.server.search.SearchManagerService$Lifecycle
09-01 13:51:08.828426  1274  1274 D SystemServerTiming: StartSearchManagerService took to complete: 2ms
09-01 13:51:08.828707  1274  1274 I SystemServerTiming: StartWallpaperManagerService
09-01 13:51:08.828883  1274  1274 I SystemServiceManager: Starting com.android.server.wallpaper.WallpaperManagerService$Lifecycle
09-01 13:51:08.831646  1274  1274 D SystemServerTiming: StartWallpaperManagerService took to complete: 3ms
09-01 13:51:08.831808  1274  1274 I SystemServerTiming: StartAudioService
09-01 13:51:08.831959  1274  1274 I SystemServiceManager: Starting com.android.server.audio.AudioService$Lifecycle
09-01 13:51:08.874883  1274  1274 V SettingsProvider: name : mode_ringer_streams_affected appId : 1000
09-01 13:51:08.925086  1274  1274 D SystemServerTiming: StartAudioService took to complete: 93ms
09-01 13:51:08.925296  1274  1274 I SystemServerTiming: StartSoundTriggerMiddlewareService
09-01 13:51:08.925416  1274  1274 I SystemServiceManager: Starting com.android.server.soundtrigger_middleware.SoundTriggerMiddlewareService$Lifecycle
09-01 13:51:08.935237  1274  1274 D SystemServerTiming: StartSoundTriggerMiddlewareService took to complete: 10ms
09-01 13:51:08.935350  1274  1274 I SystemServerTiming: StartDockObserver
09-01 13:51:08.935487  1274  1274 I SystemServiceManager: Starting com.android.server.DockObserver
09-01 13:51:08.936545  1274  1274 W DockObserver: This kernel does not have dock station support
09-01 13:51:08.939121  1274  1274 D SystemServerTiming: StartDockObserver took to complete: 4ms
09-01 13:51:08.939200  1274  1274 I SystemServerTiming: StartWiredAccessoryManager
09-01 13:51:08.941286  1274  1274 W WiredAccessoryManager: This kernel does not have usb audio support
09-01 13:51:08.941962  1274  1274 W WiredAccessoryManager: This kernel does not have HDMI audio support
09-01 13:51:08.942050  1274  1274 D SystemServerTiming: StartWiredAccessoryManager took to complete: 3ms
09-01 13:51:08.942111  1274  1274 I SystemServerTiming: StartMidiManager
09-01 13:51:08.942197  1274  1274 I SystemServiceManager: Starting com.android.server.midi.MidiService$Lifecycle
09-01 13:51:08.943692  1274  1274 D SystemServerTiming: StartMidiManager took to complete: 2ms
09-01 13:51:08.943870  1274  1274 I SystemServerTiming: StartAdbService
09-01 13:51:08.944045  1274  1274 I SystemServiceManager: Starting com.android.server.adb.AdbService$Lifecycle
09-01 13:51:08.946492  1274  1274 D SystemServerTiming: StartAdbService took to complete: 2ms
09-01 13:51:08.946869  1274  1274 I SystemServerTiming: StartUsbService
09-01 13:51:08.947235  1274  1274 I SystemServiceManager: Starting com.android.server.usb.UsbService$Lifecycle
09-01 13:51:08.947427  1274  1274 D SystemServerTiming: StartUsbService took to complete: 0ms
09-01 13:51:08.947465  1274  1274 I SystemServerTiming: StartSerialService
09-01 13:51:08.947477  1274  1299 I SystemServerTimingAsync: InitThreadPoolExec:UsbService$Lifecycle#onStart
09-01 13:51:08.947499  1274  1299 D SystemServerInitThreadPool: Started executing UsbService$Lifecycle#onStart
09-01 13:51:08.948650  1274  1274 D SystemServerTiming: StartSerialService took to complete: 1ms
09-01 13:51:08.948833  1274  1274 I SystemServerTiming: StartHardwarePropertiesManagerService
09-01 13:51:08.952043  1274  1299 E UsbDeviceManager: failed to write to /sys/class/android_usb/android0/f_rndis/ethaddr
09-01 13:51:08.954848  1274  1274 D SystemServerTiming: StartHardwarePropertiesManagerService took to complete: 6ms
09-01 13:51:08.955148  1274  1274 I SystemServerTiming: StartTwilightService
09-01 13:51:08.955453  1274  1274 I SystemServiceManager: Starting com.android.server.twilight.TwilightService
09-01 13:51:08.955786  1274  1274 D SystemServerTiming: StartTwilightService took to complete: 1ms
09-01 13:51:08.955930  1274  1274 I SystemServerTiming: StartColorDisplay
09-01 13:51:08.956006  1274  1274 I SystemServiceManager: Starting com.android.server.display.color.ColorDisplayService
09-01 13:51:08.960887  1274  1274 D SystemServerTiming: StartColorDisplay took to complete: 5ms
09-01 13:51:08.961127  1274  1274 I SystemServerTiming: StartJobScheduler
09-01 13:51:08.961609  1274  1274 I SystemServiceManager: Starting com.android.server.job.JobSchedulerService
09-01 13:51:08.971167  1274  1299 W StorageManagerService: No primary storage defined yet; hacking together a stub
09-01 13:51:08.974989  1274  1479 I UsbDeviceManager: Usb gadget hal service started android.hardware.usb.gadget@1.0::IUsbGadget default
09-01 13:51:08.975873  1274  1274 D JobStore: Start tag: job-info
09-01 13:51:08.982269  1274  1291 E UsbDeviceManager: prcessing MSG_GET_CURRENT_USB_FUNCTIONS
09-01 13:51:08.982343  1274  1291 E UsbDeviceManager: updating mCurrentFunctions
09-01 13:51:08.982404  1274  1291 E UsbDeviceManager: mCurrentFunctions:4applied:1
09-01 13:51:08.992650  1274  1479 I UsbPortManager: Usb hal service started android.hardware.usb@1.0::IUsb default
09-01 13:51:09.002338  1274  1299 I UsbPortManager: USB HAL version: 13
09-01 13:51:09.009423  1274  1299 D SystemServerInitThreadPool: Finished executing UsbService$Lifecycle#onStart
09-01 13:51:09.009701  1274  1299 D SystemServerTimingAsync: InitThreadPoolExec:UsbService$Lifecycle#onStart took to complete: 62ms
09-01 13:51:09.023500  1274  1274 I JobStore: Read 85 jobs
09-01 13:51:09.037780  1274  1274 V HistoricalRegistry: Interaction before persistence initialized
09-01 13:51:09.037948  1274  1274 V HistoricalRegistry: Interaction before persistence initialized
09-01 13:51:09.040048  1274  1274 D SystemServerTiming: StartJobScheduler took to complete: 79ms
09-01 13:51:09.040150  1274  1274 I SystemServerTiming: StartSoundTrigger
09-01 13:51:09.040233  1274  1274 I SystemServiceManager: Starting com.android.server.soundtrigger.SoundTriggerService
09-01 13:51:09.041890  1274  1274 D SystemServerTiming: StartSoundTrigger took to complete: 2ms
09-01 13:51:09.042058  1274  1274 I SystemServerTiming: StartTrustManager
09-01 13:51:09.042148  1274  1274 I SystemServiceManager: Starting com.android.server.trust.TrustManagerService
09-01 13:51:09.045354  1274  1274 D SystemServerTiming: StartTrustManager took to complete: 3ms
09-01 13:51:09.045567  1274  1274 I SystemServerTiming: StartBackupManager
09-01 13:51:09.045631  1274  1274 I SystemServiceManager: Starting com.android.server.backup.BackupManagerService$Lifecycle
09-01 13:51:09.048134  1274  1274 D SystemServerTiming: StartBackupManager took to complete: 2ms
09-01 13:51:09.048346  1274  1274 I SystemServerTiming: StartAppWidgetService
09-01 13:51:09.048492  1274  1274 I SystemServiceManager: Starting com.android.server.appwidget.AppWidgetService
09-01 13:51:09.052084  1274  1274 D SystemServerTiming: StartAppWidgetService took to complete: 4ms
09-01 13:51:09.052126  1274  1274 I SystemServerTiming: StartVoiceRecognitionManager
09-01 13:51:09.052200  1274  1274 I SystemServiceManager: Starting com.android.server.voiceinteraction.VoiceInteractionManagerService
09-01 13:51:09.079520  1274  1274 D SystemServerTiming: StartVoiceRecognitionManager took to complete: 28ms
09-01 13:51:09.080352  1274  1274 I SystemServerTiming: StartAppHibernationService
09-01 13:51:09.080480  1274  1274 I SystemServiceManager: Starting com.android.server.apphibernation.AppHibernationService
09-01 13:51:09.083943  1274  1274 D SystemServerTiming: StartAppHibernationService took to complete: 4ms
09-01 13:51:09.084419  1274  1274 I SystemServerTiming: StartGestureLauncher
09-01 13:51:09.084526  1274  1274 I SystemServiceManager: Starting com.android.server.GestureLauncherService
09-01 13:51:09.084707  1274  1274 D SystemServerTiming: StartGestureLauncher took to complete: 0ms
09-01 13:51:09.084941  1274  1274 I SystemServerTiming: StartSensorNotification
09-01 13:51:09.085152  1274  1274 I SystemServiceManager: Starting com.android.server.SensorNotificationService
09-01 13:51:09.085562  1274  1274 D SystemServerTiming: StartSensorNotification took to complete: 1ms
09-01 13:51:09.085765  1274  1274 I SystemServerTiming: StartDiskStatsService
09-01 13:51:09.089938  1274  1274 D SystemServerTiming: StartDiskStatsService took to complete: 4ms
09-01 13:51:09.090188  1274  1274 I SystemServerTiming: RuntimeService
09-01 13:51:09.091145  1274  1274 D SystemServerTiming: RuntimeService took to complete: 1ms
09-01 13:51:09.091360  1274  1274 I SystemServerTiming: StartNetworkTimeUpdateService
09-01 13:51:09.093516  1274  1274 D SystemServerTiming: StartNetworkTimeUpdateService took to complete: 2ms
09-01 13:51:09.093731  1274  1274 I SystemServerTiming: CertBlacklister
09-01 13:51:09.094673  1274  1274 D SystemServerTiming: CertBlacklister took to complete: 1ms
09-01 13:51:09.094847  1274  1274 I SystemServerTiming: StartEmergencyAffordanceService
09-01 13:51:09.094964  1274  1274 I SystemServiceManager: Starting com.android.server.emergency.EmergencyAffordanceService
09-01 13:51:09.096279  1274  1274 D SystemServerTiming: StartEmergencyAffordanceService took to complete: 1ms
09-01 13:51:09.096626  1274  1274 I SystemServerTiming: StartDreamManager
09-01 13:51:09.096740  1274  1337 I SystemServerTimingAsync: InitThreadPoolExec:startBlobStoreManagerService
09-01 13:51:09.096812  1274  1337 D SystemServerInitThreadPool: Started executing startBlobStoreManagerService
09-01 13:51:09.096850  1274  1337 I SystemServerTimingAsync: startBlobStoreManagerService
09-01 13:51:09.096883  1274  1274 I SystemServiceManager: Starting com.android.server.dreams.DreamManagerService
09-01 13:51:09.097573  1274  1337 I SystemServiceManager: Starting com.android.server.blob.BlobStoreManagerService
09-01 13:51:09.098399  1274  1274 D SystemServerTiming: StartDreamManager took to complete: 1ms
09-01 13:51:09.098475  1274  1274 I SystemServerTiming: AddGraphicsStatsService
09-01 13:51:09.100690  1274  1337 D SystemServerTimingAsync: startBlobStoreManagerService took to complete: 4ms
09-01 13:51:09.100920  1274  1337 D SystemServerInitThreadPool: Finished executing startBlobStoreManagerService
09-01 13:51:09.100998  1274  1337 D SystemServerTimingAsync: InitThreadPoolExec:startBlobStoreManagerService took to complete: 4ms
09-01 13:51:09.110272  1274  1274 D SystemServerTiming: AddGraphicsStatsService took to complete: 11ms
09-01 13:51:09.111352  1274  1274 I SystemServerTiming: StartPrintManager
09-01 13:51:09.111935  1274  1274 I SystemServiceManager: Starting com.android.server.print.PrintManagerService
09-01 13:51:09.117611  1274  1274 D SystemServerTiming: StartPrintManager took to complete: 6ms
09-01 13:51:09.117724  1274  1274 I SystemServerTiming: StartCompanionDeviceManager
09-01 13:51:09.118200  1274  1274 I SystemServiceManager: Starting com.android.server.companion.CompanionDeviceManagerService
09-01 13:51:09.125611  1274  1274 D SystemServerTiming: StartCompanionDeviceManager took to complete: 8ms
09-01 13:51:09.125692  1274  1274 I SystemServerTiming: StartRestrictionManager
09-01 13:51:09.125766  1274  1274 I SystemServiceManager: Starting com.android.server.restrictions.RestrictionsManagerService
09-01 13:51:09.128448  1274  1274 D SystemServerTiming: StartRestrictionManager took to complete: 2ms
09-01 13:51:09.128725  1274  1274 I SystemServerTiming: StartMediaSessionService
09-01 13:51:09.129327  1274  1274 I SystemServiceManager: Starting com.android.server.media.MediaSessionService
09-01 13:51:09.133808  1274  1274 D SystemServerTiming: StartMediaSessionService took to complete: 5ms
09-01 13:51:09.133956  1274  1274 I SystemServerTiming: StartMediaResourceMonitor
09-01 13:51:09.134093  1274  1274 I SystemServiceManager: Starting com.android.server.media.MediaResourceMonitorService
09-01 13:51:09.134892  1274  1274 D SystemServerTiming: StartMediaResourceMonitor took to complete: 1ms
09-01 13:51:09.134995  1274  1274 I SystemServerTiming: StartMediaRouterService
09-01 13:51:09.135465  1274  1274 V HistoricalRegistry: Interaction before persistence initialized
09-01 13:51:09.138263  1274  1274 D SystemServerTiming: StartMediaRouterService took to complete: 3ms
09-01 13:51:09.138675  1274  1274 I SystemServerTiming: StartFaceSensor
09-01 13:51:09.138876  1274  1274 I SystemServiceManager: Starting com.android.server.biometrics.sensors.face.FaceService
09-01 13:51:09.140543  1274  1274 D SystemServerTiming: StartFaceSensor took to complete: 2ms
09-01 13:51:09.140625  1274  1274 I SystemServerTiming: StartFingerprintSensor
09-01 13:51:09.140675  1274  1274 I SystemServiceManager: Starting com.android.server.biometrics.sensors.fingerprint.FingerprintService
09-01 13:51:09.141776  1274  1274 D SystemServerTiming: StartFingerprintSensor took to complete: 1ms
09-01 13:51:09.141861  1274  1274 I SystemServerTiming: StartBiometricService
09-01 13:51:09.141912  1274  1274 I SystemServiceManager: Starting com.android.server.biometrics.BiometricService
09-01 13:51:09.146876  1274  1274 D SystemServerTiming: StartBiometricService took to complete: 5ms
09-01 13:51:09.147089  1274  1274 I SystemServerTiming: StartAuthService
09-01 13:51:09.147213  1274  1274 I SystemServiceManager: Starting com.android.server.biometrics.AuthService
09-01 13:51:09.148340  1274  1274 D AuthService: Registering HIDL ID: 0 Modality: 2 Strength: 15
09-01 13:51:09.148698  1274  1274 D AuthService: Registering HIDL ID: 1 Modality: 8 Strength: 4095
09-01 13:51:09.156090  1274  1274 D SystemServerTiming: StartAuthService took to complete: 9ms
09-01 13:51:09.156167  1274  1274 I SystemServerTiming: StartBackgroundDexOptService
09-01 13:51:09.156205  1274  1535 D BiometricService: Registering ID: 0 Modality: 2 Strength: 15
09-01 13:51:09.156378  1274  1274 W BackgroundDexOptService: SysProp pm.dexopt.downgrade_after_inactive_days not set
09-01 13:51:09.157047  1274  1535 D BiometricStrengthController: updateStrengths: revert sensorId=0 to oemStrength=15
09-01 13:51:09.157178  1274  1274 D SystemServerTiming: StartBackgroundDexOptService took to complete: 1ms
09-01 13:51:09.157200  1274  1274 I SystemServerTiming: StartDynamicCodeLoggingService
09-01 13:51:09.157432  1274  1535 D BiometricService/Sensor: updateStrength: Before(ID(0), oemStrength: 15, updatedStrength: 15, modality 2, state: 0, cookie: 0, props: ID: 0, Strength: 2, Type: 1) After(ID(0), oemStrength: 15, updatedStrength: 15, modality 2, state: 0, cookie: 0, props: ID: 0, Strength: 2, Type: 1)
09-01 13:51:09.158746  1274  1274 D SystemServerTiming: StartDynamicCodeLoggingService took to complete: 2ms
09-01 13:51:09.158793  1274  1274 I SystemServerTiming: StartPruneInstantAppsJobService
09-01 13:51:09.159157  1274  1536 D BiometricService: Registering ID: 1 Modality: 8 Strength: 4095
09-01 13:51:09.159492  1274  1274 D SystemServerTiming: StartPruneInstantAppsJobService took to complete: 1ms
09-01 13:51:09.159533  1274  1274 I SystemServerTiming: StartShortcutServiceLifecycle
09-01 13:51:09.159573  1274  1274 I SystemServiceManager: Starting com.android.server.pm.ShortcutService$Lifecycle
09-01 13:51:09.159725  1274  1536 D BiometricStrengthController: updateStrengths: revert sensorId=0 to oemStrength=15
09-01 13:51:09.160119  1274  1536 D BiometricService/Sensor: updateStrength: Before(ID(0), oemStrength: 15, updatedStrength: 15, modality 2, state: 0, cookie: 0, props: ID: 0, Strength: 2, Type: 1) After(ID(0), oemStrength: 15, updatedStrength: 15, modality 2, state: 0, cookie: 0, props: ID: 0, Strength: 2, Type: 1)
09-01 13:51:09.160283  1274  1536 D BiometricStrengthController: updateStrengths: revert sensorId=1 to oemStrength=4095
09-01 13:51:09.160860  1274  1536 D BiometricService/Sensor: updateStrength: Before(ID(1), oemStrength: 4095, updatedStrength: 4095, modality 8, state: 0, cookie: 0, props: ID: 1, Strength: 0, Type: 0, SupportsFaceDetection: false) After(ID(1), oemStrength: 4095, updatedStrength: 4095, modality 8, state: 0, cookie: 0, props: ID: 1, Strength: 0, Type: 0, SupportsFaceDetection: false)
09-01 13:51:09.162547  1274  1274 V HistoricalRegistry: Interaction before persistence initialized
09-01 13:51:09.163959  1274  1274 D SystemServerTiming: StartShortcutServiceLifecycle took to complete: 4ms
09-01 13:51:09.164047  1274  1274 I SystemServerTiming: StartLauncherAppsService
09-01 13:51:09.164128  1274  1274 I SystemServiceManager: Starting com.android.server.pm.LauncherAppsService
09-01 13:51:09.167467  1274  1274 D SystemServerTiming: StartLauncherAppsService took to complete: 3ms
09-01 13:51:09.167555  1274  1274 I SystemServerTiming: StartCrossProfileAppsService
09-01 13:51:09.167612  1274  1274 I SystemServiceManager: Starting com.android.server.pm.CrossProfileAppsService
09-01 13:51:09.168835  1274  1274 D SystemServerTiming: StartCrossProfileAppsService took to complete: 1ms
09-01 13:51:09.168924  1274  1274 I SystemServerTiming: StartPeopleService
09-01 13:51:09.168992  1274  1274 I SystemServiceManager: Starting com.android.server.people.PeopleService
09-01 13:51:09.170378  1274  1274 D SystemServerTiming: StartPeopleService took to complete: 1ms
09-01 13:51:09.170823  1274  1274 I SystemServerTiming: StartMediaMetricsManager
09-01 13:51:09.170922  1274  1274 I SystemServiceManager: Starting com.android.server.media.metrics.MediaMetricsManagerService
09-01 13:51:09.173913  1274  1274 D SystemServerTiming: StartMediaMetricsManager took to complete: 3ms
09-01 13:51:09.174119  1274  1274 I SystemServerTiming: StartMediaProjectionManager
09-01 13:51:09.174166  1274  1274 I SystemServiceManager: Starting com.android.server.media.projection.MediaProjectionManagerService
09-01 13:51:09.179396  1274  1274 D SystemServerTiming: StartMediaProjectionManager took to complete: 5ms
09-01 13:51:09.179836  1274  1274 I SystemServerTiming: StartSliceManagerService
09-01 13:51:09.180113  1274  1274 I SystemServiceManager: Starting com.android.server.slice.SliceManagerService$Lifecycle
09-01 13:51:09.183925  1274  1274 D SystemServerTiming: StartSliceManagerService took to complete: 4ms
09-01 13:51:09.184146  1274  1274 I SystemServerTiming: StartStatsCompanion
09-01 13:51:09.191659  1274  1274 I SystemServiceManager: Starting com.android.server.stats.StatsCompanion$Lifecycle
09-01 13:51:09.198019  1274  1274 D SystemServerTiming: StartStatsCompanion took to complete: 14ms
09-01 13:51:09.198212  1274  1274 I SystemServerTiming: StartRebootReadinessManagerService
09-01 13:51:09.207065  1274  1274 I SystemServiceManager: Starting com.android.server.scheduling.RebootReadinessManagerService$Lifecycle
09-01 13:51:09.219081  1274  1274 D SystemServerTiming: StartRebootReadinessManagerService took to complete: 21ms
09-01 13:51:09.219250  1274  1274 I SystemServerTiming: StartStatsPullAtomService
09-01 13:51:09.220126  1274  1274 I SystemServiceManager: Starting com.android.server.stats.pull.StatsPullAtomService
09-01 13:51:09.220345  1274  1274 D SystemServerTiming: StartStatsPullAtomService took to complete: 1ms
09-01 13:51:09.220422  1274  1274 I SystemServerTiming: StartIncidentCompanionService
09-01 13:51:09.220488  1274  1274 I SystemServiceManager: Starting com.android.server.incident.IncidentCompanionService
09-01 13:51:09.221756  1274  1274 D SystemServerTiming: StartIncidentCompanionService took to complete: 1ms
09-01 13:51:09.221946  1274  1274 I SystemServerTiming: StartMmsService
09-01 13:51:09.222048  1274  1274 I SystemServiceManager: Starting com.android.server.MmsServiceBroker
09-01 13:51:09.223350  1274  1274 D SystemServerTiming: StartMmsService took to complete: 1ms
09-01 13:51:09.223540  1274  1274 I SystemServerTiming: StartAutoFillService
09-01 13:51:09.223739  1274  1274 I SystemServiceManager: Starting com.android.server.autofill.AutofillManagerService
09-01 13:51:09.225910  1274  1274 D AutofillManagerService: setLogLevelFromSettings(): level=2, debug=true, verbose=false
09-01 13:51:09.227299  1274  1274 D AutofillManagerService: setMaxPartitionsFromSettings(): 10
09-01 13:51:09.227692  1274  1274 D AutofillManagerService: setMaxVisibleDatasetsFromSettings(): 0
09-01 13:51:09.230594  1274  1292 D AutofillUI: destroySaveUiUiThread(): already destroyed
09-01 13:51:09.230821  1274  1274 E AutofillManagerServiceImpl: Bad service name: com.google.android.gms/.autofill.service.AutofillService
09-01 13:51:09.231032  1274  1274 D AutofillManagerServiceImpl: Reset component for user 0:com.google.android.gms/.autofill.service.AutofillService
09-01 13:51:09.233359  1274  1274 D SystemServerTiming: StartAutoFillService took to complete: 9ms
09-01 13:51:09.233731  1274  1274 D SystemServer: TranslationService not defined by OEM
09-01 13:51:09.233829  1274  1274 I SystemServerTiming: StartClipboardService
09-01 13:51:09.233973  1274  1274 I SystemServiceManager: Starting com.android.server.clipboard.ClipboardService
09-01 13:51:09.238039  1274  1274 D SystemServerTiming: StartClipboardService took to complete: 4ms
09-01 13:51:09.238232  1274  1274 I SystemServerTiming: AppServiceManager
09-01 13:51:09.238332  1274  1274 I SystemServiceManager: Starting com.android.server.appbinding.AppBindingService$Lifecycle
09-01 13:51:09.240037  1274  1274 D SystemServerTiming: AppServiceManager took to complete: 2ms
09-01 13:51:09.240355  1274  1274 I MtkSystemServerImpl: startOtherMtkService 
09-01 13:51:09.240721  1274  1274 I MtkSystemServerImpl: StartSearchEngineManagerService
09-01 13:51:09.246977  1274  1274 E MtkSystemServerImpl: com.mediatek.fmradio.FmRadioPackageManager not found 
09-01 13:51:09.247192  1274  1274 I MtkSystemServerImpl: StartPowerHalMgrService
09-01 13:51:09.247639  1274  1274 I SystemServiceManager: Starting com.mediatek.powerhalservice.PowerHalMgrService
09-01 13:51:09.252424  1274  1274 D PowerHalMgrService: Start PowerHalMgrService.
09-01 13:51:09.260435  1274  1274 I MtkSystemServerImpl: [isWakeupSupport] MTK_VOW_SUPPORT=false
09-01 13:51:09.260587  1274  1274 I MtkSystemServerImpl: V_W_B_S isValidVowConfig false
09-01 13:51:09.260640  1274  1274 I MtkSystemServerImpl: not addService VoiceWakeupBridgeService
09-01 13:51:09.261011  1274  1274 I MtkSystemServerImpl: StartConnectivitySupplementalService
09-01 13:51:09.261208  1274  1274 I SystemServiceManager: Starting com.mediatek.server.MtkConnectivitySupplementalService
09-01 13:51:09.263869  1274  1274 D MtkTestSimHandler: MtkTestSimHandler setting up
09-01 13:51:09.265557  1274  1274 D MtkConnectivitySupplementalService: onStart
09-01 13:51:09.265646  1274  1274 I SystemServerTiming: startTracingServiceProxy
09-01 13:51:09.265710  1274  1274 I SystemServiceManager: Starting com.android.server.tracing.TracingServiceProxy
09-01 13:51:09.267549  1274  1274 D SystemServerTiming: startTracingServiceProxy took to complete: 2ms
09-01 13:51:09.267696  1274  1274 I SystemServerTiming: MakeLockSettingsServiceReady
09-01 13:51:09.278753  1274  1274 I SyntheticPasswordManager: Device does not support weaver
09-01 13:51:09.280651  1274  1274 I LockSettingsService: Device doesn't implement AuthSecret HAL
09-01 13:51:09.284152  1274  1274 D SystemServerTiming: MakeLockSettingsServiceReady took to complete: 16ms
09-01 13:51:09.284348  1274  1274 I SystemServerTiming: StartBootPhaseLockSettingsReady
09-01 13:51:09.284421  1274  1274 I SystemServiceManager: Starting phase 480
09-01 13:51:09.284463  1274  1274 I SystemServerTiming: OnBootPhase_480
09-01 13:51:09.284505  1274  1274 I SystemServerTiming: OnBootPhase_480_com.android.server.security.FileIntegrityService
09-01 13:51:09.284552  1274  1274 D SystemServerTiming: OnBootPhase_480_com.android.server.security.FileIntegrityService took to complete: 0ms
09-01 13:51:09.285218  1274  1274 I SystemServerTiming: OnBootPhase_480_com.android.server.pm.Installer
09-01 13:51:09.285260  1274  1274 D SystemServerTiming: OnBootPhase_480_com.android.server.pm.Installer took to complete: 0ms
09-01 13:51:09.285295  1274  1274 I SystemServerTiming: OnBootPhase_480_com.android.server.os.DeviceIdentifiersPolicyService
09-01 13:51:09.285308  1274  1274 D SystemServerTiming: OnBootPhase_480_com.android.server.os.DeviceIdentifiersPolicyService took to complete: 0ms
09-01 13:51:09.285320  1274  1274 I SystemServerTiming: OnBootPhase_480_com.android.server.uri.UriGrantsManagerService$Lifecycle
09-01 13:51:09.285331  1274  1274 D SystemServerTiming: OnBootPhase_480_com.android.server.uri.UriGrantsManagerService$Lifecycle took to complete: 0ms
09-01 13:51:09.285344  1274  1274 I SystemServerTiming: OnBootPhase_480_com.android.server.powerstats.PowerStatsService
09-01 13:51:09.285356  1274  1274 D SystemServerTiming: OnBootPhase_480_com.android.server.powerstats.PowerStatsService took to complete: 0ms
09-01 13:51:09.285367  1274  1274 I SystemServerTiming: OnBootPhase_480_com.android.server.wm.ActivityTaskManagerService$Lifecycle
09-01 13:51:09.285379  1274  1274 D SystemServerTiming: OnBootPhase_480_com.android.server.wm.ActivityTaskManagerService$Lifecycle took to complete: 0ms
09-01 13:51:09.285390  1274  1274 I SystemServerTiming: OnBootPhase_480_com.android.server.am.ActivityManagerService$Lifecycle
09-01 13:51:09.285401  1274  1274 D SystemServerTiming: OnBootPhase_480_com.android.server.am.ActivityManagerService$Lifecycle took to complete: 0ms
09-01 13:51:09.285412  1274  1274 I SystemServerTiming: OnBootPhase_480_com.android.server.pm.DataLoaderManagerService
09-01 13:51:09.285421  1274  1274 D SystemServerTiming: OnBootPhase_480_com.android.server.pm.DataLoaderManagerService took to complete: 0ms
09-01 13:51:09.285432  1274  1274 I SystemServerTiming: OnBootPhase_480_com.android.server.power.PowerManagerService
09-01 13:51:09.286330  1274  1274 D SystemServerTiming: OnBootPhase_480_com.android.server.power.PowerManagerService took to complete: 0ms
09-01 13:51:09.286410  1274  1274 I SystemServerTiming: OnBootPhase_480_com.android.server.power.ThermalManagerService
09-01 13:51:09.286544  1274  1274 D SystemServerTiming: OnBootPhase_480_com.android.server.power.ThermalManagerService took to complete: 0ms
09-01 13:51:09.286571  1274  1274 I SystemServerTiming: OnBootPhase_480_com.android.server.power.hint.HintManagerService
09-01 13:51:09.286585  1274  1274 D SystemServerTiming: OnBootPhase_480_com.android.server.power.hint.HintManagerService took to complete: 0ms
09-01 13:51:09.286596  1274  1274 I SystemServerTiming: OnBootPhase_480_com.android.server.recoverysystem.RecoverySystemService$Lifecycle
09-01 13:51:09.286607  1274  1274 D SystemServerTiming: OnBootPhase_480_com.android.server.recoverysystem.RecoverySystemService$Lifecycle took to complete: 0ms
09-01 13:51:09.286617  1274  1274 I SystemServerTiming: OnBootPhase_480_com.android.server.lights.LightsService
09-01 13:51:09.286647  1274  1274 D SystemServerTiming: OnBootPhase_480_com.android.server.lights.LightsService took to complete: 0ms
09-01 13:51:09.286659  1274  1274 I SystemServerTiming: OnBootPhase_480_com.android.server.display.DisplayManagerService
09-01 13:51:09.286669  1274  1274 D SystemServerTiming: OnBootPhase_480_com.android.server.display.DisplayManagerService took to complete: 0ms
09-01 13:51:09.286680  1274  1274 I SystemServerTiming: OnBootPhase_480_com.android.server.pm.verify.domain.DomainVerificationService
09-01 13:51:09.286692  1274  1274 D SystemServerTiming: OnBootPhase_480_com.android.server.pm.verify.domain.DomainVerificationService took to complete: 0ms
09-01 13:51:09.287008  1274  1274 I SystemServerTiming: OnBootPhase_480_com.android.server.pm.PackageInstallerService$Lifecycle
09-01 13:51:09.287110  1274  1274 D SystemServerTiming: OnBootPhase_480_com.android.server.pm.PackageInstallerService$Lifecycle took to complete: 0ms
09-01 13:51:09.287131  1274  1274 I SystemServerTiming: OnBootPhase_480_com.android.server.pm.UserManagerService$LifeCycle
09-01 13:51:09.287144  1274  1274 D SystemServerTiming: OnBootPhase_480_com.android.server.pm.UserManagerService$LifeCycle took to complete: 0ms
09-01 13:51:09.287156  1274  1274 I SystemServerTiming: OnBootPhase_480_com.android.server.om.OverlayManagerService
09-01 13:51:09.287186  1274  1274 D SystemServerTiming: OnBootPhase_480_com.android.server.om.OverlayManagerService took to complete: 0ms
09-01 13:51:09.287196  1274  1274 I SystemServerTiming: OnBootPhase_480_com.android.server.SensorPrivacyService
09-01 13:51:09.287207  1274  1274 D SystemServerTiming: OnBootPhase_480_com.android.server.SensorPrivacyService took to complete: 0ms
09-01 13:51:09.287219  1274  1274 I SystemServerTiming: OnBootPhase_480_com.android.server.sensors.SensorService
09-01 13:51:09.287229  1274  1274 D SystemServerTiming: OnBootPhase_480_com.android.server.sensors.SensorService took to complete: 0ms
09-01 13:51:09.287239  1274  1274 I SystemServerTiming: OnBootPhase_480_com.android.server.SystemConfigService
09-01 13:51:09.287249  1274  1274 D SystemServerTiming: OnBootPhase_480_com.android.server.SystemConfigService took to complete: 0ms
09-01 13:51:09.287259  1274  1274 I SystemServerTiming: OnBootPhase_480_com.android.server.BatteryService
09-01 13:51:09.287269  1274  1274 D SystemServerTiming: OnBootPhase_480_com.android.server.BatteryService took to complete: 0ms
09-01 13:51:09.287279  1274  1274 I SystemServerTiming: OnBootPhase_480_com.android.server.usage.UsageStatsService
09-01 13:51:09.287301  1274  1274 D SystemServerTiming: OnBootPhase_480_com.android.server.usage.UsageStatsService took to complete: 0ms
09-01 13:51:09.287337  1274  1274 I SystemServerTiming: OnBootPhase_480_com.android.server.webkit.WebViewUpdateService
09-01 13:51:09.287348  1274  1274 D SystemServerTiming: OnBootPhase_480_com.android.server.webkit.WebViewUpdateService took to complete: 0ms
09-01 13:51:09.287359  1274  1274 I SystemServerTiming: OnBootPhase_480_com.android.server.CachedDeviceStateService
09-01 13:51:09.287369  1274  1274 D SystemServerTiming: OnBootPhase_480_com.android.server.CachedDeviceStateService took to complete: 0ms
09-01 13:51:09.287379  1274  1274 I SystemServerTiming: OnBootPhase_480_com.android.server.BinderCallsStatsService$LifeCycle
09-01 13:51:09.287388  1274  1274 D SystemServerTiming: OnBootPhase_480_com.android.server.BinderCallsStatsService$LifeCycle took to complete: 0ms
09-01 13:51:09.287398  1274  1274 I SystemServerTiming: OnBootPhase_480_com.android.server.LooperStatsService$Lifecycle
09-01 13:51:09.287408  1274  1274 D SystemServerTiming: OnBootPhase_480_com.android.server.LooperStatsService$Lifecycle took to complete: 0ms
09-01 13:51:09.287418  1274  1274 I SystemServerTiming: OnBootPhase_480_com.android.server.rollback.RollbackManagerService
09-01 13:51:09.287428  1274  1274 D SystemServerTiming: OnBootPhase_480_com.android.server.rollback.RollbackManagerService took to complete: 0ms
09-01 13:51:09.287437  1274  1274 I SystemServerTiming: OnBootPhase_480_com.android.server.os.NativeTombstoneManagerService
09-01 13:51:09.287448  1274  1274 D SystemServerTiming: OnBootPhase_480_com.android.server.os.NativeTombstoneManagerService took to complete: 0ms
09-01 13:51:09.287457  1274  1274 I SystemServerTiming: OnBootPhase_480_com.android.server.os.BugreportManagerService
09-01 13:51:09.287466  1274  1274 D SystemServerTiming: OnBootPhase_480_com.android.server.os.BugreportManagerService took to complete: 0ms
09-01 13:51:09.287476  1274  1274 I SystemServerTiming: OnBootPhase_480_com.android.server.gpu.GpuService
09-01 13:51:09.287486  1274  1274 D SystemServerTiming: OnBootPhase_480_com.android.server.gpu.GpuService took to complete: 0ms
09-01 13:51:09.287496  1274  1274 I SystemServerTiming: OnBootPhase_480_com.android.server.security.KeyChainSystemService
09-01 13:51:09.287507  1274  1274 D SystemServerTiming: OnBootPhase_480_com.android.server.security.KeyChainSystemService took to complete: 0ms
09-01 13:51:09.287516  1274  1274 I SystemServerTiming: OnBootPhase_480_com.android.server.telecom.TelecomLoaderService
09-01 13:51:09.287526  1274  1274 D SystemServerTiming: OnBootPhase_480_com.android.server.telecom.TelecomLoaderService took to complete: 0ms
09-01 13:51:09.287536  1274  1274 I SystemServerTiming: OnBootPhase_480_com.android.server.accounts.AccountManagerService$Lifecycle
09-01 13:51:09.287564  1274  1274 D SystemServerTiming: OnBootPhase_480_com.android.server.accounts.AccountManagerService$Lifecycle took to complete: 0ms
09-01 13:51:09.287574  1274  1274 I SystemServerTiming: OnBootPhase_480_com.android.server.content.ContentService$Lifecycle
09-01 13:51:09.287585  1274  1274 D SystemServerTiming: OnBootPhase_480_com.android.server.content.ContentService$Lifecycle took to complete: 0ms
09-01 13:51:09.287596  1274  1274 I SystemServerTiming: OnBootPhase_480_com.android.server.DropBoxManagerService
09-01 13:51:09.287606  1274  1274 D SystemServerTiming: OnBootPhase_480_com.android.server.DropBoxManagerService took to complete: 0ms
09-01 13:51:09.287617  1274  1274 I SystemServerTiming: OnBootPhase_480_com.android.role.RoleService
09-01 13:51:09.287626  1274  1274 D SystemServerTiming: OnBootPhase_480_com.android.role.RoleService took to complete: 0ms
09-01 13:51:09.287636  1274  1274 I SystemServerTiming: OnBootPhase_480_com.android.server.vibrator.VibratorManagerService$Lifecycle
09-01 13:51:09.287647  1274  1274 D SystemServerTiming: OnBootPhase_480_com.android.server.vibrator.VibratorManagerService$Lifecycle took to complete: 0ms
09-01 13:51:09.287657  1274  1274 I SystemServerTiming: OnBootPhase_480_com.mediatek.server.MtkAlarmManagerService
09-01 13:51:09.287667  1274  1274 D SystemServerTiming: OnBootPhase_480_com.mediatek.server.MtkAlarmManagerService took to complete: 0ms
09-01 13:51:09.287677  1274  1274 I SystemServerTiming: OnBootPhase_480_com.android.server.devicestate.DeviceStateManagerService
09-01 13:51:09.287686  1274  1274 D SystemServerTiming: OnBootPhase_480_com.android.server.devicestate.DeviceStateManagerService took to complete: 0ms
09-01 13:51:09.287696  1274  1274 I SystemServerTiming: OnBootPhase_480_com.android.server.camera.CameraServiceProxy
09-01 13:51:09.287707  1274  1274 D SystemServerTiming: OnBootPhase_480_com.android.server.camera.CameraServiceProxy took to complete: 0ms
09-01 13:51:09.287716  1274  1274 I SystemServerTiming: OnBootPhase_480_com.android.server.BluetoothService
09-01 13:51:09.287726  1274  1274 D SystemServerTiming: OnBootPhase_480_com.android.server.BluetoothService took to complete: 0ms
09-01 13:51:09.287736  1274  1274 I SystemServerTiming: OnBootPhase_480_com.android.server.connectivity.IpConnectivityMetrics
09-01 13:51:09.287746  1274  1274 D SystemServerTiming: OnBootPhase_480_com.android.server.connectivity.IpConnectivityMetrics took to complete: 0ms
09-01 13:51:09.287756  1274  1274 I SystemServerTiming: OnBootPhase_480_com.android.server.net.watchlist.NetworkWatchlistService$Lifecycle
09-01 13:51:09.287767  1274  1274 D SystemServerTiming: OnBootPhase_480_com.android.server.net.watchlist.NetworkWatchlistService$Lifecycle took to complete: 0ms
09-01 13:51:09.287784  1274  1274 I SystemServerTiming: OnBootPhase_480_com.android.server.PinnerService
09-01 13:51:09.287796  1274  1274 D SystemServerTiming: OnBootPhase_480_com.android.server.PinnerService took to complete: 0ms
09-01 13:51:09.287808  1274  1274 I SystemServerTiming: OnBootPhase_480_com.google.android.startop.iorap.IorapForwardingService
09-01 13:51:09.287818  1274  1274 D SystemServerTiming: OnBootPhase_480_com.google.android.startop.iorap.IorapForwardingService took to complete: 0ms
09-01 13:51:09.287829  1274  1274 I SystemServerTiming: OnBootPhase_480_com.android.server.integrity.AppIntegrityManagerService
09-01 13:51:09.287838  1274  1274 D SystemServerTiming: OnBootPhase_480_com.android.server.integrity.AppIntegrityManagerService took to complete: 0ms
09-01 13:51:09.287848  1274  1274 I SystemServerTiming: OnBootPhase_480_com.android.server.inputmethod.InputMethodManagerService$Lifecycle
09-01 13:51:09.287859  1274  1274 D SystemServerTiming: OnBootPhase_480_com.android.server.inputmethod.InputMethodManagerService$Lifecycle took to complete: 0ms
09-01 13:51:09.287870  1274  1274 I SystemServerTiming: OnBootPhase_480_com.android.server.accessibility.AccessibilityManagerService$Lifecycle
09-01 13:51:09.287881  1274  1274 D SystemServerTiming: OnBootPhase_480_com.android.server.accessibility.AccessibilityManagerService$Lifecycle took to complete: 0ms
09-01 13:51:09.287891  1274  1274 I SystemServerTiming: OnBootPhase_480_com.android.server.StorageManagerService$Lifecycle
09-01 13:51:09.288158  1274  1274 D SystemServerTiming: OnBootPhase_480_com.android.server.StorageManagerService$Lifecycle took to complete: 0ms
09-01 13:51:09.288435  1274  1274 I SystemServerTiming: OnBootPhase_480_com.android.server.usage.StorageStatsService$Lifecycle
09-01 13:51:09.288479  1274  1274 D SystemServerTiming: OnBootPhase_480_com.android.server.usage.StorageStatsService$Lifecycle took to complete: 0ms
09-01 13:51:09.288505  1274  1274 I SystemServerTiming: OnBootPhase_480_com.android.server.UiModeManagerService
09-01 13:51:09.288517  1274  1274 D SystemServerTiming: OnBootPhase_480_com.android.server.UiModeManagerService took to complete: 0ms
09-01 13:51:09.288530  1274  1274 I SystemServerTiming: OnBootPhase_480_com.android.server.locksettings.LockSettingsService$Lifecycle
09-01 13:51:09.288542  1274  1274 D SystemServerTiming: OnBootPhase_480_com.android.server.locksettings.LockSettingsService$Lifecycle took to complete: 0ms
09-01 13:51:09.288552  1274  1274 I SystemServerTiming: OnBootPhase_480_com.android.server.PersistentDataBlockService
09-01 13:51:09.288563  1274  1274 D SystemServerTiming: OnBootPhase_480_com.android.server.PersistentDataBlockService took to complete: 0ms
09-01 13:51:09.288604  1274  1274 I SystemServerTiming: OnBootPhase_480_com.android.server.testharness.TestHarnessModeService
09-01 13:51:09.288617  1274  1274 D SystemServerTiming: OnBootPhase_480_com.android.server.testharness.TestHarnessModeService took to complete: 0ms
09-01 13:51:09.288628  1274  1274 I SystemServerTiming: OnBootPhase_480_com.android.server.oemlock.OemLockService
09-01 13:51:09.288639  1274  1274 D SystemServerTiming: OnBootPhase_480_com.android.server.oemlock.OemLockService took to complete: 0ms
09-01 13:51:09.288650  1274  1274 I SystemServerTiming: OnBootPhase_480_com.android.server.DeviceIdleController
09-01 13:51:09.288661  1274  1274 D SystemServerTiming: OnBootPhase_480_com.android.server.DeviceIdleController took to complete: 0ms
09-01 13:51:09.288672  1274  1274 I SystemServerTiming: OnBootPhase_480_com.android.server.devicepolicy.DevicePolicyManagerService$Lifecycle
09-01 13:51:09.291821  1274  1274 I DevicePolicyManager: Current version 2, latest version 2, not upgrading.
09-01 13:51:09.410843  1274  1274 W DevicePolicyManager: Failed to set usb data signaling state
09-01 13:51:09.411053  1274  1346 I SystemServerTimingAsync: InitThreadPoolExec:DevicePolicyManager
09-01 13:51:09.411096  1274  1346 D SystemServerInitThreadPool: Started executing DevicePolicyManager
09-01 13:51:09.411184  1274  1274 W SystemServiceManager: Service com.android.server.devicepolicy.DevicePolicyManagerService$Lifecycle took 122 ms in onBootPhase
09-01 13:51:09.411226  1274  1274 D SystemServerTiming: OnBootPhase_480_com.android.server.devicepolicy.DevicePolicyManagerService$Lifecycle took to complete: 122ms
09-01 13:51:09.411263  1274  1274 I SystemServerTiming: OnBootPhase_480_com.android.server.texttospeech.TextToSpeechManagerService
09-01 13:51:09.411280  1274  1274 D SystemServerTiming: OnBootPhase_480_com.android.server.texttospeech.TextToSpeechManagerService took to complete: 0ms
09-01 13:51:09.411292  1274  1274 I SystemServerTiming: OnBootPhase_480_com.android.server.speech.SpeechRecognitionManagerService
09-01 13:51:09.411303  1274  1274 D SystemServerTiming: OnBootPhase_480_com.android.server.speech.SpeechRecognitionManagerService took to complete: 0ms
09-01 13:51:09.411313  1274  1274 I SystemServerTiming: OnBootPhase_480_com.android.server.searchui.SearchUiManagerService
09-01 13:51:09.411324  1274  1274 D SystemServerTiming: OnBootPhase_480_com.android.server.searchui.SearchUiManagerService took to complete: 0ms
09-01 13:51:09.411334  1274  1274 I SystemServerTiming: OnBootPhase_480_com.android.server.smartspace.SmartspaceManagerService
09-01 13:51:09.411355  1274  1274 D SystemServerTiming: OnBootPhase_480_com.android.server.smartspace.SmartspaceManagerService took to complete: 0ms
09-01 13:51:09.411365  1274  1346 D SystemServerInitThreadPool: Finished executing DevicePolicyManager
09-01 13:51:09.411381  1274  1274 I SystemServerTiming: OnBootPhase_480_com.android.server.graphics.fonts.FontManagerService$Lifecycle
09-01 13:51:09.411389  1274  1346 D SystemServerTimingAsync: InitThreadPoolExec:DevicePolicyManager took to complete: 0ms
09-01 13:51:09.411397  1274  1274 D SystemServerTiming: OnBootPhase_480_com.android.server.graphics.fonts.FontManagerService$Lifecycle took to complete: 0ms
09-01 13:51:09.411408  1274  1274 I SystemServerTiming: OnBootPhase_480_com.android.server.textservices.TextServicesManagerService$Lifecycle
09-01 13:51:09.411418  1274  1274 D SystemServerTiming: OnBootPhase_480_com.android.server.textservices.TextServicesManagerService$Lifecycle took to complete: 0ms
09-01 13:51:09.411428  1274  1274 I SystemServerTiming: OnBootPhase_480_com.android.server.textclassifier.TextClassificationManagerService$Lifecycle
09-01 13:51:09.411438  1274  1274 D SystemServerTiming: OnBootPhase_480_com.android.server.textclassifier.TextClassificationManagerService$Lifecycle took to complete: 0ms
09-01 13:51:09.411448  1274  1274 I SystemServerTiming: OnBootPhase_480_com.android.server.NetworkScoreService$Lifecycle
09-01 13:51:09.411469  1274  1274 D SystemServerTiming: OnBootPhase_480_com.android.server.NetworkScoreService$Lifecycle took to complete: 0ms
09-01 13:51:09.411480  1274  1274 I SystemServerTiming: OnBootPhase_480_com.android.server.wifi.WifiService
09-01 13:51:09.411496  1274  1274 D SystemServerTiming: OnBootPhase_480_com.android.server.wifi.WifiService took to complete: 0ms
09-01 13:51:09.411507  1274  1274 I SystemServerTiming: OnBootPhase_480_com.android.server.wifi.scanner.WifiScanningService
09-01 13:51:09.411518  1274  1274 D SystemServerTiming: OnBootPhase_480_com.android.server.wifi.scanner.WifiScanningService took to complete: 0ms
09-01 13:51:09.411528  1274  1274 I SystemServerTiming: OnBootPhase_480_com.android.server.wifi.p2p.WifiP2pService
09-01 13:51:09.411548  1274  1274 D SystemServerTiming: OnBootPhase_480_com.android.server.wifi.p2p.WifiP2pService took to complete: 0ms
09-01 13:51:09.411559  1274  1274 I SystemServerTiming: OnBootPhase_480_com.android.server.ethernet.EthernetService
09-01 13:51:09.411569  1274  1274 D SystemServerTiming: OnBootPhase_480_com.android.server.ethernet.EthernetService took to complete: 0ms
09-01 13:51:09.411580  1274  1274 I SystemServerTiming: OnBootPhase_480_com.android.server.ConnectivityServiceInitializer
09-01 13:51:09.411609  1274  1274 D SystemServerTiming: OnBootPhase_480_com.android.server.ConnectivityServiceInitializer took to complete: 0ms
09-01 13:51:09.411621  1274  1274 I SystemServerTiming: OnBootPhase_480_com.android.server.notification.NotificationManagerService
