----- timezone:Asia/Shanghai
09-01 13:50:28.582199   447   447 I vold    : Vold 3.0 (the awakening) firing up
09-01 13:50:28.584055   447   447 D vold    : Detected support for: ext4 f2fs vfat
09-01 13:50:28.590724   447   447 D vold    : Found unmanaged dm device named system_a
09-01 13:50:28.590895   447   447 D vold    : Found unmanaged dm device named vendor-verity
09-01 13:50:28.590946   447   447 D vold    : Found unmanaged dm device named vendor_a
09-01 13:50:28.590989   447   447 D vold    : Found unmanaged dm device named product-verity
09-01 13:50:28.591031   447   447 D vold    : Found unmanaged dm device named system-verity
09-01 13:50:28.591072   447   447 D vold    : Found unmanaged dm device named product_a
09-01 13:50:28.591745   447   447 D vold    : Found unmanaged loop device at /dev/block/loop3 named apex:
09-01 13:50:28.592694   447   447 D vold    : Found unmanaged loop device at /dev/block/loop2 named apex:
09-01 13:50:28.592805   447   447 D vold    : Found unmanaged loop device at /dev/block/loop1 named apex:
09-01 13:50:28.592871   447   447 D vold    : Found unmanaged loop device at /dev/block/loop0 named apex:
09-01 13:50:28.598936   447   447 D vold    : VoldNativeService::start() completed OK
09-01 13:50:29.472681   447   447 D vold    : fscrypt_mount_metadata_encrypted: /data encrypt: 0 format: 0 with null
09-01 13:50:29.472970   447   447 D vold    : metadata_key_dir/key: /metadata/vold/metadata_encryption/key
09-01 13:50:29.473817   447   447 D vold    : Key exists, using: /metadata/vold/metadata_encryption/key
09-01 13:50:29.708358   447   447 D vold    : Mounting metadata-encrypted filesystem:/data
09-01 13:50:29.713870   447   447 I vold    : [libfs_mgr]Running /system/bin/fsck.f2fs -a -c 10000 --debug-cache /dev/block/dm-6
09-01 13:50:29.853489   447   447 I vold    : [libfs_mgr]do not resize!!!!
09-01 13:50:30.057822   447   447 I vold    : [libfs_mgr]__mount(source=/dev/block/dm-6,target=/data,type=f2fs)=0: Success
09-01 13:50:30.058598   447   447 D vold    : Mounted /data
09-01 13:50:30.059209   447   455 D vold    : Disk at 252:6 changed
09-01 13:50:30.131977   447   447 I Checkpoint: cp_prepareCheckpoint called
09-01 13:50:30.174067   447   447 I vold    : fscrypt_initialize_systemwide_keys
09-01 13:50:30.175195   447   447 D vold    : Key exists, using: /data/unencrypted/key
09-01 13:50:30.188532   447   447 D vold    : Installed fscrypt key with ref 25fc207e4aa5f7516955f05a9d79e4f2 to /data
09-01 13:50:30.188758   447   447 D vold    : Added fscrypt-provisioning key for 25fc207e4aa5f7516955f05a9d79e4f2 to session keyring
09-01 13:50:30.193277   447   447 I vold    : Wrote system DE key reference to:/data/unencrypted/ref
09-01 13:50:30.196025   447   447 D vold    : Generating standard storage key
09-01 13:50:30.200625   447   447 D vold    : Installed fscrypt key with ref 5bfcb9786df78a4bec252fe6ebc60f4a to /data
09-01 13:50:30.200726   447   447 D vold    : Added fscrypt-provisioning key for 5bfcb9786df78a4bec252fe6ebc60f4a to session keyring
09-01 13:50:30.205286   447   447 I vold    : Wrote per boot key reference to:/data/unencrypted/per_boot_ref
09-01 13:50:30.292865   447   447 I incfs   : Initial API level of the device: 31
09-01 13:50:30.293121   447   447 I incfs   : ro.incremental.enable: yes
09-01 13:50:30.293289   447   447 I incfs   : isFsAvailable: true
09-01 13:50:30.293370   447   447 I incfs   : isFsAvailable: true
09-01 13:50:30.293994   447   447 I incfs   : IncFs_Features: v1
09-01 13:50:30.328747   447   447 E vold    : keystore2 Keystore earlyBootEnded returned service specific error: -68
09-01 13:50:30.553520   447   455 D vold    : Disk at 7:32 changed
09-01 13:50:30.569888   447   455 D vold    : Disk at 7:40 changed
09-01 13:50:30.598764   447   455 D vold    : Disk at 7:48 changed
09-01 13:50:30.604508   447   455 D vold    : Disk at 7:56 changed
09-01 13:50:30.615734   447   455 D vold    : Disk at 7:64 changed
09-01 13:50:30.624834   447   455 D vold    : Disk at 7:72 changed
09-01 13:50:30.629950   447   455 D vold    : Disk at 7:80 changed
09-01 13:50:30.632460   447   455 D vold    : Disk at 7:88 changed
09-01 13:50:30.642417   447   455 D vold    : Disk at 7:96 changed
09-01 13:50:30.644821   447   455 D vold    : Disk at 7:104 changed
09-01 13:50:30.648021   447   455 D vold    : Disk at 7:112 changed
09-01 13:50:30.650808   447   455 D vold    : Disk at 252:7 changed
09-01 13:50:30.650983   447   455 D vold    : Disk at 252:7 changed
09-01 13:50:30.654206   447   455 D vold    : Disk at 252:8 changed
09-01 13:50:30.654359   447   455 D vold    : Disk at 252:8 changed
09-01 13:50:30.656202   447   455 D vold    : Disk at 252:9 changed
09-01 13:50:30.656342   447   455 D vold    : Disk at 252:9 changed
09-01 13:50:30.657627   447   455 D vold    : Disk at 7:120 changed
09-01 13:50:30.664242   447   455 D vold    : Disk at 252:10 changed
09-01 13:50:30.664376   447   455 D vold    : Disk at 252:10 changed
09-01 13:50:30.698037   447   455 D vold    : Disk at 7:128 changed
09-01 13:50:30.706413   447   455 D vold    : Disk at 252:11 changed
09-01 13:50:30.706604   447   455 D vold    : Disk at 252:11 changed
09-01 13:50:30.741879   447   455 D vold    : Disk at 7:136 changed
09-01 13:50:30.750339   447   455 D vold    : Disk at 252:12 changed
09-01 13:50:30.750554   447   455 D vold    : Disk at 252:12 changed
09-01 13:50:30.763155   447   455 D vold    : Disk at 7:144 changed
09-01 13:50:30.771606   447   455 D vold    : Disk at 252:13 changed
09-01 13:50:30.771815   447   455 D vold    : Disk at 252:13 changed
09-01 13:50:30.812468   447   455 D vold    : Disk at 7:152 changed
09-01 13:50:30.821037   447   455 D vold    : Disk at 252:14 changed
09-01 13:50:30.821234   447   455 D vold    : Disk at 252:14 changed
09-01 13:50:30.854931   447   455 D vold    : Disk at 7:160 changed
09-01 13:50:30.863083   447   455 D vold    : Disk at 252:15 changed
09-01 13:50:30.863280   447   455 D vold    : Disk at 252:15 changed
09-01 13:50:30.898192   447   455 D vold    : Disk at 7:168 changed
09-01 13:50:30.906887   447   455 D vold    : Disk at 252:16 changed
09-01 13:50:30.907083   447   455 D vold    : Disk at 252:16 changed
09-01 13:50:30.940095   447   455 D vold    : Disk at 7:176 changed
09-01 13:50:30.948454   447   455 D vold    : Disk at 252:17 changed
09-01 13:50:30.948650   447   455 D vold    : Disk at 252:17 changed
09-01 13:50:30.968943   447   455 D vold    : Disk at 7:184 changed
09-01 13:50:30.977368   447   455 D vold    : Disk at 252:18 changed
09-01 13:50:30.977659   447   455 D vold    : Disk at 252:18 changed
09-01 13:50:31.012536   447   455 D vold    : Disk at 7:192 changed
09-01 13:50:31.021248   447   455 D vold    : Disk at 252:19 changed
09-01 13:50:31.021445   447   455 D vold    : Disk at 252:19 changed
09-01 13:50:31.034465   447   455 D vold    : Disk at 7:200 changed
09-01 13:50:31.042817   447   455 D vold    : Disk at 252:20 changed
09-01 13:50:31.043012   447   455 D vold    : Disk at 252:20 changed
09-01 13:50:31.077613   447   455 D vold    : Disk at 7:208 changed
09-01 13:50:31.089860   447   455 D vold    : Disk at 252:21 changed
09-01 13:50:31.090059   447   455 D vold    : Disk at 252:21 changed
09-01 13:50:31.127327   447   455 D vold    : Disk at 7:216 changed
09-01 13:50:31.135956   447   455 D vold    : Disk at 252:22 changed
09-01 13:50:31.136149   447   455 D vold    : Disk at 252:22 changed
09-01 13:50:31.169621   447   455 D vold    : Disk at 7:224 changed
09-01 13:50:31.182051   447   455 D vold    : Disk at 252:23 changed
09-01 13:50:31.182250   447   455 D vold    : Disk at 252:23 changed
09-01 13:50:31.568272   447   447 D vold    : fscrypt_init_user0
09-01 13:50:31.568376   447   447 D vold    : Preparing: /data/misc/vold/user_keys
09-01 13:50:31.569104   447   447 D vold    : Preparing: /data/misc/vold/user_keys/ce
09-01 13:50:31.569648   447   447 D vold    : Preparing: /data/misc/vold/user_keys/de
09-01 13:50:31.579648   447   447 D vold    : Installed fscrypt key with ref 57baca9976969462b07050dfbe7a7382 to /data
09-01 13:50:31.579804   447   447 D vold    : Added fscrypt-provisioning key for 57baca9976969462b07050dfbe7a7382 to session keyring
09-01 13:50:31.579857   447   447 D vold    : Installed de key for user 0
09-01 13:50:31.579920   447   447 D vold    : fscrypt_prepare_user_storage for volume null, user 0, serial 0, flags 1
09-01 13:50:31.579974   447   447 D vold    : Preparing: /data/system/users/0
09-01 13:50:31.580631   447   447 D vold    : Preparing: /data/misc/profiles/cur/0
09-01 13:50:31.581233   447   447 D vold    : Preparing: /data/system_de/0
09-01 13:50:31.581796   447   447 D vold    : Preparing: /data/misc_de/0
09-01 13:50:31.582258   447   447 D vold    : Preparing: /data/vendor_de/0
09-01 13:50:31.582729   447   447 D vold    : Preparing: /data/user_de/0
09-01 13:50:31.583316   447   447 I vold    : Verified that /data/system_de/0 has the encryption policy 57baca9976969462b07050dfbe7a7382 v2 modes 1/4 flags 0x2
09-01 13:50:31.583456   447   447 I vold    : Verified that /data/misc_de/0 has the encryption policy 57baca9976969462b07050dfbe7a7382 v2 modes 1/4 flags 0x2
09-01 13:50:31.583557   447   447 I vold    : Verified that /data/vendor_de/0 has the encryption policy 57baca9976969462b07050dfbe7a7382 v2 modes 1/4 flags 0x2
09-01 13:50:31.583648   447   447 I vold    : Verified that /data/user_de/0 has the encryption policy 57baca9976969462b07050dfbe7a7382 v2 modes 1/4 flags 0x2
09-01 13:50:31.583723   447   447 D vold    : /system/bin/vold_prepare_subdirs
09-01 13:50:31.583763   447   447 D vold    :     prepare
09-01 13:50:31.583799   447   447 D vold    :     
09-01 13:50:31.583835   447   447 D vold    :     0
09-01 13:50:31.583870   447   447 D vold    :     1
09-01 13:50:31.682593   447   447 D vold    : Detected support for FS_IOC_ADD_ENCRYPTION_KEY
09-01 13:50:34.080043   737   737 I gsid    : no DSU: No such file or directory
09-01 13:50:34.111953   699   699 D BootLogoUpdater: [boot_logo_updater main 186]boot_logo_updater,
09-01 13:50:34.112491   699   699 E BootLogoUpdater: [boot_logo_updater]fail to open: /sys/class/BOOT/BOOT/boot/boot_mode
09-01 13:50:34.112508   699   699 E BootLogoUpdater: [boot_logo_updater]update boot reason = 0, ret = 0
09-01 13:50:34.114565   447   455 D vold    : Disk at 252:24 changed
09-01 13:50:34.140767   447   455 D vold    : Disk at 252:25 changed
09-01 13:50:35.021297   886   886 I installd: installd firing up
09-01 13:50:35.196659   917   917 I wificond: wificond is starting up...
09-01 13:50:35.210452   917   917 I HidlServiceManagement: Registered android.system.wifi.keystore@1.0::IKeystore/default
09-01 13:50:37.316538   645   645 D Zygote32Timing: PostZygoteInitGC took to complete: 36ms
09-01 13:50:37.316579   645   645 D Zygote32Timing: ZygoteInit took to complete: 53ms
09-01 13:50:37.550814   644   644 D Zygote64Timing: BeginPreload took to complete: 215ms
09-01 13:50:40.303285   916   916 E storaged: getService package_native failed
09-01 13:50:40.310171   916  1267 I storaged: storaged: Start
09-01 13:50:40.424581   644   644 D Zygote64Timing: PreloadClasses took to complete: 2874ms
09-01 13:50:40.472506   644   644 D Zygote64Timing: CacheNonBootClasspathClassLoaders took to complete: 48ms
09-01 13:50:40.552588   644   644 D Zygote64Timing: PreloadResources took to complete: 80ms
09-01 13:50:40.793185   644   644 D Zygote64Timing: ZygotePreload took to complete: 3511ms
09-01 13:50:40.965853   644   644 D Zygote64Timing: PostZygoteInitGC took to complete: 173ms
09-01 13:50:40.965878   644   644 D Zygote64Timing: ZygoteInit took to complete: 3702ms
09-01 13:50:41.701104  1274  1274 I SystemServerTiming: InitBeforeStartServices
09-01 13:50:41.704480  1274  1274 I SystemServer: Entered the Android system server!
09-01 13:50:42.250135  1274  1274 I SystemServerInitThreadPool: Creating instance with 8 threads
09-01 13:50:43.231452  1274  1274 D SystemServerTiming: InitBeforeStartServices took to complete: 1530ms
09-01 13:50:43.231972  1274  1274 I SystemServerTiming: StartServices
09-01 13:50:43.232162  1274  1274 I SystemServerTiming: startBootstrapServices
09-01 13:50:43.232259  1274  1274 I SystemServerTiming: StartWatchdog
09-01 13:50:43.261158  1274  1274 D SystemServerTiming: StartWatchdog took to complete: 29ms
09-01 13:50:43.261851  1274  1274 I SystemServer: Reading configuration...
09-01 13:50:43.261986  1274  1274 I SystemServerTiming: ReadingSystemConfig
09-01 13:50:43.262614  1274  1274 D SystemServerTiming: ReadingSystemConfig took to complete: 1ms
09-01 13:50:43.262854  1274  1299 I SystemServerTimingAsync: InitThreadPoolExec:ReadingSystemConfig
09-01 13:50:43.262901  1274  1299 D SystemServerInitThreadPool: Started executing ReadingSystemConfig
09-01 13:50:43.263268  1274  1274 I SystemServerTiming: PlatformCompat
09-01 13:50:43.264167  1274  1299 I SystemConfig: Reading permissions from /system/etc/sysconfig/whitelist_com.dti.attmx.xml
09-01 13:50:43.264672  1274  1274 D CompatConfig: Found a config file: /system/etc/compatconfig/services-platform-compat-config.xml
09-01 13:50:43.266442  1274  1299 I SystemConfig: Reading permissions from /system/etc/sysconfig/preinstalled-packages-platform.xml
09-01 13:50:43.268733  1274  1299 I SystemConfig: Reading permissions from /system/etc/sysconfig/framework-sysconfig.xml
09-01 13:50:43.269815  1274  1274 D CompatConfig: Adding: com.android.server.compat.config.Change@5b5d8cf
09-01 13:50:43.271256  1274  1274 D CompatConfig: Adding: com.android.server.compat.config.Change@596925c
09-01 13:50:43.271723  1274  1274 D CompatConfig: Adding: com.android.server.compat.config.Change@dc8965
09-01 13:50:43.272153  1274  1274 D CompatConfig: Adding: com.android.server.compat.config.Change@4e132eb
09-01 13:50:43.272254  1274  1299 I SystemConfig: Reading permissions from /system/etc/sysconfig/hiddenapi-package-whitelist.xml
09-01 13:50:43.272542  1274  1274 D CompatConfig: Adding: com.android.server.compat.config.Change@e287848
09-01 13:50:43.272949  1274  1274 D CompatConfig: Adding: com.android.server.compat.config.Change@b9156e1
09-01 13:50:43.273331  1274  1274 D CompatConfig: Adding: com.android.server.compat.config.Change@860bc06
09-01 13:50:43.273784  1274  1274 D CompatConfig: Adding: com.android.server.compat.config.Change@c70d0f4
09-01 13:50:43.273869  1274  1299 I SystemConfig: Reading permissions from /system/etc/sysconfig/google-hiddenapi-package-allowlist.xml
09-01 13:50:43.274232  1274  1274 D CompatConfig: Adding: com.android.server.compat.config.Change@c6b801d
09-01 13:50:43.274740  1274  1274 D CompatConfig: Adding: com.android.server.compat.config.Change@e3c9292
09-01 13:50:43.275403  1274  1274 D CompatConfig: Adding: com.android.server.compat.config.Change@35f1463
09-01 13:50:43.275899  1274  1274 D CompatConfig: Adding: com.android.server.compat.config.Change@f440860
09-01 13:50:43.276345  1274  1274 D CompatConfig: Adding: com.android.server.compat.config.Change@4c50119
09-01 13:50:43.276837  1274  1274 D CompatConfig: Adding: com.android.server.compat.config.Change@8d45de
09-01 13:50:43.277373  1274  1274 D CompatConfig: Adding: com.android.server.compat.config.Change@f2493bf
09-01 13:50:43.277973  1274  1274 D CompatConfig: Adding: com.android.server.compat.config.Change@c514a8c
09-01 13:50:43.278436  1274  1274 D CompatConfig: Adding: com.android.server.compat.config.Change@79b95d5
09-01 13:50:43.278996  1274  1274 D CompatConfig: Adding: com.android.server.compat.config.Change@ca3e1ea
09-01 13:50:43.279487  1274  1274 D CompatConfig: Adding: com.android.server.compat.config.Change@598acdb
09-01 13:50:43.279988  1274  1274 D CompatConfig: Adding: com.android.server.compat.config.Change@30e8378
09-01 13:50:43.280625  1274  1274 D CompatConfig: Adding: com.android.server.compat.config.Change@cba51
09-01 13:50:43.280910  1274  1299 I SystemConfig: Reading permissions from /system/etc/sysconfig/preinstalled-packages-com.google.android.providers.media.module.xml
09-01 13:50:43.281293  1274  1274 D CompatConfig: Adding: com.android.server.compat.config.Change@a6b3bb7
09-01 13:50:43.281728  1274  1274 D CompatConfig: Adding: com.android.server.compat.config.Change@2645f24
09-01 13:50:43.282091  1274  1274 D CompatConfig: Adding: com.android.server.compat.config.Change@391aa8d
09-01 13:50:43.282503  1274  1274 D CompatConfig: Adding: com.android.server.compat.config.Change@d0ac442
09-01 13:50:43.282936  1274  1274 D CompatConfig: Adding: com.android.server.compat.config.Change@26ddc53
09-01 13:50:43.283469  1274  1274 D CompatConfig: Adding: com.android.server.compat.config.Change@d1a4990
09-01 13:50:43.284015  1274  1274 D CompatConfig: Adding: com.android.server.compat.config.Change@bfb6289
09-01 13:50:43.284471  1274  1274 D CompatConfig: Adding: com.android.server.compat.config.Change@104e28e
09-01 13:50:43.284909  1274  1274 D CompatConfig: Adding: com.android.server.compat.config.Change@3efeaaf
09-01 13:50:43.285350  1274  1274 D CompatConfig: Adding: com.android.server.compat.config.Change@9026ebc
09-01 13:50:43.285843  1274  1274 D CompatConfig: Adding: com.android.server.compat.config.Change@52e9e45
09-01 13:50:43.286399  1274  1274 D CompatConfig: Adding: com.android.server.compat.config.Change@770999a
09-01 13:50:43.287062  1274  1274 D CompatConfig: Adding: com.android.server.compat.config.Change@4e5baa8
09-01 13:50:43.287356  1274  1299 I SystemConfig: Reading permissions from /system/etc/sysconfig/hiddenapi-com.magiear.handsfree.assistant.xml
09-01 13:50:43.287678  1274  1274 D CompatConfig: Adding: com.android.server.compat.config.Change@a9fd9c1
09-01 13:50:43.288124  1274  1274 D CompatConfig: Adding: com.android.server.compat.config.Change@6aeb566
09-01 13:50:43.288626  1274  1274 D CompatConfig: Adding: com.android.server.compat.config.Change@68c80a7
09-01 13:50:43.289086  1274  1274 D CompatConfig: Adding: com.android.server.compat.config.Change@12fd954
09-01 13:50:43.289577  1274  1299 I SystemConfig: Reading permissions from /system/etc/permissions/com.android.location.provider.xml
09-01 13:50:43.289814  1274  1274 D CompatConfig: Adding: com.android.server.compat.config.Change@860c1f2
09-01 13:50:43.290444  1274  1274 D CompatConfig: Adding: com.android.server.compat.config.Change@f768043
09-01 13:50:43.290931  1274  1274 D CompatConfig: Adding: com.android.server.compat.config.Change@75b36c0
09-01 13:50:43.291283  1274  1274 D CompatConfig: Adding: com.android.server.compat.config.Change@504fff9
09-01 13:50:43.291714  1274  1274 D CompatConfig: Adding: com.android.server.compat.config.Change@cb50b3e
09-01 13:50:43.292203  1274  1274 D CompatConfig: Adding: com.android.server.compat.config.Change@276dd9f
09-01 13:50:43.292624  1274  1274 D CompatConfig: Adding: com.android.server.compat.config.Change@c1cfeec
09-01 13:50:43.293088  1274  1274 D CompatConfig: Adding: com.android.server.compat.config.Change@48ca2b5
09-01 13:50:43.293748  1274  1274 D CompatConfig: Adding: com.android.server.compat.config.Change@6729d4a
09-01 13:50:43.294394  1274  1274 D CompatConfig: Adding: com.android.server.compat.config.Change@bf5b4bb
09-01 13:50:43.294920  1274  1274 D CompatConfig: Adding: com.android.server.compat.config.Change@8511dd8
09-01 13:50:43.295443  1274  1274 D CompatConfig: Adding: com.android.server.compat.config.Change@eb1b531
09-01 13:50:43.295792  1274  1274 D CompatConfig: Adding: com.android.server.compat.config.Change@bc54416
09-01 13:50:43.296260  1274  1274 D CompatConfig: Adding: com.android.server.compat.config.Change@cc0e197
09-01 13:50:43.296896  1274  1299 I SystemConfig: Reading permissions from /system/etc/permissions/com.android.media.remotedisplay.xml
09-01 13:50:43.297035  1274  1274 D CompatConfig: Found a config file: /system/etc/compatconfig/icu4j-platform-compat-config.xml
09-01 13:50:43.303189  1274  1299 I SystemConfig: Reading permissions from /system/etc/permissions/android.test.mock.xml
09-01 13:50:43.303704  1274  1274 D CompatConfig: Adding: com.android.server.compat.config.Change@aa80033
09-01 13:50:43.304404  1274  1274 D CompatConfig: Found a config file: /system/etc/compatconfig/framework-platform-compat-config.xml
09-01 13:50:43.309647  1274  1299 I SystemConfig: Reading permissions from /system/etc/permissions/GoogleCellBroadcast_permissions.xml
09-01 13:50:43.311714  1274  1274 D CompatConfig: Adding: com.android.server.compat.config.Change@8d8bfee
09-01 13:50:43.313534  1274  1299 I SystemConfig: Reading permissions from /system/etc/permissions/com.hmct.updater.xml
09-01 13:50:43.313973  1274  1274 D CompatConfig: Adding: com.android.server.compat.config.Change@8d3fb1c
09-01 13:50:43.314367  1274  1274 D CompatConfig: Adding: com.android.server.compat.config.Change@c6ca325
09-01 13:50:43.314723  1274  1274 D CompatConfig: Adding: com.android.server.compat.config.Change@794ecfa
09-01 13:50:43.315027  1274  1274 D CompatConfig: Adding: com.android.server.compat.config.Change@df942ab
09-01 13:50:43.315340  1274  1274 D CompatConfig: Adding: com.android.server.compat.config.Change@b3ad08
09-01 13:50:43.315627  1274  1274 D CompatConfig: Adding: com.android.server.compat.config.Change@7694ca1
09-01 13:50:43.315937  1274  1274 D CompatConfig: Adding: com.android.server.compat.config.Change@2b4dec6
09-01 13:50:43.316236  1274  1274 D CompatConfig: Adding: com.android.server.compat.config.Change@6075e87
09-01 13:50:43.316851  1274  1274 D CompatConfig: Adding: com.android.server.compat.config.Change@35a91b4
09-01 13:50:43.317531  1274  1274 D CompatConfig: Adding: com.android.server.compat.config.Change@b2d11dd
09-01 13:50:43.318096  1274  1274 D CompatConfig: Adding: com.android.server.compat.config.Change@b902152
09-01 13:50:43.318535  1274  1274 D CompatConfig: Adding: com.android.server.compat.config.Change@df15c23
09-01 13:50:43.319041  1274  1274 D CompatConfig: Adding: com.android.server.compat.config.Change@fe91520
09-01 13:50:43.319515  1274  1274 D CompatConfig: Adding: com.android.server.compat.config.Change@16deed9
09-01 13:50:43.319933  1274  1299 I SystemConfig: Non-xml file /system/etc/permissions/pms_sysapp_removable_vendor_list.txt in /system/etc/permissions directory, ignoring
09-01 13:50:43.320138  1274  1274 D CompatConfig: Adding: com.android.server.compat.config.Change@f6b009e
09-01 13:50:43.320543  1274  1299 I SystemConfig: Reading permissions from /system/etc/permissions/GoogleMediaProvider_permissions.xml
09-01 13:50:43.320730  1274  1274 D CompatConfig: Adding: com.android.server.compat.config.Change@51a634c
09-01 13:50:43.321233  1274  1274 D CompatConfig: Adding: com.android.server.compat.config.Change@f459f95
09-01 13:50:43.321821  1274  1274 D CompatConfig: Adding: com.android.server.compat.config.Change@98288aa
09-01 13:50:43.322362  1274  1274 D CompatConfig: Adding: com.android.server.compat.config.Change@306838
09-01 13:50:43.322416  1274  1299 I SystemConfig: Reading permissions from /system/etc/permissions/GoogleNetworkStack_permissions.xml
09-01 13:50:43.322754  1274  1274 D CompatConfig: Adding: com.android.server.compat.config.Change@7ada011
09-01 13:50:43.323210  1274  1274 D CompatConfig: Adding: com.android.server.compat.config.Change@9d88576
09-01 13:50:43.323730  1274  1274 D CompatConfig: Adding: com.android.server.compat.config.Change@91ef777
09-01 13:50:43.324213  1274  1274 D CompatConfig: Adding: com.android.server.compat.config.Change@9bb2c4d
09-01 13:50:43.324388  1274  1299 I SystemConfig: Reading permissions from /system/etc/permissions/GoogleDocumentsUI_permissions.xml
09-01 13:50:43.324724  1274  1274 D CompatConfig: Adding: com.android.server.compat.config.Change@cbf8302
09-01 13:50:43.325369  1274  1274 D CompatConfig: Adding: com.android.server.compat.config.Change@d019413
09-01 13:50:43.326066  1274  1299 I SystemConfig: Reading permissions from /system/etc/permissions/permission_ignite_com.dti.attmx.xml
09-01 13:50:43.326303  1274  1274 D CompatConfig: Adding: com.android.server.compat.config.Change@69b4049
09-01 13:50:43.326757  1274  1274 D CompatConfig: Adding: com.android.server.compat.config.Change@f26cd4e
09-01 13:50:43.327294  1274  1274 D CompatConfig: Adding: com.android.server.compat.config.Change@e675e6f
09-01 13:50:43.327816  1274  1274 D CompatConfig: Adding: com.android.server.compat.config.Change@9a3377c
09-01 13:50:43.328344  1274  1274 D CompatConfig: Adding: com.android.server.compat.config.Change@b4e9805
09-01 13:50:43.328933  1274  1274 D CompatConfig: Adding: com.android.server.compat.config.Change@bb5728b
09-01 13:50:43.329168  1274  1299 I SystemConfig: Reading permissions from /system/etc/permissions/com.android.mediadrm.signer.xml
09-01 13:50:43.329426  1274  1274 D CompatConfig: Adding: com.android.server.compat.config.Change@7aa4f68
09-01 13:50:43.330064  1274  1274 D CompatConfig: Adding: com.android.server.compat.config.Change@a25af81
09-01 13:50:43.330596  1274  1274 D CompatConfig: Adding: com.android.server.compat.config.Change@c4b3826
09-01 13:50:43.331102  1274  1274 D CompatConfig: Adding: com.android.server.compat.config.Change@a86ac67
09-01 13:50:43.331626  1274  1274 D CompatConfig: Adding: com.android.server.compat.config.Change@288fa14
09-01 13:50:43.332288  1274  1274 D CompatConfig: Adding: com.android.server.compat.config.Change@d22b0b2
09-01 13:50:43.332586  1274  1299 I SystemConfig: Reading permissions from /system/etc/permissions/com.android.nfc_extras.xml
09-01 13:50:43.332743  1274  1274 D CompatConfig: Adding: com.android.server.compat.config.Change@547a803
09-01 13:50:43.333143  1274  1274 D CompatConfig: Adding: com.android.server.compat.config.Change@a05a380
09-01 13:50:43.333796  1274  1274 D CompatConfig: Adding: com.android.server.compat.config.Change@137cdb9
09-01 13:50:43.334340  1274  1274 D CompatConfig: Adding: com.android.server.compat.config.Change@b8725fe
09-01 13:50:43.334901  1274  1274 D CompatConfig: Adding: com.android.server.compat.config.Change@692c15f
09-01 13:50:43.335481  1274  1274 D CompatConfig: Adding: com.android.server.compat.config.Change@1e177ac
09-01 13:50:43.335895  1274  1274 D CompatConfig: Adding: com.android.server.compat.config.Change@a7e8c75
09-01 13:50:43.336235  1274  1274 D CompatConfig: Adding: com.android.server.compat.config.Change@e2ba40a
09-01 13:50:43.336664  1274  1274 D CompatConfig: Adding: com.android.server.compat.config.Change@e4c147b
09-01 13:50:43.337055  1274  1274 D CompatConfig: Adding: com.android.server.compat.config.Change@6c46298
09-01 13:50:43.337506  1274  1274 D CompatConfig: Adding: com.android.server.compat.config.Change@1387af1
09-01 13:50:43.337958  1274  1274 D CompatConfig: Adding: com.android.server.compat.config.Change@1e7f6d6
09-01 13:50:43.338449  1274  1274 D CompatConfig: Adding: com.android.server.compat.config.Change@c7d7d57
09-01 13:50:43.338927  1274  1274 D CompatConfig: Adding: com.android.server.compat.config.Change@fc8d52d
09-01 13:50:43.339086  1274  1299 I SystemConfig: Reading permissions from /system/etc/permissions/com.magiear.handsfree.assistant.xml
09-01 13:50:43.339371  1274  1274 D CompatConfig: Adding: com.android.server.compat.config.Change@744aa62
09-01 13:50:43.339838  1274  1274 D CompatConfig: Adding: com.android.server.compat.config.Change@df297f3
09-01 13:50:43.340269  1274  1274 D CompatConfig: Adding: com.android.server.compat.config.Change@388ecb0
09-01 13:50:43.340676  1274  1274 D CompatConfig: Adding: com.android.server.compat.config.Change@98a9729
09-01 13:50:43.341073  1274  1274 D CompatConfig: Adding: com.android.server.compat.config.Change@cc70aae
09-01 13:50:43.341618  1274  1274 D CompatConfig: Adding: com.android.server.compat.config.Change@694c04f
09-01 13:50:43.342169  1274  1274 D CompatConfig: Found a config file: /system/etc/compatconfig/calendar-provider-compat-config.xml
09-01 13:50:43.344790  1274  1274 D CompatConfig: Adding: com.android.server.compat.config.Change@28c7ce5
09-01 13:50:43.345197  1274  1299 I SystemConfig: Non-xml file /system/etc/permissions/pms_sysapp_removable_system_list.txt in /system/etc/permissions directory, ignoring
09-01 13:50:43.345601  1274  1274 D CompatConfig: Found a config file: /system/etc/compatconfig/documents-ui-compat-config.xml
09-01 13:50:43.345963  1274  1299 I SystemConfig: Reading permissions from /system/etc/permissions/verizon.net.sip.xml
09-01 13:50:43.346762  1274  1274 D CompatConfig: Adding: com.android.server.compat.config.Change@be1a1c8
09-01 13:50:43.347505  1274  1299 I SystemConfig: Reading permissions from /system/etc/permissions/hardware.display.camera_notch.xml
09-01 13:50:43.350008  1274  1274 D CompatConfig: Found a config file: /system/system_ext/etc/compatconfig/settings-platform-compat-config.xml
09-01 13:50:43.350838  1274  1299 I SystemConfig: Reading permissions from /system/etc/permissions/privapp-permissions-platform.xml
09-01 13:50:43.355028  1274  1274 D CompatConfig: Adding: com.android.server.compat.config.Change@a531274
09-01 13:50:43.356059  1274  1274 I ApexManagerTiming: getActiveApexInfos_noCache
09-01 13:50:43.363957  1274  1299 I SystemConfig: Reading permissions from /system/etc/permissions/android.test.base.xml
09-01 13:50:43.365881  1274  1274 D ApexManagerTiming: getActiveApexInfos_noCache took to complete: 10ms
09-01 13:50:43.366359  1274  1274 D CompatConfig: No directory /apex/com.android.media/etc/compatconfig, skipping
09-01 13:50:43.366776  1274  1274 D CompatConfig: No directory /apex/com.android.appsearch/etc/compatconfig, skipping
09-01 13:50:43.367860  1274  1274 D CompatConfig: No directory /apex/com.android.tethering/etc/compatconfig, skipping
09-01 13:50:43.368296  1274  1274 D CompatConfig: No directory /apex/com.android.media.swcodec/etc/compatconfig, skipping
09-01 13:50:43.368545  1274  1274 D CompatConfig: No directory /apex/com.android.i18n/etc/compatconfig, skipping
09-01 13:50:43.368755  1274  1274 D CompatConfig: No directory /apex/com.google.mainline.primary.libs/etc/compatconfig, skipping
09-01 13:50:43.368959  1274  1274 D CompatConfig: No directory /apex/com.android.neuralnetworks/etc/compatconfig, skipping
09-01 13:50:43.369159  1274  1274 D CompatConfig: No directory /apex/com.android.resolv/etc/compatconfig, skipping
09-01 13:50:43.369369  1274  1274 D CompatConfig: No directory /apex/com.android.sdkext/etc/compatconfig, skipping
09-01 13:50:43.369738  1274  1274 D CompatConfig: No directory /apex/com.android.tzdata/etc/compatconfig, skipping
09-01 13:50:43.370022  1274  1274 D CompatConfig: No directory /apex/com.android.vndk.v30/etc/compatconfig, skipping
09-01 13:50:43.370446  1274  1299 I SystemConfig: Reading permissions from /system/etc/permissions/GoogleExtServices_permissions.xml
09-01 13:50:43.383788  1274  1274 D CompatConfig: Found a config file: /apex/com.android.art/etc/compatconfig/libcore-platform-compat-config.xml
09-01 13:50:43.385288  1274  1299 I SystemConfig: Reading permissions from /system/etc/permissions/privapp-permissions-mediatek.xml
09-01 13:50:43.386267  1274  1274 D CompatConfig: Adding: com.android.server.compat.config.Change@3887ae6
09-01 13:50:43.391235  1274  1299 I SystemConfig: Reading permissions from /system/etc/permissions/GoogleTethering_permissions.xml
09-01 13:50:43.391649  1274  1274 D CompatConfig: Adding: com.android.server.compat.config.Change@250dad4
09-01 13:50:43.392069  1274  1274 D CompatConfig: Adding: com.android.server.compat.config.Change@311f47d
09-01 13:50:43.392433  1274  1274 D CompatConfig: Adding: com.android.server.compat.config.Change@cd15f72
09-01 13:50:43.392759  1274  1274 D CompatConfig: Adding: com.android.server.compat.config.Change@4668fc3
09-01 13:50:43.393395  1274  1274 D CompatConfig: No directory /apex/com.android.apex.cts.shim/etc/compatconfig, skipping
09-01 13:50:43.393631  1274  1274 D CompatConfig: No directory /apex/com.android.ipsec/etc/compatconfig, skipping
09-01 13:50:43.393736  1274  1274 D CompatConfig: No directory /apex/com.android.extservices/etc/compatconfig, skipping
09-01 13:50:43.393871  1274  1274 D CompatConfig: No directory /apex/com.android.permission/etc/compatconfig, skipping
09-01 13:50:43.393983  1274  1274 D CompatConfig: No directory /apex/com.android.vndk.v31/etc/compatconfig, skipping
09-01 13:50:43.395708  1274  1274 D CompatConfig: Found a config file: /apex/com.android.mediaprovider/etc/compatconfig/media-provider-platform-compat-config.xml
09-01 13:50:43.396725  1274  1299 I SystemConfig: Reading permissions from /system/etc/permissions/com.android.future.usb.accessory.xml
09-01 13:50:43.397079  1274  1274 D CompatConfig: Adding: com.android.server.compat.config.Change@75200be
09-01 13:50:43.397740  1274  1274 D CompatConfig: Adding: com.android.server.compat.config.Change@b18651f
09-01 13:50:43.398184  1274  1274 D CompatConfig: Adding: com.android.server.compat.config.Change@d2cb06c
09-01 13:50:43.398576  1274  1274 D CompatConfig: Adding: com.android.server.compat.config.Change@9503635
09-01 13:50:43.399187  1274  1274 D CompatConfig: Adding: com.android.server.compat.config.Change@9a96aca
09-01 13:50:43.399756  1274  1274 D CompatConfig: Adding: com.android.server.compat.config.Change@de8343b
09-01 13:50:43.400258  1274  1274 D CompatConfig: Adding: com.android.server.compat.config.Change@c6a6758
09-01 13:50:43.400700  1274  1299 I SystemConfig: Reading permissions from /system/etc/permissions/com.mediatek.wfo.legacy.xml
09-01 13:50:43.400915  1274  1274 D CompatConfig: No directory /apex/com.android.scheduling/etc/compatconfig, skipping
09-01 13:50:43.401172  1274  1274 D CompatConfig: No directory /apex/com.android.adbd/etc/compatconfig, skipping
09-01 13:50:43.401419  1274  1274 D CompatConfig: No directory /apex/com.android.runtime/etc/compatconfig, skipping
09-01 13:50:43.401666  1274  1274 D CompatConfig: No directory /apex/com.android.wifi/etc/compatconfig, skipping
09-01 13:50:43.401820  1274  1274 D CompatConfig: No directory /apex/com.android.conscrypt/etc/compatconfig, skipping
09-01 13:50:43.401960  1274  1274 D CompatConfig: No directory /apex/com.android.os.statsd/etc/compatconfig, skipping
09-01 13:50:43.402078  1274  1274 D CompatConfig: No directory /apex/com.android.cellbroadcast/etc/compatconfig, skipping
09-01 13:50:43.404230  1274  1274 D SystemServerTiming: PlatformCompat took to complete: 141ms
09-01 13:50:43.404389  1274  1274 I SystemServerTiming: StartFileIntegrityService
09-01 13:50:43.404589  1274  1274 I SystemServiceManager: Starting com.android.server.security.FileIntegrityService
09-01 13:50:43.413126  1274  1299 I SystemConfig: Reading permissions from /system/etc/permissions/android.test.runner.xml
09-01 13:50:43.413528  1274  1274 D SystemServerTiming: StartFileIntegrityService took to complete: 9ms
09-01 13:50:43.413660  1274  1274 I SystemServerTiming: StartInstaller
09-01 13:50:43.413749  1274  1274 I SystemServiceManager: Starting com.android.server.pm.Installer
09-01 13:50:43.415545  1274  1299 I SystemConfig: Reading permissions from /system/etc/permissions/javax.obex.xml
09-01 13:50:43.423480  1274  1299 I SystemConfig: Reading permissions from /system/etc/permissions/privapp-permissions-google-system.xml
09-01 13:50:43.428740  1274  1274 D SystemServerTiming: StartInstaller took to complete: 15ms
09-01 13:50:43.428858  1274  1274 I SystemServerTiming: DeviceIdentifiersPolicyService
09-01 13:50:43.429050  1274  1274 I SystemServiceManager: Starting com.android.server.os.DeviceIdentifiersPolicyService
09-01 13:50:43.430091  1274  1274 D SystemServerTiming: DeviceIdentifiersPolicyService took to complete: 1ms
09-01 13:50:43.430237  1274  1274 I SystemServerTiming: UriGrantsManagerService
09-01 13:50:43.430324  1274  1274 I SystemServiceManager: Starting com.android.server.uri.UriGrantsManagerService$Lifecycle
09-01 13:50:43.431196  1274  1299 I SystemConfig: Reading permissions from /system/etc/permissions/android.software.live_wallpaper.xml
09-01 13:50:43.431485  1274  1274 D SystemServerTiming: UriGrantsManagerService took to complete: 2ms
09-01 13:50:43.431634  1274  1274 I SystemServerTiming: StartPowerStatsService
09-01 13:50:43.431763  1274  1274 I SystemServiceManager: Starting com.android.server.powerstats.PowerStatsService
09-01 13:50:43.437298  1274  1299 I SystemConfig: Reading permissions from /system/etc/permissions/GooglePermissionController_permissions.xml
09-01 13:50:43.438722  1274  1274 D SystemServerTiming: StartPowerStatsService took to complete: 7ms
09-01 13:50:43.438904  1274  1274 I SystemServerTiming: StartIStatsService
09-01 13:50:43.439760  1274  1299 I SystemConfig: Reading permissions from /system/etc/permissions/android.software.webview.xml
09-01 13:50:43.442666  1274  1274 D SystemServerTiming: StartIStatsService took to complete: 4ms
09-01 13:50:43.442869  1274  1274 I SystemServerTiming: MemtrackProxyService
09-01 13:50:43.445696  1274  1274 D SystemServerTiming: MemtrackProxyService took to complete: 3ms
09-01 13:50:43.445821  1274  1274 I SystemServerTiming: StartActivityManager
09-01 13:50:43.446015  1274  1274 I SystemServiceManager: Starting com.android.server.wm.ActivityTaskManagerService$Lifecycle
09-01 13:50:43.446908  1274  1299 I SystemConfig: Reading permissions from /system/etc/permissions/org.apache.http.legacy.xml
09-01 13:50:43.448169  1274  1299 I SystemConfig: Reading permissions from /system/etc/permissions/platform.xml
09-01 13:50:43.454456  1274  1299 I SystemConfig: Reading permissions from /vendor/etc/permissions/android.software.ipsec_tunnels.xml
09-01 13:50:43.456552  1274  1299 I SystemConfig: Reading permissions from /vendor/etc/permissions/android.hardware.wifi.xml
09-01 13:50:43.459751  1274  1299 I SystemConfig: Reading permissions from /vendor/etc/permissions/android.hardware.usb.host.xml
09-01 13:50:43.466242  1274  1299 I SystemConfig: Reading permissions from /vendor/etc/permissions/android.hardware.usb.accessory.xml
09-01 13:50:43.473245  1274  1299 I SystemConfig: Reading permissions from /vendor/etc/permissions/android.hardware.telephony.gsm.xml
09-01 13:50:43.474643  1274  1299 I SystemConfig: Reading permissions from /vendor/etc/permissions/android.hardware.location.gps.xml
09-01 13:50:43.476728  1274  1299 I SystemConfig: Reading permissions from /vendor/etc/permissions/android.hardware.microphone.xml
09-01 13:50:43.478025  1274  1299 I SystemConfig: Reading permissions from /vendor/etc/permissions/android.hardware.biometrics.face.xml
09-01 13:50:43.485135  1274  1299 I SystemConfig: Reading permissions from /vendor/etc/permissions/android.hardware.audio.low_latency.xml
09-01 13:50:43.486863  1274  1299 I SystemConfig: Reading permissions from /vendor/etc/permissions/android.hardware.wifi.direct.xml
09-01 13:50:43.489543  1274  1299 I SystemConfig: Reading permissions from /vendor/etc/permissions/android.hardware.opengles.aep.xml
09-01 13:50:43.497226  1274  1299 I SystemConfig: Reading permissions from /vendor/etc/permissions/android.hardware.sensor.light.xml
09-01 13:50:43.508062  1274  1299 I SystemConfig: Reading permissions from /vendor/etc/permissions/android.hardware.vulkan.compute.xml
09-01 13:50:43.509624  1274  1299 I SystemConfig: Reading permissions from /vendor/etc/permissions/android.software.vulkan.deqp.level.xml
09-01 13:50:43.511243  1274  1299 I SystemConfig: Reading permissions from /vendor/etc/permissions/android.hardware.fingerprint.xml
09-01 13:50:43.512916  1274  1299 I SystemConfig: Reading permissions from /vendor/etc/permissions/android.hardware.vulkan.version.xml
09-01 13:50:43.514992  1274  1299 I SystemConfig: Reading permissions from /vendor/etc/permissions/android.hardware.telephony.ims.xml
09-01 13:50:43.520054  1274  1299 I SystemConfig: Reading permissions from /vendor/etc/permissions/android.hardware.wifi.passpoint.xml
09-01 13:50:43.521708  1274  1299 I SystemConfig: Reading permissions from /vendor/etc/permissions/android.software.midi.xml
09-01 13:50:43.522095  1274  1274 I SystemServiceManager: Starting com.android.server.am.ActivityManagerService$Lifecycle
09-01 13:50:43.529289  1274  1299 I SystemConfig: Reading permissions from /vendor/etc/permissions/android.hardware.sensor.stepcounter.xml
09-01 13:50:43.536168  1274  1299 I SystemConfig: Reading permissions from /vendor/etc/permissions/android.hardware.touchscreen.multitouch.xml
09-01 13:50:43.537658  1274  1299 I SystemConfig: Reading permissions from /vendor/etc/permissions/handheld_core_hardware.xml
09-01 13:50:43.539297  1274  1299 I SystemConfig: Reading permissions from /vendor/etc/permissions/android.hardware.hardware_keystore.km41.xml
09-01 13:50:43.546117  1274  1299 I SystemConfig: Reading permissions from /vendor/etc/permissions/android.hardware.sensor.compass.xml
09-01 13:50:43.552479  1274  1299 I SystemConfig: Reading permissions from /vendor/etc/permissions/android.hardware.camera.xml
09-01 13:50:43.564407  1274  1299 I SystemConfig: Reading permissions from /vendor/etc/permissions/android.hardware.bluetooth_le.xml
09-01 13:50:43.571404  1274  1299 I SystemConfig: Reading permissions from /vendor/etc/permissions/android.hardware.bluetooth.xml
09-01 13:50:43.572936  1274  1299 I SystemConfig: Reading permissions from /vendor/etc/permissions/android.hardware.touchscreen.multitouch.jazzhand.xml
09-01 13:50:43.573752  1274  1274 I ActivityManager: Memory class: 256
09-01 13:50:43.574899  1274  1299 I SystemConfig: Reading permissions from /vendor/etc/permissions/android.hardware.sensor.stepdetector.xml
09-01 13:50:43.576431  1274  1299 I SystemConfig: Reading permissions from /vendor/etc/permissions/android.hardware.vulkan.level.xml
09-01 13:50:43.579459  1274  1299 I SystemConfig: Reading permissions from /vendor/etc/permissions/android.hardware.faketouch.xml
09-01 13:50:43.582116  1274  1303 I Binder  : Setting heavy hitter watcher config: false, 0, 0.0
09-01 13:50:43.583200  1274  1299 I SystemConfig: Reading permissions from /vendor/etc/permissions/android.hardware.touchscreen.xml
09-01 13:50:43.589306  1274  1299 I SystemConfig: Reading permissions from /vendor/etc/permissions/android.hardware.touchscreen.multitouch.distinct.xml
09-01 13:50:43.595915  1274  1299 I SystemConfig: Reading permissions from /vendor/etc/permissions/android.hardware.sensor.accelerometer.xml
09-01 13:50:43.597644  1274  1299 I SystemConfig: Reading permissions from /vendor/etc/permissions/android.software.verified_boot.xml
09-01 13:50:43.599215  1274  1299 I SystemConfig: Reading permissions from /vendor/etc/permissions/android.hardware.sensor.proximity.xml
09-01 13:50:43.604733  1274  1299 I SystemConfig: Reading permissions from /product/etc/sysconfig/recording.xml
09-01 13:50:43.608680  1274  1299 I SystemConfig: Reading permissions from /product/etc/sysconfig/google-staged-installer-whitelist.xml
09-01 13:50:43.610115  1274  1299 I SystemConfig: Reading permissions from /product/etc/sysconfig/d2d_cable_migration_feature.xml
09-01 13:50:43.615889  1274  1299 I SystemConfig: Reading permissions from /product/etc/sysconfig/google.xml
09-01 13:50:43.624695  1274  1299 I SystemConfig: Reading permissions from /product/etc/sysconfig/preinstalled-packages-platform-overlays.xml
09-01 13:50:43.632279  1274  1299 I SystemConfig: Reading permissions from /product/etc/sysconfig/preinstalled-packages-platform-handheld-product.xml
09-01 13:50:43.633769  1274  1299 I SystemConfig: Reading permissions from /product/etc/sysconfig/fastpass_plus.xml
09-01 13:50:43.635174  1274  1299 I SystemConfig: Reading permissions from /product/etc/sysconfig/GoogleCellBroadcast_config.xml
09-01 13:50:43.636600  1274  1299 I SystemConfig: Reading permissions from /product/etc/sysconfig/google-rollback-package-whitelist.xml
09-01 13:50:43.638498  1274  1299 I SystemConfig: Reading permissions from /product/etc/sysconfig/wellbeing.xml
09-01 13:50:43.644092  1274  1299 I SystemConfig: Reading permissions from /product/etc/permissions/com.android.settings.intelligence.xml
09-01 13:50:43.647582  1274  1299 I SystemConfig: Reading permissions from /product/etc/permissions/privapp-permissions-google-product.xml
09-01 13:50:43.657161  1274  1299 I SystemConfig: Reading permissions from /product/etc/permissions/split-permissions-google.xml
09-01 13:50:43.665587  1274  1299 I SystemConfig: Reading permissions from /product/etc/permissions/com.google.android.dialer.support.xml
09-01 13:50:43.667095  1274  1299 I SystemConfig: Reading permissions from /product/etc/permissions/privapp-permissions-google-comms-suite.xml
09-01 13:50:43.668795  1274  1299 I SystemConfig: Reading permissions from /product/etc/permissions/com.payjoy.access.xml
09-01 13:50:43.675511  1274  1299 I SystemConfig: Reading permissions from /product/etc/permissions/product-permissions-mediatek.xml
09-01 13:50:43.682460  1274  1299 I SystemConfig: Reading permissions from /product/etc/permissions/com.android.imsserviceentitlement.xml
09-01 13:50:43.684030  1274  1299 W SystemConfig: No directory /system_ext/etc/sysconfig, skipping
09-01 13:50:43.687081  1274  1299 I SystemConfig: Reading permissions from /system_ext/etc/permissions/com.android.emergency.xml
09-01 13:50:43.692438  1274  1299 I SystemConfig: Reading permissions from /system_ext/etc/permissions/privapp-permissions-google-system-ext.xml
09-01 13:50:43.694414  1274  1299 I SystemConfig: Reading permissions from /system_ext/etc/permissions/system-ext-permissions-mediatek.xml
09-01 13:50:43.696974  1274  1299 I SystemConfig: Reading permissions from /system_ext/etc/permissions/com.android.storagemanager.xml
09-01 13:50:43.699453  1274  1299 I SystemConfig: Reading permissions from /system_ext/etc/permissions/com.android.settings.xml
09-01 13:50:43.704589  1274  1299 I SystemConfig: Reading permissions from /system_ext/etc/permissions/com.android.launcher3.xml
09-01 13:50:43.711082  1274  1299 I SystemConfig: Reading permissions from /system_ext/etc/permissions/com.android.carrierconfig.xml
09-01 13:50:43.717797  1274  1299 I SystemConfig: Reading permissions from /system_ext/etc/permissions/com.android.systemui.xml
09-01 13:50:43.719755  1274  1299 I SystemConfig: Reading permissions from /system_ext/etc/permissions/com.st.android.nfc_extensions.xml
09-01 13:50:43.721223  1274  1299 I SystemConfig: Reading permissions from /system_ext/etc/permissions/com.nxp.mifare.xml
09-01 13:50:43.722698  1274  1299 I SystemConfig: Reading permissions from /system_ext/etc/permissions/com.google.permission.lensapps.xml
09-01 13:50:43.731185  1274  1299 I SystemConfig: Reading permissions from /apex/com.android.ipsec/etc/permissions/android.net.ipsec.ike.xml
09-01 13:50:43.745084  1274  1299 I SystemConfig: Reading permissions from /apex/com.android.tethering/etc/permissions/permissions.xml
09-01 13:50:43.751975  1274  1299 W SystemConfig: <privapp-permissions> not allowed in partition of /apex/com.android.tethering/etc/permissions/permissions.xml at START_TAG <privapp-permissions package='com.android.networkstack.tethering'>@19:71 in java.io.FileReader@8b7ade1
09-01 13:50:43.755608  1274  1299 D SystemConfig: readAllPermissions took to complete: 493ms
09-01 13:50:43.756474  1274  1299 D SystemServerInitThreadPool: Finished executing ReadingSystemConfig
09-01 13:50:43.757069  1274  1299 D SystemServerTimingAsync: InitThreadPoolExec:ReadingSystemConfig took to complete: 494ms
09-01 13:50:43.778897  1274  1274 I PackageWatchdog: Updated health check state for package com.mediatek.ims: INACTIVE -> PASSED
09-01 13:50:43.779153  1274  1274 I PackageWatchdog: Updated health check state for package com.google.android.ext.services: INACTIVE -> PASSED
09-01 13:50:43.779229  1274  1274 I PackageWatchdog: Updated health check state for package com.mediatek.omacp: INACTIVE -> PASSED
09-01 13:50:43.779284  1274  1274 I PackageWatchdog: Updated health check state for package com.google.android.providers.media.module: INACTIVE -> PASSED
09-01 13:50:43.779336  1274  1274 I PackageWatchdog: Updated health check state for package com.android.vending: INACTIVE -> PASSED
09-01 13:50:43.779398  1274  1274 I PackageWatchdog: Updated health check state for package android: INACTIVE -> PASSED
09-01 13:50:43.779561  1274  1274 I PackageWatchdog: Updated health check state for package com.android.launcher3: INACTIVE -> PASSED
09-01 13:50:43.779697  1274  1274 I PackageWatchdog: Updated health check state for package com.google.android.permissioncontroller: INACTIVE -> PASSED
09-01 13:50:43.779807  1274  1274 I PackageWatchdog: Updated health check state for package com.google.android.setupwizard: INACTIVE -> PASSED
09-01 13:50:43.779903  1274  1274 I PackageWatchdog: Updated health check state for package com.hmct.updater: INACTIVE -> PASSED
09-01 13:50:43.780015  1274  1274 I PackageWatchdog: Updated health check state for package com.google.android.networkstack: INACTIVE -> PASSED
09-01 13:50:43.780113  1274  1274 I PackageWatchdog: Updated health check state for package com.google.android.gms: INACTIVE -> PASSED
09-01 13:50:43.780210  1274  1274 I PackageWatchdog: Updated health check state for package com.google.android.gsf: INACTIVE -> PASSED
09-01 13:50:43.780311  1274  1274 I PackageWatchdog: Updated health check state for package com.pri.smartfloatball: INACTIVE -> PASSED
09-01 13:50:43.780416  1274  1274 I PackageWatchdog: Updated health check state for package com.android.settings: INACTIVE -> PASSED
09-01 13:50:43.780510  1274  1274 I PackageWatchdog: Updated health check state for package com.android.phone: INACTIVE -> PASSED
09-01 13:50:43.780603  1274  1274 I PackageWatchdog: Updated health check state for package com.android.shell: INACTIVE -> PASSED
09-01 13:50:43.780704  1274  1274 I PackageWatchdog: Updated health check state for package com.android.providers.blockednumber: INACTIVE -> PASSED
09-01 13:50:43.780800  1274  1274 I PackageWatchdog: Updated health check state for package com.android.systemui: INACTIVE -> PASSED
