09-01 13:51:03.380725  1274  1274 I SystemServerTiming: StartTelephonyRegistry
09-01 13:51:03.383357  1274  1274 D SystemServerTiming: StartTelephonyRegistry took to complete: 2ms
09-01 13:51:03.383556  1274  1274 I SystemServerTiming: StartEntropyMixer
09-01 13:51:03.386946  1274  1274 I EntropyMixer: Writing entropy...
09-01 13:51:03.392495  1274  1274 D SystemServerTiming: StartEntropyMixer took to complete: 8ms
09-01 13:51:03.392955  1274  1274 I SystemServerTiming: StartAccountManagerService
09-01 13:51:03.393351  1274  1274 I SystemServiceManager: Starting com.android.server.accounts.AccountManagerService$Lifecycle
09-01 13:51:03.400695  1274  1274 D SystemServerTiming: StartAccountManagerService took to complete: 8ms
09-01 13:51:03.400881  1274  1274 I SystemServerTiming: StartContentService
09-01 13:51:03.400988  1274  1274 I SystemServiceManager: Starting com.android.server.content.ContentService$Lifecycle
09-01 13:51:03.404959  1274  1361 D SystemServerInitThreadPool: Finished executing SchedulingPolicyService.<init>
09-01 13:51:03.405139  1274  1361 D SystemServerTimingAsync: InitThreadPoolExec:SchedulingPolicyService.<init> took to complete: 28ms
09-01 13:51:03.410432  1274  1274 D SystemServerTiming: StartContentService took to complete: 9ms
09-01 13:51:03.410820  1274  1274 I SystemServerTiming: InstallSystemProviders
09-01 13:51:03.446130   956   956 E BootAnimation: new MediaPlayer
09-01 13:51:03.506655  1274  1274 V SettingsProvider: packageValueForCallResult, name = null, value : Bundle[{_track_generation=android.util.MemoryIntArray@af, value=null, _generation_index=0, _generation=1}]
09-01 13:51:03.515067  1274  1274 V SettingsProvider: packageValueForCallResult, name = multi_press_timeout, value : Bundle[{_track_generation=android.util.MemoryIntArray@af, value=300, _generation_index=2, _generation=1}]
09-01 13:51:03.515671  1274  1274 V SettingsProvider: packageValueForCallResult, name = time_12_24, value : Bundle[{_track_generation=android.util.MemoryIntArray@af, value=24, _generation_index=3, _generation=1}]
09-01 13:51:03.515814   888  1058 D TableOfContentThread: TableOfContentThread Construct !0xb40000738eff0e30
09-01 13:51:03.516182   888  1058 D TableOfContentThread: buildTocTable 0xb40000738eff0e30
09-01 13:51:03.518462   888  1058 D TableOfContentThread: build TocTable process over--actual duration=3528000,mFrameNum=147,mEntryCount=5
09-01 13:51:03.520149   645   645 D ZygoteInitTiming_lazy: BeginPreload took to complete: 141ms
09-01 13:51:03.529806  1274  1274 D ActivityManager: cgroup.freeze not present
09-01 13:51:03.530515  1274  1303 D ActivityManager: Freezer disabled
09-01 13:51:03.531452  1274  1274 D SystemServerTiming: InstallSystemProviders took to complete: 120ms
09-01 13:51:03.531630  1274  1274 I SystemServerTiming: StartDropBoxManager
09-01 13:51:03.531745  1274  1274 I SystemServiceManager: Starting com.android.server.DropBoxManagerService
09-01 13:51:03.533061  1274  1274 D SystemServerTiming: StartDropBoxManager took to complete: 1ms
09-01 13:51:03.533228  1274  1274 I SystemServerTiming: StartRoleManagerService
09-01 13:51:03.534360  1274  1274 I SystemServiceManager: Starting com.android.role.RoleService
09-01 13:51:03.542007  1274  1274 D SystemServerTiming: StartRoleManagerService took to complete: 9ms
09-01 13:51:03.542079  1274  1274 I SystemServerTiming: StartVibratorManagerService
09-01 13:51:03.542131  1274  1274 I SystemServiceManager: Starting com.android.server.vibrator.VibratorManagerService$Lifecycle
09-01 13:51:03.562302  1274  1274 D SystemServerTiming: StartVibratorManagerService took to complete: 20ms
09-01 13:51:03.562764  1274  1274 I SystemServerTiming: StartDynamicSystemService
09-01 13:51:03.564247  1274  1274 D SystemServerTiming: StartDynamicSystemService took to complete: 1ms
09-01 13:51:03.565555  1274  1274 I SystemServerTiming: StartConsumerIrService
09-01 13:51:03.568255  1274  1274 D SystemServerTiming: StartConsumerIrService took to complete: 2ms
09-01 13:51:03.568451  1274  1274 I SystemServerTiming: StartAlarmManagerService
09-01 13:51:03.568599  1274  1274 I MtkSystemServerImpl: startMtkAlarmManagerService
09-01 13:51:03.575813  1274  1274 I SystemServiceManager: Starting com.mediatek.server.MtkAlarmManagerService
09-01 13:51:03.588399  1274  1274 D AlarmManager: inside kernelTimeZone minWest = -480
09-01 13:51:03.588399  1274  1274 D AlarmManager: java.lang.RuntimeException
09-01 13:51:03.588399  1274  1274 D AlarmManager: 	at com.android.server.alarm.AlarmManagerService$Injector.setKernelTimezone(AlarmManagerService.java:4148)
09-01 13:51:03.588399  1274  1274 D AlarmManager: 	at com.android.server.alarm.AlarmManagerService.setTimeZoneImpl(AlarmManagerService.java:1941)
09-01 13:51:03.588399  1274  1274 D AlarmManager: 	at com.android.server.alarm.AlarmManagerService.onStart(AlarmManagerService.java:1670)
09-01 13:51:03.588399  1274  1274 D AlarmManager: 	at com.mediatek.server.MtkAlarmManagerService.onStart(MtkAlarmManagerService.java:169)
09-01 13:51:03.588399  1274  1274 D AlarmManager: 	at com.android.server.SystemServiceManager.startService(SystemServiceManager.java:205)
09-01 13:51:03.588399  1274  1274 D AlarmManager: 	at com.android.server.SystemServiceManager.startService(SystemServiceManager.java:192)
09-01 13:51:03.588399  1274  1274 D AlarmManager: 	at com.mediatek.server.MtkSystemServerImpl.startService(MtkSystemServerImpl.java:297)
09-01 13:51:03.588399  1274  1274 D AlarmManager: 	at com.mediatek.server.MtkSystemServerImpl.startMtkAlarmManagerService(MtkSystemServerImpl.java:253)
09-01 13:51:03.588399  1274  1274 D AlarmManager: 	at com.android.server.SystemServer.startOtherServices(SystemServer.java:1502)
09-01 13:51:03.588399  1274  1274 D AlarmManager: 	at com.android.server.SystemServer.run(SystemServer.java:900)
09-01 13:51:03.588399  1274  1274 D AlarmManager: 	at com.android.server.SystemServer.main(SystemServer.java:622)
09-01 13:51:03.588399  1274  1274 D AlarmManager: 	at java.lang.reflect.Method.invoke(Native Method)
09-01 13:51:03.588399  1274  1274 D AlarmManager: 	at com.android.internal.os.RuntimeInit$MethodAndArgsCaller.run(RuntimeInit.java:568)
09-01 13:51:03.588399  1274  1274 D AlarmManager: 	at com.android.internal.os.ZygoteInit.main(ZygoteInit.java:1023)
09-01 13:51:03.591117   920   920 D MtkOmxAdpcmDec: MtkOmxAdpcmDec Construct !!!
09-01 13:51:03.592241  1274  1274 D SystemServerTiming: StartAlarmManagerService took to complete: 23ms
09-01 13:51:03.592413  1274  1274 I SystemServerTiming: StartInputManagerService
09-01 13:51:03.592698   920  1006 D MtkOmxAdpcmDec: MtkOmxAdpcmDec Deconstruct !!!
09-01 13:51:03.593287  1274  1274 I InputManager: Initializing input manager, mUseDevInputEventForAudioJack=true
09-01 13:51:03.596937   920  1006 D MtkOmxAdpcmDec: MtkOmxAdpcmDec Construct !!!
09-01 13:51:03.598252   920  1006 D MtkOmxAdpcmDec: MtkOmxAdpcmDec Deconstruct !!!
09-01 13:51:03.617372  1274  1274 D SystemServerTiming: StartInputManagerService took to complete: 24ms
09-01 13:51:03.617573  1274  1274 I SystemServerTiming: DeviceStateManagerService
09-01 13:51:03.617748  1274  1274 I SystemServiceManager: Starting com.android.server.devicestate.DeviceStateManagerService
09-01 13:51:03.624379  1274  1274 D SystemServerTiming: DeviceStateManagerService took to complete: 6ms
09-01 13:51:03.624629  1274  1274 I SystemServerTiming: StartCameraServiceProxy
09-01 13:51:03.624743  1274  1274 I SystemServiceManager: Starting com.android.server.camera.CameraServiceProxy
09-01 13:51:03.627810  1274  1274 D SystemServerTiming: StartCameraServiceProxy took to complete: 3ms
09-01 13:51:03.628006  1274  1274 I SystemServerTiming: StartWindowManagerService
09-01 13:51:03.628170  1274  1274 I SystemServiceManager: Starting phase 200
09-01 13:51:03.628263  1274  1274 I SystemServerTiming: OnBootPhase_200
09-01 13:51:03.628331  1274  1274 I SystemServerTiming: OnBootPhase_200_com.android.server.security.FileIntegrityService
09-01 13:51:03.628386   920  1391 D MtkOmxApeDec: MtkOmxApeDec::MtkOmxApeDec(APE) this= 0xef9c4a50
09-01 13:51:03.628446  1274  1274 D SystemServerTiming: OnBootPhase_200_com.android.server.security.FileIntegrityService took to complete: 0ms
09-01 13:51:03.628489   920  1391 D MtkOmxApeDec: MtkOmxApeDec::InitAudioParams(APE)
09-01 13:51:03.628524  1274  1274 I SystemServerTiming: OnBootPhase_200_com.android.server.pm.Installer
09-01 13:51:03.628580  1274  1274 D SystemServerTiming: OnBootPhase_200_com.android.server.pm.Installer took to complete: 0ms
09-01 13:51:03.628633  1274  1274 I SystemServerTiming: OnBootPhase_200_com.android.server.os.DeviceIdentifiersPolicyService
09-01 13:51:03.628704  1274  1274 D SystemServerTiming: OnBootPhase_200_com.android.server.os.DeviceIdentifiersPolicyService took to complete: 0ms
09-01 13:51:03.628790  1274  1274 I SystemServerTiming: OnBootPhase_200_com.android.server.uri.UriGrantsManagerService$Lifecycle
09-01 13:51:03.628837  1274  1274 D SystemServerTiming: OnBootPhase_200_com.android.server.uri.UriGrantsManagerService$Lifecycle took to complete: 0ms
09-01 13:51:03.628875  1274  1274 I SystemServerTiming: OnBootPhase_200_com.android.server.powerstats.PowerStatsService
09-01 13:51:03.628889  1274  1274 D SystemServerTiming: OnBootPhase_200_com.android.server.powerstats.PowerStatsService took to complete: 0ms
09-01 13:51:03.628900  1274  1274 I SystemServerTiming: OnBootPhase_200_com.android.server.wm.ActivityTaskManagerService$Lifecycle
09-01 13:51:03.628910  1274  1274 D SystemServerTiming: OnBootPhase_200_com.android.server.wm.ActivityTaskManagerService$Lifecycle took to complete: 0ms
09-01 13:51:03.628920  1274  1274 I SystemServerTiming: OnBootPhase_200_com.android.server.am.ActivityManagerService$Lifecycle
09-01 13:51:03.628930  1274  1274 D SystemServerTiming: OnBootPhase_200_com.android.server.am.ActivityManagerService$Lifecycle took to complete: 0ms
09-01 13:51:03.628941  1274  1274 I SystemServerTiming: OnBootPhase_200_com.android.server.pm.DataLoaderManagerService
09-01 13:51:03.628950  1274  1274 D SystemServerTiming: OnBootPhase_200_com.android.server.pm.DataLoaderManagerService took to complete: 0ms
09-01 13:51:03.628961  1274  1274 I SystemServerTiming: OnBootPhase_200_com.android.server.power.PowerManagerService
09-01 13:51:03.628979  1274  1274 D SystemServerTiming: OnBootPhase_200_com.android.server.power.PowerManagerService took to complete: 0ms
09-01 13:51:03.628990  1274  1274 I SystemServerTiming: OnBootPhase_200_com.android.server.power.ThermalManagerService
09-01 13:51:03.629002  1274  1274 D SystemServerTiming: OnBootPhase_200_com.android.server.power.ThermalManagerService took to complete: 0ms
09-01 13:51:03.629012  1274  1274 I SystemServerTiming: OnBootPhase_200_com.android.server.power.hint.HintManagerService
09-01 13:51:03.629023  1274  1274 D SystemServerTiming: OnBootPhase_200_com.android.server.power.hint.HintManagerService took to complete: 0ms
09-01 13:51:03.629032  1274  1274 I SystemServerTiming: OnBootPhase_200_com.android.server.recoverysystem.RecoverySystemService$Lifecycle
09-01 13:51:03.629042  1274  1274 D SystemServerTiming: OnBootPhase_200_com.android.server.recoverysystem.RecoverySystemService$Lifecycle took to complete: 0ms
09-01 13:51:03.629053  1274  1274 I SystemServerTiming: OnBootPhase_200_com.android.server.lights.LightsService
09-01 13:51:03.629063  1274  1274 D SystemServerTiming: OnBootPhase_200_com.android.server.lights.LightsService took to complete: 0ms
09-01 13:51:03.629072  1274  1274 I SystemServerTiming: OnBootPhase_200_com.android.server.display.DisplayManagerService
09-01 13:51:03.629084  1274  1274 D SystemServerTiming: OnBootPhase_200_com.android.server.display.DisplayManagerService took to complete: 0ms
09-01 13:51:03.629123  1274  1274 I SystemServerTiming: OnBootPhase_200_com.android.server.pm.verify.domain.DomainVerificationService
09-01 13:51:03.629135  1274  1274 D SystemServerTiming: OnBootPhase_200_com.android.server.pm.verify.domain.DomainVerificationService took to complete: 0ms
09-01 13:51:03.629149  1274  1274 I SystemServerTiming: OnBootPhase_200_com.android.server.pm.PackageInstallerService$Lifecycle
09-01 13:51:03.629159  1274  1274 D SystemServerTiming: OnBootPhase_200_com.android.server.pm.PackageInstallerService$Lifecycle took to complete: 0ms
09-01 13:51:03.629170  1274  1274 I SystemServerTiming: OnBootPhase_200_com.android.server.pm.UserManagerService$LifeCycle
09-01 13:51:03.629180  1274  1274 D SystemServerTiming: OnBootPhase_200_com.android.server.pm.UserManagerService$LifeCycle took to complete: 0ms
09-01 13:51:03.629195  1274  1274 I SystemServerTiming: OnBootPhase_200_com.android.server.om.OverlayManagerService
09-01 13:51:03.629205  1274  1274 D SystemServerTiming: OnBootPhase_200_com.android.server.om.OverlayManagerService took to complete: 0ms
09-01 13:51:03.629215  1274  1274 I SystemServerTiming: OnBootPhase_200_com.android.server.SensorPrivacyService
09-01 13:51:03.629226  1274  1274 D SystemServerTiming: OnBootPhase_200_com.android.server.SensorPrivacyService took to complete: 0ms
09-01 13:51:03.629235  1274  1274 I SystemServerTiming: OnBootPhase_200_com.android.server.sensors.SensorService
09-01 13:51:03.629271  1274  1274 D SystemServerTiming: OnBootPhase_200_com.android.server.sensors.SensorService took to complete: 0ms
09-01 13:51:03.629283  1274  1274 I SystemServerTiming: OnBootPhase_200_com.android.server.SystemConfigService
09-01 13:51:03.629293  1274  1274 D SystemServerTiming: OnBootPhase_200_com.android.server.SystemConfigService took to complete: 0ms
09-01 13:51:03.629303  1274  1274 I SystemServerTiming: OnBootPhase_200_com.android.server.BatteryService
09-01 13:51:03.629314  1274  1274 D SystemServerTiming: OnBootPhase_200_com.android.server.BatteryService took to complete: 0ms
09-01 13:51:03.629324  1274  1274 I SystemServerTiming: OnBootPhase_200_com.android.server.usage.UsageStatsService
09-01 13:51:03.629356  1274  1274 D SystemServerTiming: OnBootPhase_200_com.android.server.usage.UsageStatsService took to complete: 0ms
09-01 13:51:03.629367  1274  1274 I SystemServerTiming: OnBootPhase_200_com.android.server.webkit.WebViewUpdateService
09-01 13:51:03.629377  1274  1274 D SystemServerTiming: OnBootPhase_200_com.android.server.webkit.WebViewUpdateService took to complete: 0ms
09-01 13:51:03.629388  1274  1274 I SystemServerTiming: OnBootPhase_200_com.android.server.CachedDeviceStateService
09-01 13:51:03.629403  1274  1274 D SystemServerTiming: OnBootPhase_200_com.android.server.CachedDeviceStateService took to complete: 0ms
09-01 13:51:03.629414  1274  1274 I SystemServerTiming: OnBootPhase_200_com.android.server.BinderCallsStatsService$LifeCycle
09-01 13:51:03.629424  1274  1274 D SystemServerTiming: OnBootPhase_200_com.android.server.BinderCallsStatsService$LifeCycle took to complete: 0ms
09-01 13:51:03.629434  1274  1274 I SystemServerTiming: OnBootPhase_200_com.android.server.LooperStatsService$Lifecycle
09-01 13:51:03.629443  1274  1274 D SystemServerTiming: OnBootPhase_200_com.android.server.LooperStatsService$Lifecycle took to complete: 0ms
09-01 13:51:03.629494  1274  1274 I SystemServerTiming: OnBootPhase_200_com.android.server.rollback.RollbackManagerService
09-01 13:51:03.629505  1274  1274 D SystemServerTiming: OnBootPhase_200_com.android.server.rollback.RollbackManagerService took to complete: 0ms
09-01 13:51:03.629516  1274  1274 I SystemServerTiming: OnBootPhase_200_com.android.server.os.NativeTombstoneManagerService
09-01 13:51:03.629526  1274  1274 D SystemServerTiming: OnBootPhase_200_com.android.server.os.NativeTombstoneManagerService took to complete: 0ms
09-01 13:51:03.629536  1274  1274 I SystemServerTiming: OnBootPhase_200_com.android.server.os.BugreportManagerService
09-01 13:51:03.629546  1274  1274 D SystemServerTiming: OnBootPhase_200_com.android.server.os.BugreportManagerService took to complete: 0ms
09-01 13:51:03.629557  1274  1274 I SystemServerTiming: OnBootPhase_200_com.android.server.gpu.GpuService
09-01 13:51:03.629622  1274  1274 D SystemServerTiming: OnBootPhase_200_com.android.server.gpu.GpuService took to complete: 0ms
09-01 13:51:03.629663  1274  1274 I SystemServerTiming: OnBootPhase_200_com.android.server.security.KeyChainSystemService
09-01 13:51:03.629693  1274  1274 D SystemServerTiming: OnBootPhase_200_com.android.server.security.KeyChainSystemService took to complete: 0ms
09-01 13:51:03.629724  1274  1274 I SystemServerTiming: OnBootPhase_200_com.android.server.telecom.TelecomLoaderService
09-01 13:51:03.629756  1274  1274 D SystemServerTiming: OnBootPhase_200_com.android.server.telecom.TelecomLoaderService took to complete: 0ms
09-01 13:51:03.629786  1274  1274 I SystemServerTiming: OnBootPhase_200_com.android.server.accounts.AccountManagerService$Lifecycle
09-01 13:51:03.629817  1274  1274 D SystemServerTiming: OnBootPhase_200_com.android.server.accounts.AccountManagerService$Lifecycle took to complete: 0ms
09-01 13:51:03.629848  1274  1274 I SystemServerTiming: OnBootPhase_200_com.android.server.content.ContentService$Lifecycle
09-01 13:51:03.629879  1274  1274 D SystemServerTiming: OnBootPhase_200_com.android.server.content.ContentService$Lifecycle took to complete: 0ms
09-01 13:51:03.629915  1274  1274 I SystemServerTiming: OnBootPhase_200_com.android.server.DropBoxManagerService
09-01 13:51:03.629945  1274  1274 D SystemServerTiming: OnBootPhase_200_com.android.server.DropBoxManagerService took to complete: 0ms
09-01 13:51:03.629975  1274  1274 I SystemServerTiming: OnBootPhase_200_com.android.role.RoleService
09-01 13:51:03.630004  1274  1274 D SystemServerTiming: OnBootPhase_200_com.android.role.RoleService took to complete: 0ms
09-01 13:51:03.630019  1274  1274 I SystemServerTiming: OnBootPhase_200_com.android.server.vibrator.VibratorManagerService$Lifecycle
09-01 13:51:03.630029  1274  1274 D SystemServerTiming: OnBootPhase_200_com.android.server.vibrator.VibratorManagerService$Lifecycle took to complete: 0ms
09-01 13:51:03.630041  1274  1274 I SystemServerTiming: OnBootPhase_200_com.mediatek.server.MtkAlarmManagerService
09-01 13:51:03.630053  1274  1274 D SystemServerTiming: OnBootPhase_200_com.mediatek.server.MtkAlarmManagerService took to complete: 0ms
09-01 13:51:03.630066  1274  1274 I SystemServerTiming: OnBootPhase_200_com.android.server.devicestate.DeviceStateManagerService
09-01 13:51:03.630075  1274  1274 D SystemServerTiming: OnBootPhase_200_com.android.server.devicestate.DeviceStateManagerService took to complete: 0ms
09-01 13:51:03.630084  1274  1274 I SystemServerTiming: OnBootPhase_200_com.android.server.camera.CameraServiceProxy
09-01 13:51:03.630094  1274  1274 D SystemServerTiming: OnBootPhase_200_com.android.server.camera.CameraServiceProxy took to complete: 0ms
09-01 13:51:03.630103  1274  1274 D SystemServerTiming: OnBootPhase_200 took to complete: 2ms
09-01 13:51:03.633227  1274  1274 I WindowManager: No existing display settings, starting empty
09-01 13:51:03.634145  1274  1274 I WindowManager: No existing display settings, starting empty
09-01 13:51:03.656652   920  1391 D MtkOmxGsmDec: MtkOmxComponentCreate +++ !!!
09-01 13:51:03.656752   920  1391 D MtkOmxGsmDec: MtkOmxGsmDec Construct !!!
09-01 13:51:03.656766   920  1391 D MtkOmxGsmDec: Init Audio(GSM) Params!!!
09-01 13:51:03.660776  1274  1274 D SystemServerTiming: StartWindowManagerService took to complete: 33ms
09-01 13:51:03.660830  1274  1274 I SystemServerTiming: SetWindowManagerService
09-01 13:51:03.681386  1274  1274 D SystemGestures: mSwipeStartThresholdForHidingNavBar=18
09-01 13:51:03.681647  1274  1274 D SystemGestures: mBlockedInDownEvent=true
09-01 13:51:03.681739  1274  1274 D SystemGestures: mSwipeDistanceThresholdForHidingNavBar=5
09-01 13:51:03.738943  1274  1274 I ActivityTaskManager: Loaded persisted task ids for user 0
09-01 13:51:03.742654  1274  1274 D SystemServerTiming: SetWindowManagerService took to complete: 82ms
09-01 13:51:03.742736  1274  1274 I SystemServerTiming: WindowManagerServiceOnInitReady
09-01 13:51:03.792810  1274  1292 D CompatibilityChangeReporter: Compat change id reported: 157233955; UID 1000; state: ENABLED
09-01 13:51:03.797021  1274  1274 D SystemServerTiming: WindowManagerServiceOnInitReady took to complete: 54ms
09-01 13:51:03.797569  1274  1274 I SystemServerTiming: StartInputManager
09-01 13:51:03.797723  1274  1274 I InputManager: Starting input manager
09-01 13:51:03.797776  1274  1440 I SystemServerTimingAsync: InitThreadPoolExec:StartHidlServices
09-01 13:51:03.797799  1274  1440 D SystemServerInitThreadPool: Started executing StartHidlServices
09-01 13:51:03.797827  1274  1440 I SystemServerTimingAsync: StartHidlServices
09-01 13:51:03.803809  1274  1274 D SystemServerTiming: StartInputManager took to complete: 6ms
09-01 13:51:03.803878  1274  1274 I SystemServerTiming: DisplayManagerWindowManagerAndInputReady
09-01 13:51:03.804363  1274  1274 D SystemServerTiming: DisplayManagerWindowManagerAndInputReady took to complete: 0ms
09-01 13:51:03.804458  1274  1274 I SystemServerTiming: StartBluetoothService
09-01 13:51:03.804519  1274  1274 I SystemServiceManager: Starting com.android.server.BluetoothService
09-01 13:51:03.804968  1274  1294 I LogicalDisplayMapper: Requesting Transition to state: 0
09-01 13:51:03.805127  1274  1294 I LogicalDisplayMapper: Applying layout: [{addr: {port=0}, dispId: 0(ON)}], Previous layout: [{addr: {port=0}, dispId: 0(ON)}]
09-01 13:51:03.817863  1274  1440 D SystemServerTimingAsync: StartHidlServices took to complete: 20ms
09-01 13:51:03.817920  1274  1440 D SystemServerInitThreadPool: Finished executing StartHidlServices
09-01 13:51:03.817939  1274  1440 D SystemServerTimingAsync: InitThreadPoolExec:StartHidlServices took to complete: 20ms
09-01 13:51:03.820563  1274  1274 D BluetoothManagerService: mIsLeAudioProfileSupported: true
09-01 13:51:03.821035  1274  1274 D BluetoothManagerService: Loading stored name and address
09-01 13:51:03.821682  1274  1274 D BluetoothManagerService: Stored bluetooth Name=Hisense E50i,Address=E0:12:83:13:F9:FC
09-01 13:51:03.821934  1274  1274 D BluetoothManagerService: Bluetooth persisted state: 0
09-01 13:51:03.822620  1274  1274 D BluetoothManagerService: Detected SystemUiUid: 10148
09-01 13:51:03.822714  1274  1274 D SystemServerTiming: StartBluetoothService took to complete: 18ms
09-01 13:51:03.822735  1274  1274 I SystemServerTiming: IpConnectivityMetrics
09-01 13:51:03.822894  1274  1274 I SystemServiceManager: Starting com.android.server.connectivity.IpConnectivityMetrics
09-01 13:51:03.823936  1274  1274 D SystemServerTiming: IpConnectivityMetrics took to complete: 1ms
09-01 13:51:03.823985  1274  1274 I SystemServerTiming: NetworkWatchlistService
09-01 13:51:03.824028  1274  1274 I SystemServiceManager: Starting com.android.server.net.watchlist.NetworkWatchlistService$Lifecycle
09-01 13:51:03.840629  1274  1274 I WatchlistSettings: Reload watchlist settings done
09-01 13:51:03.842257  1274  1444 I WatchlistLoggingHandler: Start aggregating watchlist records.
09-01 13:51:03.842767  1274  1274 D SystemServerTiming: NetworkWatchlistService took to complete: 19ms
09-01 13:51:03.842882  1274  1274 I SystemServerTiming: PinnerService
09-01 13:51:03.842999  1274  1274 I SystemServiceManager: Starting com.android.server.PinnerService
09-01 13:51:03.843802  1274  1274 V HistoricalRegistry: Interaction before persistence initialized
09-01 13:51:03.849115  1274  1274 D SystemServerTiming: PinnerService took to complete: 6ms
09-01 13:51:03.849774  1274  1274 I SystemServerTiming: IorapForwardingService
09-01 13:51:03.850018  1274  1274 I SystemServiceManager: Starting com.google.android.startop.iorap.IorapForwardingService
09-01 13:51:03.850221  1274  1302 D PinnerService: pinRangeStream: null
09-01 13:51:03.850646  1274  1274 D SystemServerTiming: IorapForwardingService took to complete: 1ms
09-01 13:51:03.865279  1274  1302 D PinnerService: pinRangeStream: null
09-01 13:51:03.867516  1274  1274 I SystemServerTiming: SignedConfigService
09-01 13:51:03.868064  1274  1274 D SystemServerTiming: SignedConfigService took to complete: 0ms
09-01 13:51:03.868240  1274  1274 I SystemServerTiming: AppIntegrityService
09-01 13:51:03.868342  1274  1274 I SystemServiceManager: Starting com.android.server.integrity.AppIntegrityManagerService
09-01 13:51:03.871333  1274  1302 E PinnerService: Could not pin file /system/lib/libjavacrypto.so
09-01 13:51:03.871333  1274  1302 E PinnerService: android.system.ErrnoException: open failed: ENOENT (No such file or directory)
09-01 13:51:03.871333  1274  1302 E PinnerService: 	at libcore.io.Linux.open(Native Method)
09-01 13:51:03.871333  1274  1302 E PinnerService: 	at libcore.io.ForwardingOs.open(ForwardingOs.java:567)
09-01 13:51:03.871333  1274  1302 E PinnerService: 	at libcore.io.BlockGuardOs.open(BlockGuardOs.java:273)
09-01 13:51:03.871333  1274  1302 E PinnerService: 	at android.system.Os.open(Os.java:501)
09-01 13:51:03.871333  1274  1302 E PinnerService: 	at com.android.server.PinnerService.pinFileRanges(PinnerService.java:939)
09-01 13:51:03.871333  1274  1302 E PinnerService: 	at com.android.server.PinnerService.pinFile(PinnerService.java:814)
09-01 13:51:03.871333  1274  1302 E PinnerService: 	at com.android.server.PinnerService.handlePinOnStart(PinnerService.java:273)
09-01 13:51:03.871333  1274  1302 E PinnerService: 	at com.android.server.PinnerService.access$1600(PinnerService.java:91)
09-01 13:51:03.871333  1274  1302 E PinnerService: 	at com.android.server.PinnerService$PinnerHandler.handleMessage(PinnerService.java:1183)
09-01 13:51:03.871333  1274  1302 E PinnerService: 	at android.os.Handler.dispatchMessage(Handler.java:106)
09-01 13:51:03.871333  1274  1302 E PinnerService: 	at android.os.Looper.loopOnce(Looper.java:201)
09-01 13:51:03.871333  1274  1302 E PinnerService: 	at android.os.Looper.loop(Looper.java:288)
09-01 13:51:03.871333  1274  1302 E PinnerService: 	at android.os.HandlerThread.run(HandlerThread.java:67)
09-01 13:51:03.871817  1274  1302 E PinnerService: Failed to pin file = /system/lib/libjavacrypto.so
09-01 13:51:03.871921  1274  1302 D PinnerService: pinRangeStream: null
09-01 13:51:03.872441  1274  1274 E IntegrityFileManager: Error creating staging and rules directory
09-01 13:51:03.874780  1274  1302 D PinnerService: pinRangeStream: null
09-01 13:51:03.878956  1274  1302 E PinnerService: Could not pin file /system/framework/arm/boot-core-libart.oat
09-01 13:51:03.878956  1274  1302 E PinnerService: android.system.ErrnoException: open failed: ENOENT (No such file or directory)
09-01 13:51:03.878956  1274  1302 E PinnerService: 	at libcore.io.Linux.open(Native Method)
09-01 13:51:03.878956  1274  1302 E PinnerService: 	at libcore.io.ForwardingOs.open(ForwardingOs.java:567)
09-01 13:51:03.878956  1274  1302 E PinnerService: 	at libcore.io.BlockGuardOs.open(BlockGuardOs.java:273)
09-01 13:51:03.878956  1274  1302 E PinnerService: 	at android.system.Os.open(Os.java:501)
09-01 13:51:03.878956  1274  1302 E PinnerService: 	at com.android.server.PinnerService.pinFileRanges(PinnerService.java:939)
09-01 13:51:03.878956  1274  1302 E PinnerService: 	at com.android.server.PinnerService.pinFile(PinnerService.java:814)
09-01 13:51:03.878956  1274  1302 E PinnerService: 	at com.android.server.PinnerService.handlePinOnStart(PinnerService.java:273)
09-01 13:51:03.878956  1274  1302 E PinnerService: 	at com.android.server.PinnerService.access$1600(PinnerService.java:91)
09-01 13:51:03.878956  1274  1302 E PinnerService: 	at com.android.server.PinnerService$PinnerHandler.handleMessage(PinnerService.java:1183)
09-01 13:51:03.878956  1274  1302 E PinnerService: 	at android.os.Handler.dispatchMessage(Handler.java:106)
09-01 13:51:03.878956  1274  1302 E PinnerService: 	at android.os.Looper.loopOnce(Looper.java:201)
09-01 13:51:03.878956  1274  1302 E PinnerService: 	at android.os.Looper.loop(Looper.java:288)
09-01 13:51:03.878956  1274  1302 E PinnerService: 	at android.os.HandlerThread.run(HandlerThread.java:67)
09-01 13:51:03.879188  1274  1274 D SystemServerTiming: AppIntegrityService took to complete: 11ms
09-01 13:51:03.880072  1274  1274 I WindowManager: SAFE MODE not enabled
09-01 13:51:03.880482  1274  1274 I SystemServerTiming: StartInputMethodManagerLifecycle
09-01 13:51:03.880804  1274  1274 I SystemServiceManager: Starting com.android.server.inputmethod.InputMethodManagerService$Lifecycle
09-01 13:51:03.882466  1274  1302 E PinnerService: Failed to pin file = /system/framework/arm/boot-core-libart.oat
09-01 13:51:03.882591  1274  1302 D PinnerService: pinRangeStream: null
09-01 13:51:03.883296  1274  1302 E PinnerService: Could not pin file /system/framework/arm/boot-conscrypt.oat
09-01 13:51:03.883296  1274  1302 E PinnerService: android.system.ErrnoException: open failed: ENOENT (No such file or directory)
09-01 13:51:03.883296  1274  1302 E PinnerService: 	at libcore.io.Linux.open(Native Method)
09-01 13:51:03.883296  1274  1302 E PinnerService: 	at libcore.io.ForwardingOs.open(ForwardingOs.java:567)
09-01 13:51:03.883296  1274  1302 E PinnerService: 	at libcore.io.BlockGuardOs.open(BlockGuardOs.java:273)
09-01 13:51:03.883296  1274  1302 E PinnerService: 	at android.system.Os.open(Os.java:501)
09-01 13:51:03.883296  1274  1302 E PinnerService: 	at com.android.server.PinnerService.pinFileRanges(PinnerService.java:939)
09-01 13:51:03.883296  1274  1302 E PinnerService: 	at com.android.server.PinnerService.pinFile(PinnerService.java:814)
09-01 13:51:03.883296  1274  1302 E PinnerService: 	at com.android.server.PinnerService.handlePinOnStart(PinnerService.java:273)
09-01 13:51:03.883296  1274  1302 E PinnerService: 	at com.android.server.PinnerService.access$1600(PinnerService.java:91)
09-01 13:51:03.883296  1274  1302 E PinnerService: 	at com.android.server.PinnerService$PinnerHandler.handleMessage(PinnerService.java:1183)
09-01 13:51:03.883296  1274  1302 E PinnerService: 	at android.os.Handler.dispatchMessage(Handler.java:106)
09-01 13:51:03.883296  1274  1302 E PinnerService: 	at android.os.Looper.loopOnce(Looper.java:201)
09-01 13:51:03.883296  1274  1302 E PinnerService: 	at android.os.Looper.loop(Looper.java:288)
09-01 13:51:03.883296  1274  1302 E PinnerService: 	at android.os.HandlerThread.run(HandlerThread.java:67)
09-01 13:51:03.884061  1274  1302 E PinnerService: Failed to pin file = /system/framework/arm/boot-conscrypt.oat
09-01 13:51:03.884204  1274  1302 D PinnerService: pinRangeStream: null
09-01 13:51:03.884809  1274  1302 E PinnerService: Could not pin file /system/framework/arm/boot-core-libart.vdex
09-01 13:51:03.884809  1274  1302 E PinnerService: android.system.ErrnoException: open failed: ENOENT (No such file or directory)
09-01 13:51:03.884809  1274  1302 E PinnerService: 	at libcore.io.Linux.open(Native Method)
09-01 13:51:03.884809  1274  1302 E PinnerService: 	at libcore.io.ForwardingOs.open(ForwardingOs.java:567)
09-01 13:51:03.884809  1274  1302 E PinnerService: 	at libcore.io.BlockGuardOs.open(BlockGuardOs.java:273)
09-01 13:51:03.884809  1274  1302 E PinnerService: 	at android.system.Os.open(Os.java:501)
09-01 13:51:03.884809  1274  1302 E PinnerService: 	at com.android.server.PinnerService.pinFileRanges(PinnerService.java:939)
09-01 13:51:03.884809  1274  1302 E PinnerService: 	at com.android.server.PinnerService.pinFile(PinnerService.java:814)
09-01 13:51:03.884809  1274  1302 E PinnerService: 	at com.android.server.PinnerService.handlePinOnStart(PinnerService.java:273)
09-01 13:51:03.884809  1274  1302 E PinnerService: 	at com.android.server.PinnerService.access$1600(PinnerService.java:91)
09-01 13:51:03.884809  1274  1302 E PinnerService: 	at com.android.server.PinnerService$PinnerHandler.handleMessage(PinnerService.java:1183)
09-01 13:51:03.884809  1274  1302 E PinnerService: 	at android.os.Handler.dispatchMessage(Handler.java:106)
09-01 13:51:03.884809  1274  1302 E PinnerService: 	at android.os.Looper.loopOnce(Looper.java:201)
09-01 13:51:03.884809  1274  1302 E PinnerService: 	at android.os.Looper.loop(Looper.java:288)
09-01 13:51:03.884809  1274  1302 E PinnerService: 	at android.os.HandlerThread.run(HandlerThread.java:67)
09-01 13:51:03.885383  1274  1302 E PinnerService: Failed to pin file = /system/framework/arm/boot-core-libart.vdex
09-01 13:51:03.885682  1274  1302 D PinnerService: pinRangeStream: null
09-01 13:51:03.886273  1274  1302 D PinnerService: pinRangeStream: null
09-01 13:51:03.889611  1274  1302 E PinnerService: Could not pin file /system/framework/arm/boot.vdex
09-01 13:51:03.889611  1274  1302 E PinnerService: android.system.ErrnoException: open failed: ENOENT (No such file or directory)
09-01 13:51:03.889611  1274  1302 E PinnerService: 	at libcore.io.Linux.open(Native Method)
09-01 13:51:03.889611  1274  1302 E PinnerService: 	at libcore.io.ForwardingOs.open(ForwardingOs.java:567)
09-01 13:51:03.889611  1274  1302 E PinnerService: 	at libcore.io.BlockGuardOs.open(BlockGuardOs.java:273)
09-01 13:51:03.889611  1274  1302 E PinnerService: 	at android.system.Os.open(Os.java:501)
09-01 13:51:03.889611  1274  1302 E PinnerService: 	at com.android.server.PinnerService.pinFileRanges(PinnerService.java:939)
09-01 13:51:03.889611  1274  1302 E PinnerService: 	at com.android.server.PinnerService.pinFile(PinnerService.java:814)
09-01 13:51:03.889611  1274  1302 E PinnerService: 	at com.android.server.PinnerService.handlePinOnStart(PinnerService.java:273)
09-01 13:51:03.889611  1274  1302 E PinnerService: 	at com.android.server.PinnerService.access$1600(PinnerService.java:91)
09-01 13:51:03.889611  1274  1302 E PinnerService: 	at com.android.server.PinnerService$PinnerHandler.handleMessage(PinnerService.java:1183)
09-01 13:51:03.889611  1274  1302 E PinnerService: 	at android.os.Handler.dispatchMessage(Handler.java:106)
09-01 13:51:03.889611  1274  1302 E PinnerService: 	at android.os.Looper.loopOnce(Looper.java:201)
09-01 13:51:03.889611  1274  1302 E PinnerService: 	at android.os.Looper.loop(Looper.java:288)
09-01 13:51:03.889611  1274  1302 E PinnerService: 	at android.os.HandlerThread.run(HandlerThread.java:67)
09-01 13:51:03.889781  1274  1302 E PinnerService: Failed to pin file = /system/framework/arm/boot.vdex
09-01 13:51:03.889840  1274  1302 D PinnerService: pinRangeStream: null
09-01 13:51:03.890168  1274  1274 D SystemServerTiming: StartInputMethodManagerLifecycle took to complete: 9ms
09-01 13:51:03.890415  1274  1274 I SystemServerTiming: StartAccessibilityManagerService
09-01 13:51:03.890608  1274  1274 I SystemServiceManager: Starting com.android.server.accessibility.AccessibilityManagerService$Lifecycle
09-01 13:51:03.912348  1274  1274 D SystemServerTiming: StartAccessibilityManagerService took to complete: 21ms
09-01 13:51:03.913619  1274  1274 I SystemServerTiming: MakeDisplayReady
09-01 13:51:03.920393  1274  1274 I ActivityTaskManager: Config changes=20005df8 {1.0 ?mcc?mnc [en_US] ldltr sw360dp w360dp h728dp 320dpi nrml long port ?uimode ?night -touch -keyb/v/h -nav/h winConfig={ mBounds=Rect(0, 0 - 720, 1600) mAppBounds=Rect(0, 48 - 720, 1504) mMaxBounds=Rect(0, 0 - 720, 1600) mWindowingMode=fullscreen mDisplayWindowingMode=fullscreen mActivityType=undefined mAlwaysOnTop=undefined mRotation=ROTATION_0} s.2 ?fontWeightAdjustment}
09-01 13:51:03.934954  1274  1274 I WindowManager: Override config changes=60007dfc {1.0 ?mcc?mnc [en_US] ldltr sw360dp w360dp h728dp 320dpi nrml long port ?uimode ?night -touch -keyb/v/h -nav/h winConfig={ mBounds=Rect(0, 0 - 720, 1600) mAppBounds=Rect(0, 48 - 720, 1504) mMaxBounds=Rect(0, 0 - 720, 1600) mWindowingMode=fullscreen mDisplayWindowingMode=fullscreen mActivityType=undefined mAlwaysOnTop=undefined mRotation=ROTATION_0} s.2 ?fontWeightAdjustment} for displayId=0
09-01 13:51:03.952473  1274  1274 I ActivityTaskManager: Config changes=8 {1.0 ?mcc?mnc [en_US] ldltr sw360dp w360dp h728dp 320dpi nrml long port ?uimode ?night finger -keyb/v/h -nav/h winConfig={ mBounds=Rect(0, 0 - 720, 1600) mAppBounds=Rect(0, 48 - 720, 1504) mMaxBounds=Rect(0, 0 - 720, 1600) mWindowingMode=fullscreen mDisplayWindowingMode=fullscreen mActivityType=undefined mAlwaysOnTop=undefined mRotation=ROTATION_0} s.4 ?fontWeightAdjustment}
09-01 13:51:03.954593  1274  1274 I WindowManager: Override config changes=8 {1.0 ?mcc?mnc [en_US] ldltr sw360dp w360dp h728dp 320dpi nrml long port ?uimode ?night finger -keyb/v/h -nav/h winConfig={ mBounds=Rect(0, 0 - 720, 1600) mAppBounds=Rect(0, 48 - 720, 1504) mMaxBounds=Rect(0, 0 - 720, 1600) mWindowingMode=fullscreen mDisplayWindowingMode=fullscreen mActivityType=undefined mAlwaysOnTop=undefined mRotation=ROTATION_0} s.4 ?fontWeightAdjustment} for displayId=0
09-01 13:51:03.959661  1274  1274 D SystemServerTiming: MakeDisplayReady took to complete: 46ms
09-01 13:51:03.959768  1274  1274 I SystemServerTiming: StartStorageManagerService
09-01 13:51:03.959934  1274  1274 I MtkSystemServerImpl: PPL not supported, retruning, will start AOSP StorageManagerService
09-01 13:51:03.960052  1274  1274 I SystemServiceManager: Starting com.android.server.StorageManagerService$Lifecycle
09-01 13:51:03.974287  1274  1447 D StorageManagerService: Thinking about init, mBootCompleted=false, mDaemonConnected=true
09-01 13:51:03.974706  1274  1447 D StorageManagerService: Thinking about reset, mBootCompleted=false, mDaemonConnected=true
09-01 13:51:03.975678  1274  1447 D StorageManagerService: Thinking about init, mBootCompleted=false, mDaemonConnected=true
09-01 13:51:03.975861  1274  1447 D StorageManagerService: Thinking about reset, mBootCompleted=false, mDaemonConnected=true
09-01 13:51:03.976039  1274  1274 D SystemServerTiming: StartStorageManagerService took to complete: 16ms
09-01 13:51:03.976155  1274  1274 I SystemServerTiming: StartStorageStatsService
09-01 13:51:03.976267  1274  1274 I SystemServiceManager: Starting com.android.server.usage.StorageStatsService$Lifecycle
09-01 13:51:03.985938  1274  1274 D SystemServerTiming: StartStorageStatsService took to complete: 10ms
09-01 13:51:03.986129  1274  1274 I SystemServerTiming: StartUiModeManager
09-01 13:51:03.986224  1274  1274 I SystemServiceManager: Starting com.android.server.UiModeManagerService
09-01 13:51:03.987858  1274  1448 I SystemServerTimingAsync: InitThreadPoolExec:UiModeManager.onStart
09-01 13:51:03.988248  1274  1448 D SystemServerInitThreadPool: Started executing UiModeManager.onStart
09-01 13:51:03.988467  1274  1274 D SystemServerTiming: StartUiModeManager took to complete: 2ms
09-01 13:51:03.989345  1274  1274 I SystemServerTiming: UpdatePackagesIfNeeded
09-01 13:51:03.989583  1274  1274 I Watchdog: Pausing HandlerChecker: main thread for reason: dexopt. Pause count: 1
09-01 13:51:03.990966  1274  1448 D SystemServerInitThreadPool: Finished executing UiModeManager.onStart
09-01 13:51:03.991009  1274  1448 D SystemServerTimingAsync: InitThreadPoolExec:UiModeManager.onStart took to complete: 3ms
09-01 13:51:04.848042  1274  1310 E KernelCpuSpeedReader: Failed to read cpu-freq: /sys/devices/system/cpu/cpu4/cpufreq/stats/time_in_state: open failed: ENOENT (No such file or directory)
09-01 13:51:04.849935  1274  1310 E KernelCpuSpeedReader: Failed to read cpu-freq: /sys/devices/system/cpu/cpu0/cpufreq/stats/time_in_state: open failed: ENOENT (No such file or directory)
09-01 13:51:04.851411  1274  1310 E KernelCpuSpeedReader: Failed to read cpu-freq: /sys/devices/system/cpu/cpu4/cpufreq/stats/time_in_state: open failed: ENOENT (No such file or directory)
09-01 13:51:04.852355  1274  1310 E KernelCpuSpeedReader: Failed to read cpu-freq: /sys/devices/system/cpu/cpu0/cpufreq/stats/time_in_state: open failed: ENOENT (No such file or directory)
09-01 13:51:04.974195   956  1476 D BootAnimation: BootAnimationShownTiming start time: 47064ms
09-01 13:51:05.856223   645   645 D ZygoteInitTiming_lazy: PreloadClasses took to complete: 2336ms
09-01 13:51:05.892566   645   645 D ZygoteInitTiming_lazy: CacheNonBootClasspathClassLoaders took to complete: 37ms
09-01 13:51:05.988192   645   645 D ZygoteInitTiming_lazy: PreloadResources took to complete: 95ms
09-01 13:51:06.860437  1274  1274 I Watchdog: Resuming HandlerChecker: main thread for reason: dexopt. Pause count: 0
09-01 13:51:06.860499  1274  1274 D SystemServerTiming: UpdatePackagesIfNeeded took to complete: 2871ms
09-01 13:51:06.860536  1274  1274 I SystemServerTiming: PerformFstrimIfNeeded
09-01 13:51:06.862598  1274  1274 W PackageManager: No disk maintenance in 1436172862; running immediately
09-01 13:51:06.862980  1274  1274 D SystemServerTiming: PerformFstrimIfNeeded took to complete: 2ms
09-01 13:51:06.863113  1274  1274 I SystemServerTiming: StartLockSettingsService
09-01 13:51:06.863207  1274  1447 I StorageManagerService: Running fstrim idle maintenance
09-01 13:51:06.863390  1274  1274 I SystemServiceManager: Starting com.android.server.locksettings.LockSettingsService$Lifecycle
09-01 13:51:06.866793   447  1494 D vold    : Starting trim of /metadata
09-01 13:51:06.875546   447  1494 I vold    : Trimmed 10465280 bytes on /metadata in 4ms
09-01 13:51:06.877036   447  1494 D vold    : Starting trim of /data
09-01 13:51:06.881190  1274  1352 I DropBoxManagerService: add tag=storage_trim isTagEnabled=true flags=0x2
09-01 13:51:06.895012   447  1494 I vold    : Trimmed 0 bytes on /data in 17ms
09-01 13:51:06.896346   447  1494 D vold    : Starting trim of /mnt/vendor/protect_f
09-01 13:51:06.896545   447  1494 W vold    : Failed to open /mnt/vendor/protect_f: Permission denied
09-01 13:51:06.898051   447  1494 D vold    : Starting trim of /mnt/vendor/protect_s
09-01 13:51:06.898250   447  1494 W vold    : Failed to open /mnt/vendor/protect_s: Permission denied
09-01 13:51:06.899511   447  1494 D vold    : Starting trim of /mnt/vendor/nvdata
09-01 13:51:06.899609   447  1494 W vold    : Failed to open /mnt/vendor/nvdata: Permission denied
09-01 13:51:06.900812   447  1494 D vold    : Starting trim of /mnt/vendor/nvcfg
09-01 13:51:06.900912   447  1494 W vold    : Failed to open /mnt/vendor/nvcfg: Permission denied
09-01 13:51:06.900984   447  1494 D vold    : Starting trim of /mnt/vendor/persist
09-01 13:51:06.901111   447  1494 W vold    : Failed to open /mnt/vendor/persist: Permission denied
09-01 13:51:06.931663  1274  1274 W SystemServiceManager: Service com.android.server.locksettings.LockSettingsService$Lifecycle took 68 ms in onStart
09-01 13:51:06.932235  1274  1274 D SystemServerTiming: StartLockSettingsService took to complete: 69ms
09-01 13:51:06.932323  1274  1274 I SystemServerTiming: StartPersistentDataBlock
09-01 13:51:06.932379  1274  1274 I SystemServiceManager: Starting com.android.server.PersistentDataBlockService
09-01 13:51:06.934967  1274  1274 D SystemServerTiming: StartPersistentDataBlock took to complete: 3ms
09-01 13:51:06.935175  1274  1496 I SystemServerTimingAsync: InitThreadPoolExec:PersistentDataBlockService.onStart
09-01 13:51:06.935451  1274  1274 I SystemServerTiming: StartTestHarnessMode
09-01 13:51:06.935529  1274  1496 D SystemServerInitThreadPool: Started executing PersistentDataBlockService.onStart
09-01 13:51:06.935605  1274  1274 I SystemServiceManager: Starting com.android.server.testharness.TestHarnessModeService
09-01 13:51:06.936704  1274  1274 D SystemServerTiming: StartTestHarnessMode took to complete: 1ms
09-01 13:51:06.936919  1274  1274 I SystemServerTiming: StartOemLockService
09-01 13:51:06.937048  1274  1352 W DropBoxManagerService: Dropping: storage_trim (24 > 0 bytes)
09-01 13:51:06.937204  1274  1274 I SystemServiceManager: Starting com.android.server.oemlock.OemLockService
09-01 13:51:06.938487  1274  1288 I DropBoxManagerService: add tag=storage_trim isTagEnabled=true flags=0x2
09-01 13:51:06.938599  1274  1288 W DropBoxManagerService: Dropping: storage_trim (19 > 0 bytes)
09-01 13:51:06.938889  1274  1274 I OemLock : OemLock HAL not present on device
09-01 13:51:06.938940  1274  1274 I OemLock : Using persistent data block based lock
09-01 13:51:06.940035  1274  1274 D SystemServerTiming: StartOemLockService took to complete: 3ms
09-01 13:51:06.940107  1274  1274 I SystemServerTiming: StartDeviceIdleController
09-01 13:51:06.940252  1274  1274 I SystemServiceManager: Starting com.android.server.DeviceIdleController
09-01 13:51:06.950490  1274  1274 D SystemServerTiming: StartDeviceIdleController took to complete: 10ms
09-01 13:51:06.950708  1274  1274 I SystemServerTiming: StartDevicePolicyManager
09-01 13:51:06.950807  1274  1274 I SystemServiceManager: Starting com.android.server.devicepolicy.DevicePolicyManagerService$Lifecycle
09-01 13:51:06.956842  1274  1496 D SystemServerInitThreadPool: Finished executing PersistentDataBlockService.onStart
09-01 13:51:06.957120  1274  1496 D SystemServerTimingAsync: InitThreadPoolExec:PersistentDataBlockService.onStart took to complete: 22ms
09-01 13:51:06.971172  1274  1274 D SLog    : static_init took to complete: 5ms
09-01 13:51:06.971458  1274  1274 I DevicePolicyManager: Set ro.organization_owned property to false
09-01 13:51:06.973746  1274  1274 D SystemServerTiming: StartDevicePolicyManager took to complete: 23ms
09-01 13:51:06.973975  1274  1274 I SystemServerTiming: StartStatusBarManagerService
09-01 13:51:06.985786  1274  1274 D SystemServerTiming: StartStatusBarManagerService took to complete: 12ms
09-01 13:51:06.986198  1274  1274 D SystemServer: MusicRecognitionManagerService not defined by OEM or disabled by flag
09-01 13:51:06.987470  1274  1274 D SystemServer: ContentCaptureService disabled because resource is not overlaid
09-01 13:51:07.002732  1274  1274 D SystemServer: AttentionService is not configured on this device
09-01 13:51:07.011427  1274  1274 D SystemServer: RotationResolverService is not configured on this device
09-01 13:51:07.011594  1274  1274 D SystemServer: SystemCaptionsManagerService disabled because resource is not overlaid
09-01 13:51:07.011645  1274  1274 I SystemServerTiming: StartTextToSpeechManagerService
09-01 13:51:07.011766  1274  1274 I SystemServiceManager: Starting com.android.server.texttospeech.TextToSpeechManagerService
09-01 13:51:07.024128  1274  1274 D SystemServerTiming: StartTextToSpeechManagerService took to complete: 12ms
09-01 13:51:07.024361  1274  1274 I SystemServerTiming: StartSpeechRecognitionManagerService
09-01 13:51:07.027987  1274  1274 I SystemServiceManager: Starting com.android.server.speech.SpeechRecognitionManagerService
09-01 13:51:07.032231  1274  1274 D SystemServerTiming: StartSpeechRecognitionManagerService took to complete: 8ms
09-01 13:51:07.032515  1274  1274 D SystemServer: AppPredictionService not defined by OEM
09-01 13:51:07.032584  1274  1274 D SystemServer: ContentSuggestionsService not defined by OEM
09-01 13:51:07.032611  1274  1274 I SystemServerTiming: StartSearchUiService
09-01 13:51:07.032742  1274  1274 I SystemServiceManager: Starting com.android.server.searchui.SearchUiManagerService
09-01 13:51:07.034879  1274  1274 D SystemServerTiming: StartSearchUiService took to complete: 2ms
09-01 13:51:07.035110  1274  1274 I SystemServerTiming: StartSmartspaceService
09-01 13:51:07.035326  1274  1274 I SystemServiceManager: Starting com.android.server.smartspace.SmartspaceManagerService
09-01 13:51:07.038011  1274  1274 D SystemServerTiming: StartSmartspaceService took to complete: 3ms
09-01 13:51:07.038113  1274  1274 I SystemServerTiming: InitConnectivityModuleConnector
09-01 13:51:07.040560  1274  1274 D ConnectivityModuleConnector: Network stack init
09-01 13:51:07.041531  1274  1274 D SystemServerTiming: InitConnectivityModuleConnector took to complete: 3ms
09-01 13:51:07.041610  1274  1274 I SystemServerTiming: InitNetworkStackClient
09-01 13:51:07.044573  1274  1274 D SystemServerTiming: InitNetworkStackClient took to complete: 3ms
09-01 13:51:07.044645  1274  1274 I SystemServerTiming: StartNetworkManagementService
09-01 13:51:07.077623  1274  1274 D SystemServerTiming: StartNetworkManagementService took to complete: 33ms
09-01 13:51:07.077891  1274  1274 I SystemServerTiming: StartIpSecService
09-01 13:51:07.083663  1274  1274 D SystemServerTiming: StartIpSecService took to complete: 6ms
09-01 13:51:07.083723  1274  1274 I SystemServerTiming: StartFontManagerService
09-01 13:51:07.423905  1274  1360 D SystemServerTimingAsync: SecondaryZygotePreload took to complete: 4050ms
09-01 13:51:07.423999  1274  1360 D SystemServerInitThreadPool: Finished executing SecondaryZygotePreload
09-01 13:51:07.424029  1274  1360 D SystemServerTimingAsync: InitThreadPoolExec:SecondaryZygotePreload took to complete: 4050ms
09-01 13:51:07.998286  1274  1274 D SystemServerTiming: StartFontManagerService took to complete: 914ms
09-01 13:51:07.998473  1274  1274 I SystemServerTiming: StartTextServicesManager
09-01 13:51:07.998655  1274  1274 I SystemServiceManager: Starting com.android.server.textservices.TextServicesManagerService$Lifecycle
09-01 13:51:08.000228  1274  1274 D SystemServerTiming: StartTextServicesManager took to complete: 1ms
09-01 13:51:08.000577  1274  1274 I SystemServerTiming: StartTextClassificationManagerService
09-01 13:51:08.000786  1274  1274 I SystemServiceManager: Starting com.android.server.textclassifier.TextClassificationManagerService$Lifecycle
09-01 13:51:08.004000  1274  1274 D SystemServerTiming: StartTextClassificationManagerService took to complete: 3ms
09-01 13:51:08.004204  1274  1274 I SystemServerTiming: StartNetworkScoreService
09-01 13:51:08.004274  1274  1274 I SystemServiceManager: Starting com.android.server.NetworkScoreService$Lifecycle
09-01 13:51:08.007449  1274  1274 D SystemServerTiming: StartNetworkScoreService took to complete: 3ms
09-01 13:51:08.007712  1274  1274 I SystemServerTiming: StartNetworkStatsService
09-01 13:51:08.012030  1274  1274 D SystemServerTiming: StartNetworkStatsService took to complete: 4ms
09-01 13:51:08.012110  1274  1274 I SystemServerTiming: StartNetworkPolicyManagerService
