09-01 13:51:10.377430  1274  1274 D SystemServerTiming: OnBootPhase_550_com.android.server.net.watchlist.NetworkWatchlistService$Lifecycle took to complete: 10ms
09-01 13:51:10.377649  1274  1274 I SystemServerTiming: OnBootPhase_550_com.android.server.PinnerService
09-01 13:51:10.377724  1274  1274 D SystemServerTiming: OnBootPhase_550_com.android.server.PinnerService took to complete: 0ms
09-01 13:51:10.377767  1274  1274 I SystemServerTiming: OnBootPhase_550_com.google.android.startop.iorap.IorapForwardingService
09-01 13:51:10.377806  1274  1274 D SystemServerTiming: OnBootPhase_550_com.google.android.startop.iorap.IorapForwardingService took to complete: 0ms
09-01 13:51:10.377842  1274  1274 I SystemServerTiming: OnBootPhase_550_com.android.server.integrity.AppIntegrityManagerService
09-01 13:51:10.377874  1274  1274 D SystemServerTiming: OnBootPhase_550_com.android.server.integrity.AppIntegrityManagerService took to complete: 0ms
09-01 13:51:10.377911  1274  1274 I SystemServerTiming: OnBootPhase_550_com.android.server.inputmethod.InputMethodManagerService$Lifecycle
09-01 13:51:10.406406  1274  1274 D SystemServerTiming: OnBootPhase_550_com.android.server.inputmethod.InputMethodManagerService$Lifecycle took to complete: 28ms
09-01 13:51:10.406598  1274  1274 I SystemServerTiming: OnBootPhase_550_com.android.server.accessibility.AccessibilityManagerService$Lifecycle
09-01 13:51:10.406647  1274  1274 D SystemServerTiming: OnBootPhase_550_com.android.server.accessibility.AccessibilityManagerService$Lifecycle took to complete: 0ms
09-01 13:51:10.406686  1274  1274 I SystemServerTiming: OnBootPhase_550_com.android.server.StorageManagerService$Lifecycle
09-01 13:51:10.406747  1274  1274 D SystemServerTiming: OnBootPhase_550_com.android.server.StorageManagerService$Lifecycle took to complete: 0ms
09-01 13:51:10.406779  1274  1274 I SystemServerTiming: OnBootPhase_550_com.android.server.usage.StorageStatsService$Lifecycle
09-01 13:51:10.406810  1274  1274 D SystemServerTiming: OnBootPhase_550_com.android.server.usage.StorageStatsService$Lifecycle took to complete: 0ms
09-01 13:51:10.406840  1274  1274 I SystemServerTiming: OnBootPhase_550_com.android.server.UiModeManagerService
09-01 13:51:10.406870  1274  1274 D SystemServerTiming: OnBootPhase_550_com.android.server.UiModeManagerService took to complete: 0ms
09-01 13:51:10.406906  1274  1274 I SystemServerTiming: OnBootPhase_550_com.android.server.locksettings.LockSettingsService$Lifecycle
09-01 13:51:10.407823  1274  1274 I RebootEscrowManager: No reboot escrow data found for users, skipping loading escrow data
09-01 13:51:10.409511  1274  1274 D SystemServerTiming: OnBootPhase_550_com.android.server.locksettings.LockSettingsService$Lifecycle took to complete: 2ms
09-01 13:51:10.409675  1274  1274 I SystemServerTiming: OnBootPhase_550_com.android.server.PersistentDataBlockService
09-01 13:51:10.409727  1274  1274 D SystemServerTiming: OnBootPhase_550_com.android.server.PersistentDataBlockService took to complete: 0ms
09-01 13:51:10.409759  1274  1274 I SystemServerTiming: OnBootPhase_550_com.android.server.testharness.TestHarnessModeService
09-01 13:51:10.409802  1274  1274 D SystemServerTiming: OnBootPhase_550_com.android.server.testharness.TestHarnessModeService took to complete: 0ms
09-01 13:51:10.409834  1274  1274 I SystemServerTiming: OnBootPhase_550_com.android.server.oemlock.OemLockService
09-01 13:51:10.409864  1274  1274 D SystemServerTiming: OnBootPhase_550_com.android.server.oemlock.OemLockService took to complete: 0ms
09-01 13:51:10.409899  1274  1274 I SystemServerTiming: OnBootPhase_550_com.android.server.DeviceIdleController
09-01 13:51:10.409929  1274  1274 D SystemServerTiming: OnBootPhase_550_com.android.server.DeviceIdleController took to complete: 0ms
09-01 13:51:10.409960  1274  1274 I SystemServerTiming: OnBootPhase_550_com.android.server.devicepolicy.DevicePolicyManagerService$Lifecycle
09-01 13:51:10.410110  1274  1274 D SystemServerTiming: OnBootPhase_550_com.android.server.devicepolicy.DevicePolicyManagerService$Lifecycle took to complete: 0ms
09-01 13:51:10.410153  1274  1274 I SystemServerTiming: OnBootPhase_550_com.android.server.texttospeech.TextToSpeechManagerService
09-01 13:51:10.410192  1274  1274 D SystemServerTiming: OnBootPhase_550_com.android.server.texttospeech.TextToSpeechManagerService took to complete: 0ms
09-01 13:51:10.410223  1274  1274 I SystemServerTiming: OnBootPhase_550_com.android.server.speech.SpeechRecognitionManagerService
09-01 13:51:10.410260  1274  1274 D SystemServerTiming: OnBootPhase_550_com.android.server.speech.SpeechRecognitionManagerService took to complete: 0ms
09-01 13:51:10.410292  1274  1274 I SystemServerTiming: OnBootPhase_550_com.android.server.searchui.SearchUiManagerService
09-01 13:51:10.410322  1274  1274 D SystemServerTiming: OnBootPhase_550_com.android.server.searchui.SearchUiManagerService took to complete: 0ms
09-01 13:51:10.410358  1274  1274 I SystemServerTiming: OnBootPhase_550_com.android.server.smartspace.SmartspaceManagerService
09-01 13:51:10.410388  1274  1274 D SystemServerTiming: OnBootPhase_550_com.android.server.smartspace.SmartspaceManagerService took to complete: 0ms
09-01 13:51:10.410418  1274  1274 I SystemServerTiming: OnBootPhase_550_com.android.server.graphics.fonts.FontManagerService$Lifecycle
09-01 13:51:10.410447  1274  1274 D SystemServerTiming: OnBootPhase_550_com.android.server.graphics.fonts.FontManagerService$Lifecycle took to complete: 0ms
09-01 13:51:10.410483  1274  1274 I SystemServerTiming: OnBootPhase_550_com.android.server.textservices.TextServicesManagerService$Lifecycle
09-01 13:51:10.410512  1274  1274 D SystemServerTiming: OnBootPhase_550_com.android.server.textservices.TextServicesManagerService$Lifecycle took to complete: 0ms
09-01 13:51:10.410542  1274  1274 I SystemServerTiming: OnBootPhase_550_com.android.server.textclassifier.TextClassificationManagerService$Lifecycle
09-01 13:51:10.410571  1274  1274 D SystemServerTiming: OnBootPhase_550_com.android.server.textclassifier.TextClassificationManagerService$Lifecycle took to complete: 0ms
09-01 13:51:10.410600  1274  1274 I SystemServerTiming: OnBootPhase_550_com.android.server.NetworkScoreService$Lifecycle
09-01 13:51:10.410635  1274  1274 D SystemServerTiming: OnBootPhase_550_com.android.server.NetworkScoreService$Lifecycle took to complete: 0ms
09-01 13:51:10.410665  1274  1274 I SystemServerTiming: OnBootPhase_550_com.android.server.wifi.WifiService
09-01 13:51:10.410703  1274  1274 D SystemServerTiming: OnBootPhase_550_com.android.server.wifi.WifiService took to complete: 0ms
09-01 13:51:10.410740  1274  1274 I SystemServerTiming: OnBootPhase_550_com.android.server.wifi.scanner.WifiScanningService
09-01 13:51:10.410777  1274  1274 D SystemServerTiming: OnBootPhase_550_com.android.server.wifi.scanner.WifiScanningService took to complete: 0ms
09-01 13:51:10.410817  1274  1274 I SystemServerTiming: OnBootPhase_550_com.android.server.wifi.p2p.WifiP2pService
09-01 13:51:10.410849  1274  1274 D SystemServerTiming: OnBootPhase_550_com.android.server.wifi.p2p.WifiP2pService took to complete: 0ms
09-01 13:51:10.410879  1274  1274 I SystemServerTiming: OnBootPhase_550_com.android.server.ethernet.EthernetService
09-01 13:51:10.410915  1274  1274 D SystemServerTiming: OnBootPhase_550_com.android.server.ethernet.EthernetService took to complete: 0ms
09-01 13:51:10.410945  1274  1274 I SystemServerTiming: OnBootPhase_550_com.android.server.ConnectivityServiceInitializer
09-01 13:51:10.410991  1274  1274 D SystemServerTiming: OnBootPhase_550_com.android.server.ConnectivityServiceInitializer took to complete: 0ms
09-01 13:51:10.411023  1274  1274 I SystemServerTiming: OnBootPhase_550_com.android.server.notification.NotificationManagerService
09-01 13:51:10.411069  1274  1274 D SystemServerTiming: OnBootPhase_550_com.android.server.notification.NotificationManagerService took to complete: 0ms
09-01 13:51:10.411100  1274  1274 I SystemServerTiming: OnBootPhase_550_com.android.server.storage.DeviceStorageMonitorService
09-01 13:51:10.411128  1274  1274 D SystemServerTiming: OnBootPhase_550_com.android.server.storage.DeviceStorageMonitorService took to complete: 0ms
09-01 13:51:10.411158  1274  1274 I SystemServerTiming: OnBootPhase_550_com.android.server.location.LocationManagerService$Lifecycle
09-01 13:51:10.411193  1274  1274 D SystemServerTiming: OnBootPhase_550_com.android.server.location.LocationManagerService$Lifecycle took to complete: 0ms
09-01 13:51:10.411222  1274  1274 I SystemServerTiming: OnBootPhase_550_com.android.server.timedetector.TimeDetectorService$Lifecycle
09-01 13:51:10.411251  1274  1274 D SystemServerTiming: OnBootPhase_550_com.android.server.timedetector.TimeDetectorService$Lifecycle took to complete: 0ms
09-01 13:51:10.411281  1274  1274 I SystemServerTiming: OnBootPhase_550_com.android.server.timezonedetector.TimeZoneDetectorService$Lifecycle
09-01 13:51:10.411315  1274  1274 D SystemServerTiming: OnBootPhase_550_com.android.server.timezonedetector.TimeZoneDetectorService$Lifecycle took to complete: 0ms
09-01 13:51:10.411350  1274  1274 I SystemServerTiming: OnBootPhase_550_com.android.server.timezonedetector.location.LocationTimeZoneManagerService$Lifecycle
09-01 13:51:10.411380  1274  1274 D SystemServerTiming: OnBootPhase_550_com.android.server.timezonedetector.location.LocationTimeZoneManagerService$Lifecycle took to complete: 0ms
09-01 13:51:10.411410  1274  1274 I SystemServerTiming: OnBootPhase_550_com.android.server.search.SearchManagerService$Lifecycle
09-01 13:51:10.411447  1274  1274 D SystemServerTiming: OnBootPhase_550_com.android.server.search.SearchManagerService$Lifecycle took to complete: 0ms
09-01 13:51:10.411477  1274  1274 I SystemServerTiming: OnBootPhase_550_com.android.server.wallpaper.WallpaperManagerService$Lifecycle
09-01 13:51:10.415247  1274  1274 I WallpaperManagerService: No static wallpaper imagery; defaults will be shown
09-01 13:51:10.415519  1274  1274 V WallpaperManagerService: bindWallpaperComponentLocked: componentName=ComponentInfo{com.android.systemui/com.android.systemui.ImageWallpaper}
09-01 13:51:10.421946  1274  1274 D CompatibilityChangeReporter: Compat change id reported: 135634846; UID 10148; state: DISABLED
09-01 13:51:10.422516  1274  1274 D CompatibilityChangeReporter: Compat change id reported: 177438394; UID 10148; state: DISABLED
09-01 13:51:10.422782  1274  1274 D CompatibilityChangeReporter: Compat change id reported: 135772972; UID 10148; state: DISABLED
09-01 13:51:10.422939  1274  1274 D CompatibilityChangeReporter: Compat change id reported: 135754954; UID 10148; state: ENABLED
09-01 13:51:10.423945  1274  1304 D CompatibilityChangeReporter: Compat change id reported: 143937733; UID 10148; state: ENABLED
09-01 13:51:10.433801  1274  1274 W WallpaperManagerService: Invalid wallpaper data
09-01 13:51:10.433832  1274  1274 E WallpaperManagerService: Unable to apply new wallpaper
09-01 13:51:10.434841  1274  1274 D SystemServerTiming: OnBootPhase_550_com.android.server.wallpaper.WallpaperManagerService$Lifecycle took to complete: 23ms
09-01 13:51:10.434939  1274  1274 I SystemServerTiming: OnBootPhase_550_com.android.server.audio.AudioService$Lifecycle
09-01 13:51:10.435007  1274  1274 D SystemServerTiming: OnBootPhase_550_com.android.server.audio.AudioService$Lifecycle took to complete: 0ms
09-01 13:51:10.435023  1274  1274 I SystemServerTiming: OnBootPhase_550_com.android.server.soundtrigger_middleware.SoundTriggerMiddlewareService$Lifecycle
09-01 13:51:10.435035  1274  1274 D SystemServerTiming: OnBootPhase_550_com.android.server.soundtrigger_middleware.SoundTriggerMiddlewareService$Lifecycle took to complete: 0ms
09-01 13:51:10.435047  1274  1274 I SystemServerTiming: OnBootPhase_550_com.android.server.DockObserver
09-01 13:51:10.435059  1274  1274 D SystemServerTiming: OnBootPhase_550_com.android.server.DockObserver took to complete: 0ms
09-01 13:51:10.435069  1274  1274 I SystemServerTiming: OnBootPhase_550_com.android.server.midi.MidiService$Lifecycle
09-01 13:51:10.435080  1274  1274 D SystemServerTiming: OnBootPhase_550_com.android.server.midi.MidiService$Lifecycle took to complete: 0ms
09-01 13:51:10.435099  1274  1274 I SystemServerTiming: OnBootPhase_550_com.android.server.adb.AdbService$Lifecycle
09-01 13:51:10.435908  1274  1274 D SystemServerTiming: OnBootPhase_550_com.android.server.adb.AdbService$Lifecycle took to complete: 1ms
09-01 13:51:10.435960  1274  1274 I SystemServerTiming: OnBootPhase_550_com.android.server.usb.UsbService$Lifecycle
09-01 13:51:10.436065  1274  1274 D SystemServerTiming: OnBootPhase_550_com.android.server.usb.UsbService$Lifecycle took to complete: 0ms
09-01 13:51:10.436088  1274  1274 I SystemServerTiming: OnBootPhase_550_com.android.server.twilight.TwilightService
09-01 13:51:10.436101  1274  1274 D SystemServerTiming: OnBootPhase_550_com.android.server.twilight.TwilightService took to complete: 0ms
09-01 13:51:10.436113  1274  1274 I SystemServerTiming: OnBootPhase_550_com.android.server.display.color.ColorDisplayService
09-01 13:51:10.436123  1274  1274 D SystemServerTiming: OnBootPhase_550_com.android.server.display.color.ColorDisplayService took to complete: 0ms
09-01 13:51:10.436140  1274  1440 I SystemServerTimingAsync: InitThreadPoolExec:UsbService$Lifecycle#onBootPhase
09-01 13:51:10.436234  1274  1440 D SystemServerInitThreadPool: Started executing UsbService$Lifecycle#onBootPhase
09-01 13:51:10.437649  1274  1440 D SystemServerInitThreadPool: Finished executing UsbService$Lifecycle#onBootPhase
09-01 13:51:10.437692  1274  1440 D SystemServerTimingAsync: InitThreadPoolExec:UsbService$Lifecycle#onBootPhase took to complete: 2ms
09-01 13:51:10.438013  1274  1519 D BluetoothManagerService: Trying to bind to profile: 1, while Bluetooth was disabled
09-01 13:51:10.438063  1274  1274 I SystemServerTiming: OnBootPhase_550_com.android.server.job.JobSchedulerService
09-01 13:51:10.438101  1274  1274 D SystemServerTiming: OnBootPhase_550_com.android.server.job.JobSchedulerService took to complete: 0ms
09-01 13:51:10.438120  1274  1274 I SystemServerTiming: OnBootPhase_550_com.android.server.soundtrigger.SoundTriggerService
09-01 13:51:10.438144  1274  1274 D SoundTriggerService: onBootPhase: 550 : false
09-01 13:51:10.438157  1274  1274 D SystemServerTiming: OnBootPhase_550_com.android.server.soundtrigger.SoundTriggerService took to complete: 0ms
09-01 13:51:10.438207  1274  1274 I SystemServerTiming: OnBootPhase_550_com.android.server.trust.TrustManagerService
09-01 13:51:10.438224  1274  1274 D SystemServerTiming: OnBootPhase_550_com.android.server.trust.TrustManagerService took to complete: 0ms
09-01 13:51:10.438235  1274  1274 I SystemServerTiming: OnBootPhase_550_com.android.server.backup.BackupManagerService$Lifecycle
09-01 13:51:10.438246  1274  1274 D SystemServerTiming: OnBootPhase_550_com.android.server.backup.BackupManagerService$Lifecycle took to complete: 0ms
09-01 13:51:10.438256  1274  1274 I SystemServerTiming: OnBootPhase_550_com.android.server.appwidget.AppWidgetService
09-01 13:51:10.438287  1274  1274 D SystemServerTiming: OnBootPhase_550_com.android.server.appwidget.AppWidgetService took to complete: 0ms
09-01 13:51:10.438307  1274  1274 I SystemServerTiming: OnBootPhase_550_com.android.server.voiceinteraction.VoiceInteractionManagerService
09-01 13:51:10.438320  1274  1274 D SystemServerTiming: OnBootPhase_550_com.android.server.voiceinteraction.VoiceInteractionManagerService took to complete: 0ms
09-01 13:51:10.438331  1274  1274 I SystemServerTiming: OnBootPhase_550_com.android.server.apphibernation.AppHibernationService
09-01 13:51:10.438342  1274  1274 D SystemServerTiming: OnBootPhase_550_com.android.server.apphibernation.AppHibernationService took to complete: 0ms
09-01 13:51:10.438352  1274  1274 I SystemServerTiming: OnBootPhase_550_com.android.server.GestureLauncherService
09-01 13:51:10.438363  1274  1274 D SystemServerTiming: OnBootPhase_550_com.android.server.GestureLauncherService took to complete: 0ms
09-01 13:51:10.438372  1274  1274 I SystemServerTiming: OnBootPhase_550_com.android.server.SensorNotificationService
09-01 13:51:10.438393  1274  1274 D SystemServerTiming: OnBootPhase_550_com.android.server.SensorNotificationService took to complete: 0ms
09-01 13:51:10.438404  1274  1274 I SystemServerTiming: OnBootPhase_550_com.android.server.emergency.EmergencyAffordanceService
09-01 13:51:10.438414  1274  1274 D SystemServerTiming: OnBootPhase_550_com.android.server.emergency.EmergencyAffordanceService took to complete: 0ms
09-01 13:51:10.438424  1274  1274 I SystemServerTiming: OnBootPhase_550_com.android.server.dreams.DreamManagerService
09-01 13:51:10.438434  1274  1274 D SystemServerTiming: OnBootPhase_550_com.android.server.dreams.DreamManagerService took to complete: 0ms
09-01 13:51:10.438443  1274  1274 I SystemServerTiming: OnBootPhase_550_com.android.server.blob.BlobStoreManagerService
09-01 13:51:10.441047  1274  1274 D SystemServerTiming: OnBootPhase_550_com.android.server.blob.BlobStoreManagerService took to complete: 2ms
09-01 13:51:10.441094  1274  1274 I SystemServerTiming: OnBootPhase_550_com.android.server.print.PrintManagerService
09-01 13:51:10.441111  1274  1274 D SystemServerTiming: OnBootPhase_550_com.android.server.print.PrintManagerService took to complete: 0ms
09-01 13:51:10.441124  1274  1274 I SystemServerTiming: OnBootPhase_550_com.android.server.companion.CompanionDeviceManagerService
09-01 13:51:10.441136  1274  1274 D SystemServerTiming: OnBootPhase_550_com.android.server.companion.CompanionDeviceManagerService took to complete: 0ms
09-01 13:51:10.441168  1274  1274 I SystemServerTiming: OnBootPhase_550_com.android.server.restrictions.RestrictionsManagerService
09-01 13:51:10.441180  1274  1274 D SystemServerTiming: OnBootPhase_550_com.android.server.restrictions.RestrictionsManagerService took to complete: 0ms
09-01 13:51:10.441193  1274  1274 I SystemServerTiming: OnBootPhase_550_com.android.server.media.MediaSessionService
09-01 13:51:10.442387  1274  1274 D SystemServerTiming: OnBootPhase_550_com.android.server.media.MediaSessionService took to complete: 1ms
09-01 13:51:10.442425  1274  1274 I SystemServerTiming: OnBootPhase_550_com.android.server.media.MediaResourceMonitorService
09-01 13:51:10.442441  1274  1274 D SystemServerTiming: OnBootPhase_550_com.android.server.media.MediaResourceMonitorService took to complete: 0ms
09-01 13:51:10.442452  1274  1274 I SystemServerTiming: OnBootPhase_550_com.android.server.biometrics.sensors.face.FaceService
09-01 13:51:10.442462  1274  1274 D SystemServerTiming: OnBootPhase_550_com.android.server.biometrics.sensors.face.FaceService took to complete: 0ms
09-01 13:51:10.442473  1274  1274 I SystemServerTiming: OnBootPhase_550_com.android.server.biometrics.sensors.fingerprint.FingerprintService
09-01 13:51:10.442483  1274  1274 D SystemServerTiming: OnBootPhase_550_com.android.server.biometrics.sensors.fingerprint.FingerprintService took to complete: 0ms
09-01 13:51:10.442495  1274  1274 I SystemServerTiming: OnBootPhase_550_com.android.server.biometrics.BiometricService
09-01 13:51:10.442504  1274  1274 D SystemServerTiming: OnBootPhase_550_com.android.server.biometrics.BiometricService took to complete: 0ms
09-01 13:51:10.442514  1274  1274 I SystemServerTiming: OnBootPhase_550_com.android.server.biometrics.AuthService
09-01 13:51:10.442549  1274  1274 D SystemServerTiming: OnBootPhase_550_com.android.server.biometrics.AuthService took to complete: 0ms
09-01 13:51:10.442561  1274  1274 I SystemServerTiming: OnBootPhase_550_com.android.server.pm.ShortcutService$Lifecycle
09-01 13:51:10.442574  1274  1274 D SystemServerTiming: OnBootPhase_550_com.android.server.pm.ShortcutService$Lifecycle took to complete: 0ms
09-01 13:51:10.442583  1274  1274 I SystemServerTiming: OnBootPhase_550_com.android.server.pm.LauncherAppsService
09-01 13:51:10.442593  1274  1274 D SystemServerTiming: OnBootPhase_550_com.android.server.pm.LauncherAppsService took to complete: 0ms
09-01 13:51:10.442603  1274  1274 I SystemServerTiming: OnBootPhase_550_com.android.server.pm.CrossProfileAppsService
09-01 13:51:10.442629  1274  1274 D SystemServerTiming: OnBootPhase_550_com.android.server.pm.CrossProfileAppsService took to complete: 0ms
09-01 13:51:10.442640  1274  1274 I SystemServerTiming: OnBootPhase_550_com.android.server.people.PeopleService
09-01 13:51:10.442651  1274  1274 D SystemServerTiming: OnBootPhase_550_com.android.server.people.PeopleService took to complete: 0ms
09-01 13:51:10.442662  1274  1274 I SystemServerTiming: OnBootPhase_550_com.android.server.media.metrics.MediaMetricsManagerService
09-01 13:51:10.442672  1274  1274 D SystemServerTiming: OnBootPhase_550_com.android.server.media.metrics.MediaMetricsManagerService took to complete: 0ms
09-01 13:51:10.442682  1274  1274 I SystemServerTiming: OnBootPhase_550_com.android.server.media.projection.MediaProjectionManagerService
09-01 13:51:10.442692  1274  1274 D SystemServerTiming: OnBootPhase_550_com.android.server.media.projection.MediaProjectionManagerService took to complete: 0ms
09-01 13:51:10.442702  1274  1274 I SystemServerTiming: OnBootPhase_550_com.android.server.slice.SliceManagerService$Lifecycle
09-01 13:51:10.442714  1274  1274 D SystemServerTiming: OnBootPhase_550_com.android.server.slice.SliceManagerService$Lifecycle took to complete: 0ms
09-01 13:51:10.442725  1274  1274 I SystemServerTiming: OnBootPhase_550_com.android.server.stats.StatsCompanion$Lifecycle
09-01 13:51:10.442744  1274  1274 D SystemServerTiming: OnBootPhase_550_com.android.server.stats.StatsCompanion$Lifecycle took to complete: 0ms
09-01 13:51:10.442756  1274  1274 I SystemServerTiming: OnBootPhase_550_com.android.server.scheduling.RebootReadinessManagerService$Lifecycle
09-01 13:51:10.442766  1274  1274 D SystemServerTiming: OnBootPhase_550_com.android.server.scheduling.RebootReadinessManagerService$Lifecycle took to complete: 0ms
09-01 13:51:10.442777  1274  1274 I SystemServerTiming: OnBootPhase_550_com.android.server.stats.pull.StatsPullAtomService
09-01 13:51:10.442787  1274  1274 D SystemServerTiming: OnBootPhase_550_com.android.server.stats.pull.StatsPullAtomService took to complete: 0ms
09-01 13:51:10.442797  1274  1274 I SystemServerTiming: OnBootPhase_550_com.android.server.incident.IncidentCompanionService
09-01 13:51:10.442808  1274  1274 D SystemServerTiming: OnBootPhase_550_com.android.server.incident.IncidentCompanionService took to complete: 0ms
09-01 13:51:10.442819  1274  1274 I SystemServerTiming: OnBootPhase_550_com.android.server.MmsServiceBroker
09-01 13:51:10.442829  1274  1274 D SystemServerTiming: OnBootPhase_550_com.android.server.MmsServiceBroker took to complete: 0ms
09-01 13:51:10.442857  1274  1274 I SystemServerTiming: OnBootPhase_550_com.android.server.autofill.AutofillManagerService
09-01 13:51:10.442870  1274  1274 D SystemServerTiming: OnBootPhase_550_com.android.server.autofill.AutofillManagerService took to complete: 0ms
09-01 13:51:10.442882  1274  1274 I SystemServerTiming: OnBootPhase_550_com.android.server.clipboard.ClipboardService
09-01 13:51:10.442892  1274  1274 D SystemServerTiming: OnBootPhase_550_com.android.server.clipboard.ClipboardService took to complete: 0ms
09-01 13:51:10.442902  1274  1274 I SystemServerTiming: OnBootPhase_550_com.android.server.appbinding.AppBindingService$Lifecycle
09-01 13:51:10.445414  1274  1479 I UsbPortManager: ClientCallback V1_2: port0
09-01 13:51:10.446432  1274  1291 I UsbPortManager: USB port added: port=UsbPort{id=port0, supportedModes=dualsupportedContaminantProtectionModes=1supportsEnableContaminantPresenceProtection=falsesupportsEnableContaminantPresenceDetection=false, status=UsbPortStatus{connected=true, currentMode=ufp, currentPowerRole=sink, currentDataRole=device, supportedRoleCombinations=[source:host, sink:device], contaminantDetectionStatus=2, contaminantProtectionStatus=0}, canChangeMode=true, canChangePowerRole=false, canChangeDataRole=false, connectedAtMillis=52536, lastConnectDurationMillis=0
09-01 13:51:10.446502  1274  1304 I ActivityManager: Start proc 1567:com.android.systemui/u0a148 for service {com.android.systemui/com.android.systemui.ImageWallpaper}
09-01 13:51:10.448303  1274  1274 I AppBindingService: Updating constants with: null
09-01 13:51:10.448402  1274  1274 D SystemServerTiming: OnBootPhase_550_com.android.server.appbinding.AppBindingService$Lifecycle took to complete: 5ms
09-01 13:51:10.448430  1274  1274 I SystemServerTiming: OnBootPhase_550_com.mediatek.powerhalservice.PowerHalMgrService
09-01 13:51:10.448451  1274  1274 D SystemServerTiming: OnBootPhase_550_com.mediatek.powerhalservice.PowerHalMgrService took to complete: 1ms
09-01 13:51:10.448469  1274  1274 I SystemServerTiming: OnBootPhase_550_com.mediatek.server.MtkConnectivitySupplementalService
09-01 13:51:10.448512  1274  1274 D MtkConnectivitySupplementalService: onBootPhase: phase=550
09-01 13:51:10.448534  1274  1274 D SystemServerTiming: OnBootPhase_550_com.mediatek.server.MtkConnectivitySupplementalService took to complete: 0ms
09-01 13:51:10.448563  1274  1274 I SystemServerTiming: OnBootPhase_550_com.android.server.tracing.TracingServiceProxy
09-01 13:51:10.448580  1274  1274 D SystemServerTiming: OnBootPhase_550_com.android.server.tracing.TracingServiceProxy took to complete: 0ms
09-01 13:51:10.448592  1274  1274 I SystemServerTiming: OnBootPhase_550_com.android.server.policy.PermissionPolicyService
09-01 13:51:10.454874  1274  1293 I DropBoxManagerService: add tag=system_server_strictmode isTagEnabled=true flags=0x2
09-01 13:51:10.455008  1274  1293 W DropBoxManagerService: Dropping: system_server_strictmode (1399 > 0 bytes)
09-01 13:51:10.456933  1274  1293 I DropBoxManagerService: add tag=system_server_strictmode isTagEnabled=true flags=0x2
09-01 13:51:10.457072  1274  1293 W DropBoxManagerService: Dropping: system_server_strictmode (1400 > 0 bytes)
09-01 13:51:10.521699  1274  1274 I PackageManager: Permission ownership changed. Updating all permissions.
09-01 13:51:10.522915  1274  1352 V ActivityManager: New death recipient com.android.server.am.ActivityManagerService$AppDeathRecipient@ffe1160 for thread android.os.BinderProxy@407a163
09-01 13:51:10.582963  1274  1274 W SystemServiceManager: Service com.android.server.policy.PermissionPolicyService took 134 ms in onBootPhase
09-01 13:51:10.583029  1274  1274 D SystemServerTiming: OnBootPhase_550_com.android.server.policy.PermissionPolicyService took to complete: 134ms
09-01 13:51:10.583048  1274  1274 I SystemServerTiming: OnBootPhase_550_com.android.server.pm.StagingManager$Lifecycle
09-01 13:51:10.583061  1274  1274 D SystemServerTiming: OnBootPhase_550_com.android.server.pm.StagingManager$Lifecycle took to complete: 0ms
09-01 13:51:10.583073  1274  1274 I SystemServerTiming: OnBootPhase_550_com.android.server.app.GameManagerService$Lifecycle
09-01 13:51:10.583083  1274  1274 D SystemServerTiming: OnBootPhase_550_com.android.server.app.GameManagerService$Lifecycle took to complete: 0ms
09-01 13:51:10.583094  1274  1274 I SystemServerTiming: OnBootPhase_550_com.android.server.appsearch.AppSearchManagerService
09-01 13:51:10.583108  1274  1274 D SystemServerTiming: OnBootPhase_550_com.android.server.appsearch.AppSearchManagerService took to complete: 0ms
09-01 13:51:10.583119  1274  1274 I SystemServerTiming: OnBootPhase_550_com.android.server.media.MediaCommunicationService
09-01 13:51:10.583130  1274  1274 D SystemServerTiming: OnBootPhase_550_com.android.server.media.MediaCommunicationService took to complete: 0ms
09-01 13:51:10.583140  1274  1274 I SystemServerTiming: OnBootPhase_550_com.payjoy.server.PayJoyAccessService
09-01 13:51:10.584518  1274  1274 D PayJoyAccess:  Going to read data from PayJoy Data Block
09-01 13:51:10.586175  1274  1352 W ActivityManager: Slow operation: 63ms so far, now at attachApplicationLocked: before bindApplication
09-01 13:51:10.588357  1274  1352 D CompatibilityChangeReporter: Compat change id reported: 168419799; UID 10148; state: DISABLED
09-01 13:51:10.588630  1274  1352 W ActivityManager: Slow operation: 66ms so far, now at attachApplicationLocked: immediately before bindApplication
09-01 13:51:10.600952  1274  1352 W ActivityManager: Slow operation: 78ms so far, now at attachApplicationLocked: immediately after bindApplication
09-01 13:51:10.601038  1274  1352 W ActivityManager: Slow operation: 78ms so far, now at attachApplicationLocked: after updateLruProcessLocked
09-01 13:51:10.604240  1274  1274 D PayJoyAccess:  Going to read data from PayJoy Data Block
09-01 13:51:10.604546  1274  1352 W ActivityManager: Slow operation: 82ms so far, now at attachApplicationLocked: after mServices.attachApplicationLocked
09-01 13:51:10.629881  1274  1274 D SystemServerTiming: OnBootPhase_550_com.payjoy.server.PayJoyAccessService took to complete: 47ms
09-01 13:51:10.630023  1274  1274 D SystemServerTiming: OnBootPhase_550 took to complete: 446ms
09-01 13:51:10.630073  1274  1274 D SystemServerTiming: StartActivityManagerReadyPhase took to complete: 446ms
09-01 13:51:10.630194  1274  1274 I SystemServerTiming: StartObservingNativeCrashes
09-01 13:51:10.630821  1274  1274 D SystemServerTiming: StartObservingNativeCrashes took to complete: 1ms
09-01 13:51:10.630956  1274  1274 I SystemServerTiming: RegisterAppOpsPolicy
09-01 13:51:10.635774  1274  1274 D SystemServerTiming: RegisterAppOpsPolicy took to complete: 5ms
09-01 13:51:10.636451  1274  1274 I SystemServerTiming: MakeNetworkManagementServiceReady
09-01 13:51:10.636594  1274  1496 I SystemServerTimingAsync: InitThreadPoolExec:WebViewFactoryPreparation
09-01 13:51:10.636643  1274  1496 D SystemServerInitThreadPool: Started executing WebViewFactoryPreparation
09-01 13:51:10.636680  1274  1496 I SystemServer: WebViewFactoryPreparation
09-01 13:51:10.636694  1274  1496 I SystemServerTimingAsync: WebViewFactoryPreparation
09-01 13:51:10.639759  1274  1274 D SystemServerTiming: MakeNetworkManagementServiceReady took to complete: 3ms
09-01 13:51:10.639975  1274  1274 I SystemServerTiming: MakeIpSecServiceReady
09-01 13:51:10.641432  1274  1274 D IpSecService: IpSecService is ready
09-01 13:51:10.644130  1274  1496 D CompatibilityChangeReporter: Compat change id reported: 135634846; UID 1000; state: DISABLED
09-01 13:51:10.644405  1274  1496 D CompatibilityChangeReporter: Compat change id reported: 177438394; UID 1000; state: DISABLED
09-01 13:51:10.644469  1274  1274 D SystemServerTiming: MakeIpSecServiceReady took to complete: 2ms
09-01 13:51:10.644582  1274  1496 D CompatibilityChangeReporter: Compat change id reported: 135772972; UID 1000; state: DISABLED
09-01 13:51:10.644671  1274  1274 I SystemServerTiming: MakeNetworkStatsServiceReady
09-01 13:51:10.644753  1274  1496 D CompatibilityChangeReporter: Compat change id reported: 178038272; UID 1000; state: DISABLED
09-01 13:51:10.647126  1274  1496 D SystemServerTimingAsync: WebViewFactoryPreparation took to complete: 10ms
09-01 13:51:10.647388  1274  1496 D SystemServerInitThreadPool: Finished executing WebViewFactoryPreparation
09-01 13:51:10.647531  1274  1496 D SystemServerTimingAsync: InitThreadPoolExec:WebViewFactoryPreparation took to complete: 11ms
09-01 13:51:10.691728  1274  1501 W NetworkPolicy: setRestrictBackgroundUL: already false
09-01 13:51:10.710842  1274  1274 D SystemServerTiming: MakeNetworkStatsServiceReady took to complete: 66ms
09-01 13:51:10.713382  1274  1274 I SystemServerTiming: MakeConnectivityServiceReady
09-01 13:51:10.740551  1274  1501 D CompatibilityChangeReporter: Compat change id reported: 171306433; UID 10110; state: ENABLED
09-01 13:51:10.771834  1274  1501 D CompatibilityChangeReporter: Compat change id reported: 171306433; UID 10123; state: ENABLED
09-01 13:51:10.779957  1274  1274 D SystemServerTiming: MakeConnectivityServiceReady took to complete: 67ms
09-01 13:51:10.781865  1274  1274 I SystemServerTiming: MakeVpnManagerServiceReady
09-01 13:51:10.816206  1274  1274 D SystemServerTiming: MakeVpnManagerServiceReady took to complete: 34ms
09-01 13:51:10.816348  1274  1274 I SystemServerTiming: MakeVcnManagementServiceReady
09-01 13:51:10.825066  1274  1274 D SystemServerTiming: MakeVcnManagementServiceReady took to complete: 9ms
09-01 13:51:10.825653  1274  1274 I SystemServerTiming: MakeNetworkPolicyServiceReady
09-01 13:51:10.882554  1274  1501 D CompatibilityChangeReporter: Compat change id reported: 171306433; UID 10137; state: ENABLED
09-01 13:51:10.885797  1274  1501 D CompatibilityChangeReporter: Compat change id reported: 171306433; UID 10116; state: ENABLED
09-01 13:51:10.887881  1274  1304 W ActivityManager: Slow operation: 245ms so far, now at startProcess: returned from zygote!
09-01 13:51:10.888304  1274  1304 W ActivityManager: Slow operation: 245ms so far, now at startProcess: done updating battery stats
09-01 13:51:10.890573  1274  1304 W ActivityManager: Slow operation: 248ms so far, now at startProcess: building log message
09-01 13:51:10.890660  1274  1304 I ActivityManager: Start proc 1618:WebViewLoader-armeabi-v7a/1037 [android.webkit.WebViewLibraryLoader$RelroFileCreator] for null
09-01 13:51:10.890697  1274  1304 W ActivityManager: Slow operation: 248ms so far, now at startProcess: starting to update pids map
09-01 13:51:10.890797  1274  1304 W ActivityManager: Slow operation: 248ms so far, now at startProcess: done updating pids map
09-01 13:51:10.891132  1274  1304 W ActivityManager: Slow operation: 245ms so far, now at startProcess: asking zygote to start proc
09-01 13:51:10.891682  1274  1291 W Looper  : Slow delivery took 272ms android.fg h=android.os.Handler c=<recycled PooledLambda@9b7fa57> m=0
09-01 13:51:10.898980  1274  1501 D CompatibilityChangeReporter: Compat change id reported: 171306433; UID 10048; state: ENABLED
09-01 13:51:10.904682  1274  1288 W StorageManagerService: No primary storage defined yet; hacking together a stub
09-01 13:51:10.909254  1274  1304 W ActivityManager: Slow operation: 263ms so far, now at startProcess: returned from zygote!
09-01 13:51:10.909994  1274  1304 W ActivityManager: Slow operation: 264ms so far, now at startProcess: done updating battery stats
09-01 13:51:10.914354  1274  1304 W ActivityManager: Slow operation: 268ms so far, now at startProcess: building log message
09-01 13:51:10.914422  1274  1304 I ActivityManager: Start proc 1619:WebViewLoader-arm64-v8a/1037 [android.webkit.WebViewLibraryLoader$RelroFileCreator] for null
09-01 13:51:10.914453  1274  1304 W ActivityManager: Slow operation: 268ms so far, now at startProcess: starting to update pids map
09-01 13:51:10.914862  1274  1304 W ActivityManager: Slow operation: 269ms so far, now at startProcess: done updating pids map
09-01 13:51:10.922228  1274  1501 D CompatibilityChangeReporter: Compat change id reported: 171306433; UID 10108; state: ENABLED
09-01 13:51:10.932069  1274  1501 D CompatibilityChangeReporter: Compat change id reported: 171306433; UID 10042; state: ENABLED
09-01 13:51:10.935946  1274  1501 D CompatibilityChangeReporter: Compat change id reported: 171306433; UID 10117; state: ENABLED
09-01 13:51:10.944027  1274  1501 D CompatibilityChangeReporter: Compat change id reported: 171306433; UID 10149; state: ENABLED
09-01 13:51:10.961950  1274  1601 V ActivityManager: New death recipient com.android.server.am.ActivityManagerService$AppDeathRecipient@3e92c29 for thread android.os.BinderProxy@d7e4f3
09-01 13:51:10.974422  1274  1288 V ActivityManager: New death recipient com.android.server.am.ActivityManagerService$AppDeathRecipient@7537cdc for thread android.os.BinderProxy@701dd4f
09-01 13:51:10.975134  1274  1351 V SettingsProvider: packageValueForCallResult, name = transition_animation_scale, value : Bundle[{_track_generation=android.util.MemoryIntArray@af, value=1.0, _generation_index=0, _generation=2}]
09-01 13:51:10.985140  1274  1288 W PackageManager: Loading a package that does not exist for the calling user. package=null, user=0
09-01 13:51:10.992115  1274  1601 W PackageManager: Loading a package that does not exist for the calling user. package=null, user=0
09-01 13:51:10.994319  1274  1601 W PackageManager: Loading a package that does not exist for the calling user. package=null, user=0
09-01 13:51:11.004218  1274  1601 W PackageManager: Loading a package that does not exist for the calling user. package=null, user=0
09-01 13:51:11.022136  1274  1601 V SettingsProvider: packageValueForCallResult, name = prize_singlehand_state, value : Bundle[{_track_generation=android.util.MemoryIntArray@af, value=0, _generation_index=3, _generation=2}]
09-01 13:51:11.081289  1274  1274 D SystemServerTiming: MakeNetworkPolicyServiceReady took to complete: 255ms
09-01 13:51:11.083383  1274  1274 I SystemServerTiming: PhaseThirdPartyAppsCanStart
09-01 13:51:11.083417  1567  1567 W OneHandedController: Device doesn't support OneHanded feature
09-01 13:51:11.083459  1274  1274 I SystemServiceManager: Starting phase 600
09-01 13:51:11.083475  1274  1274 I SystemServerTiming: OnBootPhase_600
09-01 13:51:11.083491  1274  1274 I SystemServerTiming: OnBootPhase_600_com.android.server.security.FileIntegrityService
09-01 13:51:11.083514  1274  1274 D SystemServerTiming: OnBootPhase_600_com.android.server.security.FileIntegrityService took to complete: 0ms
09-01 13:51:11.083526  1274  1274 I SystemServerTiming: OnBootPhase_600_com.android.server.pm.Installer
09-01 13:51:11.083536  1274  1274 D SystemServerTiming: OnBootPhase_600_com.android.server.pm.Installer took to complete: 0ms
09-01 13:51:11.083562  1274  1274 I SystemServerTiming: OnBootPhase_600_com.android.server.os.DeviceIdentifiersPolicyService
09-01 13:51:11.083573  1274  1274 D SystemServerTiming: OnBootPhase_600_com.android.server.os.DeviceIdentifiersPolicyService took to complete: 0ms
09-01 13:51:11.083584  1274  1274 I SystemServerTiming: OnBootPhase_600_com.android.server.uri.UriGrantsManagerService$Lifecycle
09-01 13:51:11.083595  1274  1274 D SystemServerTiming: OnBootPhase_600_com.android.server.uri.UriGrantsManagerService$Lifecycle took to complete: 0ms
09-01 13:51:11.083607  1274  1274 I SystemServerTiming: OnBootPhase_600_com.android.server.powerstats.PowerStatsService
09-01 13:51:11.083618  1274  1274 D SystemServerTiming: OnBootPhase_600_com.android.server.powerstats.PowerStatsService took to complete: 0ms
09-01 13:51:11.083629  1274  1274 I SystemServerTiming: OnBootPhase_600_com.android.server.wm.ActivityTaskManagerService$Lifecycle
09-01 13:51:11.083642  1274  1274 D SystemServerTiming: OnBootPhase_600_com.android.server.wm.ActivityTaskManagerService$Lifecycle took to complete: 0ms
09-01 13:51:11.083652  1274  1274 I SystemServerTiming: OnBootPhase_600_com.android.server.am.ActivityManagerService$Lifecycle
09-01 13:51:11.086572  1274  1274 I ExplicitHealthCheckController: Explicit health checks enabled.
09-01 13:51:11.086695  1274  1274 I PackageWatchdog: Syncing state, reason: health check state enabled
09-01 13:51:11.086741  1274  1274 I PackageWatchdog: Not pruning observers, elapsed time: 0ms
09-01 13:51:11.086951  1274  1302 I PackageWatchdog: Saving observer state to file
09-01 13:51:11.087150  1274  1274 D SystemServerTiming: OnBootPhase_600_com.android.server.am.ActivityManagerService$Lifecycle took to complete: 3ms
09-01 13:51:11.087205  1274  1274 I SystemServerTiming: OnBootPhase_600_com.android.server.pm.DataLoaderManagerService
09-01 13:51:11.087230  1274  1274 D SystemServerTiming: OnBootPhase_600_com.android.server.pm.DataLoaderManagerService took to complete: 0ms
09-01 13:51:11.087242  1274  1274 I SystemServerTiming: OnBootPhase_600_com.android.server.power.PowerManagerService
09-01 13:51:11.088292  1274  1274 D SystemServerTiming: OnBootPhase_600_com.android.server.power.PowerManagerService took to complete: 1ms
09-01 13:51:11.088364  1274  1274 I SystemServerTiming: OnBootPhase_600_com.android.server.power.ThermalManagerService
09-01 13:51:11.088382  1274  1274 D SystemServerTiming: OnBootPhase_600_com.android.server.power.ThermalManagerService took to complete: 0ms
09-01 13:51:11.088396  1274  1274 I SystemServerTiming: OnBootPhase_600_com.android.server.power.hint.HintManagerService
09-01 13:51:11.088407  1274  1274 D SystemServerTiming: OnBootPhase_600_com.android.server.power.hint.HintManagerService took to complete: 0ms
09-01 13:51:11.088419  1274  1274 I SystemServerTiming: OnBootPhase_600_com.android.server.recoverysystem.RecoverySystemService$Lifecycle
09-01 13:51:11.088430  1274  1274 D SystemServerTiming: OnBootPhase_600_com.android.server.recoverysystem.RecoverySystemService$Lifecycle took to complete: 0ms
09-01 13:51:11.088443  1274  1274 I SystemServerTiming: OnBootPhase_600_com.android.server.lights.LightsService
09-01 13:51:11.088454  1274  1274 D SystemServerTiming: OnBootPhase_600_com.android.server.lights.LightsService took to complete: 0ms
09-01 13:51:11.088464  1274  1274 I SystemServerTiming: OnBootPhase_600_com.android.server.display.DisplayManagerService
09-01 13:51:11.088476  1274  1274 D SystemServerTiming: OnBootPhase_600_com.android.server.display.DisplayManagerService took to complete: 0ms
09-01 13:51:11.088491  1274  1274 I SystemServerTiming: OnBootPhase_600_com.android.server.pm.verify.domain.DomainVerificationService
09-01 13:51:11.088502  1274  1274 D SystemServerTiming: OnBootPhase_600_com.android.server.pm.verify.domain.DomainVerificationService took to complete: 0ms
09-01 13:51:11.088512  1274  1274 I SystemServerTiming: OnBootPhase_600_com.android.server.pm.PackageInstallerService$Lifecycle
09-01 13:51:11.088522  1274  1274 D SystemServerTiming: OnBootPhase_600_com.android.server.pm.PackageInstallerService$Lifecycle took to complete: 0ms
09-01 13:51:11.088532  1274  1274 I SystemServerTiming: OnBootPhase_600_com.android.server.pm.UserManagerService$LifeCycle
09-01 13:51:11.088542  1274  1274 D SystemServerTiming: OnBootPhase_600_com.android.server.pm.UserManagerService$LifeCycle took to complete: 0ms
09-01 13:51:11.088564  1274  1274 I SystemServerTiming: OnBootPhase_600_com.android.server.om.OverlayManagerService
09-01 13:51:11.088576  1274  1274 D SystemServerTiming: OnBootPhase_600_com.android.server.om.OverlayManagerService took to complete: 0ms
09-01 13:51:11.088586  1274  1274 I SystemServerTiming: OnBootPhase_600_com.android.server.SensorPrivacyService
09-01 13:51:11.088596  1274  1274 D SystemServerTiming: OnBootPhase_600_com.android.server.SensorPrivacyService took to complete: 0ms
09-01 13:51:11.088607  1274  1274 I SystemServerTiming: OnBootPhase_600_com.android.server.sensors.SensorService
09-01 13:51:11.088618  1274  1274 D SystemServerTiming: OnBootPhase_600_com.android.server.sensors.SensorService took to complete: 0ms
09-01 13:51:11.088629  1274  1274 I SystemServerTiming: OnBootPhase_600_com.android.server.SystemConfigService
09-01 13:51:11.088674  1274  1274 D SystemServerTiming: OnBootPhase_600_com.android.server.SystemConfigService took to complete: 0ms
09-01 13:51:11.088687  1274  1274 I SystemServerTiming: OnBootPhase_600_com.android.server.BatteryService
09-01 13:51:11.088699  1274  1274 D SystemServerTiming: OnBootPhase_600_com.android.server.BatteryService took to complete: 0ms
09-01 13:51:11.088710  1274  1274 I SystemServerTiming: OnBootPhase_600_com.android.server.usage.UsageStatsService
09-01 13:51:11.088733  1274  1274 D SystemServerTiming: OnBootPhase_600_com.android.server.usage.UsageStatsService took to complete: 0ms
09-01 13:51:11.088745  1274  1274 I SystemServerTiming: OnBootPhase_600_com.android.server.webkit.WebViewUpdateService
09-01 13:51:11.088755  1274  1274 D SystemServerTiming: OnBootPhase_600_com.android.server.webkit.WebViewUpdateService took to complete: 0ms
09-01 13:51:11.088766  1274  1274 I SystemServerTiming: OnBootPhase_600_com.android.server.CachedDeviceStateService
09-01 13:51:11.088777  1274  1274 D SystemServerTiming: OnBootPhase_600_com.android.server.CachedDeviceStateService took to complete: 0ms
09-01 13:51:11.088787  1274  1274 I SystemServerTiming: OnBootPhase_600_com.android.server.BinderCallsStatsService$LifeCycle
09-01 13:51:11.088798  1274  1274 D SystemServerTiming: OnBootPhase_600_com.android.server.BinderCallsStatsService$LifeCycle took to complete: 0ms
09-01 13:51:11.088809  1274  1274 I SystemServerTiming: OnBootPhase_600_com.android.server.LooperStatsService$Lifecycle
09-01 13:51:11.088820  1274  1274 D SystemServerTiming: OnBootPhase_600_com.android.server.LooperStatsService$Lifecycle took to complete: 0ms
09-01 13:51:11.088831  1274  1274 I SystemServerTiming: OnBootPhase_600_com.android.server.rollback.RollbackManagerService
09-01 13:51:11.088842  1274  1274 D SystemServerTiming: OnBootPhase_600_com.android.server.rollback.RollbackManagerService took to complete: 0ms
09-01 13:51:11.088863  1274  1274 I SystemServerTiming: OnBootPhase_600_com.android.server.os.NativeTombstoneManagerService
09-01 13:51:11.088878  1274  1274 D SystemServerTiming: OnBootPhase_600_com.android.server.os.NativeTombstoneManagerService took to complete: 0ms
09-01 13:51:11.088891  1274  1274 I SystemServerTiming: OnBootPhase_600_com.android.server.os.BugreportManagerService
09-01 13:51:11.088902  1274  1274 D SystemServerTiming: OnBootPhase_600_com.android.server.os.BugreportManagerService took to complete: 0ms
09-01 13:51:11.088913  1274  1274 I SystemServerTiming: OnBootPhase_600_com.android.server.gpu.GpuService
09-01 13:51:11.088923  1274  1274 D SystemServerTiming: OnBootPhase_600_com.android.server.gpu.GpuService took to complete: 0ms
09-01 13:51:11.088935  1274  1274 I SystemServerTiming: OnBootPhase_600_com.android.server.security.KeyChainSystemService
09-01 13:51:11.088944  1274  1274 D SystemServerTiming: OnBootPhase_600_com.android.server.security.KeyChainSystemService took to complete: 0ms
09-01 13:51:11.088955  1274  1274 I SystemServerTiming: OnBootPhase_600_com.android.server.telecom.TelecomLoaderService
09-01 13:51:11.088965  1274  1274 D SystemServerTiming: OnBootPhase_600_com.android.server.telecom.TelecomLoaderService took to complete: 0ms
09-01 13:51:11.088976  1274  1274 I SystemServerTiming: OnBootPhase_600_com.android.server.accounts.AccountManagerService$Lifecycle
09-01 13:51:11.088987  1274  1274 D SystemServerTiming: OnBootPhase_600_com.android.server.accounts.AccountManagerService$Lifecycle took to complete: 0ms
09-01 13:51:11.088997  1274  1274 I SystemServerTiming: OnBootPhase_600_com.android.server.content.ContentService$Lifecycle
09-01 13:51:11.089010  1274  1274 D SystemServerTiming: OnBootPhase_600_com.android.server.content.ContentService$Lifecycle took to complete: 0ms
09-01 13:51:11.089020  1274  1274 I SystemServerTiming: OnBootPhase_600_com.android.server.DropBoxManagerService
09-01 13:51:11.089031  1274  1274 D SystemServerTiming: OnBootPhase_600_com.android.server.DropBoxManagerService took to complete: 0ms
09-01 13:51:11.089042  1274  1274 I SystemServerTiming: OnBootPhase_600_com.android.role.RoleService
09-01 13:51:11.089052  1274  1274 D SystemServerTiming: OnBootPhase_600_com.android.role.RoleService took to complete: 0ms
09-01 13:51:11.089064  1274  1274 I SystemServerTiming: OnBootPhase_600_com.android.server.vibrator.VibratorManagerService$Lifecycle
09-01 13:51:11.089075  1274  1274 D SystemServerTiming: OnBootPhase_600_com.android.server.vibrator.VibratorManagerService$Lifecycle took to complete: 0ms
09-01 13:51:11.089086  1274  1274 I SystemServerTiming: OnBootPhase_600_com.mediatek.server.MtkAlarmManagerService
09-01 13:51:11.089114  1274  1274 D SystemServerTiming: OnBootPhase_600_com.mediatek.server.MtkAlarmManagerService took to complete: 0ms
09-01 13:51:11.089126  1274  1274 I SystemServerTiming: OnBootPhase_600_com.android.server.devicestate.DeviceStateManagerService
09-01 13:51:11.089137  1274  1274 D SystemServerTiming: OnBootPhase_600_com.android.server.devicestate.DeviceStateManagerService took to complete: 0ms
09-01 13:51:11.089148  1274  1274 I SystemServerTiming: OnBootPhase_600_com.android.server.camera.CameraServiceProxy
09-01 13:51:11.089159  1274  1274 D SystemServerTiming: OnBootPhase_600_com.android.server.camera.CameraServiceProxy took to complete: 0ms
09-01 13:51:11.089169  1274  1274 I SystemServerTiming: OnBootPhase_600_com.android.server.BluetoothService
09-01 13:51:11.089180  1274  1274 D SystemServerTiming: OnBootPhase_600_com.android.server.BluetoothService took to complete: 0ms
09-01 13:51:11.089191  1274  1274 I SystemServerTiming: OnBootPhase_600_com.android.server.connectivity.IpConnectivityMetrics
09-01 13:51:11.089201  1274  1274 D SystemServerTiming: OnBootPhase_600_com.android.server.connectivity.IpConnectivityMetrics took to complete: 0ms
09-01 13:51:11.089212  1274  1274 I SystemServerTiming: OnBootPhase_600_com.android.server.net.watchlist.NetworkWatchlistService$Lifecycle
09-01 13:51:11.089223  1274  1274 D SystemServerTiming: OnBootPhase_600_com.android.server.net.watchlist.NetworkWatchlistService$Lifecycle took to complete: 0ms
09-01 13:51:11.089234  1274  1274 I SystemServerTiming: OnBootPhase_600_com.android.server.PinnerService
09-01 13:51:11.089245  1274  1274 D SystemServerTiming: OnBootPhase_600_com.android.server.PinnerService took to complete: 0ms
09-01 13:51:11.089256  1274  1274 I SystemServerTiming: OnBootPhase_600_com.google.android.startop.iorap.IorapForwardingService
09-01 13:51:11.089266  1274  1274 D SystemServerTiming: OnBootPhase_600_com.google.android.startop.iorap.IorapForwardingService took to complete: 0ms
09-01 13:51:11.089277  1274  1274 I SystemServerTiming: OnBootPhase_600_com.android.server.integrity.AppIntegrityManagerService
09-01 13:51:11.089287  1274  1274 D SystemServerTiming: OnBootPhase_600_com.android.server.integrity.AppIntegrityManagerService took to complete: 0ms
09-01 13:51:11.089297  1274  1274 I SystemServerTiming: OnBootPhase_600_com.android.server.inputmethod.InputMethodManagerService$Lifecycle
